[2019-11-28T17:36:38.335+0100][651,498s][854][934][info ] Total time for which application threads were stopped: 0,0007119 seconds, Stopping threads took: 0,0001042 seconds
[2019-11-28T17:36:39.335+0100][652,498s][854][934][info ] Application time: 1,0000918 seconds
[2019-11-28T17:36:39.335+0100][652,498s][854][934][info ] Entering safepoint region: Cleanup
[2019-11-28T17:36:39.335+0100][652,498s][854][934][info ] Leaving safepoint region
[2019-11-28T17:36:39.335+0100][652,498s][854][934][info ] Total time for which application threads were stopped: 0,0001454 seconds, Stopping threads took: 0,0000369 seconds
[2019-11-28T17:36:40.335+0100][653,498s][854][934][info ] Application time: 1,0001058 seconds
[2019-11-28T17:36:40.335+0100][653,498s][854][934][info ] Entering safepoint region: Cleanup
[2019-11-28T17:36:40.335+0100][653,498s][854][934][info ] Leaving safepoint region
[2019-11-28T17:36:40.335+0100][653,498s][854][934][info ] Total time for which application threads were stopped: 0,0001225 seconds, Stopping threads took: 0,0000330 seconds
[2019-11-28T17:36:41.330+0100][654,493s][854][933][trace] CMS: promo attempt is safe: available(3673676464) >= av_promo(42009460), max_promo(43991904)
[2019-11-28T17:36:41.336+0100][654,499s][854][934][info ] Application time: 1,0000829 seconds
[2019-11-28T17:36:41.336+0100][654,499s][854][934][info ] Entering safepoint region: Cleanup
[2019-11-28T17:36:41.336+0100][654,499s][854][934][info ] Leaving safepoint region
[2019-11-28T17:36:41.336+0100][654,499s][854][934][info ] Total time for which application threads were stopped: 0,0001410 seconds, Stopping threads took: 0,0000384 seconds
[2019-11-28T17:36:42.336+0100][655,499s][854][934][info ] Application time: 1,0001563 seconds
[2019-11-28T17:36:42.336+0100][655,499s][854][934][info ] Entering safepoint region: Cleanup
[2019-11-28T17:36:42.336+0100][655,499s][854][934][info ] Leaving safepoint region
[2019-11-28T17:36:42.337+0100][655,500s][854][934][info ] Total time for which application threads were stopped: 0,0004526 seconds, Stopping threads took: 0,0001041 seconds
[2019-11-28T17:36:43.337+0100][656,500s][854][934][info ] Application time: 1,0001516 seconds
[2019-11-28T17:36:43.341+0100][656,504s][854][934][info ] Entering safepoint region: Cleanup
[2019-11-28T17:36:43.341+0100][656,504s][854][934][info ] Leaving safepoint region
[2019-11-28T17:36:43.341+0100][656,504s][854][934][info ] Total time for which application threads were stopped: 0,0001822 seconds, Stopping threads took: 0,0000619 seconds
[2019-11-28T17:36:44.342+0100][657,504s][854][934][info ] Application time: 1,0000760 seconds
[2019-11-28T17:36:44.342+0100][657,505s][854][934][info ] Entering safepoint region: Cleanup
[2019-11-28T17:36:44.342+0100][657,505s][854][934][info ] Leaving safepoint region
[2019-11-28T17:36:44.342+0100][657,505s][854][934][info ] Total time for which application threads were stopped: 0,0001366 seconds, Stopping threads took: 0,0000329 seconds
[2019-11-28T17:36:45.342+0100][658,505s][854][934][info ] Application time: 1,0001262 seconds
[2019-11-28T17:36:45.342+0100][658,505s][854][934][info ] Entering safepoint region: Cleanup
[2019-11-28T17:36:45.342+0100][658,505s][854][934][info ] Leaving safepoint region
[2019-11-28T17:36:45.342+0100][658,505s][854][934][info ] Total time for which application threads were stopped: 0,0003188 seconds, Stopping threads took: 0,0000807 seconds
[2019-11-28T17:36:46.343+0100][659,506s][854][934][info ] Application time: 1,0002503 seconds
[2019-11-28T17:36:46.343+0100][659,506s][854][934][info ] Entering safepoint region: Cleanup
[2019-11-28T17:36:46.343+0100][659,506s][854][934][info ] Leaving safepoint region
[2019-11-28T17:36:46.343+0100][659,506s][854][934][info ] Total time for which application threads were stopped: 0,0004739 seconds, Stopping threads took: 0,0001256 seconds
[2019-11-28T17:36:47.344+0100][660,506s][854][934][info ] Application time: 1,0001351 seconds
[2019-11-28T17:36:47.344+0100][660,507s][854][934][info ] Entering safepoint region: Cleanup
[2019-11-28T17:36:47.344+0100][660,507s][854][934][info ] Leaving safepoint region
[2019-11-28T17:36:47.344+0100][660,507s][854][934][info ] Total time for which application threads were stopped: 0,0001889 seconds, Stopping threads took: 0,0000429 seconds
[2019-11-28T17:36:48.344+0100][661,507s][854][934][info ] Application time: 1,0001106 seconds
[2019-11-28T17:36:48.344+0100][661,507s][854][934][info ] Entering safepoint region: Cleanup
[2019-11-28T17:36:48.344+0100][661,507s][854][934][info ] Leaving safepoint region
[2019-11-28T17:36:48.344+0100][661,507s][854][934][info ] Total time for which application threads were stopped: 0,0001376 seconds, Stopping threads took: 0,0000295 seconds
[2019-11-28T17:36:49.344+0100][662,507s][854][934][info ] Application time: 1,0001533 seconds
[2019-11-28T17:36:49.345+0100][662,508s][854][934][info ] Entering safepoint region: Cleanup
[2019-11-28T17:36:49.345+0100][662,508s][854][934][info ] Leaving safepoint region
[2019-11-28T17:36:49.345+0100][662,508s][854][934][info ] Total time for which application threads were stopped: 0,0006686 seconds, Stopping threads took: 0,0001469 seconds
[2019-11-28T17:36:50.346+0100][663,508s][854][934][info ] Application time: 1,0001398 seconds
[2019-11-28T17:36:50.346+0100][663,509s][854][934][info ] Entering safepoint region: Cleanup
[2019-11-28T17:36:50.346+0100][663,509s][854][934][info ] Leaving safepoint region
[2019-11-28T17:36:50.346+0100][663,509s][854][934][info ] Total time for which application threads were stopped: 0,0002579 seconds, Stopping threads took: 0,0000853 seconds
[2019-11-28T17:36:51.329+0100][664,492s][854][933][trace] CMS: promo attempt is safe: available(3673676464) >= av_promo(42009460), max_promo(49582344)
[2019-11-28T17:36:51.348+0100][664,511s][854][934][info ] Application time: 1,0019349 seconds
[2019-11-28T17:36:51.348+0100][664,511s][854][934][info ] Entering safepoint region: Cleanup
[2019-11-28T17:36:51.348+0100][664,511s][854][934][info ] Leaving safepoint region
[2019-11-28T17:36:51.348+0100][664,511s][854][934][info ] Total time for which application threads were stopped: 0,0001411 seconds, Stopping threads took: 0,0000361 seconds
[2019-11-28T17:36:52.348+0100][665,511s][854][934][info ] Application time: 1,0002069 seconds
[2019-11-28T17:36:52.348+0100][665,511s][854][934][info ] Entering safepoint region: Cleanup
[2019-11-28T17:36:52.349+0100][665,512s][854][934][info ] Leaving safepoint region
[2019-11-28T17:36:52.349+0100][665,512s][854][934][info ] Total time for which application threads were stopped: 0,0004034 seconds, Stopping threads took: 0,0000862 seconds
[2019-11-28T17:36:53.349+0100][666,512s][854][934][info ] Application time: 1,0001449 seconds
[2019-11-28T17:36:53.349+0100][666,512s][854][934][info ] Entering safepoint region: Cleanup
[2019-11-28T17:36:53.349+0100][666,512s][854][934][info ] Leaving safepoint region
[2019-11-28T17:36:53.349+0100][666,512s][854][934][info ] Total time for which application threads were stopped: 0,0002786 seconds, Stopping threads took: 0,0000795 seconds
[2019-11-28T17:36:54.350+0100][667,513s][854][934][info ] Application time: 1,0000828 seconds
[2019-11-28T17:36:54.350+0100][667,513s][854][934][info ] Entering safepoint region: Cleanup
[2019-11-28T17:36:54.350+0100][667,513s][854][934][info ] Leaving safepoint region
[2019-11-28T17:36:54.350+0100][667,513s][854][934][info ] Total time for which application threads were stopped: 0,0000985 seconds, Stopping threads took: 0,0000248 seconds
[2019-11-28T17:36:55.350+0100][668,513s][854][934][info ] Application time: 1,0001015 seconds
[2019-11-28T17:36:55.350+0100][668,513s][854][934][info ] Entering safepoint region: Cleanup
[2019-11-28T17:36:55.350+0100][668,513s][854][934][info ] Leaving safepoint region
[2019-11-28T17:36:55.350+0100][668,513s][854][934][info ] Total time for which application threads were stopped: 0,0004884 seconds, Stopping threads took: 0,0001156 seconds
[2019-11-28T17:36:56.351+0100][669,514s][854][934][info ] Application time: 1,0001140 seconds
[2019-11-28T17:36:56.351+0100][669,514s][854][934][info ] Entering safepoint region: Cleanup
[2019-11-28T17:36:56.351+0100][669,514s][854][934][info ] Leaving safepoint region
[2019-11-28T17:36:56.351+0100][669,514s][854][934][info ] Total time for which application threads were stopped: 0,0003925 seconds, Stopping threads took: 0,0001313 seconds
[2019-11-28T17:36:57.351+0100][670,514s][854][934][info ] Application time: 1,0001100 seconds
[2019-11-28T17:36:57.352+0100][670,515s][854][934][info ] Entering safepoint region: Cleanup
[2019-11-28T17:36:57.352+0100][670,515s][854][934][info ] Leaving safepoint region
[2019-11-28T17:36:57.352+0100][670,515s][854][934][info ] Total time for which application threads were stopped: 0,0004791 seconds, Stopping threads took: 0,0001696 seconds
[2019-11-28T17:36:58.353+0100][671,516s][854][934][info ] Application time: 1,0008105 seconds
[2019-11-28T17:36:58.353+0100][671,516s][854][934][info ] Entering safepoint region: Cleanup
[2019-11-28T17:36:58.354+0100][671,517s][854][934][info ] Leaving safepoint region
[2019-11-28T17:36:58.354+0100][671,517s][854][934][info ] Total time for which application threads were stopped: 0,0008134 seconds, Stopping threads took: 0,0004012 seconds
[2019-11-28T17:36:59.354+0100][672,517s][854][934][info ] Application time: 1,0001412 seconds
[2019-11-28T17:36:59.354+0100][672,517s][854][934][info ] Entering safepoint region: Cleanup
[2019-11-28T17:36:59.355+0100][672,518s][854][934][info ] Leaving safepoint region
[2019-11-28T17:36:59.355+0100][672,518s][854][934][info ] Total time for which application threads were stopped: 0,0004321 seconds, Stopping threads took: 0,0001058 seconds
[2019-11-28T17:37:00.355+0100][673,518s][854][934][info ] Application time: 1,0002759 seconds
[2019-11-28T17:37:00.355+0100][673,518s][854][934][info ] Entering safepoint region: Cleanup
[2019-11-28T17:37:00.356+0100][673,519s][854][934][info ] Leaving safepoint region
[2019-11-28T17:37:00.356+0100][673,519s][854][934][info ] Total time for which application threads were stopped: 0,0008860 seconds, Stopping threads took: 0,0001291 seconds
[2019-11-28T17:37:01.329+0100][674,492s][854][933][trace] CMS: promo attempt is safe: available(3673676464) >= av_promo(42009460), max_promo(52668552)
[2019-11-28T17:37:01.356+0100][674,519s][854][934][info ] Application time: 1,0001262 seconds
[2019-11-28T17:37:01.357+0100][674,520s][854][934][info ] Entering safepoint region: Cleanup
[2019-11-28T17:37:01.357+0100][674,520s][854][934][info ] Leaving safepoint region
[2019-11-28T17:37:01.357+0100][674,520s][854][934][info ] Total time for which application threads were stopped: 0,0004064 seconds, Stopping threads took: 0,0001116 seconds
[2019-11-28T17:37:02.357+0100][675,520s][854][934][info ] Application time: 1,0002747 seconds
[2019-11-28T17:37:02.358+0100][675,521s][854][934][info ] Entering safepoint region: Cleanup
[2019-11-28T17:37:02.358+0100][675,521s][854][934][info ] Leaving safepoint region
[2019-11-28T17:37:02.358+0100][675,521s][854][934][info ] Total time for which application threads were stopped: 0,0004845 seconds, Stopping threads took: 0,0000979 seconds
[2019-11-28T17:37:03.358+0100][676,521s][854][934][info ] Application time: 1,0001503 seconds
[2019-11-28T17:37:03.358+0100][676,521s][854][934][info ] Entering safepoint region: Cleanup
[2019-11-28T17:37:03.359+0100][676,522s][854][934][info ] Leaving safepoint region
[2019-11-28T17:37:03.359+0100][676,522s][854][934][info ] Total time for which application threads were stopped: 0,0005073 seconds, Stopping threads took: 0,0001163 seconds
[2019-11-28T17:37:04.359+0100][677,522s][854][934][info ] Application time: 1,0002079 seconds
[2019-11-28T17:37:04.359+0100][677,522s][854][934][info ] Entering safepoint region: Cleanup
[2019-11-28T17:37:04.360+0100][677,523s][854][934][info ] Leaving safepoint region
[2019-11-28T17:37:04.360+0100][677,523s][854][934][info ] Total time for which application threads were stopped: 0,0005233 seconds, Stopping threads took: 0,0000959 seconds
[2019-11-28T17:37:05.360+0100][678,523s][854][934][info ] Application time: 1,0001231 seconds
[2019-11-28T17:37:05.360+0100][678,523s][854][934][info ] Entering safepoint region: Cleanup
[2019-11-28T17:37:05.361+0100][678,524s][854][934][info ] Leaving safepoint region
[2019-11-28T17:37:05.361+0100][678,524s][854][934][info ] Total time for which application threads were stopped: 0,0003617 seconds, Stopping threads took: 0,0001463 seconds
[2019-11-28T17:37:06.361+0100][679,524s][854][934][info ] Application time: 1,0001606 seconds
[2019-11-28T17:37:06.361+0100][679,524s][854][934][info ] Entering safepoint region: Cleanup
[2019-11-28T17:37:06.361+0100][679,524s][854][934][info ] Leaving safepoint region
[2019-11-28T17:37:06.361+0100][679,524s][854][934][info ] Total time for which application threads were stopped: 0,0004318 seconds, Stopping threads took: 0,0001390 seconds
[2019-11-28T17:37:07.362+0100][680,525s][854][934][info ] Application time: 1,0001286 seconds
[2019-11-28T17:37:07.362+0100][680,525s][854][934][info ] Entering safepoint region: Cleanup
[2019-11-28T17:37:07.362+0100][680,525s][854][934][info ] Leaving safepoint region
[2019-11-28T17:37:07.362+0100][680,525s][854][934][info ] Total time for which application threads were stopped: 0,0005631 seconds, Stopping threads took: 0,0001220 seconds
[2019-11-28T17:37:08.370+0100][681,533s][854][934][info ] Application time: 1,0077503 seconds
[2019-11-28T17:37:08.370+0100][681,533s][854][934][info ] Entering safepoint region: Cleanup
[2019-11-28T17:37:08.371+0100][681,534s][854][934][info ] Leaving safepoint region
[2019-11-28T17:37:08.371+0100][681,534s][854][934][info ] Total time for which application threads were stopped: 0,0004474 seconds, Stopping threads took: 0,0001182 seconds
[2019-11-28T17:37:09.371+0100][682,534s][854][934][info ] Application time: 1,0001202 seconds
[2019-11-28T17:37:09.371+0100][682,534s][854][934][info ] Entering safepoint region: Cleanup
[2019-11-28T17:37:09.372+0100][682,535s][854][934][info ] Leaving safepoint region
[2019-11-28T17:37:09.372+0100][682,535s][854][934][info ] Total time for which application threads were stopped: 0,0006040 seconds, Stopping threads took: 0,0001182 seconds
[2019-11-28T17:37:10.372+0100][683,535s][854][934][info ] Application time: 1,0001395 seconds
[2019-11-28T17:37:10.372+0100][683,535s][854][934][info ] Entering safepoint region: Cleanup
[2019-11-28T17:37:10.373+0100][683,536s][854][934][info ] Leaving safepoint region
[2019-11-28T17:37:10.373+0100][683,536s][854][934][info ] Total time for which application threads were stopped: 0,0004549 seconds, Stopping threads took: 0,0001498 seconds
[2019-11-28T17:37:11.328+0100][684,491s][854][933][trace] CMS: promo attempt is safe: available(3673676464) >= av_promo(42009460), max_promo(56174584)
[2019-11-28T17:37:11.373+0100][684,536s][854][934][info ] Application time: 1,0000920 seconds
[2019-11-28T17:37:11.373+0100][684,536s][854][934][info ] Entering safepoint region: Cleanup
[2019-11-28T17:37:11.373+0100][684,536s][854][934][info ] Leaving safepoint region
[2019-11-28T17:37:11.373+0100][684,536s][854][934][info ] Total time for which application threads were stopped: 0,0001491 seconds, Stopping threads took: 0,0000423 seconds
[2019-11-28T17:37:12.373+0100][685,536s][854][934][info ] Application time: 1,0001002 seconds
[2019-11-28T17:37:12.373+0100][685,536s][854][934][info ] Entering safepoint region: Cleanup
[2019-11-28T17:37:12.374+0100][685,537s][854][934][info ] Leaving safepoint region
[2019-11-28T17:37:12.374+0100][685,537s][854][934][info ] Total time for which application threads were stopped: 0,0005487 seconds, Stopping threads took: 0,0001229 seconds
[2019-11-28T17:37:13.374+0100][686,537s][854][934][info ] Application time: 1,0001276 seconds
[2019-11-28T17:37:13.374+0100][686,537s][854][934][info ] Entering safepoint region: Cleanup
[2019-11-28T17:37:13.374+0100][686,537s][854][934][info ] Leaving safepoint region
[2019-11-28T17:37:13.374+0100][686,537s][854][934][info ] Total time for which application threads were stopped: 0,0001363 seconds, Stopping threads took: 0,0000373 seconds
[2019-11-28T17:37:14.374+0100][687,537s][854][934][info ] Application time: 1,0001721 seconds
[2019-11-28T17:37:14.375+0100][687,538s][854][934][info ] Entering safepoint region: Cleanup
[2019-11-28T17:37:14.375+0100][687,538s][854][934][info ] Leaving safepoint region
[2019-11-28T17:37:14.375+0100][687,538s][854][934][info ] Total time for which application threads were stopped: 0,0005108 seconds, Stopping threads took: 0,0001725 seconds
[2019-11-28T17:37:15.375+0100][688,538s][854][934][info ] Application time: 1,0001008 seconds
[2019-11-28T17:37:15.375+0100][688,538s][854][934][info ] Entering safepoint region: Cleanup
[2019-11-28T17:37:15.376+0100][688,539s][854][934][info ] Leaving safepoint region
[2019-11-28T17:37:15.376+0100][688,539s][854][934][info ] Total time for which application threads were stopped: 0,0003048 seconds, Stopping threads took: 0,0000647 seconds
[2019-11-28T17:37:16.376+0100][689,539s][854][934][info ] Application time: 1,0001253 seconds
[2019-11-28T17:37:16.376+0100][689,539s][854][934][info ] Entering safepoint region: Cleanup
[2019-11-28T17:37:16.377+0100][689,540s][854][934][info ] Leaving safepoint region
[2019-11-28T17:37:16.377+0100][689,540s][854][934][info ] Total time for which application threads were stopped: 0,0008011 seconds, Stopping threads took: 0,0004602 seconds
[2019-11-28T17:37:17.377+0100][690,540s][854][934][info ] Application time: 1,0001171 seconds
[2019-11-28T17:37:17.377+0100][690,540s][854][934][info ] Entering safepoint region: Cleanup
[2019-11-28T17:37:17.378+0100][690,541s][854][934][info ] Leaving safepoint region
[2019-11-28T17:37:17.378+0100][690,541s][854][934][info ] Total time for which application threads were stopped: 0,0005370 seconds, Stopping threads took: 0,0001336 seconds
[2019-11-28T17:37:18.378+0100][691,541s][854][934][info ] Application time: 1,0001250 seconds
[2019-11-28T17:37:18.378+0100][691,541s][854][934][info ] Entering safepoint region: Cleanup
[2019-11-28T17:37:18.379+0100][691,542s][854][934][info ] Leaving safepoint region
[2019-11-28T17:37:18.379+0100][691,542s][854][934][info ] Total time for which application threads were stopped: 0,0005393 seconds, Stopping threads took: 0,0001482 seconds
[2019-11-28T17:37:19.379+0100][692,542s][854][934][info ] Application time: 1,0000914 seconds
[2019-11-28T17:37:19.379+0100][692,542s][854][934][info ] Entering safepoint region: Cleanup
[2019-11-28T17:37:19.379+0100][692,542s][854][934][info ] Leaving safepoint region
[2019-11-28T17:37:19.379+0100][692,542s][854][934][info ] Total time for which application threads were stopped: 0,0001382 seconds, Stopping threads took: 0,0000326 seconds
[2019-11-28T17:37:20.379+0100][693,542s][854][934][info ] Application time: 1,0002387 seconds
[2019-11-28T17:37:20.380+0100][693,543s][854][934][info ] Entering safepoint region: Cleanup
[2019-11-28T17:37:20.380+0100][693,543s][854][934][info ] Leaving safepoint region
[2019-11-28T17:37:20.380+0100][693,543s][854][934][info ] Total time for which application threads were stopped: 0,0005614 seconds, Stopping threads took: 0,0002558 seconds
[2019-11-28T17:37:21.327+0100][694,490s][854][933][trace] CMS: promo attempt is safe: available(3673676464) >= av_promo(42009460), max_promo(59438632)
[2019-11-28T17:37:21.380+0100][694,543s][854][934][info ] Application time: 1,0002073 seconds
[2019-11-28T17:37:21.381+0100][694,544s][854][934][info ] Entering safepoint region: Cleanup
[2019-11-28T17:37:21.381+0100][694,544s][854][934][info ] Leaving safepoint region
[2019-11-28T17:37:21.381+0100][694,544s][854][934][info ] Total time for which application threads were stopped: 0,0003747 seconds, Stopping threads took: 0,0001196 seconds
[2019-11-28T17:37:22.381+0100][695,544s][854][934][info ] Application time: 1,0001024 seconds
[2019-11-28T17:37:22.381+0100][695,544s][854][934][info ] Entering safepoint region: Cleanup
[2019-11-28T17:37:22.381+0100][695,544s][854][934][info ] Leaving safepoint region
[2019-11-28T17:37:22.381+0100][695,544s][854][934][info ] Total time for which application threads were stopped: 0,0003263 seconds, Stopping threads took: 0,0000827 seconds
[2019-11-28T17:37:23.382+0100][696,545s][854][934][info ] Application time: 1,0001343 seconds
[2019-11-28T17:37:23.382+0100][696,545s][854][934][info ] Entering safepoint region: Cleanup
[2019-11-28T17:37:23.382+0100][696,545s][854][934][info ] Leaving safepoint region
[2019-11-28T17:37:23.382+0100][696,545s][854][934][info ] Total time for which application threads were stopped: 0,0003083 seconds, Stopping threads took: 0,0000656 seconds
[2019-11-28T17:37:24.382+0100][697,545s][854][934][info ] Application time: 1,0001119 seconds
[2019-11-28T17:37:24.383+0100][697,546s][854][934][info ] Entering safepoint region: Cleanup
[2019-11-28T17:37:24.383+0100][697,546s][854][934][info ] Leaving safepoint region
[2019-11-28T17:37:24.383+0100][697,546s][854][934][info ] Total time for which application threads were stopped: 0,0005763 seconds, Stopping threads took: 0,0001553 seconds
[2019-11-28T17:37:25.383+0100][698,546s][854][934][info ] Application time: 1,0000910 seconds
[2019-11-28T17:37:25.383+0100][698,546s][854][934][info ] Entering safepoint region: Cleanup
[2019-11-28T17:37:25.383+0100][698,546s][854][934][info ] Leaving safepoint region
[2019-11-28T17:37:25.383+0100][698,546s][854][934][info ] Total time for which application threads were stopped: 0,0001456 seconds, Stopping threads took: 0,0000374 seconds
[2019-11-28T17:37:26.384+0100][699,547s][854][934][info ] Application time: 1,0003097 seconds
[2019-11-28T17:37:26.384+0100][699,547s][854][934][info ] Entering safepoint region: Cleanup
[2019-11-28T17:37:26.385+0100][699,548s][854][934][info ] Leaving safepoint region
[2019-11-28T17:37:26.385+0100][699,548s][854][934][info ] Total time for which application threads were stopped: 0,0008742 seconds, Stopping threads took: 0,0002055 seconds
[2019-11-28T17:37:27.385+0100][700,548s][854][934][info ] Application time: 1,0001112 seconds
[2019-11-28T17:37:27.385+0100][700,548s][854][934][info ] Entering safepoint region: Cleanup
[2019-11-28T17:37:27.385+0100][700,548s][854][934][info ] Leaving safepoint region
[2019-11-28T17:37:27.385+0100][700,548s][854][934][info ] Total time for which application threads were stopped: 0,0001311 seconds, Stopping threads took: 0,0000385 seconds
[2019-11-28T17:37:28.385+0100][701,548s][854][934][info ] Application time: 1,0001402 seconds
[2019-11-28T17:37:28.386+0100][701,548s][854][934][info ] Entering safepoint region: Cleanup
[2019-11-28T17:37:28.386+0100][701,549s][854][934][info ] Leaving safepoint region
[2019-11-28T17:37:28.386+0100][701,549s][854][934][info ] Total time for which application threads were stopped: 0,0001442 seconds, Stopping threads took: 0,0000381 seconds
[2019-11-28T17:37:29.386+0100][702,549s][854][934][info ] Application time: 1,0001164 seconds
[2019-11-28T17:37:29.386+0100][702,549s][854][934][info ] Entering safepoint region: Cleanup
[2019-11-28T17:37:29.386+0100][702,549s][854][934][info ] Leaving safepoint region
[2019-11-28T17:37:29.387+0100][702,550s][854][934][info ] Total time for which application threads were stopped: 0,0005881 seconds, Stopping threads took: 0,0001557 seconds
[2019-11-28T17:37:30.387+0100][703,550s][854][934][info ] Application time: 1,0000995 seconds
[2019-11-28T17:37:30.387+0100][703,550s][854][934][info ] Entering safepoint region: Cleanup
[2019-11-28T17:37:30.387+0100][703,550s][854][934][info ] Leaving safepoint region
[2019-11-28T17:37:30.387+0100][703,550s][854][934][info ] Total time for which application threads were stopped: 0,0001434 seconds, Stopping threads took: 0,0000376 seconds
[2019-11-28T17:37:31.327+0100][704,490s][854][933][trace] CMS: promo attempt is safe: available(3673676464) >= av_promo(42009460), max_promo(61925432)
[2019-11-28T17:37:31.387+0100][704,550s][854][934][info ] Application time: 1,0001633 seconds
[2019-11-28T17:37:31.387+0100][704,550s][854][934][info ] Entering safepoint region: Cleanup
[2019-11-28T17:37:31.388+0100][704,551s][854][934][info ] Leaving safepoint region
[2019-11-28T17:37:31.388+0100][704,551s][854][934][info ] Total time for which application threads were stopped: 0,0006530 seconds, Stopping threads took: 0,0001688 seconds
[2019-11-28T17:37:32.388+0100][705,551s][854][934][info ] Application time: 1,0001385 seconds
[2019-11-28T17:37:32.389+0100][705,552s][854][934][info ] Entering safepoint region: Cleanup
[2019-11-28T17:37:32.389+0100][705,552s][854][934][info ] Leaving safepoint region
[2019-11-28T17:37:32.389+0100][705,552s][854][934][info ] Total time for which application threads were stopped: 0,0005669 seconds, Stopping threads took: 0,0001388 seconds
[2019-11-28T17:37:33.389+0100][706,552s][854][934][info ] Application time: 1,0001843 seconds
[2019-11-28T17:37:33.390+0100][706,553s][854][934][info ] Entering safepoint region: Cleanup
[2019-11-28T17:37:33.390+0100][706,553s][854][934][info ] Leaving safepoint region
[2019-11-28T17:37:33.390+0100][706,553s][854][934][info ] Total time for which application threads were stopped: 0,0004587 seconds, Stopping threads took: 0,0001388 seconds
[2019-11-28T17:37:34.390+0100][707,553s][854][934][info ] Application time: 1,0001377 seconds
[2019-11-28T17:37:34.390+0100][707,553s][854][934][info ] Entering safepoint region: Cleanup
[2019-11-28T17:37:34.390+0100][707,553s][854][934][info ] Leaving safepoint region
[2019-11-28T17:37:34.390+0100][707,553s][854][934][info ] Total time for which application threads were stopped: 0,0001641 seconds, Stopping threads took: 0,0000327 seconds
[2019-11-28T17:37:35.390+0100][708,553s][854][934][info ] Application time: 1,0000676 seconds
[2019-11-28T17:37:35.391+0100][708,554s][854][934][info ] Entering safepoint region: Cleanup
[2019-11-28T17:37:35.391+0100][708,554s][854][934][info ] Leaving safepoint region
[2019-11-28T17:37:35.391+0100][708,554s][854][934][info ] Total time for which application threads were stopped: 0,0001362 seconds, Stopping threads took: 0,0000350 seconds
[2019-11-28T17:37:36.391+0100][709,554s][854][934][info ] Application time: 1,0000825 seconds
[2019-11-28T17:37:36.391+0100][709,554s][854][934][info ] Entering safepoint region: Cleanup
[2019-11-28T17:37:36.391+0100][709,554s][854][934][info ] Leaving safepoint region
[2019-11-28T17:37:36.391+0100][709,554s][854][934][info ] Total time for which application threads were stopped: 0,0002794 seconds, Stopping threads took: 0,0000650 seconds
[2019-11-28T17:37:37.391+0100][710,554s][854][934][info ] Application time: 1,0001498 seconds
[2019-11-28T17:37:37.392+0100][710,555s][854][934][info ] Entering safepoint region: Cleanup
[2019-11-28T17:37:37.392+0100][710,555s][854][934][info ] Leaving safepoint region
[2019-11-28T17:37:37.392+0100][710,555s][854][934][info ] Total time for which application threads were stopped: 0,0006498 seconds, Stopping threads took: 0,0002191 seconds
[2019-11-28T17:37:38.392+0100][711,555s][854][934][info ] Application time: 1,0001847 seconds
[2019-11-28T17:37:38.393+0100][711,556s][854][934][info ] Entering safepoint region: Cleanup
[2019-11-28T17:37:38.393+0100][711,556s][854][934][info ] Leaving safepoint region
[2019-11-28T17:37:38.393+0100][711,556s][854][934][info ] Total time for which application threads were stopped: 0,0006123 seconds, Stopping threads took: 0,0001691 seconds
[2019-11-28T17:37:39.394+0100][712,557s][854][934][info ] Application time: 1,0003113 seconds
[2019-11-28T17:37:39.394+0100][712,557s][854][934][info ] Entering safepoint region: Cleanup
[2019-11-28T17:37:39.394+0100][712,557s][854][934][info ] Leaving safepoint region
[2019-11-28T17:37:39.395+0100][712,558s][854][934][info ] Total time for which application threads were stopped: 0,0006409 seconds, Stopping threads took: 0,0002082 seconds
[2019-11-28T17:37:40.395+0100][713,558s][854][934][info ] Application time: 1,0001744 seconds
[2019-11-28T17:37:40.395+0100][713,558s][854][934][info ] Entering safepoint region: Cleanup
[2019-11-28T17:37:40.395+0100][713,558s][854][934][info ] Leaving safepoint region
[2019-11-28T17:37:40.395+0100][713,558s][854][934][info ] Total time for which application threads were stopped: 0,0004723 seconds, Stopping threads took: 0,0001252 seconds
[2019-11-28T17:37:41.327+0100][714,490s][854][933][trace] CMS: promo attempt is safe: available(3673676464) >= av_promo(42009460), max_promo(65011640)
[2019-11-28T17:37:41.396+0100][714,559s][854][934][info ] Application time: 1,0001984 seconds
[2019-11-28T17:37:41.396+0100][714,559s][854][934][info ] Entering safepoint region: Cleanup
[2019-11-28T17:37:41.396+0100][714,559s][854][934][info ] Leaving safepoint region
[2019-11-28T17:37:41.396+0100][714,559s][854][934][info ] Total time for which application threads were stopped: 0,0005572 seconds, Stopping threads took: 0,0001284 seconds
[2019-11-28T17:37:42.397+0100][715,560s][854][934][info ] Application time: 1,0000917 seconds
[2019-11-28T17:37:42.397+0100][715,560s][854][934][info ] Entering safepoint region: Cleanup
[2019-11-28T17:37:42.397+0100][715,560s][854][934][info ] Leaving safepoint region
[2019-11-28T17:37:42.397+0100][715,560s][854][934][info ] Total time for which application threads were stopped: 0,0001724 seconds, Stopping threads took: 0,0000403 seconds
[2019-11-28T17:37:43.397+0100][716,560s][854][934][info ] Application time: 1,0001113 seconds
[2019-11-28T17:37:43.397+0100][716,560s][854][934][info ] Entering safepoint region: Cleanup
[2019-11-28T17:37:43.398+0100][716,561s][854][934][info ] Leaving safepoint region
[2019-11-28T17:37:43.398+0100][716,561s][854][934][info ] Total time for which application threads were stopped: 0,0005153 seconds, Stopping threads took: 0,0001260 seconds
[2019-11-28T17:37:44.398+0100][717,561s][854][934][info ] Application time: 1,0001451 seconds
[2019-11-28T17:37:44.398+0100][717,561s][854][934][info ] Entering safepoint region: Cleanup
[2019-11-28T17:37:44.398+0100][717,561s][854][934][info ] Leaving safepoint region
[2019-11-28T17:37:44.398+0100][717,561s][854][934][info ] Total time for which application threads were stopped: 0,0002789 seconds, Stopping threads took: 0,0000788 seconds
[2019-11-28T17:37:45.399+0100][718,561s][854][934][info ] Application time: 1,0001402 seconds
[2019-11-28T17:37:45.399+0100][718,562s][854][934][info ] Entering safepoint region: Cleanup
[2019-11-28T17:37:45.399+0100][718,562s][854][934][info ] Leaving safepoint region
[2019-11-28T17:37:45.399+0100][718,562s][854][934][info ] Total time for which application threads were stopped: 0,0001258 seconds, Stopping threads took: 0,0000291 seconds
[2019-11-28T17:37:46.399+0100][719,562s][854][934][info ] Application time: 1,0001228 seconds
[2019-11-28T17:37:46.399+0100][719,562s][854][934][info ] Entering safepoint region: Cleanup
[2019-11-28T17:37:46.400+0100][719,563s][854][934][info ] Leaving safepoint region
[2019-11-28T17:37:46.400+0100][719,563s][854][934][info ] Total time for which application threads were stopped: 0,0006959 seconds, Stopping threads took: 0,0001512 seconds
[2019-11-28T17:37:47.400+0100][720,563s][854][934][info ] Application time: 1,0001126 seconds
[2019-11-28T17:37:47.400+0100][720,563s][854][934][info ] Entering safepoint region: Cleanup
[2019-11-28T17:37:47.400+0100][720,563s][854][934][info ] Leaving safepoint region
[2019-11-28T17:37:47.400+0100][720,563s][854][934][info ] Total time for which application threads were stopped: 0,0002658 seconds, Stopping threads took: 0,0000584 seconds
[2019-11-28T17:37:48.400+0100][721,563s][854][934][info ] Application time: 1,0000943 seconds
[2019-11-28T17:37:48.401+0100][721,563s][854][934][info ] Entering safepoint region: Cleanup
[2019-11-28T17:37:48.401+0100][721,564s][854][934][info ] Leaving safepoint region
[2019-11-28T17:37:48.401+0100][721,564s][854][934][info ] Total time for which application threads were stopped: 0,0001872 seconds, Stopping threads took: 0,0000482 seconds
[2019-11-28T17:37:49.401+0100][722,564s][854][934][info ] Application time: 1,0000782 seconds
[2019-11-28T17:37:49.401+0100][722,564s][854][934][info ] Entering safepoint region: Cleanup
[2019-11-28T17:37:49.401+0100][722,564s][854][934][info ] Leaving safepoint region
[2019-11-28T17:37:49.401+0100][722,564s][854][934][info ] Total time for which application threads were stopped: 0,0001396 seconds, Stopping threads took: 0,0000343 seconds
[2019-11-28T17:37:50.401+0100][723,564s][854][934][info ] Application time: 1,0001617 seconds
[2019-11-28T17:37:50.407+0100][723,570s][854][934][info ] Entering safepoint region: Cleanup
[2019-11-28T17:37:50.408+0100][723,571s][854][934][info ] Leaving safepoint region
[2019-11-28T17:37:50.408+0100][723,571s][854][934][info ] Total time for which application threads were stopped: 0,0004641 seconds, Stopping threads took: 0,0001474 seconds
[2019-11-28T17:37:51.327+0100][724,490s][854][933][trace] CMS: promo attempt is safe: available(3673676464) >= av_promo(42009460), max_promo(68265648)
[2019-11-28T17:37:51.408+0100][724,571s][854][934][info ] Application time: 1,0001851 seconds
[2019-11-28T17:37:51.408+0100][724,571s][854][934][info ] Entering safepoint region: Cleanup
[2019-11-28T17:37:51.408+0100][724,571s][854][934][info ] Leaving safepoint region
[2019-11-28T17:37:51.409+0100][724,572s][854][934][info ] Total time for which application threads were stopped: 0,0004525 seconds, Stopping threads took: 0,0001544 seconds
[2019-11-28T17:37:52.409+0100][725,572s][854][934][info ] Application time: 1,0001821 seconds
[2019-11-28T17:37:52.409+0100][725,572s][854][934][info ] Entering safepoint region: Cleanup
[2019-11-28T17:37:52.409+0100][725,572s][854][934][info ] Leaving safepoint region
[2019-11-28T17:37:52.409+0100][725,572s][854][934][info ] Total time for which application threads were stopped: 0,0003816 seconds, Stopping threads took: 0,0001196 seconds
[2019-11-28T17:37:53.410+0100][726,573s][854][934][info ] Application time: 1,0002588 seconds
[2019-11-28T17:37:53.410+0100][726,573s][854][934][info ] Entering safepoint region: Cleanup
[2019-11-28T17:37:53.410+0100][726,573s][854][934][info ] Leaving safepoint region
[2019-11-28T17:37:53.410+0100][726,573s][854][934][info ] Total time for which application threads were stopped: 0,0005567 seconds, Stopping threads took: 0,0001752 seconds
[2019-11-28T17:37:54.411+0100][727,574s][854][934][info ] Application time: 1,0001999 seconds
[2019-11-28T17:37:54.411+0100][727,574s][854][934][info ] Entering safepoint region: Cleanup
[2019-11-28T17:37:54.411+0100][727,574s][854][934][info ] Leaving safepoint region
[2019-11-28T17:37:54.411+0100][727,574s][854][934][info ] Total time for which application threads were stopped: 0,0004113 seconds, Stopping threads took: 0,0001096 seconds
[2019-11-28T17:37:55.412+0100][728,574s][854][934][info ] Application time: 1,0001330 seconds
[2019-11-28T17:37:55.412+0100][728,575s][854][934][info ] Entering safepoint region: Cleanup
[2019-11-28T17:37:55.412+0100][728,575s][854][934][info ] Leaving safepoint region
[2019-11-28T17:37:55.412+0100][728,575s][854][934][info ] Total time for which application threads were stopped: 0,0001384 seconds, Stopping threads took: 0,0000296 seconds
[2019-11-28T17:37:56.412+0100][729,575s][854][934][info ] Application time: 1,0002680 seconds
[2019-11-28T17:37:56.412+0100][729,575s][854][934][info ] Entering safepoint region: Cleanup
[2019-11-28T17:37:56.413+0100][729,576s][854][934][info ] Leaving safepoint region
[2019-11-28T17:37:56.413+0100][729,576s][854][934][info ] Total time for which application threads were stopped: 0,0005603 seconds, Stopping threads took: 0,0001698 seconds
[2019-11-28T17:37:57.413+0100][730,576s][854][934][info ] Application time: 1,0001339 seconds
[2019-11-28T17:37:57.413+0100][730,576s][854][934][info ] Entering safepoint region: Cleanup
[2019-11-28T17:37:57.414+0100][730,577s][854][934][info ] Leaving safepoint region
[2019-11-28T17:37:57.414+0100][730,577s][854][934][info ] Total time for which application threads were stopped: 0,0006984 seconds, Stopping threads took: 0,0001933 seconds
[2019-11-28T17:37:58.414+0100][731,577s][854][934][info ] Application time: 1,0001236 seconds
[2019-11-28T17:37:58.414+0100][731,577s][854][934][info ] Entering safepoint region: Cleanup
[2019-11-28T17:37:58.414+0100][731,577s][854][934][info ] Leaving safepoint region
[2019-11-28T17:37:58.414+0100][731,577s][854][934][info ] Total time for which application threads were stopped: 0,0001607 seconds, Stopping threads took: 0,0000379 seconds
[2019-11-28T17:37:59.415+0100][732,578s][854][934][info ] Application time: 1,0001088 seconds
[2019-11-28T17:37:59.415+0100][732,578s][854][934][info ] Entering safepoint region: Cleanup
[2019-11-28T17:37:59.416+0100][732,579s][854][934][info ] Leaving safepoint region
[2019-11-28T17:37:59.416+0100][732,579s][854][934][info ] Total time for which application threads were stopped: 0,0011111 seconds, Stopping threads took: 0,0002279 seconds
[2019-11-28T17:38:00.416+0100][733,579s][854][934][info ] Application time: 1,0001332 seconds
[2019-11-28T17:38:00.416+0100][733,579s][854][934][info ] Entering safepoint region: Cleanup
[2019-11-28T17:38:00.416+0100][733,579s][854][934][info ] Leaving safepoint region
[2019-11-28T17:38:00.417+0100][733,579s][854][934][info ] Total time for which application threads were stopped: 0,0001523 seconds, Stopping threads took: 0,0000429 seconds
[2019-11-28T17:38:01.327+0100][734,490s][854][933][trace] CMS: promo attempt is safe: available(3673676464) >= av_promo(42009460), max_promo(70752448)
[2019-11-28T17:38:01.417+0100][734,580s][854][934][info ] Application time: 1,0001053 seconds
[2019-11-28T17:38:01.417+0100][734,580s][854][934][info ] Entering safepoint region: Cleanup
[2019-11-28T17:38:01.417+0100][734,580s][854][934][info ] Leaving safepoint region
[2019-11-28T17:38:01.417+0100][734,580s][854][934][info ] Total time for which application threads were stopped: 0,0001163 seconds, Stopping threads took: 0,0000401 seconds
[2019-11-28T17:38:02.417+0100][735,580s][854][934][info ] Application time: 1,0002179 seconds
[2019-11-28T17:38:02.417+0100][735,580s][854][934][info ] Entering safepoint region: Cleanup
[2019-11-28T17:38:02.417+0100][735,580s][854][934][info ] Leaving safepoint region
[2019-11-28T17:38:02.417+0100][735,580s][854][934][info ] Total time for which application threads were stopped: 0,0001951 seconds, Stopping threads took: 0,0000541 seconds
[2019-11-28T17:38:03.417+0100][736,580s][854][934][info ] Application time: 1,0000834 seconds
[2019-11-28T17:38:03.418+0100][736,581s][854][934][info ] Entering safepoint region: Cleanup
[2019-11-28T17:38:03.418+0100][736,581s][854][934][info ] Leaving safepoint region
[2019-11-28T17:38:03.418+0100][736,581s][854][934][info ] Total time for which application threads were stopped: 0,0002567 seconds, Stopping threads took: 0,0000634 seconds
[2019-11-28T17:38:04.418+0100][737,581s][854][934][info ] Application time: 1,0002474 seconds
[2019-11-28T17:38:04.418+0100][737,581s][854][934][info ] Entering safepoint region: Cleanup
[2019-11-28T17:38:04.419+0100][737,582s][854][934][info ] Leaving safepoint region
[2019-11-28T17:38:04.419+0100][737,582s][854][934][info ] Total time for which application threads were stopped: 0,0005324 seconds, Stopping threads took: 0,0001364 seconds
[2019-11-28T17:38:05.419+0100][738,582s][854][934][info ] Application time: 1,0001359 seconds
[2019-11-28T17:38:05.419+0100][738,582s][854][934][info ] Entering safepoint region: Cleanup
[2019-11-28T17:38:05.419+0100][738,582s][854][934][info ] Leaving safepoint region
[2019-11-28T17:38:05.419+0100][738,582s][854][934][info ] Total time for which application threads were stopped: 0,0001568 seconds, Stopping threads took: 0,0000408 seconds
[2019-11-28T17:38:06.419+0100][739,582s][854][934][info ] Application time: 1,0001047 seconds
[2019-11-28T17:38:06.420+0100][739,583s][854][934][info ] Entering safepoint region: Cleanup
[2019-11-28T17:38:06.420+0100][739,583s][854][934][info ] Leaving safepoint region
[2019-11-28T17:38:06.420+0100][739,583s][854][934][info ] Total time for which application threads were stopped: 0,0004325 seconds, Stopping threads took: 0,0000827 seconds
[2019-11-28T17:38:07.420+0100][740,583s][854][934][info ] Application time: 1,0001240 seconds
[2019-11-28T17:38:07.421+0100][740,584s][854][934][info ] Entering safepoint region: Cleanup
[2019-11-28T17:38:07.421+0100][740,584s][854][934][info ] Leaving safepoint region
[2019-11-28T17:38:07.421+0100][740,584s][854][934][info ] Total time for which application threads were stopped: 0,0004886 seconds, Stopping threads took: 0,0001619 seconds
[2019-11-28T17:38:08.421+0100][741,584s][854][934][info ] Application time: 1,0002616 seconds
[2019-11-28T17:38:08.421+0100][741,584s][854][934][info ] Entering safepoint region: Cleanup
[2019-11-28T17:38:08.422+0100][741,585s][854][934][info ] Leaving safepoint region
[2019-11-28T17:38:08.422+0100][741,585s][854][934][info ] Total time for which application threads were stopped: 0,0002867 seconds, Stopping threads took: 0,0000687 seconds
[2019-11-28T17:38:09.422+0100][742,585s][854][934][info ] Application time: 1,0001552 seconds
[2019-11-28T17:38:09.422+0100][742,585s][854][934][info ] Entering safepoint region: Cleanup
[2019-11-28T17:38:09.423+0100][742,586s][854][934][info ] Leaving safepoint region
[2019-11-28T17:38:09.423+0100][742,586s][854][934][info ] Total time for which application threads were stopped: 0,0012016 seconds, Stopping threads took: 0,0002471 seconds
[2019-11-28T17:38:10.424+0100][743,587s][854][934][info ] Application time: 1,0001813 seconds
[2019-11-28T17:38:10.424+0100][743,587s][854][934][info ] Entering safepoint region: Cleanup
[2019-11-28T17:38:10.425+0100][743,588s][854][934][info ] Leaving safepoint region
[2019-11-28T17:38:10.425+0100][743,588s][854][934][info ] Total time for which application threads were stopped: 0,0006585 seconds, Stopping threads took: 0,0001836 seconds
[2019-11-28T17:38:11.326+0100][744,489s][854][933][trace] CMS: promo attempt is safe: available(3673676464) >= av_promo(42009460), max_promo(73838656)
[2019-11-28T17:38:11.425+0100][744,588s][854][934][info ] Application time: 1,0001444 seconds
[2019-11-28T17:38:11.425+0100][744,588s][854][934][info ] Entering safepoint region: Cleanup
[2019-11-28T17:38:11.426+0100][744,589s][854][934][info ] Leaving safepoint region
[2019-11-28T17:38:11.426+0100][744,589s][854][934][info ] Total time for which application threads were stopped: 0,0004515 seconds, Stopping threads took: 0,0001465 seconds
[2019-11-28T17:38:12.426+0100][745,589s][854][934][info ] Application time: 1,0004525 seconds
[2019-11-28T17:38:12.426+0100][745,589s][854][934][info ] Entering safepoint region: Cleanup
[2019-11-28T17:38:12.426+0100][745,589s][854][934][info ] Leaving safepoint region
[2019-11-28T17:38:12.426+0100][745,589s][854][934][info ] Total time for which application threads were stopped: 0,0001567 seconds, Stopping threads took: 0,0000343 seconds
[2019-11-28T17:38:13.427+0100][746,590s][854][934][info ] Application time: 1,0001301 seconds
[2019-11-28T17:38:13.427+0100][746,590s][854][934][info ] Entering safepoint region: Cleanup
[2019-11-28T17:38:13.427+0100][746,590s][854][934][info ] Leaving safepoint region
[2019-11-28T17:38:13.427+0100][746,590s][854][934][info ] Total time for which application threads were stopped: 0,0003290 seconds, Stopping threads took: 0,0000748 seconds
[2019-11-28T17:38:14.427+0100][747,590s][854][934][info ] Application time: 1,0000872 seconds
[2019-11-28T17:38:14.427+0100][747,590s][854][934][info ] Entering safepoint region: Cleanup
[2019-11-28T17:38:14.427+0100][747,590s][854][934][info ] Leaving safepoint region
[2019-11-28T17:38:14.427+0100][747,590s][854][934][info ] Total time for which application threads were stopped: 0,0001615 seconds, Stopping threads took: 0,0000381 seconds
[2019-11-28T17:38:15.428+0100][748,591s][854][934][info ] Application time: 1,0001556 seconds
[2019-11-28T17:38:15.428+0100][748,591s][854][934][info ] Entering safepoint region: Cleanup
[2019-11-28T17:38:15.428+0100][748,591s][854][934][info ] Leaving safepoint region
[2019-11-28T17:38:15.428+0100][748,591s][854][934][info ] Total time for which application threads were stopped: 0,0001393 seconds, Stopping threads took: 0,0000596 seconds
[2019-11-28T17:38:16.428+0100][749,591s][854][934][info ] Application time: 1,0001160 seconds
[2019-11-28T17:38:16.428+0100][749,591s][854][934][info ] Entering safepoint region: Cleanup
[2019-11-28T17:38:16.428+0100][749,591s][854][934][info ] Leaving safepoint region
[2019-11-28T17:38:16.429+0100][749,592s][854][934][info ] Total time for which application threads were stopped: 0,0004701 seconds, Stopping threads took: 0,0001195 seconds
[2019-11-28T17:38:17.429+0100][750,592s][854][934][info ] Application time: 1,0001668 seconds
[2019-11-28T17:38:17.429+0100][750,592s][854][934][info ] Entering safepoint region: Cleanup
[2019-11-28T17:38:17.429+0100][750,592s][854][934][info ] Leaving safepoint region
[2019-11-28T17:38:17.429+0100][750,592s][854][934][info ] Total time for which application threads were stopped: 0,0002144 seconds, Stopping threads took: 0,0000726 seconds
[2019-11-28T17:38:18.429+0100][751,592s][854][934][info ] Application time: 1,0001619 seconds
[2019-11-28T17:38:18.430+0100][751,593s][854][934][info ] Entering safepoint region: Cleanup
[2019-11-28T17:38:18.430+0100][751,593s][854][934][info ] Leaving safepoint region
[2019-11-28T17:38:18.430+0100][751,593s][854][934][info ] Total time for which application threads were stopped: 0,0004934 seconds, Stopping threads took: 0,0001301 seconds
[2019-11-28T17:38:19.430+0100][752,593s][854][934][info ] Application time: 1,0000898 seconds
[2019-11-28T17:38:19.430+0100][752,593s][854][934][info ] Entering safepoint region: Cleanup
[2019-11-28T17:38:19.430+0100][752,593s][854][934][info ] Leaving safepoint region
[2019-11-28T17:38:19.430+0100][752,593s][854][934][info ] Total time for which application threads were stopped: 0,0001483 seconds, Stopping threads took: 0,0000364 seconds
[2019-11-28T17:38:20.431+0100][753,593s][854][934][info ] Application time: 1,0000743 seconds
[2019-11-28T17:38:20.431+0100][753,594s][854][934][info ] Entering safepoint region: Cleanup
[2019-11-28T17:38:20.431+0100][753,594s][854][934][info ] Leaving safepoint region
[2019-11-28T17:38:20.431+0100][753,594s][854][934][info ] Total time for which application threads were stopped: 0,0001514 seconds, Stopping threads took: 0,0000405 seconds
[2019-11-28T17:38:21.326+0100][754,489s][854][933][trace] CMS: promo attempt is safe: available(3673676464) >= av_promo(42009460), max_promo(78405592)
[2019-11-28T17:38:21.431+0100][754,594s][854][934][info ] Application time: 1,0000814 seconds
[2019-11-28T17:38:21.431+0100][754,594s][854][934][info ] Entering safepoint region: Cleanup
[2019-11-28T17:38:21.431+0100][754,594s][854][934][info ] Leaving safepoint region
[2019-11-28T17:38:21.431+0100][754,594s][854][934][info ] Total time for which application threads were stopped: 0,0001642 seconds, Stopping threads took: 0,0000486 seconds
[2019-11-28T17:38:22.431+0100][755,594s][854][934][info ] Application time: 1,0001027 seconds
[2019-11-28T17:38:22.431+0100][755,594s][854][934][info ] Entering safepoint region: Cleanup
[2019-11-28T17:38:22.431+0100][755,594s][854][934][info ] Leaving safepoint region
[2019-11-28T17:38:22.431+0100][755,594s][854][934][info ] Total time for which application threads were stopped: 0,0001200 seconds, Stopping threads took: 0,0000329 seconds
[2019-11-28T17:38:23.431+0100][756,594s][854][934][info ] Application time: 1,0000978 seconds
[2019-11-28T17:38:23.432+0100][756,595s][854][934][info ] Entering safepoint region: Cleanup
[2019-11-28T17:38:23.432+0100][756,595s][854][934][info ] Leaving safepoint region
[2019-11-28T17:38:23.432+0100][756,595s][854][934][info ] Total time for which application threads were stopped: 0,0005657 seconds, Stopping threads took: 0,0001649 seconds
[2019-11-28T17:38:24.433+0100][757,595s][854][934][info ] Application time: 1,0001620 seconds
[2019-11-28T17:38:24.433+0100][757,596s][854][934][info ] Entering safepoint region: Cleanup
[2019-11-28T17:38:24.433+0100][757,596s][854][934][info ] Leaving safepoint region
[2019-11-28T17:38:24.433+0100][757,596s][854][934][info ] Total time for which application threads were stopped: 0,0002869 seconds, Stopping threads took: 0,0000694 seconds
[2019-11-28T17:38:25.433+0100][758,596s][854][934][info ] Application time: 1,0000824 seconds
[2019-11-28T17:38:25.433+0100][758,596s][854][934][info ] Entering safepoint region: Cleanup
[2019-11-28T17:38:25.433+0100][758,596s][854][934][info ] Leaving safepoint region
[2019-11-28T17:38:25.433+0100][758,596s][854][934][info ] Total time for which application threads were stopped: 0,0001628 seconds, Stopping threads took: 0,0000387 seconds
[2019-11-28T17:38:26.433+0100][759,596s][854][934][info ] Application time: 1,0000760 seconds
[2019-11-28T17:38:26.433+0100][759,596s][854][934][info ] Entering safepoint region: Cleanup
[2019-11-28T17:38:26.434+0100][759,597s][854][934][info ] Leaving safepoint region
[2019-11-28T17:38:26.434+0100][759,597s][854][934][info ] Total time for which application threads were stopped: 0,0001461 seconds, Stopping threads took: 0,0000390 seconds
[2019-11-28T17:38:27.434+0100][760,597s][854][934][info ] Application time: 1,0001264 seconds
[2019-11-28T17:38:27.434+0100][760,597s][854][934][info ] Entering safepoint region: Cleanup
[2019-11-28T17:38:27.434+0100][760,597s][854][934][info ] Leaving safepoint region
[2019-11-28T17:38:27.434+0100][760,597s][854][934][info ] Total time for which application threads were stopped: 0,0001542 seconds, Stopping threads took: 0,0000443 seconds
[2019-11-28T17:38:28.434+0100][761,597s][854][934][info ] Application time: 1,0001554 seconds
[2019-11-28T17:38:28.434+0100][761,597s][854][934][info ] Entering safepoint region: Cleanup
[2019-11-28T17:38:28.435+0100][761,598s][854][934][info ] Leaving safepoint region
[2019-11-28T17:38:28.435+0100][761,598s][854][934][info ] Total time for which application threads were stopped: 0,0003590 seconds, Stopping threads took: 0,0000956 seconds
[2019-11-28T17:38:29.435+0100][762,598s][854][934][info ] Application time: 1,0001567 seconds
[2019-11-28T17:38:29.435+0100][762,598s][854][934][info ] Entering safepoint region: Cleanup
[2019-11-28T17:38:29.435+0100][762,598s][854][934][info ] Leaving safepoint region
[2019-11-28T17:38:29.435+0100][762,598s][854][934][info ] Total time for which application threads were stopped: 0,0001240 seconds, Stopping threads took: 0,0000249 seconds
[2019-11-28T17:38:30.435+0100][763,598s][854][934][info ] Application time: 1,0000856 seconds
[2019-11-28T17:38:30.435+0100][763,598s][854][934][info ] Entering safepoint region: Cleanup
[2019-11-28T17:38:30.436+0100][763,599s][854][934][info ] Leaving safepoint region
[2019-11-28T17:38:30.436+0100][763,599s][854][934][info ] Total time for which application threads were stopped: 0,0003565 seconds, Stopping threads took: 0,0000963 seconds
[2019-11-28T17:38:31.326+0100][764,489s][854][933][trace] CMS: promo attempt is safe: available(3673676464) >= av_promo(42009460), max_promo(80892392)
[2019-11-28T17:38:31.436+0100][764,599s][854][934][info ] Application time: 1,0000792 seconds
[2019-11-28T17:38:31.436+0100][764,599s][854][934][info ] Entering safepoint region: Cleanup
[2019-11-28T17:38:31.436+0100][764,599s][854][934][info ] Leaving safepoint region
[2019-11-28T17:38:31.436+0100][764,599s][854][934][info ] Total time for which application threads were stopped: 0,0001214 seconds, Stopping threads took: 0,0000341 seconds
[2019-11-28T17:38:32.436+0100][765,599s][854][934][info ] Application time: 1,0000792 seconds
[2019-11-28T17:38:32.436+0100][765,599s][854][934][info ] Entering safepoint region: Cleanup
[2019-11-28T17:38:32.436+0100][765,599s][854][934][info ] Leaving safepoint region
[2019-11-28T17:38:32.436+0100][765,599s][854][934][info ] Total time for which application threads were stopped: 0,0001423 seconds, Stopping threads took: 0,0000332 seconds
[2019-11-28T17:38:33.436+0100][766,599s][854][934][info ] Application time: 1,0001601 seconds
[2019-11-28T17:38:33.437+0100][766,600s][854][934][info ] Entering safepoint region: Cleanup
[2019-11-28T17:38:33.437+0100][766,600s][854][934][info ] Leaving safepoint region
[2019-11-28T17:38:33.437+0100][766,600s][854][934][info ] Total time for which application threads were stopped: 0,0004785 seconds, Stopping threads took: 0,0001248 seconds
[2019-11-28T17:38:34.437+0100][767,600s][854][934][info ] Application time: 1,0001403 seconds
[2019-11-28T17:38:34.437+0100][767,600s][854][934][info ] Entering safepoint region: Cleanup
[2019-11-28T17:38:34.437+0100][767,600s][854][934][info ] Leaving safepoint region
[2019-11-28T17:38:34.437+0100][767,600s][854][934][info ] Total time for which application threads were stopped: 0,0001095 seconds, Stopping threads took: 0,0000329 seconds
[2019-11-28T17:38:35.438+0100][768,601s][854][934][info ] Application time: 1,0001021 seconds
[2019-11-28T17:38:35.438+0100][768,601s][854][934][info ] Entering safepoint region: Cleanup
[2019-11-28T17:38:35.438+0100][768,601s][854][934][info ] Leaving safepoint region
[2019-11-28T17:38:35.438+0100][768,601s][854][934][info ] Total time for which application threads were stopped: 0,0001143 seconds, Stopping threads took: 0,0000354 seconds
[2019-11-28T17:38:36.438+0100][769,601s][854][934][info ] Application time: 1,0001873 seconds
[2019-11-28T17:38:36.438+0100][769,601s][854][934][info ] Entering safepoint region: Cleanup
[2019-11-28T17:38:36.439+0100][769,601s][854][934][info ] Leaving safepoint region
[2019-11-28T17:38:36.439+0100][769,602s][854][934][info ] Total time for which application threads were stopped: 0,0005019 seconds, Stopping threads took: 0,0001622 seconds
[2019-11-28T17:38:37.439+0100][770,602s][854][934][info ] Application time: 1,0001600 seconds
[2019-11-28T17:38:37.439+0100][770,602s][854][934][info ] Entering safepoint region: Cleanup
[2019-11-28T17:38:37.439+0100][770,602s][854][934][info ] Leaving safepoint region
[2019-11-28T17:38:37.439+0100][770,602s][854][934][info ] Total time for which application threads were stopped: 0,0002900 seconds, Stopping threads took: 0,0000640 seconds
[2019-11-28T17:38:38.439+0100][771,602s][854][934][info ] Application time: 1,0001217 seconds
[2019-11-28T17:38:38.440+0100][771,603s][854][934][info ] Entering safepoint region: Cleanup
[2019-11-28T17:38:38.440+0100][771,603s][854][934][info ] Leaving safepoint region
[2019-11-28T17:38:38.440+0100][771,603s][854][934][info ] Total time for which application threads were stopped: 0,0006311 seconds, Stopping threads took: 0,0002622 seconds
[2019-11-28T17:38:39.441+0100][772,603s][854][934][info ] Application time: 1,0001928 seconds
[2019-11-28T17:38:39.441+0100][772,604s][854][934][info ] Entering safepoint region: Cleanup
[2019-11-28T17:38:39.441+0100][772,604s][854][934][info ] Leaving safepoint region
[2019-11-28T17:38:39.441+0100][772,604s][854][934][info ] Total time for which application threads were stopped: 0,0004435 seconds, Stopping threads took: 0,0001405 seconds
[2019-11-28T17:38:40.441+0100][773,604s][854][934][info ] Application time: 1,0001658 seconds
[2019-11-28T17:38:40.442+0100][773,605s][854][934][info ] Entering safepoint region: Cleanup
[2019-11-28T17:38:40.442+0100][773,605s][854][934][info ] Leaving safepoint region
[2019-11-28T17:38:40.442+0100][773,605s][854][934][info ] Total time for which application threads were stopped: 0,0005607 seconds, Stopping threads took: 0,0001643 seconds
[2019-11-28T17:38:41.325+0100][774,488s][854][933][trace] CMS: promo attempt is safe: available(3673676464) >= av_promo(42009460), max_promo(84230008)
[2019-11-28T17:38:41.442+0100][774,605s][854][934][info ] Application time: 1,0002102 seconds
[2019-11-28T17:38:41.443+0100][774,606s][854][934][info ] Entering safepoint region: Cleanup
[2019-11-28T17:38:41.443+0100][774,606s][854][934][info ] Leaving safepoint region
[2019-11-28T17:38:41.443+0100][774,606s][854][934][info ] Total time for which application threads were stopped: 0,0007226 seconds, Stopping threads took: 0,0002230 seconds
[2019-11-28T17:38:42.444+0100][775,606s][854][934][info ] Application time: 1,0000992 seconds
[2019-11-28T17:38:42.444+0100][775,607s][854][934][info ] Entering safepoint region: Cleanup
[2019-11-28T17:38:42.444+0100][775,607s][854][934][info ] Leaving safepoint region
[2019-11-28T17:38:42.444+0100][775,607s][854][934][info ] Total time for which application threads were stopped: 0,0001759 seconds, Stopping threads took: 0,0000349 seconds
[2019-11-28T17:38:43.444+0100][776,607s][854][934][info ] Application time: 1,0000876 seconds
[2019-11-28T17:38:43.444+0100][776,607s][854][934][info ] Entering safepoint region: Cleanup
[2019-11-28T17:38:43.444+0100][776,607s][854][934][info ] Leaving safepoint region
[2019-11-28T17:38:43.444+0100][776,607s][854][934][info ] Total time for which application threads were stopped: 0,0003663 seconds, Stopping threads took: 0,0001134 seconds
[2019-11-28T17:38:44.445+0100][777,608s][854][934][info ] Application time: 1,0001426 seconds
[2019-11-28T17:38:44.445+0100][777,608s][854][934][info ] Entering safepoint region: Cleanup
[2019-11-28T17:38:44.445+0100][777,608s][854][934][info ] Leaving safepoint region
[2019-11-28T17:38:44.445+0100][777,608s][854][934][info ] Total time for which application threads were stopped: 0,0003780 seconds, Stopping threads took: 0,0001168 seconds
[2019-11-28T17:38:45.446+0100][778,609s][854][934][info ] Application time: 1,0002988 seconds
[2019-11-28T17:38:45.446+0100][778,609s][854][934][info ] Entering safepoint region: Cleanup
[2019-11-28T17:38:45.446+0100][778,609s][854][934][info ] Leaving safepoint region
[2019-11-28T17:38:45.446+0100][778,609s][854][934][info ] Total time for which application threads were stopped: 0,0005317 seconds, Stopping threads took: 0,0001315 seconds
[2019-11-28T17:38:46.447+0100][779,610s][854][934][info ] Application time: 1,0002762 seconds
[2019-11-28T17:38:46.447+0100][779,610s][854][934][info ] Entering safepoint region: Cleanup
[2019-11-28T17:38:46.447+0100][779,610s][854][934][info ] Leaving safepoint region
[2019-11-28T17:38:46.447+0100][779,610s][854][934][info ] Total time for which application threads were stopped: 0,0004769 seconds, Stopping threads took: 0,0001256 seconds
[2019-11-28T17:38:47.448+0100][780,611s][854][934][info ] Application time: 1,0001926 seconds
[2019-11-28T17:38:47.448+0100][780,611s][854][934][info ] Entering safepoint region: Cleanup
[2019-11-28T17:38:47.448+0100][780,611s][854][934][info ] Leaving safepoint region
[2019-11-28T17:38:47.448+0100][780,611s][854][934][info ] Total time for which application threads were stopped: 0,0004867 seconds, Stopping threads took: 0,0001277 seconds
[2019-11-28T17:38:48.449+0100][781,612s][854][934][info ] Application time: 1,0001982 seconds
[2019-11-28T17:38:48.449+0100][781,612s][854][934][info ] Entering safepoint region: Cleanup
[2019-11-28T17:38:48.449+0100][781,612s][854][934][info ] Leaving safepoint region
[2019-11-28T17:38:48.449+0100][781,612s][854][934][info ] Total time for which application threads were stopped: 0,0004711 seconds, Stopping threads took: 0,0001206 seconds
[2019-11-28T17:38:49.450+0100][782,613s][854][934][info ] Application time: 1,0002951 seconds
[2019-11-28T17:38:49.450+0100][782,613s][854][934][info ] Entering safepoint region: Cleanup
[2019-11-28T17:38:49.450+0100][782,613s][854][934][info ] Leaving safepoint region
[2019-11-28T17:38:49.450+0100][782,613s][854][934][info ] Total time for which application threads were stopped: 0,0005269 seconds, Stopping threads took: 0,0001699 seconds
[2019-11-28T17:38:50.451+0100][783,614s][854][934][info ] Application time: 1,0001719 seconds
[2019-11-28T17:38:50.451+0100][783,614s][854][934][info ] Entering safepoint region: Cleanup
[2019-11-28T17:38:50.451+0100][783,614s][854][934][info ] Leaving safepoint region
[2019-11-28T17:38:50.451+0100][783,614s][854][934][info ] Total time for which application threads were stopped: 0,0004107 seconds, Stopping threads took: 0,0000960 seconds
[2019-11-28T17:38:51.325+0100][784,488s][854][933][trace] CMS: promo attempt is safe: available(3673676464) >= av_promo(42009460), max_promo(87484016)
[2019-11-28T17:38:51.451+0100][784,614s][854][934][info ] Application time: 1,0001313 seconds
[2019-11-28T17:38:51.452+0100][784,615s][854][934][info ] Entering safepoint region: Cleanup
[2019-11-28T17:38:51.452+0100][784,615s][854][934][info ] Leaving safepoint region
[2019-11-28T17:38:51.452+0100][784,615s][854][934][info ] Total time for which application threads were stopped: 0,0005634 seconds, Stopping threads took: 0,0002058 seconds
[2019-11-28T17:38:52.452+0100][785,615s][854][934][info ] Application time: 1,0001450 seconds
[2019-11-28T17:38:52.453+0100][785,616s][854][934][info ] Entering safepoint region: Cleanup
[2019-11-28T17:38:52.453+0100][785,616s][854][934][info ] Leaving safepoint region
[2019-11-28T17:38:52.453+0100][785,616s][854][934][info ] Total time for which application threads were stopped: 0,0005173 seconds, Stopping threads took: 0,0002290 seconds
[2019-11-28T17:38:53.453+0100][786,616s][854][934][info ] Application time: 1,0001086 seconds
[2019-11-28T17:38:53.453+0100][786,616s][854][934][info ] Entering safepoint region: Cleanup
[2019-11-28T17:38:53.454+0100][786,617s][854][934][info ] Leaving safepoint region
[2019-11-28T17:38:53.454+0100][786,617s][854][934][info ] Total time for which application threads were stopped: 0,0004743 seconds, Stopping threads took: 0,0001494 seconds
[2019-11-28T17:38:54.454+0100][787,617s][854][934][info ] Application time: 1,0001997 seconds
[2019-11-28T17:38:54.454+0100][787,617s][854][934][info ] Entering safepoint region: Cleanup
[2019-11-28T17:38:54.455+0100][787,618s][854][934][info ] Leaving safepoint region
[2019-11-28T17:38:54.455+0100][787,618s][854][934][info ] Total time for which application threads were stopped: 0,0004707 seconds, Stopping threads took: 0,0001342 seconds
[2019-11-28T17:38:55.455+0100][788,618s][854][934][info ] Application time: 1,0001299 seconds
[2019-11-28T17:38:55.455+0100][788,618s][854][934][info ] Entering safepoint region: Cleanup
[2019-11-28T17:38:55.455+0100][788,618s][854][934][info ] Leaving safepoint region
[2019-11-28T17:38:55.455+0100][788,618s][854][934][info ] Total time for which application threads were stopped: 0,0001502 seconds, Stopping threads took: 0,0000324 seconds
[2019-11-28T17:38:56.455+0100][789,618s][854][934][info ] Application time: 1,0001374 seconds
[2019-11-28T17:38:56.455+0100][789,618s][854][934][info ] Entering safepoint region: Cleanup
[2019-11-28T17:38:56.456+0100][789,618s][854][934][info ] Leaving safepoint region
[2019-11-28T17:38:56.456+0100][789,619s][854][934][info ] Total time for which application threads were stopped: 0,0001737 seconds, Stopping threads took: 0,0000423 seconds
[2019-11-28T17:38:57.456+0100][790,619s][854][934][info ] Application time: 1,0000742 seconds
[2019-11-28T17:38:57.456+0100][790,619s][854][934][info ] Entering safepoint region: Cleanup
[2019-11-28T17:38:57.456+0100][790,619s][854][934][info ] Leaving safepoint region
[2019-11-28T17:38:57.456+0100][790,619s][854][934][info ] Total time for which application threads were stopped: 0,0001394 seconds, Stopping threads took: 0,0000348 seconds
[2019-11-28T17:38:58.456+0100][791,619s][854][934][info ] Application time: 1,0000718 seconds
[2019-11-28T17:38:58.456+0100][791,619s][854][934][info ] Entering safepoint region: Cleanup
[2019-11-28T17:38:58.456+0100][791,619s][854][934][info ] Leaving safepoint region
[2019-11-28T17:38:58.456+0100][791,619s][854][934][info ] Total time for which application threads were stopped: 0,0001654 seconds, Stopping threads took: 0,0000554 seconds
[2019-11-28T17:38:59.456+0100][792,619s][854][934][info ] Application time: 1,0002193 seconds
[2019-11-28T17:38:59.457+0100][792,620s][854][934][info ] Entering safepoint region: Cleanup
[2019-11-28T17:38:59.457+0100][792,620s][854][934][info ] Leaving safepoint region
[2019-11-28T17:38:59.457+0100][792,620s][854][934][info ] Total time for which application threads were stopped: 0,0004623 seconds, Stopping threads took: 0,0001009 seconds
[2019-11-28T17:39:00.457+0100][793,620s][854][934][info ] Application time: 1,0001162 seconds
[2019-11-28T17:39:00.457+0100][793,620s][854][934][info ] Entering safepoint region: Cleanup
[2019-11-28T17:39:00.458+0100][793,621s][854][934][info ] Leaving safepoint region
[2019-11-28T17:39:00.458+0100][793,621s][854][934][info ] Total time for which application threads were stopped: 0,0003305 seconds, Stopping threads took: 0,0000905 seconds
[2019-11-28T17:39:01.325+0100][794,488s][854][933][trace] CMS: promo attempt is safe: available(3673676464) >= av_promo(42009460), max_promo(90570224)
[2019-11-28T17:39:01.458+0100][794,621s][854][934][info ] Application time: 1,0001708 seconds
[2019-11-28T17:39:01.458+0100][794,621s][854][934][info ] Entering safepoint region: Cleanup
[2019-11-28T17:39:01.459+0100][794,622s][854][934][info ] Leaving safepoint region
[2019-11-28T17:39:01.459+0100][794,622s][854][934][info ] Total time for which application threads were stopped: 0,0006459 seconds, Stopping threads took: 0,0001484 seconds
[2019-11-28T17:39:02.459+0100][795,622s][854][934][info ] Application time: 1,0001001 seconds
[2019-11-28T17:39:02.459+0100][795,622s][854][934][info ] Entering safepoint region: Cleanup
[2019-11-28T17:39:02.459+0100][795,622s][854][934][info ] Leaving safepoint region
[2019-11-28T17:39:02.459+0100][795,622s][854][934][info ] Total time for which application threads were stopped: 0,0001740 seconds, Stopping threads took: 0,0000446 seconds
[2019-11-28T17:39:03.459+0100][796,622s][854][934][info ] Application time: 1,0001467 seconds
[2019-11-28T17:39:03.460+0100][796,623s][854][934][info ] Entering safepoint region: Cleanup
[2019-11-28T17:39:03.466+0100][796,629s][854][934][info ] Leaving safepoint region
[2019-11-28T17:39:03.466+0100][796,629s][854][934][info ] Total time for which application threads were stopped: 0,0060647 seconds, Stopping threads took: 0,0057327 seconds
[2019-11-28T17:39:04.466+0100][797,629s][854][934][info ] Application time: 1,0001364 seconds
[2019-11-28T17:39:04.466+0100][797,629s][854][934][info ] Entering safepoint region: Cleanup
[2019-11-28T17:39:04.466+0100][797,629s][854][934][info ] Leaving safepoint region
[2019-11-28T17:39:04.466+0100][797,629s][854][934][info ] Total time for which application threads were stopped: 0,0001351 seconds, Stopping threads took: 0,0000357 seconds
[2019-11-28T17:39:05.466+0100][798,629s][854][934][info ] Application time: 1,0001009 seconds
[2019-11-28T17:39:05.466+0100][798,629s][854][934][info ] Entering safepoint region: Cleanup
[2019-11-28T17:39:05.466+0100][798,629s][854][934][info ] Leaving safepoint region
[2019-11-28T17:39:05.466+0100][798,629s][854][934][info ] Total time for which application threads were stopped: 0,0001422 seconds, Stopping threads took: 0,0000344 seconds
[2019-11-28T17:39:06.467+0100][799,630s][854][934][info ] Application time: 1,0001306 seconds
[2019-11-28T17:39:06.467+0100][799,630s][854][934][info ] Entering safepoint region: Cleanup
[2019-11-28T17:39:06.467+0100][799,630s][854][934][info ] Leaving safepoint region
[2019-11-28T17:39:06.467+0100][799,630s][854][934][info ] Total time for which application threads were stopped: 0,0003335 seconds, Stopping threads took: 0,0000748 seconds
[2019-11-28T17:39:07.467+0100][800,630s][854][934][info ] Application time: 1,0001415 seconds
[2019-11-28T17:39:07.467+0100][800,630s][854][934][info ] Entering safepoint region: Cleanup
[2019-11-28T17:39:07.467+0100][800,630s][854][934][info ] Leaving safepoint region
[2019-11-28T17:39:07.467+0100][800,630s][854][934][info ] Total time for which application threads were stopped: 0,0001218 seconds, Stopping threads took: 0,0000248 seconds
[2019-11-28T17:39:08.467+0100][801,630s][854][934][info ] Application time: 1,0000793 seconds
[2019-11-28T17:39:08.468+0100][801,631s][854][934][info ] Entering safepoint region: Cleanup
[2019-11-28T17:39:08.468+0100][801,631s][854][934][info ] Leaving safepoint region
[2019-11-28T17:39:08.468+0100][801,631s][854][934][info ] Total time for which application threads were stopped: 0,0002612 seconds, Stopping threads took: 0,0000927 seconds
[2019-11-28T17:39:09.468+0100][802,631s][854][934][info ] Application time: 1,0001120 seconds
[2019-11-28T17:39:09.468+0100][802,631s][854][934][info ] Entering safepoint region: Cleanup
[2019-11-28T17:39:09.468+0100][802,631s][854][934][info ] Leaving safepoint region
[2019-11-28T17:39:09.468+0100][802,631s][854][934][info ] Total time for which application threads were stopped: 0,0001378 seconds, Stopping threads took: 0,0000354 seconds
[2019-11-28T17:39:10.468+0100][803,631s][854][934][info ] Application time: 1,0000749 seconds
[2019-11-28T17:39:10.468+0100][803,631s][854][934][info ] Entering safepoint region: Cleanup
[2019-11-28T17:39:10.469+0100][803,632s][854][934][info ] Leaving safepoint region
[2019-11-28T17:39:10.469+0100][803,632s][854][934][info ] Total time for which application threads were stopped: 0,0001658 seconds, Stopping threads took: 0,0000461 seconds
[2019-11-28T17:39:11.324+0100][804,487s][854][933][trace] CMS: promo attempt is safe: available(3673676464) >= av_promo(42009460), max_promo(93228168)
[2019-11-28T17:39:11.474+0100][804,637s][854][934][info ] Application time: 1,0001065 seconds
[2019-11-28T17:39:11.474+0100][804,637s][854][934][info ] Entering safepoint region: Cleanup
[2019-11-28T17:39:11.474+0100][804,637s][854][934][info ] Leaving safepoint region
[2019-11-28T17:39:11.474+0100][804,637s][854][934][info ] Total time for which application threads were stopped: 0,0001249 seconds, Stopping threads took: 0,0000379 seconds
[2019-11-28T17:39:12.475+0100][805,638s][854][934][info ] Application time: 1,0002534 seconds
[2019-11-28T17:39:12.475+0100][805,638s][854][934][info ] Entering safepoint region: Cleanup
[2019-11-28T17:39:12.475+0100][805,638s][854][934][info ] Leaving safepoint region
[2019-11-28T17:39:12.476+0100][805,639s][854][934][info ] Total time for which application threads were stopped: 0,0005869 seconds, Stopping threads took: 0,0001554 seconds
[2019-11-28T17:39:13.476+0100][806,639s][854][934][info ] Application time: 1,0001071 seconds
[2019-11-28T17:39:13.476+0100][806,639s][854][934][info ] Entering safepoint region: Cleanup
[2019-11-28T17:39:13.476+0100][806,639s][854][934][info ] Leaving safepoint region
[2019-11-28T17:39:13.476+0100][806,639s][854][934][info ] Total time for which application threads were stopped: 0,0002688 seconds, Stopping threads took: 0,0000654 seconds
[2019-11-28T17:39:14.476+0100][807,639s][854][934][info ] Application time: 1,0001078 seconds
[2019-11-28T17:39:14.477+0100][807,640s][854][934][info ] Entering safepoint region: Cleanup
[2019-11-28T17:39:14.477+0100][807,640s][854][934][info ] Leaving safepoint region
[2019-11-28T17:39:14.477+0100][807,640s][854][934][info ] Total time for which application threads were stopped: 0,0004579 seconds, Stopping threads took: 0,0001160 seconds
[2019-11-28T17:39:15.477+0100][808,640s][854][934][info ] Application time: 1,0001199 seconds
[2019-11-28T17:39:15.477+0100][808,640s][854][934][info ] Entering safepoint region: Cleanup
[2019-11-28T17:39:15.477+0100][808,640s][854][934][info ] Leaving safepoint region
[2019-11-28T17:39:15.477+0100][808,640s][854][934][info ] Total time for which application threads were stopped: 0,0001209 seconds, Stopping threads took: 0,0000337 seconds
[2019-11-28T17:39:16.478+0100][809,641s][854][934][info ] Application time: 1,0001687 seconds
[2019-11-28T17:39:16.478+0100][809,641s][854][934][info ] Entering safepoint region: Cleanup
[2019-11-28T17:39:16.478+0100][809,641s][854][934][info ] Leaving safepoint region
[2019-11-28T17:39:16.478+0100][809,641s][854][934][info ] Total time for which application threads were stopped: 0,0004979 seconds, Stopping threads took: 0,0001572 seconds
[2019-11-28T17:39:17.478+0100][810,641s][854][934][info ] Application time: 1,0001052 seconds
[2019-11-28T17:39:17.479+0100][810,642s][854][934][info ] Entering safepoint region: Cleanup
[2019-11-28T17:39:17.479+0100][810,642s][854][934][info ] Leaving safepoint region
[2019-11-28T17:39:17.479+0100][810,642s][854][934][info ] Total time for which application threads were stopped: 0,0003737 seconds, Stopping threads took: 0,0001202 seconds
[2019-11-28T17:39:18.479+0100][811,642s][854][934][info ] Application time: 1,0001103 seconds
[2019-11-28T17:39:18.479+0100][811,642s][854][934][info ] Entering safepoint region: Cleanup
[2019-11-28T17:39:18.480+0100][811,643s][854][934][info ] Leaving safepoint region
[2019-11-28T17:39:18.480+0100][811,643s][854][934][info ] Total time for which application threads were stopped: 0,0004564 seconds, Stopping threads took: 0,0001209 seconds
[2019-11-28T17:39:19.480+0100][812,643s][854][934][info ] Application time: 1,0000824 seconds
[2019-11-28T17:39:19.480+0100][812,643s][854][934][info ] Entering safepoint region: Cleanup
[2019-11-28T17:39:19.480+0100][812,643s][854][934][info ] Leaving safepoint region
[2019-11-28T17:39:19.480+0100][812,643s][854][934][info ] Total time for which application threads were stopped: 0,0001521 seconds, Stopping threads took: 0,0000330 seconds
[2019-11-28T17:39:20.480+0100][813,643s][854][934][info ] Application time: 1,0001001 seconds
[2019-11-28T17:39:20.480+0100][813,643s][854][934][info ] Entering safepoint region: Cleanup
[2019-11-28T17:39:20.481+0100][813,644s][854][934][info ] Leaving safepoint region
[2019-11-28T17:39:20.481+0100][813,644s][854][934][info ] Total time for which application threads were stopped: 0,0004958 seconds, Stopping threads took: 0,0001101 seconds
[2019-11-28T17:39:21.324+0100][814,487s][854][933][trace] CMS: promo attempt is safe: available(3673676464) >= av_promo(42009460), max_promo(96485512)
[2019-11-28T17:39:21.481+0100][814,644s][854][934][info ] Application time: 1,0001827 seconds
[2019-11-28T17:39:21.481+0100][814,644s][854][934][info ] Entering safepoint region: Cleanup
[2019-11-28T17:39:21.482+0100][814,645s][854][934][info ] Leaving safepoint region
[2019-11-28T17:39:21.482+0100][814,645s][854][934][info ] Total time for which application threads were stopped: 0,0006224 seconds, Stopping threads took: 0,0001454 seconds
[2019-11-28T17:39:22.482+0100][815,645s][854][934][info ] Application time: 1,0001084 seconds
[2019-11-28T17:39:22.482+0100][815,645s][854][934][info ] Entering safepoint region: Cleanup
[2019-11-28T17:39:22.482+0100][815,645s][854][934][info ] Leaving safepoint region
[2019-11-28T17:39:22.482+0100][815,645s][854][934][info ] Total time for which application threads were stopped: 0,0001961 seconds, Stopping threads took: 0,0000364 seconds
[2019-11-28T17:39:23.483+0100][816,646s][854][934][info ] Application time: 1,0001262 seconds
[2019-11-28T17:39:23.483+0100][816,646s][854][934][info ] Entering safepoint region: Cleanup
[2019-11-28T17:39:23.483+0100][816,646s][854][934][info ] Leaving safepoint region
[2019-11-28T17:39:23.483+0100][816,646s][854][934][info ] Total time for which application threads were stopped: 0,0005033 seconds, Stopping threads took: 0,0001533 seconds
[2019-11-28T17:39:24.484+0100][817,646s][854][934][info ] Application time: 1,0001254 seconds
[2019-11-28T17:39:24.484+0100][817,647s][854][934][info ] Entering safepoint region: Cleanup
[2019-11-28T17:39:24.484+0100][817,647s][854][934][info ] Leaving safepoint region
[2019-11-28T17:39:24.484+0100][817,647s][854][934][info ] Total time for which application threads were stopped: 0,0005898 seconds, Stopping threads took: 0,0001794 seconds
[2019-11-28T17:39:25.485+0100][818,648s][854][934][info ] Application time: 1,0002264 seconds
[2019-11-28T17:39:25.485+0100][818,648s][854][934][info ] Entering safepoint region: Cleanup
[2019-11-28T17:39:25.485+0100][818,648s][854][934][info ] Leaving safepoint region
[2019-11-28T17:39:25.486+0100][818,649s][854][934][info ] Total time for which application threads were stopped: 0,0006377 seconds, Stopping threads took: 0,0001478 seconds
[2019-11-28T17:39:26.486+0100][819,649s][854][934][info ] Application time: 1,0001794 seconds
[2019-11-28T17:39:26.486+0100][819,649s][854][934][info ] Entering safepoint region: Cleanup
[2019-11-28T17:39:26.487+0100][819,650s][854][934][info ] Leaving safepoint region
[2019-11-28T17:39:26.487+0100][819,650s][854][934][info ] Total time for which application threads were stopped: 0,0006628 seconds, Stopping threads took: 0,0001714 seconds
[2019-11-28T17:39:27.487+0100][820,650s][854][934][info ] Application time: 1,0001426 seconds
[2019-11-28T17:39:27.487+0100][820,650s][854][934][info ] Entering safepoint region: Cleanup
[2019-11-28T17:39:27.487+0100][820,650s][854][934][info ] Leaving safepoint region
[2019-11-28T17:39:27.488+0100][820,651s][854][934][info ] Total time for which application threads were stopped: 0,0004624 seconds, Stopping threads took: 0,0001068 seconds
[2019-11-28T17:39:28.488+0100][821,651s][854][934][info ] Application time: 1,0001710 seconds
[2019-11-28T17:39:28.488+0100][821,651s][854][934][info ] Entering safepoint region: Cleanup
[2019-11-28T17:39:28.488+0100][821,651s][854][934][info ] Leaving safepoint region
[2019-11-28T17:39:28.488+0100][821,651s][854][934][info ] Total time for which application threads were stopped: 0,0001646 seconds, Stopping threads took: 0,0000389 seconds
[2019-11-28T17:39:29.488+0100][822,651s][854][934][info ] Application time: 1,0001625 seconds
[2019-11-28T17:39:29.488+0100][822,651s][854][934][info ] Entering safepoint region: Cleanup
[2019-11-28T17:39:29.489+0100][822,652s][854][934][info ] Leaving safepoint region
[2019-11-28T17:39:29.489+0100][822,652s][854][934][info ] Total time for which application threads were stopped: 0,0005147 seconds, Stopping threads took: 0,0001192 seconds
[2019-11-28T17:39:30.489+0100][823,652s][854][934][info ] Application time: 1,0001848 seconds
[2019-11-28T17:39:30.489+0100][823,652s][854][934][info ] Entering safepoint region: Cleanup
[2019-11-28T17:39:30.490+0100][823,653s][854][934][info ] Leaving safepoint region
[2019-11-28T17:39:30.490+0100][823,653s][854][934][info ] Total time for which application threads were stopped: 0,0005066 seconds, Stopping threads took: 0,0001697 seconds
[2019-11-28T17:39:31.324+0100][824,487s][854][933][trace] CMS: promo attempt is safe: available(3673676464) >= av_promo(42009460), max_promo(99571720)
[2019-11-28T17:39:31.490+0100][824,653s][854][934][info ] Application time: 1,0001883 seconds
[2019-11-28T17:39:31.490+0100][824,653s][854][934][info ] Entering safepoint region: Cleanup
[2019-11-28T17:39:31.491+0100][824,654s][854][934][info ] Leaving safepoint region
[2019-11-28T17:39:31.491+0100][824,654s][854][934][info ] Total time for which application threads were stopped: 0,0005874 seconds, Stopping threads took: 0,0001744 seconds
[2019-11-28T17:39:32.491+0100][825,654s][854][934][info ] Application time: 1,0001496 seconds
[2019-11-28T17:39:32.491+0100][825,654s][854][934][info ] Entering safepoint region: Cleanup
[2019-11-28T17:39:32.492+0100][825,655s][854][934][info ] Leaving safepoint region
[2019-11-28T17:39:32.492+0100][825,655s][854][934][info ] Total time for which application threads were stopped: 0,0007469 seconds, Stopping threads took: 0,0001346 seconds
[2019-11-28T17:39:33.492+0100][826,655s][854][934][info ] Application time: 1,0001958 seconds
[2019-11-28T17:39:33.493+0100][826,656s][854][934][info ] Entering safepoint region: Cleanup
[2019-11-28T17:39:33.493+0100][826,656s][854][934][info ] Leaving safepoint region
[2019-11-28T17:39:33.493+0100][826,656s][854][934][info ] Total time for which application threads were stopped: 0,0005264 seconds, Stopping threads took: 0,0001391 seconds
[2019-11-28T17:39:34.493+0100][827,656s][854][934][info ] Application time: 1,0001798 seconds
[2019-11-28T17:39:34.494+0100][827,657s][854][934][info ] Entering safepoint region: Cleanup
[2019-11-28T17:39:34.494+0100][827,657s][854][934][info ] Leaving safepoint region
[2019-11-28T17:39:34.494+0100][827,657s][854][934][info ] Total time for which application threads were stopped: 0,0004029 seconds, Stopping threads took: 0,0001097 seconds
[2019-11-28T17:39:35.494+0100][828,657s][854][934][info ] Application time: 1,0001484 seconds
[2019-11-28T17:39:35.494+0100][828,657s][854][934][info ] Entering safepoint region: Cleanup
[2019-11-28T17:39:35.494+0100][828,657s][854][934][info ] Leaving safepoint region
[2019-11-28T17:39:35.494+0100][828,657s][854][934][info ] Total time for which application threads were stopped: 0,0001499 seconds, Stopping threads took: 0,0000317 seconds
[2019-11-28T17:39:36.495+0100][829,658s][854][934][info ] Application time: 1,0002518 seconds
[2019-11-28T17:39:36.495+0100][829,658s][854][934][info ] Entering safepoint region: Cleanup
[2019-11-28T17:39:36.495+0100][829,658s][854][934][info ] Leaving safepoint region
[2019-11-28T17:39:36.495+0100][829,658s][854][934][info ] Total time for which application threads were stopped: 0,0005818 seconds, Stopping threads took: 0,0001362 seconds
[2019-11-28T17:39:37.496+0100][830,659s][854][934][info ] Application time: 1,0001905 seconds
[2019-11-28T17:39:37.496+0100][830,659s][854][934][info ] Entering safepoint region: Cleanup
[2019-11-28T17:39:37.496+0100][830,659s][854][934][info ] Leaving safepoint region
[2019-11-28T17:39:37.496+0100][830,659s][854][934][info ] Total time for which application threads were stopped: 0,0005663 seconds, Stopping threads took: 0,0001982 seconds
[2019-11-28T17:39:38.497+0100][831,660s][854][934][info ] Application time: 1,0002978 seconds
[2019-11-28T17:39:38.497+0100][831,660s][854][934][info ] Entering safepoint region: Cleanup
[2019-11-28T17:39:38.498+0100][831,660s][854][934][info ] Leaving safepoint region
[2019-11-28T17:39:38.498+0100][831,661s][854][934][info ] Total time for which application threads were stopped: 0,0006044 seconds, Stopping threads took: 0,0001345 seconds
[2019-11-28T17:39:39.498+0100][832,661s][854][934][info ] Application time: 1,0001836 seconds
[2019-11-28T17:39:39.498+0100][832,661s][854][934][info ] Entering safepoint region: Cleanup
[2019-11-28T17:39:39.498+0100][832,661s][854][934][info ] Leaving safepoint region
[2019-11-28T17:39:39.498+0100][832,661s][854][934][info ] Total time for which application threads were stopped: 0,0003688 seconds, Stopping threads took: 0,0001170 seconds
[2019-11-28T17:39:40.499+0100][833,662s][854][934][info ] Application time: 1,0002530 seconds
[2019-11-28T17:39:40.499+0100][833,662s][854][934][info ] Entering safepoint region: Cleanup
[2019-11-28T17:39:40.499+0100][833,662s][854][934][info ] Leaving safepoint region
[2019-11-28T17:39:40.499+0100][833,662s][854][934][info ] Total time for which application threads were stopped: 0,0004446 seconds, Stopping threads took: 0,0001402 seconds
[2019-11-28T17:39:41.324+0100][834,486s][854][933][trace] CMS: promo attempt is safe: available(3673676464) >= av_promo(42009460), max_promo(102058520)
[2019-11-28T17:39:41.499+0100][834,662s][854][934][info ] Application time: 1,0000913 seconds
[2019-11-28T17:39:41.500+0100][834,663s][854][934][info ] Entering safepoint region: Cleanup
[2019-11-28T17:39:41.500+0100][834,663s][854][934][info ] Leaving safepoint region
[2019-11-28T17:39:41.500+0100][834,663s][854][934][info ] Total time for which application threads were stopped: 0,0001640 seconds, Stopping threads took: 0,0000333 seconds
[2019-11-28T17:39:42.500+0100][835,663s][854][934][info ] Application time: 1,0000947 seconds
[2019-11-28T17:39:42.500+0100][835,663s][854][934][info ] Entering safepoint region: Cleanup
[2019-11-28T17:39:42.500+0100][835,663s][854][934][info ] Leaving safepoint region
[2019-11-28T17:39:42.500+0100][835,663s][854][934][info ] Total time for which application threads were stopped: 0,0001110 seconds, Stopping threads took: 0,0000332 seconds
[2019-11-28T17:39:43.500+0100][836,663s][854][934][info ] Application time: 1,0001075 seconds
[2019-11-28T17:39:43.500+0100][836,663s][854][934][info ] Entering safepoint region: Cleanup
[2019-11-28T17:39:43.501+0100][836,664s][854][934][info ] Leaving safepoint region
[2019-11-28T17:39:43.501+0100][836,664s][854][934][info ] Total time for which application threads were stopped: 0,0005462 seconds, Stopping threads took: 0,0001357 seconds
[2019-11-28T17:39:44.501+0100][837,664s][854][934][info ] Application time: 1,0001008 seconds
[2019-11-28T17:39:44.501+0100][837,664s][854][934][info ] Entering safepoint region: Cleanup
[2019-11-28T17:39:44.501+0100][837,664s][854][934][info ] Leaving safepoint region
[2019-11-28T17:39:44.501+0100][837,664s][854][934][info ] Total time for which application threads were stopped: 0,0001494 seconds, Stopping threads took: 0,0000383 seconds
[2019-11-28T17:39:45.501+0100][838,664s][854][934][info ] Application time: 1,0000700 seconds
[2019-11-28T17:39:45.501+0100][838,664s][854][934][info ] Entering safepoint region: Cleanup
[2019-11-28T17:39:45.501+0100][838,664s][854][934][info ] Leaving safepoint region
[2019-11-28T17:39:45.501+0100][838,664s][854][934][info ] Total time for which application threads were stopped: 0,0001430 seconds, Stopping threads took: 0,0000346 seconds
[2019-11-28T17:39:46.502+0100][839,665s][854][934][info ] Application time: 1,0000958 seconds
[2019-11-28T17:39:46.502+0100][839,665s][854][934][info ] Entering safepoint region: Cleanup
[2019-11-28T17:39:46.502+0100][839,665s][854][934][info ] Leaving safepoint region
[2019-11-28T17:39:46.502+0100][839,665s][854][934][info ] Total time for which application threads were stopped: 0,0004984 seconds, Stopping threads took: 0,0001649 seconds
[2019-11-28T17:39:47.502+0100][840,665s][854][934][info ] Application time: 1,0001198 seconds
[2019-11-28T17:39:47.502+0100][840,665s][854][934][info ] Entering safepoint region: Cleanup
[2019-11-28T17:39:47.503+0100][840,666s][854][934][info ] Leaving safepoint region
[2019-11-28T17:39:47.503+0100][840,666s][854][934][info ] Total time for which application threads were stopped: 0,0001216 seconds, Stopping threads took: 0,0000270 seconds
[2019-11-28T17:39:48.503+0100][841,666s][854][934][info ] Application time: 1,0001840 seconds
[2019-11-28T17:39:48.503+0100][841,666s][854][934][info ] Entering safepoint region: Cleanup
[2019-11-28T17:39:48.503+0100][841,666s][854][934][info ] Leaving safepoint region
[2019-11-28T17:39:48.503+0100][841,666s][854][934][info ] Total time for which application threads were stopped: 0,0002045 seconds, Stopping threads took: 0,0000622 seconds
[2019-11-28T17:39:49.503+0100][842,666s][854][934][info ] Application time: 1,0001344 seconds
[2019-11-28T17:39:49.504+0100][842,667s][854][934][info ] Entering safepoint region: Cleanup
[2019-11-28T17:39:49.504+0100][842,667s][854][934][info ] Leaving safepoint region
[2019-11-28T17:39:49.504+0100][842,667s][854][934][info ] Total time for which application threads were stopped: 0,0006007 seconds, Stopping threads took: 0,0002537 seconds
[2019-11-28T17:39:50.504+0100][843,667s][854][934][info ] Application time: 1,0001242 seconds
[2019-11-28T17:39:50.505+0100][843,668s][854][934][info ] Entering safepoint region: Cleanup
[2019-11-28T17:39:50.505+0100][843,668s][854][934][info ] Leaving safepoint region
[2019-11-28T17:39:50.505+0100][843,668s][854][934][info ] Total time for which application threads were stopped: 0,0004945 seconds, Stopping threads took: 0,0001492 seconds
[2019-11-28T17:39:51.323+0100][844,486s][854][933][trace] CMS: promo attempt is safe: available(3673676464) >= av_promo(42009460), max_promo(105312528)
[2019-11-28T17:39:51.505+0100][844,668s][854][934][info ] Application time: 1,0001404 seconds
[2019-11-28T17:39:51.505+0100][844,668s][854][934][info ] Entering safepoint region: Cleanup
[2019-11-28T17:39:51.506+0100][844,669s][854][934][info ] Leaving safepoint region
[2019-11-28T17:39:51.506+0100][844,669s][854][934][info ] Total time for which application threads were stopped: 0,0003228 seconds, Stopping threads took: 0,0001021 seconds
[2019-11-28T17:39:52.506+0100][845,669s][854][934][info ] Application time: 1,0001635 seconds
[2019-11-28T17:39:52.506+0100][845,669s][854][934][info ] Entering safepoint region: Cleanup
[2019-11-28T17:39:52.506+0100][845,669s][854][934][info ] Leaving safepoint region
[2019-11-28T17:39:52.506+0100][845,669s][854][934][info ] Total time for which application threads were stopped: 0,0004071 seconds, Stopping threads took: 0,0001269 seconds
[2019-11-28T17:39:53.507+0100][846,670s][854][934][info ] Application time: 1,0001293 seconds
[2019-11-28T17:39:53.507+0100][846,670s][854][934][info ] Entering safepoint region: Cleanup
[2019-11-28T17:39:53.507+0100][846,670s][854][934][info ] Leaving safepoint region
[2019-11-28T17:39:53.507+0100][846,670s][854][934][info ] Total time for which application threads were stopped: 0,0006202 seconds, Stopping threads took: 0,0001758 seconds
[2019-11-28T17:39:54.508+0100][847,671s][854][934][info ] Application time: 1,0001922 seconds
[2019-11-28T17:39:54.508+0100][847,671s][854][934][info ] Entering safepoint region: Cleanup
[2019-11-28T17:39:54.508+0100][847,671s][854][934][info ] Leaving safepoint region
[2019-11-28T17:39:54.508+0100][847,671s][854][934][info ] Total time for which application threads were stopped: 0,0001413 seconds, Stopping threads took: 0,0000364 seconds
[2019-11-28T17:39:55.508+0100][848,671s][854][934][info ] Application time: 1,0000828 seconds
[2019-11-28T17:39:55.508+0100][848,671s][854][934][info ] Entering safepoint region: Cleanup
[2019-11-28T17:39:55.508+0100][848,671s][854][934][info ] Leaving safepoint region
[2019-11-28T17:39:55.508+0100][848,671s][854][934][info ] Total time for which application threads were stopped: 0,0002257 seconds, Stopping threads took: 0,0000627 seconds
[2019-11-28T17:39:56.509+0100][849,672s][854][934][info ] Application time: 1,0001867 seconds
[2019-11-28T17:39:56.509+0100][849,672s][854][934][info ] Entering safepoint region: Cleanup
[2019-11-28T17:39:56.509+0100][849,672s][854][934][info ] Leaving safepoint region
[2019-11-28T17:39:56.509+0100][849,672s][854][934][info ] Total time for which application threads were stopped: 0,0005874 seconds, Stopping threads took: 0,0001560 seconds
[2019-11-28T17:39:57.510+0100][850,673s][854][934][info ] Application time: 1,0001490 seconds
[2019-11-28T17:39:57.510+0100][850,673s][854][934][info ] Entering safepoint region: Cleanup
[2019-11-28T17:39:57.510+0100][850,673s][854][934][info ] Leaving safepoint region
[2019-11-28T17:39:57.510+0100][850,673s][854][934][info ] Total time for which application threads were stopped: 0,0003943 seconds, Stopping threads took: 0,0001303 seconds
[2019-11-28T17:39:58.511+0100][851,674s][854][934][info ] Application time: 1,0001754 seconds
[2019-11-28T17:39:58.511+0100][851,674s][854][934][info ] Entering safepoint region: Cleanup
[2019-11-28T17:39:58.511+0100][851,674s][854][934][info ] Leaving safepoint region
[2019-11-28T17:39:58.511+0100][851,674s][854][934][info ] Total time for which application threads were stopped: 0,0004279 seconds, Stopping threads took: 0,0001165 seconds
[2019-11-28T17:39:59.511+0100][852,674s][854][934][info ] Application time: 1,0001258 seconds
[2019-11-28T17:39:59.512+0100][852,675s][854][934][info ] Entering safepoint region: Cleanup
[2019-11-28T17:39:59.512+0100][852,675s][854][934][info ] Leaving safepoint region
[2019-11-28T17:39:59.512+0100][852,675s][854][934][info ] Total time for which application threads were stopped: 0,0006928 seconds, Stopping threads took: 0,0003216 seconds
[2019-11-28T17:40:00.512+0100][853,675s][854][934][info ] Application time: 1,0001142 seconds
[2019-11-28T17:40:00.513+0100][853,676s][854][934][info ] Entering safepoint region: Cleanup
[2019-11-28T17:40:00.513+0100][853,676s][854][934][info ] Leaving safepoint region
[2019-11-28T17:40:00.513+0100][853,676s][854][934][info ] Total time for which application threads were stopped: 0,0003010 seconds, Stopping threads took: 0,0000827 seconds
[2019-11-28T17:40:01.323+0100][854,486s][854][933][trace] CMS: promo attempt is safe: available(3673676464) >= av_promo(42009460), max_promo(109879464)
[2019-11-28T17:40:01.513+0100][854,676s][854][934][info ] Application time: 1,0001533 seconds
[2019-11-28T17:40:01.513+0100][854,676s][854][934][info ] Entering safepoint region: Cleanup
[2019-11-28T17:40:01.514+0100][854,677s][854][934][info ] Leaving safepoint region
[2019-11-28T17:40:01.514+0100][854,677s][854][934][info ] Total time for which application threads were stopped: 0,0004608 seconds, Stopping threads took: 0,0001385 seconds
[2019-11-28T17:40:02.514+0100][855,677s][854][934][info ] Application time: 1,0002537 seconds
[2019-11-28T17:40:02.514+0100][855,677s][854][934][info ] Entering safepoint region: Cleanup
[2019-11-28T17:40:02.515+0100][855,678s][854][934][info ] Leaving safepoint region
[2019-11-28T17:40:02.515+0100][855,678s][854][934][info ] Total time for which application threads were stopped: 0,0006193 seconds, Stopping threads took: 0,0001452 seconds
[2019-11-28T17:40:03.515+0100][856,678s][854][934][info ] Application time: 1,0001730 seconds
[2019-11-28T17:40:03.515+0100][856,678s][854][934][info ] Entering safepoint region: Cleanup
[2019-11-28T17:40:03.516+0100][856,679s][854][934][info ] Leaving safepoint region
[2019-11-28T17:40:03.516+0100][856,679s][854][934][info ] Total time for which application threads were stopped: 0,0007242 seconds, Stopping threads took: 0,0001642 seconds
[2019-11-28T17:40:04.516+0100][857,679s][854][934][info ] Application time: 1,0001197 seconds
[2019-11-28T17:40:04.516+0100][857,679s][854][934][info ] Entering safepoint region: Cleanup
[2019-11-28T17:40:04.517+0100][857,680s][854][934][info ] Leaving safepoint region
[2019-11-28T17:40:04.517+0100][857,680s][854][934][info ] Total time for which application threads were stopped: 0,0002813 seconds, Stopping threads took: 0,0000826 seconds
[2019-11-28T17:40:05.517+0100][858,680s][854][934][info ] Application time: 1,0001988 seconds
[2019-11-28T17:40:05.517+0100][858,680s][854][934][info ] Entering safepoint region: Cleanup
[2019-11-28T17:40:05.518+0100][858,681s][854][934][info ] Leaving safepoint region
[2019-11-28T17:40:05.518+0100][858,681s][854][934][info ] Total time for which application threads were stopped: 0,0004687 seconds, Stopping threads took: 0,0001274 seconds
[2019-11-28T17:40:06.518+0100][859,681s][854][934][info ] Application time: 1,0001938 seconds
[2019-11-28T17:40:06.518+0100][859,681s][854][934][info ] Entering safepoint region: Cleanup
[2019-11-28T17:40:06.519+0100][859,682s][854][934][info ] Leaving safepoint region
[2019-11-28T17:40:06.519+0100][859,682s][854][934][info ] Total time for which application threads were stopped: 0,0005676 seconds, Stopping threads took: 0,0001384 seconds
[2019-11-28T17:40:07.519+0100][860,682s][854][934][info ] Application time: 1,0001729 seconds
[2019-11-28T17:40:07.519+0100][860,682s][854][934][info ] Entering safepoint region: Cleanup
[2019-11-28T17:40:07.520+0100][860,683s][854][934][info ] Leaving safepoint region
[2019-11-28T17:40:07.520+0100][860,683s][854][934][info ] Total time for which application threads were stopped: 0,0006315 seconds, Stopping threads took: 0,0001538 seconds
[2019-11-28T17:40:08.520+0100][861,683s][854][934][info ] Application time: 1,0001684 seconds
[2019-11-28T17:40:08.520+0100][861,683s][854][934][info ] Entering safepoint region: Cleanup
[2019-11-28T17:40:08.521+0100][861,684s][854][934][info ] Leaving safepoint region
[2019-11-28T17:40:08.521+0100][861,684s][854][934][info ] Total time for which application threads were stopped: 0,0004203 seconds, Stopping threads took: 0,0000999 seconds
[2019-11-28T17:40:09.521+0100][862,684s][854][934][info ] Application time: 1,0001214 seconds
[2019-11-28T17:40:09.521+0100][862,684s][854][934][info ] Entering safepoint region: Cleanup
[2019-11-28T17:40:09.521+0100][862,684s][854][934][info ] Leaving safepoint region
[2019-11-28T17:40:09.521+0100][862,684s][854][934][info ] Total time for which application threads were stopped: 0,0004048 seconds, Stopping threads took: 0,0000996 seconds
[2019-11-28T17:40:10.522+0100][863,685s][854][934][info ] Application time: 1,0001898 seconds
[2019-11-28T17:40:10.522+0100][863,685s][854][934][info ] Entering safepoint region: Cleanup
[2019-11-28T17:40:10.522+0100][863,685s][854][934][info ] Leaving safepoint region
[2019-11-28T17:40:10.522+0100][863,685s][854][934][info ] Total time for which application threads were stopped: 0,0004030 seconds, Stopping threads took: 0,0001136 seconds
[2019-11-28T17:40:11.323+0100][864,486s][854][933][trace] CMS: promo attempt is safe: available(3673676464) >= av_promo(42009460), max_promo(112965672)
[2019-11-28T17:40:11.522+0100][864,685s][854][934][info ] Application time: 1,0001068 seconds
[2019-11-28T17:40:11.523+0100][864,686s][854][934][info ] Entering safepoint region: Cleanup
[2019-11-28T17:40:11.523+0100][864,686s][854][934][info ] Leaving safepoint region
[2019-11-28T17:40:11.523+0100][864,686s][854][934][info ] Total time for which application threads were stopped: 0,0005202 seconds, Stopping threads took: 0,0001394 seconds
[2019-11-28T17:40:12.523+0100][865,686s][854][934][info ] Application time: 1,0001960 seconds
[2019-11-28T17:40:12.524+0100][865,687s][854][934][info ] Entering safepoint region: Cleanup
[2019-11-28T17:40:12.524+0100][865,687s][854][934][info ] Leaving safepoint region
[2019-11-28T17:40:12.524+0100][865,687s][854][934][info ] Total time for which application threads were stopped: 0,0006260 seconds, Stopping threads took: 0,0002793 seconds
[2019-11-28T17:40:13.524+0100][866,687s][854][934][info ] Application time: 1,0001811 seconds
[2019-11-28T17:40:13.525+0100][866,688s][854][934][info ] Entering safepoint region: Cleanup
[2019-11-28T17:40:13.525+0100][866,688s][854][934][info ] Leaving safepoint region
[2019-11-28T17:40:13.525+0100][866,688s][854][934][info ] Total time for which application threads were stopped: 0,0003887 seconds, Stopping threads took: 0,0001277 seconds
[2019-11-28T17:40:14.525+0100][867,688s][854][934][info ] Application time: 1,0002775 seconds
[2019-11-28T17:40:14.526+0100][867,689s][854][934][info ] Entering safepoint region: Cleanup
[2019-11-28T17:40:14.526+0100][867,689s][854][934][info ] Leaving safepoint region
[2019-11-28T17:40:14.526+0100][867,689s][854][934][info ] Total time for which application threads were stopped: 0,0005938 seconds, Stopping threads took: 0,0001332 seconds
[2019-11-28T17:40:15.526+0100][868,689s][854][934][info ] Application time: 1,0001413 seconds
[2019-11-28T17:40:15.527+0100][868,690s][854][934][info ] Entering safepoint region: Cleanup
[2019-11-28T17:40:15.527+0100][868,690s][854][934][info ] Leaving safepoint region
[2019-11-28T17:40:15.527+0100][868,690s][854][934][info ] Total time for which application threads were stopped: 0,0004408 seconds, Stopping threads took: 0,0001029 seconds
[2019-11-28T17:40:16.527+0100][869,690s][854][934][info ] Application time: 1,0002245 seconds
[2019-11-28T17:40:16.528+0100][869,691s][854][934][info ] Entering safepoint region: Cleanup
[2019-11-28T17:40:16.528+0100][869,691s][854][934][info ] Leaving safepoint region
[2019-11-28T17:40:16.528+0100][869,691s][854][934][info ] Total time for which application threads were stopped: 0,0006614 seconds, Stopping threads took: 0,0002771 seconds
[2019-11-28T17:40:17.528+0100][870,691s][854][934][info ] Application time: 1,0001649 seconds
[2019-11-28T17:40:17.529+0100][870,692s][854][934][info ] Entering safepoint region: Cleanup
[2019-11-28T17:40:17.529+0100][870,692s][854][934][info ] Leaving safepoint region
[2019-11-28T17:40:17.529+0100][870,692s][854][934][info ] Total time for which application threads were stopped: 0,0005148 seconds, Stopping threads took: 0,0001510 seconds
[2019-11-28T17:40:18.529+0100][871,692s][854][934][info ] Application time: 1,0001742 seconds
[2019-11-28T17:40:18.530+0100][871,692s][854][934][info ] Entering safepoint region: Cleanup
[2019-11-28T17:40:18.530+0100][871,693s][854][934][info ] Leaving safepoint region
[2019-11-28T17:40:18.530+0100][871,693s][854][934][info ] Total time for which application threads were stopped: 0,0001647 seconds, Stopping threads took: 0,0000579 seconds
[2019-11-28T17:40:19.530+0100][872,693s][854][934][info ] Application time: 1,0001904 seconds
[2019-11-28T17:40:19.530+0100][872,693s][854][934][info ] Entering safepoint region: Cleanup
[2019-11-28T17:40:19.531+0100][872,694s][854][934][info ] Leaving safepoint region
[2019-11-28T17:40:19.531+0100][872,694s][854][934][info ] Total time for which application threads were stopped: 0,0006816 seconds, Stopping threads took: 0,0001697 seconds
[2019-11-28T17:40:20.531+0100][873,694s][854][934][info ] Application time: 1,0001002 seconds
[2019-11-28T17:40:20.531+0100][873,694s][854][934][info ] Entering safepoint region: Cleanup
[2019-11-28T17:40:20.531+0100][873,694s][854][934][info ] Leaving safepoint region
[2019-11-28T17:40:20.531+0100][873,694s][854][934][info ] Total time for which application threads were stopped: 0,0001701 seconds, Stopping threads took: 0,0000428 seconds
[2019-11-28T17:40:21.324+0100][874,487s][854][933][trace] CMS: promo attempt is safe: available(3673676464) >= av_promo(42009460), max_promo(115452472)
[2019-11-28T17:40:21.531+0100][874,694s][854][934][info ] Application time: 1,0000914 seconds
[2019-11-28T17:40:21.532+0100][874,694s][854][934][info ] Entering safepoint region: Cleanup
[2019-11-28T17:40:21.532+0100][874,695s][854][934][info ] Leaving safepoint region
[2019-11-28T17:40:21.532+0100][874,695s][854][934][info ] Total time for which application threads were stopped: 0,0001767 seconds, Stopping threads took: 0,0000347 seconds
[2019-11-28T17:40:22.532+0100][875,695s][854][934][info ] Application time: 1,0001543 seconds
[2019-11-28T17:40:22.532+0100][875,695s][854][934][info ] Entering safepoint region: Cleanup
[2019-11-28T17:40:22.532+0100][875,695s][854][934][info ] Leaving safepoint region
[2019-11-28T17:40:22.532+0100][875,695s][854][934][info ] Total time for which application threads were stopped: 0,0004413 seconds, Stopping threads took: 0,0001147 seconds
[2019-11-28T17:40:23.533+0100][876,696s][854][934][info ] Application time: 1,0001323 seconds
[2019-11-28T17:40:23.533+0100][876,696s][854][934][info ] Entering safepoint region: Cleanup
[2019-11-28T17:40:23.533+0100][876,696s][854][934][info ] Leaving safepoint region
[2019-11-28T17:40:23.533+0100][876,696s][854][934][info ] Total time for which application threads were stopped: 0,0001315 seconds, Stopping threads took: 0,0000349 seconds
[2019-11-28T17:40:24.533+0100][877,696s][854][934][info ] Application time: 1,0000808 seconds
[2019-11-28T17:40:24.533+0100][877,696s][854][934][info ] Entering safepoint region: Cleanup
[2019-11-28T17:40:24.533+0100][877,696s][854][934][info ] Leaving safepoint region
[2019-11-28T17:40:24.533+0100][877,696s][854][934][info ] Total time for which application threads were stopped: 0,0001985 seconds, Stopping threads took: 0,0000494 seconds
[2019-11-28T17:40:25.533+0100][878,696s][854][934][info ] Application time: 1,0001125 seconds
[2019-11-28T17:40:25.533+0100][878,696s][854][934][info ] Entering safepoint region: Cleanup
[2019-11-28T17:40:25.534+0100][878,697s][854][934][info ] Leaving safepoint region
[2019-11-28T17:40:25.534+0100][878,697s][854][934][info ] Total time for which application threads were stopped: 0,0001510 seconds, Stopping threads took: 0,0000371 seconds
[2019-11-28T17:40:26.534+0100][879,697s][854][934][info ] Application time: 1,0001017 seconds
[2019-11-28T17:40:26.534+0100][879,697s][854][934][info ] Entering safepoint region: Cleanup
[2019-11-28T17:40:26.534+0100][879,697s][854][934][info ] Leaving safepoint region
[2019-11-28T17:40:26.534+0100][879,697s][854][934][info ] Total time for which application threads were stopped: 0,0003765 seconds, Stopping threads took: 0,0001157 seconds
[2019-11-28T17:40:27.534+0100][880,697s][854][934][info ] Application time: 1,0001339 seconds
[2019-11-28T17:40:27.535+0100][880,698s][854][934][info ] Entering safepoint region: Cleanup
[2019-11-28T17:40:27.535+0100][880,698s][854][934][info ] Leaving safepoint region
[2019-11-28T17:40:27.535+0100][880,698s][854][934][info ] Total time for which application threads were stopped: 0,0004264 seconds, Stopping threads took: 0,0001427 seconds
[2019-11-28T17:40:28.535+0100][881,698s][854][934][info ] Application time: 1,0001210 seconds
[2019-11-28T17:40:28.535+0100][881,698s][854][934][info ] Entering safepoint region: Cleanup
[2019-11-28T17:40:28.536+0100][881,699s][854][934][info ] Leaving safepoint region
[2019-11-28T17:40:28.536+0100][881,699s][854][934][info ] Total time for which application threads were stopped: 0,0005963 seconds, Stopping threads took: 0,0001190 seconds
[2019-11-28T17:40:29.536+0100][882,699s][854][934][info ] Application time: 1,0001474 seconds
[2019-11-28T17:40:29.536+0100][882,699s][854][934][info ] Entering safepoint region: Cleanup
[2019-11-28T17:40:29.536+0100][882,699s][854][934][info ] Leaving safepoint region
[2019-11-28T17:40:29.536+0100][882,699s][854][934][info ] Total time for which application threads were stopped: 0,0001085 seconds, Stopping threads took: 0,0000341 seconds
[2019-11-28T17:40:30.536+0100][883,699s][854][934][info ] Application time: 1,0001261 seconds
[2019-11-28T17:40:30.537+0100][883,700s][854][934][info ] Entering safepoint region: Cleanup
[2019-11-28T17:40:30.537+0100][883,700s][854][934][info ] Leaving safepoint region
[2019-11-28T17:40:30.537+0100][883,700s][854][934][info ] Total time for which application threads were stopped: 0,0003880 seconds, Stopping threads took: 0,0001006 seconds
[2019-11-28T17:40:31.323+0100][884,486s][854][933][trace] CMS: promo attempt is safe: available(3673676464) >= av_promo(42009460), max_promo(118538680)
[2019-11-28T17:40:31.537+0100][884,700s][854][934][info ] Application time: 1,0002931 seconds
[2019-11-28T17:40:31.538+0100][884,701s][854][934][info ] Entering safepoint region: Cleanup
[2019-11-28T17:40:31.538+0100][884,701s][854][934][info ] Leaving safepoint region
[2019-11-28T17:40:31.538+0100][884,701s][854][934][info ] Total time for which application threads were stopped: 0,0004896 seconds, Stopping threads took: 0,0001586 seconds
[2019-11-28T17:40:32.538+0100][885,701s][854][934][info ] Application time: 1,0001118 seconds
[2019-11-28T17:40:32.538+0100][885,701s][854][934][info ] Entering safepoint region: Cleanup
[2019-11-28T17:40:32.538+0100][885,701s][854][934][info ] Leaving safepoint region
[2019-11-28T17:40:32.539+0100][885,702s][854][934][info ] Total time for which application threads were stopped: 0,0002114 seconds, Stopping threads took: 0,0000558 seconds
[2019-11-28T17:40:33.539+0100][886,702s][854][934][info ] Application time: 1,0001294 seconds
[2019-11-28T17:40:33.539+0100][886,702s][854][934][info ] Entering safepoint region: Cleanup
[2019-11-28T17:40:33.539+0100][886,702s][854][934][info ] Leaving safepoint region
[2019-11-28T17:40:33.539+0100][886,702s][854][934][info ] Total time for which application threads were stopped: 0,0002543 seconds, Stopping threads took: 0,0000805 seconds
[2019-11-28T17:40:34.539+0100][887,702s][854][934][info ] Application time: 1,0001961 seconds
[2019-11-28T17:40:34.540+0100][887,703s][854][934][info ] Entering safepoint region: Cleanup
[2019-11-28T17:40:34.540+0100][887,703s][854][934][info ] Leaving safepoint region
[2019-11-28T17:40:34.540+0100][887,703s][854][934][info ] Total time for which application threads were stopped: 0,0007041 seconds, Stopping threads took: 0,0003294 seconds
[2019-11-28T17:40:35.540+0100][888,703s][854][934][info ] Application time: 1,0001111 seconds
[2019-11-28T17:40:35.541+0100][888,704s][854][934][info ] Entering safepoint region: Cleanup
[2019-11-28T17:40:35.541+0100][888,704s][854][934][info ] Leaving safepoint region
[2019-11-28T17:40:35.541+0100][888,704s][854][934][info ] Total time for which application threads were stopped: 0,0003494 seconds, Stopping threads took: 0,0000853 seconds
[2019-11-28T17:40:36.541+0100][889,704s][854][934][info ] Application time: 1,0001076 seconds
[2019-11-28T17:40:36.541+0100][889,704s][854][934][info ] Entering safepoint region: Cleanup
[2019-11-28T17:40:36.541+0100][889,704s][854][934][info ] Leaving safepoint region
[2019-11-28T17:40:36.541+0100][889,704s][854][934][info ] Total time for which application threads were stopped: 0,0001415 seconds, Stopping threads took: 0,0000413 seconds
[2019-11-28T17:40:37.541+0100][890,704s][854][934][info ] Application time: 1,0001294 seconds
[2019-11-28T17:40:37.541+0100][890,704s][854][934][info ] Entering safepoint region: Cleanup
[2019-11-28T17:40:37.542+0100][890,704s][854][934][info ] Leaving safepoint region
[2019-11-28T17:40:37.542+0100][890,705s][854][934][info ] Total time for which application threads were stopped: 0,0001227 seconds, Stopping threads took: 0,0000249 seconds
[2019-11-28T17:40:38.542+0100][891,705s][854][934][info ] Application time: 1,0000732 seconds
[2019-11-28T17:40:38.542+0100][891,705s][854][934][info ] Entering safepoint region: Cleanup
[2019-11-28T17:40:38.542+0100][891,705s][854][934][info ] Leaving safepoint region
[2019-11-28T17:40:38.542+0100][891,705s][854][934][info ] Total time for which application threads were stopped: 0,0001544 seconds, Stopping threads took: 0,0000349 seconds
[2019-11-28T17:40:39.542+0100][892,705s][854][934][info ] Application time: 1,0002700 seconds
[2019-11-28T17:40:39.542+0100][892,705s][854][934][info ] Entering safepoint region: Cleanup
[2019-11-28T17:40:39.543+0100][892,706s][854][934][info ] Leaving safepoint region
[2019-11-28T17:40:39.543+0100][892,706s][854][934][info ] Total time for which application threads were stopped: 0,0004776 seconds, Stopping threads took: 0,0001239 seconds
[2019-11-28T17:40:40.543+0100][893,706s][854][934][info ] Application time: 1,0001112 seconds
[2019-11-28T17:40:40.546+0100][893,709s][854][934][info ] Entering safepoint region: Cleanup
[2019-11-28T17:40:40.546+0100][893,709s][854][934][info ] Leaving safepoint region
[2019-11-28T17:40:40.546+0100][893,709s][854][934][info ] Total time for which application threads were stopped: 0,0002667 seconds, Stopping threads took: 0,0001034 seconds
[2019-11-28T17:40:41.323+0100][894,486s][854][933][trace] CMS: promo attempt is safe: available(3673676464) >= av_promo(42009460), max_promo(121876296)
[2019-11-28T17:40:41.546+0100][894,709s][854][934][info ] Application time: 1,0001175 seconds
[2019-11-28T17:40:41.546+0100][894,709s][854][934][info ] Entering safepoint region: Cleanup
[2019-11-28T17:40:41.546+0100][894,709s][854][934][info ] Leaving safepoint region
[2019-11-28T17:40:41.546+0100][894,709s][854][934][info ] Total time for which application threads were stopped: 0,0001275 seconds, Stopping threads took: 0,0000315 seconds
[2019-11-28T17:40:42.546+0100][895,709s][854][934][info ] Application time: 1,0000738 seconds
[2019-11-28T17:40:42.546+0100][895,709s][854][934][info ] Entering safepoint region: Cleanup
[2019-11-28T17:40:42.547+0100][895,710s][854][934][info ] Leaving safepoint region
[2019-11-28T17:40:42.547+0100][895,710s][854][934][info ] Total time for which application threads were stopped: 0,0001554 seconds, Stopping threads took: 0,0000396 seconds
[2019-11-28T17:40:43.547+0100][896,710s][854][934][info ] Application time: 1,0000996 seconds
[2019-11-28T17:40:43.547+0100][896,710s][854][934][info ] Entering safepoint region: Cleanup
[2019-11-28T17:40:43.547+0100][896,710s][854][934][info ] Leaving safepoint region
[2019-11-28T17:40:43.547+0100][896,710s][854][934][info ] Total time for which application threads were stopped: 0,0001309 seconds, Stopping threads took: 0,0000283 seconds
[2019-11-28T17:40:44.547+0100][897,710s][854][934][info ] Application time: 1,0002669 seconds
[2019-11-28T17:40:44.547+0100][897,710s][854][934][info ] Entering safepoint region: Cleanup
[2019-11-28T17:40:44.548+0100][897,711s][854][934][info ] Leaving safepoint region
[2019-11-28T17:40:44.548+0100][897,711s][854][934][info ] Total time for which application threads were stopped: 0,0005977 seconds, Stopping threads took: 0,0001244 seconds
[2019-11-28T17:40:45.548+0100][898,711s][854][934][info ] Application time: 1,0002172 seconds
[2019-11-28T17:40:45.549+0100][898,712s][854][934][info ] Entering safepoint region: Cleanup
[2019-11-28T17:40:45.549+0100][898,712s][854][934][info ] Leaving safepoint region
[2019-11-28T17:40:45.549+0100][898,712s][854][934][info ] Total time for which application threads were stopped: 0,0005184 seconds, Stopping threads took: 0,0001327 seconds
[2019-11-28T17:40:46.549+0100][899,712s][854][934][info ] Application time: 1,0003104 seconds
[2019-11-28T17:40:46.550+0100][899,713s][854][934][info ] Entering safepoint region: Cleanup
[2019-11-28T17:40:46.550+0100][899,713s][854][934][info ] Leaving safepoint region
[2019-11-28T17:40:46.550+0100][899,713s][854][934][info ] Total time for which application threads were stopped: 0,0005991 seconds, Stopping threads took: 0,0001579 seconds
[2019-11-28T17:40:47.551+0100][900,713s][854][934][info ] Application time: 1,0001756 seconds
[2019-11-28T17:40:47.551+0100][900,714s][854][934][info ] Entering safepoint region: Cleanup
[2019-11-28T17:40:47.551+0100][900,714s][854][934][info ] Leaving safepoint region
[2019-11-28T17:40:47.551+0100][900,714s][854][934][info ] Total time for which application threads were stopped: 0,0001376 seconds, Stopping threads took: 0,0000293 seconds
[2019-11-28T17:40:48.551+0100][901,714s][854][934][info ] Application time: 1,0001909 seconds
[2019-11-28T17:40:48.551+0100][901,714s][854][934][info ] Entering safepoint region: Cleanup
[2019-11-28T17:40:48.552+0100][901,715s][854][934][info ] Leaving safepoint region
[2019-11-28T17:40:48.552+0100][901,715s][854][934][info ] Total time for which application threads were stopped: 0,0006497 seconds, Stopping threads took: 0,0001365 seconds
[2019-11-28T17:40:49.552+0100][902,715s][854][934][info ] Application time: 1,0001737 seconds
[2019-11-28T17:40:49.552+0100][902,715s][854][934][info ] Entering safepoint region: Cleanup
[2019-11-28T17:40:49.553+0100][902,716s][854][934][info ] Leaving safepoint region
[2019-11-28T17:40:49.553+0100][902,716s][854][934][info ] Total time for which application threads were stopped: 0,0007189 seconds, Stopping threads took: 0,0001836 seconds
[2019-11-28T17:40:50.553+0100][903,716s][854][934][info ] Application time: 1,0002737 seconds
[2019-11-28T17:40:50.554+0100][903,717s][854][934][info ] Entering safepoint region: Cleanup
[2019-11-28T17:40:50.554+0100][903,717s][854][934][info ] Leaving safepoint region
[2019-11-28T17:40:50.554+0100][903,717s][854][934][info ] Total time for which application threads were stopped: 0,0006127 seconds, Stopping threads took: 0,0001613 seconds
[2019-11-28T17:40:51.323+0100][904,485s][854][933][trace] CMS: promo attempt is safe: available(3673676464) >= av_promo(42009460), max_promo(124781080)
[2019-11-28T17:40:51.555+0100][904,718s][854][934][info ] Application time: 1,0002412 seconds
[2019-11-28T17:40:51.555+0100][904,718s][854][934][info ] Entering safepoint region: Cleanup
[2019-11-28T17:40:51.555+0100][904,718s][854][934][info ] Leaving safepoint region
[2019-11-28T17:40:51.555+0100][904,718s][854][934][info ] Total time for which application threads were stopped: 0,0006769 seconds, Stopping threads took: 0,0002655 seconds
[2019-11-28T17:40:52.556+0100][905,719s][854][934][info ] Application time: 1,0001393 seconds
[2019-11-28T17:40:52.556+0100][905,719s][854][934][info ] Entering safepoint region: Cleanup
[2019-11-28T17:40:52.556+0100][905,719s][854][934][info ] Leaving safepoint region
[2019-11-28T17:40:52.556+0100][905,719s][854][934][info ] Total time for which application threads were stopped: 0,0001570 seconds, Stopping threads took: 0,0000536 seconds
[2019-11-28T17:40:53.556+0100][906,719s][854][934][info ] Application time: 1,0001038 seconds
[2019-11-28T17:40:53.556+0100][906,719s][854][934][info ] Entering safepoint region: Cleanup
[2019-11-28T17:40:53.556+0100][906,719s][854][934][info ] Leaving safepoint region
[2019-11-28T17:40:53.556+0100][906,719s][854][934][info ] Total time for which application threads were stopped: 0,0001196 seconds, Stopping threads took: 0,0000334 seconds
[2019-11-28T17:40:54.556+0100][907,719s][854][934][info ] Application time: 1,0002757 seconds
[2019-11-28T17:40:54.557+0100][907,720s][854][934][info ] Entering safepoint region: Cleanup
[2019-11-28T17:40:54.557+0100][907,720s][854][934][info ] Leaving safepoint region
[2019-11-28T17:40:54.557+0100][907,720s][854][934][info ] Total time for which application threads were stopped: 0,0005657 seconds, Stopping threads took: 0,0001847 seconds
[2019-11-28T17:40:55.559+0100][908,722s][854][934][info ] Application time: 1,0013957 seconds
[2019-11-28T17:40:55.559+0100][908,722s][854][934][info ] Entering safepoint region: Cleanup
[2019-11-28T17:40:55.559+0100][908,722s][854][934][info ] Leaving safepoint region
[2019-11-28T17:40:55.559+0100][908,722s][854][934][info ] Total time for which application threads were stopped: 0,0001838 seconds, Stopping threads took: 0,0000423 seconds
[2019-11-28T17:40:56.560+0100][909,723s][854][934][info ] Application time: 1,0011671 seconds
[2019-11-28T17:40:56.560+0100][909,723s][854][934][info ] Entering safepoint region: Cleanup
[2019-11-28T17:40:56.560+0100][909,723s][854][934][info ] Leaving safepoint region
[2019-11-28T17:40:56.560+0100][909,723s][854][934][info ] Total time for which application threads were stopped: 0,0001444 seconds, Stopping threads took: 0,0000409 seconds
[2019-11-28T17:40:57.561+0100][910,724s][854][934][info ] Application time: 1,0000701 seconds
[2019-11-28T17:40:57.561+0100][910,724s][854][934][info ] Entering safepoint region: Cleanup
[2019-11-28T17:40:57.561+0100][910,724s][854][934][info ] Leaving safepoint region
[2019-11-28T17:40:57.561+0100][910,724s][854][934][info ] Total time for which application threads were stopped: 0,0001191 seconds, Stopping threads took: 0,0000269 seconds
[2019-11-28T17:40:58.561+0100][911,724s][854][934][info ] Application time: 1,0001383 seconds
[2019-11-28T17:40:58.561+0100][911,724s][854][934][info ] Entering safepoint region: Cleanup
[2019-11-28T17:40:58.561+0100][911,724s][854][934][info ] Leaving safepoint region
[2019-11-28T17:40:58.561+0100][911,724s][854][934][info ] Total time for which application threads were stopped: 0,0003658 seconds, Stopping threads took: 0,0000832 seconds
[2019-11-28T17:40:59.562+0100][912,725s][854][934][info ] Application time: 1,0001152 seconds
[2019-11-28T17:40:59.562+0100][912,725s][854][934][info ] Entering safepoint region: Cleanup
[2019-11-28T17:40:59.562+0100][912,725s][854][934][info ] Leaving safepoint region
[2019-11-28T17:40:59.562+0100][912,725s][854][934][info ] Total time for which application threads were stopped: 0,0005049 seconds, Stopping threads took: 0,0001220 seconds
[2019-11-28T17:41:00.563+0100][913,726s][854][934][info ] Application time: 1,0002996 seconds
[2019-11-28T17:41:00.563+0100][913,726s][854][934][info ] Entering safepoint region: Cleanup
[2019-11-28T17:41:00.563+0100][913,726s][854][934][info ] Leaving safepoint region
[2019-11-28T17:41:00.564+0100][913,727s][854][934][info ] Total time for which application threads were stopped: 0,0006407 seconds, Stopping threads took: 0,0001847 seconds
[2019-11-28T17:41:01.322+0100][914,485s][854][933][trace] CMS: promo attempt is safe: available(3673676464) >= av_promo(42009460), max_promo(127867288)
[2019-11-28T17:41:01.564+0100][914,727s][854][934][info ] Application time: 1,0001798 seconds
[2019-11-28T17:41:01.564+0100][914,727s][854][934][info ] Entering safepoint region: Cleanup
[2019-11-28T17:41:01.565+0100][914,728s][854][934][info ] Leaving safepoint region
[2019-11-28T17:41:01.565+0100][914,728s][854][934][info ] Total time for which application threads were stopped: 0,0006021 seconds, Stopping threads took: 0,0001866 seconds
[2019-11-28T17:41:02.565+0100][915,728s][854][934][info ] Application time: 1,0002131 seconds
[2019-11-28T17:41:02.565+0100][915,728s][854][934][info ] Entering safepoint region: Cleanup
[2019-11-28T17:41:02.566+0100][915,729s][854][934][info ] Leaving safepoint region
[2019-11-28T17:41:02.566+0100][915,729s][854][934][info ] Total time for which application threads were stopped: 0,0005961 seconds, Stopping threads took: 0,0001421 seconds
[2019-11-28T17:41:03.566+0100][916,729s][854][934][info ] Application time: 1,0001012 seconds
[2019-11-28T17:41:03.566+0100][916,729s][854][934][info ] Entering safepoint region: Cleanup
[2019-11-28T17:41:03.566+0100][916,729s][854][934][info ] Leaving safepoint region
[2019-11-28T17:41:03.566+0100][916,729s][854][934][info ] Total time for which application threads were stopped: 0,0001448 seconds, Stopping threads took: 0,0000350 seconds
[2019-11-28T17:41:04.566+0100][917,729s][854][934][info ] Application time: 1,0001002 seconds
[2019-11-28T17:41:04.566+0100][917,729s][854][934][info ] Entering safepoint region: Cleanup
[2019-11-28T17:41:04.566+0100][917,729s][854][934][info ] Leaving safepoint region
[2019-11-28T17:41:04.566+0100][917,729s][854][934][info ] Total time for which application threads were stopped: 0,0001210 seconds, Stopping threads took: 0,0000311 seconds
[2019-11-28T17:41:05.567+0100][918,730s][854][934][info ] Application time: 1,0001847 seconds
[2019-11-28T17:41:05.567+0100][918,730s][854][934][info ] Entering safepoint region: Cleanup
[2019-11-28T17:41:05.567+0100][918,730s][854][934][info ] Leaving safepoint region
[2019-11-28T17:41:05.568+0100][918,730s][854][934][info ] Total time for which application threads were stopped: 0,0005667 seconds, Stopping threads took: 0,0001533 seconds
[2019-11-28T17:41:06.568+0100][919,731s][854][934][info ] Application time: 1,0001716 seconds
[2019-11-28T17:41:06.568+0100][919,731s][854][934][info ] Entering safepoint region: Cleanup
[2019-11-28T17:41:06.568+0100][919,731s][854][934][info ] Leaving safepoint region
[2019-11-28T17:41:06.568+0100][919,731s][854][934][info ] Total time for which application threads were stopped: 0,0001768 seconds, Stopping threads took: 0,0000444 seconds
[2019-11-28T17:41:07.568+0100][920,731s][854][934][info ] Application time: 1,0001440 seconds
[2019-11-28T17:41:07.568+0100][920,731s][854][934][info ] Entering safepoint region: Cleanup
[2019-11-28T17:41:07.569+0100][920,732s][854][934][info ] Leaving safepoint region
[2019-11-28T17:41:07.569+0100][920,732s][854][934][info ] Total time for which application threads were stopped: 0,0003848 seconds, Stopping threads took: 0,0000825 seconds
[2019-11-28T17:41:08.569+0100][921,732s][854][934][info ] Application time: 1,0000772 seconds
[2019-11-28T17:41:08.569+0100][921,732s][854][934][info ] Entering safepoint region: Cleanup
[2019-11-28T17:41:08.569+0100][921,732s][854][934][info ] Leaving safepoint region
[2019-11-28T17:41:08.569+0100][921,732s][854][934][info ] Total time for which application threads were stopped: 0,0001167 seconds, Stopping threads took: 0,0000250 seconds
[2019-11-28T17:41:09.569+0100][922,732s][854][934][info ] Application time: 1,0001397 seconds
[2019-11-28T17:41:09.570+0100][922,733s][854][934][info ] Entering safepoint region: Cleanup
[2019-11-28T17:41:09.570+0100][922,733s][854][934][info ] Leaving safepoint region
[2019-11-28T17:41:09.570+0100][922,733s][854][934][info ] Total time for which application threads were stopped: 0,0005619 seconds, Stopping threads took: 0,0001851 seconds
[2019-11-28T17:41:10.570+0100][923,733s][854][934][info ] Application time: 1,0001130 seconds
[2019-11-28T17:41:10.570+0100][923,733s][854][934][info ] Entering safepoint region: Cleanup
[2019-11-28T17:41:10.571+0100][923,734s][854][934][info ] Leaving safepoint region
[2019-11-28T17:41:10.571+0100][923,734s][854][934][info ] Total time for which application threads were stopped: 0,0004193 seconds, Stopping threads took: 0,0001089 seconds
[2019-11-28T17:41:11.322+0100][924,485s][854][933][trace] CMS: promo attempt is safe: available(3673676464) >= av_promo(42009460), max_promo(131373336)
[2019-11-28T17:41:11.571+0100][924,734s][854][934][info ] Application time: 1,0000869 seconds
[2019-11-28T17:41:11.571+0100][924,734s][854][934][info ] Entering safepoint region: Cleanup
[2019-11-28T17:41:11.571+0100][924,734s][854][934][info ] Leaving safepoint region
[2019-11-28T17:41:11.571+0100][924,734s][854][934][info ] Total time for which application threads were stopped: 0,0001060 seconds, Stopping threads took: 0,0000306 seconds
[2019-11-28T17:41:12.571+0100][925,734s][854][934][info ] Application time: 1,0001019 seconds
[2019-11-28T17:41:12.571+0100][925,734s][854][934][info ] Entering safepoint region: Cleanup
[2019-11-28T17:41:12.572+0100][925,735s][854][934][info ] Leaving safepoint region
[2019-11-28T17:41:12.572+0100][925,735s][854][934][info ] Total time for which application threads were stopped: 0,0005501 seconds, Stopping threads took: 0,0001105 seconds
[2019-11-28T17:41:13.572+0100][926,735s][854][934][info ] Application time: 1,0001236 seconds
[2019-11-28T17:41:13.572+0100][926,735s][854][934][info ] Entering safepoint region: Cleanup
[2019-11-28T17:41:13.573+0100][926,736s][854][934][info ] Leaving safepoint region
[2019-11-28T17:41:13.573+0100][926,736s][854][934][info ] Total time for which application threads were stopped: 0,0006261 seconds, Stopping threads took: 0,0001568 seconds
[2019-11-28T17:41:14.573+0100][927,736s][854][934][info ] Application time: 1,0001151 seconds
[2019-11-28T17:41:14.573+0100][927,736s][854][934][info ] Entering safepoint region: Cleanup
[2019-11-28T17:41:14.573+0100][927,736s][854][934][info ] Leaving safepoint region
[2019-11-28T17:41:14.573+0100][927,736s][854][934][info ] Total time for which application threads were stopped: 0,0001356 seconds, Stopping threads took: 0,0000335 seconds
[2019-11-28T17:41:15.574+0100][928,737s][854][934][info ] Application time: 1,0001807 seconds
[2019-11-28T17:41:15.574+0100][928,737s][854][934][info ] Entering safepoint region: Cleanup
[2019-11-28T17:41:15.574+0100][928,737s][854][934][info ] Leaving safepoint region
[2019-11-28T17:41:15.574+0100][928,737s][854][934][info ] Total time for which application threads were stopped: 0,0005863 seconds, Stopping threads took: 0,0001476 seconds
[2019-11-28T17:41:16.575+0100][929,738s][854][934][info ] Application time: 1,0001899 seconds
[2019-11-28T17:41:16.575+0100][929,738s][854][934][info ] Entering safepoint region: Cleanup
[2019-11-28T17:41:16.575+0100][929,738s][854][934][info ] Leaving safepoint region
[2019-11-28T17:41:16.576+0100][929,739s][854][934][info ] Total time for which application threads were stopped: 0,0005485 seconds, Stopping threads took: 0,0001081 seconds
[2019-11-28T17:41:17.576+0100][930,739s][854][934][info ] Application time: 1,0001195 seconds
[2019-11-28T17:41:17.576+0100][930,739s][854][934][info ] Entering safepoint region: Cleanup
[2019-11-28T17:41:17.576+0100][930,739s][854][934][info ] Leaving safepoint region
[2019-11-28T17:41:17.576+0100][930,739s][854][934][info ] Total time for which application threads were stopped: 0,0001184 seconds, Stopping threads took: 0,0000265 seconds
[2019-11-28T17:41:18.576+0100][931,739s][854][934][info ] Application time: 1,0000749 seconds
[2019-11-28T17:41:18.576+0100][931,739s][854][934][info ] Entering safepoint region: Cleanup
[2019-11-28T17:41:18.576+0100][931,739s][854][934][info ] Leaving safepoint region
[2019-11-28T17:41:18.576+0100][931,739s][854][934][info ] Total time for which application threads were stopped: 0,0001560 seconds, Stopping threads took: 0,0000385 seconds
[2019-11-28T17:41:19.576+0100][932,739s][854][934][info ] Application time: 1,0000690 seconds
[2019-11-28T17:41:19.576+0100][932,739s][854][934][info ] Entering safepoint region: Cleanup
[2019-11-28T17:41:19.577+0100][932,740s][854][934][info ] Leaving safepoint region
[2019-11-28T17:41:19.577+0100][932,740s][854][934][info ] Total time for which application threads were stopped: 0,0001388 seconds, Stopping threads took: 0,0000341 seconds
[2019-11-28T17:41:20.577+0100][933,740s][854][934][info ] Application time: 1,0002347 seconds
[2019-11-28T17:41:20.578+0100][933,741s][854][934][info ] Entering safepoint region: Cleanup
[2019-11-28T17:41:20.578+0100][933,741s][854][934][info ] Leaving safepoint region
[2019-11-28T17:41:20.578+0100][933,741s][854][934][info ] Total time for which application threads were stopped: 0,0002018 seconds, Stopping threads took: 0,0000708 seconds
[2019-11-28T17:41:21.321+0100][934,484s][854][933][trace] CMS: promo attempt is safe: available(3673676464) >= av_promo(42009460), max_promo(134459544)
[2019-11-28T17:41:21.578+0100][934,741s][854][934][info ] Application time: 1,0001479 seconds
[2019-11-28T17:41:21.579+0100][934,742s][854][934][info ] Entering safepoint region: Cleanup
[2019-11-28T17:41:21.579+0100][934,742s][854][934][info ] Leaving safepoint region
[2019-11-28T17:41:21.579+0100][934,742s][854][934][info ] Total time for which application threads were stopped: 0,0003982 seconds, Stopping threads took: 0,0001048 seconds
[2019-11-28T17:41:22.579+0100][935,742s][854][934][info ] Application time: 1,0001799 seconds
[2019-11-28T17:41:22.579+0100][935,742s][854][934][info ] Entering safepoint region: Cleanup
[2019-11-28T17:41:22.580+0100][935,743s][854][934][info ] Leaving safepoint region
[2019-11-28T17:41:22.580+0100][935,743s][854][934][info ] Total time for which application threads were stopped: 0,0007846 seconds, Stopping threads took: 0,0002033 seconds
[2019-11-28T17:41:23.580+0100][936,743s][854][934][info ] Application time: 1,0001143 seconds
[2019-11-28T17:41:23.580+0100][936,743s][854][934][info ] Entering safepoint region: Cleanup
[2019-11-28T17:41:23.581+0100][936,744s][854][934][info ] Leaving safepoint region
[2019-11-28T17:41:23.581+0100][936,744s][854][934][info ] Total time for which application threads were stopped: 0,0001490 seconds, Stopping threads took: 0,0000389 seconds
[2019-11-28T17:41:24.581+0100][937,744s][854][934][info ] Application time: 1,0001335 seconds
[2019-11-28T17:41:24.581+0100][937,744s][854][934][info ] Entering safepoint region: Cleanup
[2019-11-28T17:41:24.581+0100][937,744s][854][934][info ] Leaving safepoint region
[2019-11-28T17:41:24.581+0100][937,744s][854][934][info ] Total time for which application threads were stopped: 0,0002457 seconds, Stopping threads took: 0,0000686 seconds
[2019-11-28T17:41:25.581+0100][938,744s][854][934][info ] Application time: 1,0001222 seconds
[2019-11-28T17:41:25.581+0100][938,744s][854][934][info ] Entering safepoint region: Cleanup
[2019-11-28T17:41:25.582+0100][938,745s][854][934][info ] Leaving safepoint region
[2019-11-28T17:41:25.582+0100][938,745s][854][934][info ] Total time for which application threads were stopped: 0,0005493 seconds, Stopping threads took: 0,0001317 seconds
[2019-11-28T17:41:26.582+0100][939,745s][854][934][info ] Application time: 1,0001056 seconds
[2019-11-28T17:41:26.582+0100][939,745s][854][934][info ] Entering safepoint region: Cleanup
[2019-11-28T17:41:26.582+0100][939,745s][854][934][info ] Leaving safepoint region
[2019-11-28T17:41:26.582+0100][939,745s][854][934][info ] Total time for which application threads were stopped: 0,0001354 seconds, Stopping threads took: 0,0000333 seconds
[2019-11-28T17:41:27.582+0100][940,745s][854][934][info ] Application time: 1,0000937 seconds
[2019-11-28T17:41:27.583+0100][940,746s][854][934][info ] Entering safepoint region: Cleanup
[2019-11-28T17:41:27.583+0100][940,746s][854][934][info ] Leaving safepoint region
[2019-11-28T17:41:27.583+0100][940,746s][854][934][info ] Total time for which application threads were stopped: 0,0005073 seconds, Stopping threads took: 0,0001177 seconds
[2019-11-28T17:41:28.583+0100][941,746s][854][934][info ] Application time: 1,0001896 seconds
[2019-11-28T17:41:28.584+0100][941,747s][854][934][info ] Entering safepoint region: Cleanup
[2019-11-28T17:41:28.584+0100][941,747s][854][934][info ] Leaving safepoint region
[2019-11-28T17:41:28.584+0100][941,747s][854][934][info ] Total time for which application threads were stopped: 0,0007107 seconds, Stopping threads took: 0,0002068 seconds
[2019-11-28T17:41:29.585+0100][942,748s][854][934][info ] Application time: 1,0001786 seconds
[2019-11-28T17:41:29.585+0100][942,748s][854][934][info ] Entering safepoint region: Cleanup
[2019-11-28T17:41:29.585+0100][942,748s][854][934][info ] Leaving safepoint region
[2019-11-28T17:41:29.585+0100][942,748s][854][934][info ] Total time for which application threads were stopped: 0,0002097 seconds, Stopping threads took: 0,0000441 seconds
[2019-11-28T17:41:30.585+0100][943,748s][854][934][info ] Application time: 1,0002091 seconds
[2019-11-28T17:41:30.586+0100][943,749s][854][934][info ] Entering safepoint region: Cleanup
[2019-11-28T17:41:30.586+0100][943,749s][854][934][info ] Leaving safepoint region
[2019-11-28T17:41:30.586+0100][943,749s][854][934][info ] Total time for which application threads were stopped: 0,0006175 seconds, Stopping threads took: 0,0002209 seconds
[2019-11-28T17:41:31.321+0100][944,484s][854][933][trace] CMS: promo attempt is safe: available(3673676464) >= av_promo(42009460), max_promo(136946344)
[2019-11-28T17:41:31.586+0100][944,749s][854][934][info ] Application time: 1,0001326 seconds
[2019-11-28T17:41:31.587+0100][944,750s][854][934][info ] Entering safepoint region: Cleanup
[2019-11-28T17:41:31.587+0100][944,750s][854][934][info ] Leaving safepoint region
[2019-11-28T17:41:31.587+0100][944,750s][854][934][info ] Total time for which application threads were stopped: 0,0004589 seconds, Stopping threads took: 0,0001144 seconds
[2019-11-28T17:41:32.587+0100][945,750s][854][934][info ] Application time: 1,0001261 seconds
[2019-11-28T17:41:32.587+0100][945,750s][854][934][info ] Entering safepoint region: Cleanup
[2019-11-28T17:41:32.588+0100][945,751s][854][934][info ] Leaving safepoint region
[2019-11-28T17:41:32.588+0100][945,751s][854][934][info ] Total time for which application threads were stopped: 0,0006066 seconds, Stopping threads took: 0,0001440 seconds
[2019-11-28T17:41:33.588+0100][946,751s][854][934][info ] Application time: 1,0001363 seconds
[2019-11-28T17:41:33.588+0100][946,751s][854][934][info ] Entering safepoint region: Cleanup
[2019-11-28T17:41:33.589+0100][946,752s][854][934][info ] Leaving safepoint region
[2019-11-28T17:41:33.589+0100][946,752s][854][934][info ] Total time for which application threads were stopped: 0,0005451 seconds, Stopping threads took: 0,0000719 seconds
[2019-11-28T17:41:34.589+0100][947,752s][854][934][info ] Application time: 1,0001794 seconds
[2019-11-28T17:41:34.589+0100][947,752s][854][934][info ] Entering safepoint region: Cleanup
[2019-11-28T17:41:34.590+0100][947,753s][854][934][info ] Leaving safepoint region
[2019-11-28T17:41:34.590+0100][947,753s][854][934][info ] Total time for which application threads were stopped: 0,0004719 seconds, Stopping threads took: 0,0001263 seconds
[2019-11-28T17:41:35.590+0100][948,753s][854][934][info ] Application time: 1,0001335 seconds
[2019-11-28T17:41:35.590+0100][948,753s][854][934][info ] Entering safepoint region: Cleanup
[2019-11-28T17:41:35.591+0100][948,754s][854][934][info ] Leaving safepoint region
[2019-11-28T17:41:35.591+0100][948,754s][854][934][info ] Total time for which application threads were stopped: 0,0005110 seconds, Stopping threads took: 0,0001240 seconds
[2019-11-28T17:41:36.591+0100][949,754s][854][934][info ] Application time: 1,0001522 seconds
[2019-11-28T17:41:36.591+0100][949,754s][854][934][info ] Entering safepoint region: Cleanup
[2019-11-28T17:41:36.591+0100][949,754s][854][934][info ] Leaving safepoint region
[2019-11-28T17:41:36.591+0100][949,754s][854][934][info ] Total time for which application threads were stopped: 0,0001031 seconds, Stopping threads took: 0,0000250 seconds
[2019-11-28T17:41:37.591+0100][950,754s][854][934][info ] Application time: 1,0001628 seconds
[2019-11-28T17:41:37.592+0100][950,755s][854][934][info ] Entering safepoint region: Cleanup
[2019-11-28T17:41:37.592+0100][950,755s][854][934][info ] Leaving safepoint region
[2019-11-28T17:41:37.592+0100][950,755s][854][934][info ] Total time for which application threads were stopped: 0,0006178 seconds, Stopping threads took: 0,0002383 seconds
[2019-11-28T17:41:38.592+0100][951,755s][854][934][info ] Application time: 1,0000911 seconds
[2019-11-28T17:41:38.592+0100][951,755s][854][934][info ] Entering safepoint region: Cleanup
[2019-11-28T17:41:38.592+0100][951,755s][854][934][info ] Leaving safepoint region
[2019-11-28T17:41:38.592+0100][951,755s][854][934][info ] Total time for which application threads were stopped: 0,0001438 seconds, Stopping threads took: 0,0000362 seconds
[2019-11-28T17:41:39.593+0100][952,756s][854][934][info ] Application time: 1,0000908 seconds
[2019-11-28T17:41:39.593+0100][952,756s][854][934][info ] Entering safepoint region: Cleanup
[2019-11-28T17:41:39.593+0100][952,756s][854][934][info ] Leaving safepoint region
[2019-11-28T17:41:39.593+0100][952,756s][854][934][info ] Total time for which application threads were stopped: 0,0003709 seconds, Stopping threads took: 0,0000872 seconds
[2019-11-28T17:41:40.593+0100][953,756s][854][934][info ] Application time: 1,0001135 seconds
[2019-11-28T17:41:40.593+0100][953,756s][854][934][info ] Entering safepoint region: Cleanup
[2019-11-28T17:41:40.594+0100][953,757s][854][934][info ] Leaving safepoint region
[2019-11-28T17:41:40.594+0100][953,757s][854][934][info ] Total time for which application threads were stopped: 0,0003755 seconds, Stopping threads took: 0,0000968 seconds
[2019-11-28T17:41:41.321+0100][954,484s][854][933][trace] CMS: promo attempt is safe: available(3673676464) >= av_promo(42009460), max_promo(151083040)
[2019-11-28T17:41:41.594+0100][954,757s][854][934][info ] Application time: 1,0001579 seconds
[2019-11-28T17:41:41.594+0100][954,757s][854][934][info ] Entering safepoint region: Cleanup
[2019-11-28T17:41:41.594+0100][954,757s][854][934][info ] Leaving safepoint region
[2019-11-28T17:41:41.594+0100][954,757s][854][934][info ] Total time for which application threads were stopped: 0,0003745 seconds, Stopping threads took: 0,0001201 seconds
[2019-11-28T17:41:42.595+0100][955,758s][854][934][info ] Application time: 1,0003009 seconds
[2019-11-28T17:41:42.595+0100][955,758s][854][934][info ] Entering safepoint region: Cleanup
[2019-11-28T17:41:42.596+0100][955,759s][854][934][info ] Leaving safepoint region
[2019-11-28T17:41:42.596+0100][955,759s][854][934][info ] Total time for which application threads were stopped: 0,0007617 seconds, Stopping threads took: 0,0002758 seconds
[2019-11-28T17:41:43.596+0100][956,759s][854][934][info ] Application time: 1,0002062 seconds
[2019-11-28T17:41:43.596+0100][956,759s][854][934][info ] Entering safepoint region: Cleanup
[2019-11-28T17:41:43.597+0100][956,760s][854][934][info ] Leaving safepoint region
[2019-11-28T17:41:43.597+0100][956,760s][854][934][info ] Total time for which application threads were stopped: 0,0005463 seconds, Stopping threads took: 0,0001864 seconds
[2019-11-28T17:41:44.597+0100][957,760s][854][934][info ] Application time: 1,0003034 seconds
[2019-11-28T17:41:44.598+0100][957,761s][854][934][info ] Entering safepoint region: Cleanup
[2019-11-28T17:41:44.598+0100][957,761s][854][934][info ] Leaving safepoint region
[2019-11-28T17:41:44.598+0100][957,761s][854][934][info ] Total time for which application threads were stopped: 0,0005706 seconds, Stopping threads took: 0,0001837 seconds
[2019-11-28T17:41:45.598+0100][958,761s][854][934][info ] Application time: 1,0002014 seconds
[2019-11-28T17:41:45.599+0100][958,762s][854][934][info ] Entering safepoint region: Cleanup
[2019-11-28T17:41:45.599+0100][958,762s][854][934][info ] Leaving safepoint region
[2019-11-28T17:41:45.599+0100][958,762s][854][934][info ] Total time for which application threads were stopped: 0,0004596 seconds, Stopping threads took: 0,0001418 seconds
[2019-11-28T17:41:46.599+0100][959,762s][854][934][info ] Application time: 1,0001570 seconds
[2019-11-28T17:41:46.599+0100][959,762s][854][934][info ] Entering safepoint region: Cleanup
[2019-11-28T17:41:46.600+0100][959,763s][854][934][info ] Leaving safepoint region
[2019-11-28T17:41:46.600+0100][959,763s][854][934][info ] Total time for which application threads were stopped: 0,0008604 seconds, Stopping threads took: 0,0003389 seconds
[2019-11-28T17:41:47.601+0100][960,764s][854][934][info ] Application time: 1,0001545 seconds
[2019-11-28T17:41:47.601+0100][960,764s][854][934][info ] Entering safepoint region: Cleanup
[2019-11-28T17:41:47.601+0100][960,764s][854][934][info ] Leaving safepoint region
[2019-11-28T17:41:47.601+0100][960,764s][854][934][info ] Total time for which application threads were stopped: 0,0006991 seconds, Stopping threads took: 0,0001709 seconds
[2019-11-28T17:41:48.602+0100][961,765s][854][934][info ] Application time: 1,0003072 seconds
[2019-11-28T17:41:48.602+0100][961,765s][854][934][info ] Entering safepoint region: Cleanup
[2019-11-28T17:41:48.603+0100][961,766s][854][934][info ] Leaving safepoint region
[2019-11-28T17:41:48.603+0100][961,766s][854][934][info ] Total time for which application threads were stopped: 0,0005814 seconds, Stopping threads took: 0,0001342 seconds
[2019-11-28T17:41:49.603+0100][962,766s][854][934][info ] Application time: 1,0001939 seconds
[2019-11-28T17:41:49.603+0100][962,766s][854][934][info ] Entering safepoint region: Cleanup
[2019-11-28T17:41:49.603+0100][962,766s][854][934][info ] Leaving safepoint region
[2019-11-28T17:41:49.604+0100][962,767s][854][934][info ] Total time for which application threads were stopped: 0,0004380 seconds, Stopping threads took: 0,0001386 seconds
[2019-11-28T17:41:50.604+0100][963,767s][854][934][info ] Application time: 1,0002877 seconds
[2019-11-28T17:41:50.604+0100][963,767s][854][934][info ] Entering safepoint region: Cleanup
[2019-11-28T17:41:50.605+0100][963,768s][854][934][info ] Leaving safepoint region
[2019-11-28T17:41:50.605+0100][963,768s][854][934][info ] Total time for which application threads were stopped: 0,0007868 seconds, Stopping threads took: 0,0002076 seconds
[2019-11-28T17:41:51.320+0100][964,483s][854][933][trace] CMS: promo attempt is safe: available(3673676464) >= av_promo(42009460), max_promo(154337048)
[2019-11-28T17:41:51.605+0100][964,768s][854][934][info ] Application time: 1,0001728 seconds
[2019-11-28T17:41:51.606+0100][964,769s][854][934][info ] Entering safepoint region: Cleanup
[2019-11-28T17:41:51.606+0100][964,769s][854][934][info ] Leaving safepoint region
[2019-11-28T17:41:51.606+0100][964,769s][854][934][info ] Total time for which application threads were stopped: 0,0006542 seconds, Stopping threads took: 0,0002500 seconds
[2019-11-28T17:41:52.606+0100][965,769s][854][934][info ] Application time: 1,0001887 seconds
[2019-11-28T17:41:52.607+0100][965,770s][854][934][info ] Entering safepoint region: Cleanup
[2019-11-28T17:41:52.607+0100][965,770s][854][934][info ] Leaving safepoint region
[2019-11-28T17:41:52.607+0100][965,770s][854][934][info ] Total time for which application threads were stopped: 0,0004970 seconds, Stopping threads took: 0,0001596 seconds
[2019-11-28T17:41:53.607+0100][966,770s][854][934][info ] Application time: 1,0000814 seconds
[2019-11-28T17:41:53.607+0100][966,770s][854][934][info ] Entering safepoint region: Cleanup
[2019-11-28T17:41:53.607+0100][966,770s][854][934][info ] Leaving safepoint region
[2019-11-28T17:41:53.607+0100][966,770s][854][934][info ] Total time for which application threads were stopped: 0,0001114 seconds, Stopping threads took: 0,0000332 seconds
[2019-11-28T17:41:54.608+0100][967,770s][854][934][info ] Application time: 1,0000765 seconds
[2019-11-28T17:41:54.608+0100][967,771s][854][934][info ] Entering safepoint region: Cleanup
[2019-11-28T17:41:54.608+0100][967,771s][854][934][info ] Leaving safepoint region
[2019-11-28T17:41:54.608+0100][967,771s][854][934][info ] Total time for which application threads were stopped: 0,0002673 seconds, Stopping threads took: 0,0000973 seconds
[2019-11-28T17:41:55.608+0100][968,771s][854][934][info ] Application time: 1,0001002 seconds
[2019-11-28T17:41:55.608+0100][968,771s][854][934][info ] Entering safepoint region: Cleanup
[2019-11-28T17:41:55.608+0100][968,771s][854][934][info ] Leaving safepoint region
[2019-11-28T17:41:55.608+0100][968,771s][854][934][info ] Total time for which application threads were stopped: 0,0001476 seconds, Stopping threads took: 0,0000361 seconds
[2019-11-28T17:41:56.608+0100][969,771s][854][934][info ] Application time: 1,0000883 seconds
[2019-11-28T17:41:56.608+0100][969,771s][854][934][info ] Entering safepoint region: Cleanup
[2019-11-28T17:41:56.609+0100][969,772s][854][934][info ] Leaving safepoint region
[2019-11-28T17:41:56.609+0100][969,772s][854][934][info ] Total time for which application threads were stopped: 0,0003403 seconds, Stopping threads took: 0,0000918 seconds
[2019-11-28T17:41:57.609+0100][970,772s][854][934][info ] Application time: 1,0001281 seconds
[2019-11-28T17:41:57.609+0100][970,772s][854][934][info ] Entering safepoint region: Cleanup
[2019-11-28T17:41:57.609+0100][970,772s][854][934][info ] Leaving safepoint region
[2019-11-28T17:41:57.610+0100][970,772s][854][934][info ] Total time for which application threads were stopped: 0,0004000 seconds, Stopping threads took: 0,0000901 seconds
[2019-11-28T17:41:58.610+0100][971,773s][854][934][info ] Application time: 1,0001802 seconds
[2019-11-28T17:41:58.610+0100][971,773s][854][934][info ] Entering safepoint region: Cleanup
[2019-11-28T17:41:58.610+0100][971,773s][854][934][info ] Leaving safepoint region
[2019-11-28T17:41:58.610+0100][971,773s][854][934][info ] Total time for which application threads were stopped: 0,0005323 seconds, Stopping threads took: 0,0001273 seconds
[2019-11-28T17:41:59.611+0100][972,774s][854][934][info ] Application time: 1,0002704 seconds
[2019-11-28T17:41:59.611+0100][972,774s][854][934][info ] Entering safepoint region: Cleanup
[2019-11-28T17:41:59.612+0100][972,774s][854][934][info ] Leaving safepoint region
[2019-11-28T17:41:59.612+0100][972,775s][854][934][info ] Total time for which application threads were stopped: 0,0006707 seconds, Stopping threads took: 0,0001370 seconds
[2019-11-28T17:42:00.612+0100][973,775s][854][934][info ] Application time: 1,0001599 seconds
[2019-11-28T17:42:00.612+0100][973,775s][854][934][info ] Entering safepoint region: Cleanup
[2019-11-28T17:42:00.613+0100][973,776s][854][934][info ] Leaving safepoint region
[2019-11-28T17:42:00.618+0100][973,781s][854][934][info ] Total time for which application threads were stopped: 0,0058760 seconds, Stopping threads took: 0,0001865 seconds
[2019-11-28T17:42:01.321+0100][974,484s][854][933][trace] CMS: promo attempt is safe: available(3673676464) >= av_promo(42009460), max_promo(157423256)
[2019-11-28T17:42:01.618+0100][974,781s][854][934][info ] Application time: 1,0002007 seconds
[2019-11-28T17:42:01.619+0100][974,782s][854][934][info ] Entering safepoint region: Cleanup
[2019-11-28T17:42:01.619+0100][974,782s][854][934][info ] Leaving safepoint region
[2019-11-28T17:42:01.619+0100][974,782s][854][934][info ] Total time for which application threads were stopped: 0,0005248 seconds, Stopping threads took: 0,0001464 seconds
[2019-11-28T17:42:02.619+0100][975,782s][854][934][info ] Application time: 1,0001412 seconds
[2019-11-28T17:42:02.620+0100][975,783s][854][934][info ] Entering safepoint region: Cleanup
[2019-11-28T17:42:02.620+0100][975,783s][854][934][info ] Leaving safepoint region
[2019-11-28T17:42:02.620+0100][975,783s][854][934][info ] Total time for which application threads were stopped: 0,0005506 seconds, Stopping threads took: 0,0001489 seconds
[2019-11-28T17:42:03.620+0100][976,783s][854][934][info ] Application time: 1,0001181 seconds
[2019-11-28T17:42:03.621+0100][976,784s][854][934][info ] Entering safepoint region: Cleanup
[2019-11-28T17:42:03.621+0100][976,784s][854][934][info ] Leaving safepoint region
[2019-11-28T17:42:03.621+0100][976,784s][854][934][info ] Total time for which application threads were stopped: 0,0005038 seconds, Stopping threads took: 0,0001237 seconds
[2019-11-28T17:42:04.621+0100][977,784s][854][934][info ] Application time: 1,0001281 seconds
[2019-11-28T17:42:04.621+0100][977,784s][854][934][info ] Entering safepoint region: Cleanup
[2019-11-28T17:42:04.622+0100][977,785s][854][934][info ] Leaving safepoint region
[2019-11-28T17:42:04.622+0100][977,785s][854][934][info ] Total time for which application threads were stopped: 0,0002859 seconds, Stopping threads took: 0,0000649 seconds
[2019-11-28T17:42:05.622+0100][978,785s][854][934][info ] Application time: 1,0002824 seconds
[2019-11-28T17:42:05.622+0100][978,785s][854][934][info ] Entering safepoint region: Cleanup
[2019-11-28T17:42:05.623+0100][978,786s][854][934][info ] Leaving safepoint region
[2019-11-28T17:42:05.623+0100][978,786s][854][934][info ] Total time for which application threads were stopped: 0,0004651 seconds, Stopping threads took: 0,0001277 seconds
[2019-11-28T17:42:06.623+0100][979,786s][854][934][info ] Application time: 1,0001679 seconds
[2019-11-28T17:42:06.623+0100][979,786s][854][934][info ] Entering safepoint region: Cleanup
[2019-11-28T17:42:06.624+0100][979,787s][854][934][info ] Leaving safepoint region
[2019-11-28T17:42:06.624+0100][979,787s][854][934][info ] Total time for which application threads were stopped: 0,0006519 seconds, Stopping threads took: 0,0001164 seconds
[2019-11-28T17:42:07.624+0100][980,787s][854][934][info ] Application time: 1,0001650 seconds
[2019-11-28T17:42:07.624+0100][980,787s][854][934][info ] Entering safepoint region: Cleanup
[2019-11-28T17:42:07.625+0100][980,788s][854][934][info ] Leaving safepoint region
[2019-11-28T17:42:07.625+0100][980,788s][854][934][info ] Total time for which application threads were stopped: 0,0004217 seconds, Stopping threads took: 0,0001000 seconds
[2019-11-28T17:42:08.625+0100][981,788s][854][934][info ] Application time: 1,0002659 seconds
[2019-11-28T17:42:08.625+0100][981,788s][854][934][info ] Entering safepoint region: Cleanup
[2019-11-28T17:42:08.626+0100][981,789s][854][934][info ] Leaving safepoint region
[2019-11-28T17:42:08.626+0100][981,789s][854][934][info ] Total time for which application threads were stopped: 0,0005254 seconds, Stopping threads took: 0,0001216 seconds
[2019-11-28T17:42:09.626+0100][982,789s][854][934][info ] Application time: 1,0002734 seconds
[2019-11-28T17:42:09.626+0100][982,789s][854][934][info ] Entering safepoint region: Cleanup
[2019-11-28T17:42:09.627+0100][982,790s][854][934][info ] Leaving safepoint region
[2019-11-28T17:42:09.627+0100][982,790s][854][934][info ] Total time for which application threads were stopped: 0,0006348 seconds, Stopping threads took: 0,0001707 seconds
[2019-11-28T17:42:10.627+0100][983,790s][854][934][info ] Application time: 1,0001412 seconds
[2019-11-28T17:42:10.627+0100][983,790s][854][934][info ] Entering safepoint region: Cleanup
[2019-11-28T17:42:10.628+0100][983,791s][854][934][info ] Leaving safepoint region
[2019-11-28T17:42:10.628+0100][983,791s][854][934][info ] Total time for which application threads were stopped: 0,0006743 seconds, Stopping threads took: 0,0001451 seconds
[2019-11-28T17:42:11.320+0100][984,483s][854][933][trace] CMS: promo attempt is safe: available(3673676464) >= av_promo(42009460), max_promo(159910056)
[2019-11-28T17:42:11.628+0100][984,791s][854][934][info ] Application time: 1,0001187 seconds
[2019-11-28T17:42:11.628+0100][984,791s][854][934][info ] Entering safepoint region: Cleanup
[2019-11-28T17:42:11.629+0100][984,792s][854][934][info ] Leaving safepoint region
[2019-11-28T17:42:11.629+0100][984,792s][854][934][info ] Total time for which application threads were stopped: 0,0005102 seconds, Stopping threads took: 0,0001253 seconds
[2019-11-28T17:42:12.629+0100][985,792s][854][934][info ] Application time: 1,0001858 seconds
[2019-11-28T17:42:12.629+0100][985,792s][854][934][info ] Entering safepoint region: Cleanup
[2019-11-28T17:42:12.630+0100][985,793s][854][934][info ] Leaving safepoint region
[2019-11-28T17:42:12.630+0100][985,793s][854][934][info ] Total time for which application threads were stopped: 0,0008141 seconds, Stopping threads took: 0,0002452 seconds
[2019-11-28T17:42:13.630+0100][986,793s][854][934][info ] Application time: 1,0001484 seconds
[2019-11-28T17:42:13.631+0100][986,794s][854][934][info ] Entering safepoint region: Cleanup
[2019-11-28T17:42:13.631+0100][986,794s][854][934][info ] Leaving safepoint region
[2019-11-28T17:42:13.631+0100][986,794s][854][934][info ] Total time for which application threads were stopped: 0,0005721 seconds, Stopping threads took: 0,0001812 seconds
[2019-11-28T17:42:14.631+0100][987,794s][854][934][info ] Application time: 1,0001735 seconds
[2019-11-28T17:42:14.632+0100][987,795s][854][934][info ] Entering safepoint region: Cleanup
[2019-11-28T17:42:14.632+0100][987,795s][854][934][info ] Leaving safepoint region
[2019-11-28T17:42:14.632+0100][987,795s][854][934][info ] Total time for which application threads were stopped: 0,0005703 seconds, Stopping threads took: 0,0001272 seconds
[2019-11-28T17:42:15.633+0100][988,796s][854][934][info ] Application time: 1,0001588 seconds
[2019-11-28T17:42:15.633+0100][988,796s][854][934][info ] Entering safepoint region: Cleanup
[2019-11-28T17:42:15.633+0100][988,796s][854][934][info ] Leaving safepoint region
[2019-11-28T17:42:15.633+0100][988,796s][854][934][info ] Total time for which application threads were stopped: 0,0006515 seconds, Stopping threads took: 0,0001329 seconds
[2019-11-28T17:42:16.634+0100][989,797s][854][934][info ] Application time: 1,0001182 seconds
[2019-11-28T17:42:16.634+0100][989,797s][854][934][info ] Entering safepoint region: Cleanup
[2019-11-28T17:42:16.634+0100][989,797s][854][934][info ] Leaving safepoint region
[2019-11-28T17:42:16.634+0100][989,797s][854][934][info ] Total time for which application threads were stopped: 0,0006116 seconds, Stopping threads took: 0,0001120 seconds
[2019-11-28T17:42:17.635+0100][990,798s][854][934][info ] Application time: 1,0001472 seconds
[2019-11-28T17:42:17.635+0100][990,798s][854][934][info ] Entering safepoint region: Cleanup
[2019-11-28T17:42:17.635+0100][990,798s][854][934][info ] Leaving safepoint region
[2019-11-28T17:42:17.635+0100][990,798s][854][934][info ] Total time for which application threads were stopped: 0,0005178 seconds, Stopping threads took: 0,0001056 seconds
[2019-11-28T17:42:18.636+0100][991,799s][854][934][info ] Application time: 1,0002813 seconds
[2019-11-28T17:42:18.636+0100][991,799s][854][934][info ] Entering safepoint region: Cleanup
[2019-11-28T17:42:18.636+0100][991,799s][854][934][info ] Leaving safepoint region
[2019-11-28T17:42:18.637+0100][991,800s][854][934][info ] Total time for which application threads were stopped: 0,0006493 seconds, Stopping threads took: 0,0002248 seconds
[2019-11-28T17:42:19.637+0100][992,800s][854][934][info ] Application time: 1,0002776 seconds
[2019-11-28T17:42:19.637+0100][992,800s][854][934][info ] Entering safepoint region: Cleanup
[2019-11-28T17:42:19.638+0100][992,801s][854][934][info ] Leaving safepoint region
[2019-11-28T17:42:19.638+0100][992,801s][854][934][info ] Total time for which application threads were stopped: 0,0004890 seconds, Stopping threads took: 0,0001492 seconds
[2019-11-28T17:42:20.638+0100][993,801s][854][934][info ] Application time: 1,0002074 seconds
[2019-11-28T17:42:20.638+0100][993,801s][854][934][info ] Entering safepoint region: Cleanup
[2019-11-28T17:42:20.639+0100][993,802s][854][934][info ] Leaving safepoint region
[2019-11-28T17:42:20.639+0100][993,802s][854][934][info ] Total time for which application threads were stopped: 0,0006374 seconds, Stopping threads took: 0,0001990 seconds
[2019-11-28T17:42:21.320+0100][994,483s][854][933][trace] CMS: promo attempt is safe: available(3673676464) >= av_promo(42009460), max_promo(163174104)
[2019-11-28T17:42:21.639+0100][994,802s][854][934][info ] Application time: 1,0002428 seconds
[2019-11-28T17:42:21.639+0100][994,802s][854][934][info ] Entering safepoint region: Cleanup
[2019-11-28T17:42:21.640+0100][994,803s][854][934][info ] Leaving safepoint region
[2019-11-28T17:42:21.640+0100][994,803s][854][934][info ] Total time for which application threads were stopped: 0,0005890 seconds, Stopping threads took: 0,0001629 seconds
[2019-11-28T17:42:22.640+0100][995,803s][854][934][info ] Application time: 1,0002776 seconds
[2019-11-28T17:42:22.641+0100][995,803s][854][934][info ] Entering safepoint region: Cleanup
[2019-11-28T17:42:22.641+0100][995,804s][854][934][info ] Leaving safepoint region
[2019-11-28T17:42:22.641+0100][995,804s][854][934][info ] Total time for which application threads were stopped: 0,0006167 seconds, Stopping threads took: 0,0001312 seconds
[2019-11-28T17:42:23.641+0100][996,804s][854][934][info ] Application time: 1,0002500 seconds
[2019-11-28T17:42:23.642+0100][996,805s][854][934][info ] Entering safepoint region: Cleanup
[2019-11-28T17:42:23.642+0100][996,805s][854][934][info ] Leaving safepoint region
[2019-11-28T17:42:23.642+0100][996,805s][854][934][info ] Total time for which application threads were stopped: 0,0004570 seconds, Stopping threads took: 0,0001070 seconds
[2019-11-28T17:42:24.642+0100][997,805s][854][934][info ] Application time: 1,0001398 seconds
[2019-11-28T17:42:24.643+0100][997,806s][854][934][info ] Entering safepoint region: Cleanup
[2019-11-28T17:42:24.643+0100][997,806s][854][934][info ] Leaving safepoint region
[2019-11-28T17:42:24.643+0100][997,806s][854][934][info ] Total time for which application threads were stopped: 0,0005390 seconds, Stopping threads took: 0,0001405 seconds
[2019-11-28T17:42:25.643+0100][998,806s][854][934][info ] Application time: 1,0001574 seconds
[2019-11-28T17:42:25.644+0100][998,807s][854][934][info ] Entering safepoint region: Cleanup
[2019-11-28T17:42:25.644+0100][998,807s][854][934][info ] Leaving safepoint region
[2019-11-28T17:42:25.644+0100][998,807s][854][934][info ] Total time for which application threads were stopped: 0,0007552 seconds, Stopping threads took: 0,0003183 seconds
[2019-11-28T17:42:26.645+0100][999,808s][854][934][info ] Application time: 1,0001835 seconds
[2019-11-28T17:42:26.645+0100][999,808s][854][934][info ] Entering safepoint region: Cleanup
[2019-11-28T17:42:26.645+0100][999,808s][854][934][info ] Leaving safepoint region
[2019-11-28T17:42:26.645+0100][999,808s][854][934][info ] Total time for which application threads were stopped: 0,0004327 seconds, Stopping threads took: 0,0001296 seconds
[2019-11-28T17:42:27.645+0100][1000,808s][854][934][info ] Application time: 1,0001266 seconds
[2019-11-28T17:42:27.646+0100][1000,809s][854][934][info ] Entering safepoint region: Cleanup
[2019-11-28T17:42:27.646+0100][1000,809s][854][934][info ] Leaving safepoint region
[2019-11-28T17:42:27.646+0100][1000,809s][854][934][info ] Total time for which application threads were stopped: 0,0004805 seconds, Stopping threads took: 0,0001785 seconds
[2019-11-28T17:42:28.646+0100][1001,809s][854][934][info ] Application time: 1,0001579 seconds
[2019-11-28T17:42:28.646+0100][1001,809s][854][934][info ] Entering safepoint region: Cleanup
[2019-11-28T17:42:28.646+0100][1001,809s][854][934][info ] Leaving safepoint region
[2019-11-28T17:42:28.646+0100][1001,809s][854][934][info ] Total time for which application threads were stopped: 0,0001760 seconds, Stopping threads took: 0,0000489 seconds
[2019-11-28T17:42:29.647+0100][1002,810s][854][934][info ] Application time: 1,0001149 seconds
[2019-11-28T17:42:29.647+0100][1002,810s][854][934][info ] Entering safepoint region: Cleanup
[2019-11-28T17:42:29.647+0100][1002,810s][854][934][info ] Leaving safepoint region
[2019-11-28T17:42:29.647+0100][1002,810s][854][934][info ] Total time for which application threads were stopped: 0,0006089 seconds, Stopping threads took: 0,0002143 seconds
[2019-11-28T17:42:30.648+0100][1003,811s][854][934][info ] Application time: 1,0003053 seconds
[2019-11-28T17:42:30.648+0100][1003,811s][854][934][info ] Entering safepoint region: Cleanup
[2019-11-28T17:42:30.649+0100][1003,812s][854][934][info ] Leaving safepoint region
[2019-11-28T17:42:30.649+0100][1003,812s][854][934][info ] Total time for which application threads were stopped: 0,0006839 seconds, Stopping threads took: 0,0002177 seconds
[2019-11-28T17:42:31.320+0100][1004,483s][854][933][trace] CMS: promo attempt is safe: available(3673676464) >= av_promo(42009460), max_promo(166260312)
[2019-11-28T17:42:31.649+0100][1004,812s][854][934][info ] Application time: 1,0002061 seconds
[2019-11-28T17:42:31.649+0100][1004,812s][854][934][info ] Entering safepoint region: Cleanup
[2019-11-28T17:42:31.650+0100][1004,813s][854][934][info ] Leaving safepoint region
[2019-11-28T17:42:31.650+0100][1004,813s][854][934][info ] Total time for which application threads were stopped: 0,0005054 seconds, Stopping threads took: 0,0001670 seconds
[2019-11-28T17:42:32.650+0100][1005,813s][854][934][info ] Application time: 1,0001749 seconds
[2019-11-28T17:42:32.650+0100][1005,813s][854][934][info ] Entering safepoint region: Cleanup
[2019-11-28T17:42:32.651+0100][1005,814s][854][934][info ] Leaving safepoint region
[2019-11-28T17:42:32.651+0100][1005,814s][854][934][info ] Total time for which application threads were stopped: 0,0004905 seconds, Stopping threads took: 0,0001080 seconds
[2019-11-28T17:42:33.651+0100][1006,814s][854][934][info ] Application time: 1,0001630 seconds
[2019-11-28T17:42:33.651+0100][1006,814s][854][934][info ] Entering safepoint region: Cleanup
[2019-11-28T17:42:33.652+0100][1006,815s][854][934][info ] Leaving safepoint region
[2019-11-28T17:42:33.665+0100][1006,828s][854][934][info ] Total time for which application threads were stopped: 0,0139284 seconds, Stopping threads took: 0,0001842 seconds
[2019-11-28T17:42:34.665+0100][1007,828s][854][934][info ] Application time: 1,0001034 seconds
[2019-11-28T17:42:34.665+0100][1007,828s][854][934][info ] Entering safepoint region: Cleanup
[2019-11-28T17:42:34.666+0100][1007,829s][854][934][info ] Leaving safepoint region
[2019-11-28T17:42:34.666+0100][1007,829s][854][934][info ] Total time for which application threads were stopped: 0,0001490 seconds, Stopping threads took: 0,0000381 seconds
[2019-11-28T17:42:35.666+0100][1008,829s][854][934][info ] Application time: 1,0000844 seconds
[2019-11-28T17:42:35.666+0100][1008,829s][854][934][info ] Entering safepoint region: Cleanup
[2019-11-28T17:42:35.666+0100][1008,829s][854][934][info ] Leaving safepoint region
[2019-11-28T17:42:35.666+0100][1008,829s][854][934][info ] Total time for which application threads were stopped: 0,0001455 seconds, Stopping threads took: 0,0000406 seconds
[2019-11-28T17:42:36.666+0100][1009,829s][854][934][info ] Application time: 1,0001113 seconds
[2019-11-28T17:42:36.666+0100][1009,829s][854][934][info ] Entering safepoint region: Cleanup
[2019-11-28T17:42:36.667+0100][1009,830s][854][934][info ] Leaving safepoint region
[2019-11-28T17:42:36.667+0100][1009,830s][854][934][info ] Total time for which application threads were stopped: 0,0004924 seconds, Stopping threads took: 0,0001582 seconds
[2019-11-28T17:42:37.667+0100][1010,830s][854][934][info ] Application time: 1,0000947 seconds
[2019-11-28T17:42:37.667+0100][1010,830s][854][934][info ] Entering safepoint region: Cleanup
[2019-11-28T17:42:37.667+0100][1010,830s][854][934][info ] Leaving safepoint region
[2019-11-28T17:42:37.667+0100][1010,830s][854][934][info ] Total time for which application threads were stopped: 0,0001373 seconds, Stopping threads took: 0,0000359 seconds
[2019-11-28T17:42:38.667+0100][1011,830s][854][934][info ] Application time: 1,0000684 seconds
[2019-11-28T17:42:38.667+0100][1011,830s][854][934][info ] Entering safepoint region: Cleanup
[2019-11-28T17:42:38.667+0100][1011,830s][854][934][info ] Leaving safepoint region
[2019-11-28T17:42:38.667+0100][1011,830s][854][934][info ] Total time for which application threads were stopped: 0,0001370 seconds, Stopping threads took: 0,0000330 seconds
[2019-11-28T17:42:39.668+0100][1012,831s][854][934][info ] Application time: 1,0001335 seconds
[2019-11-28T17:42:39.668+0100][1012,831s][854][934][info ] Entering safepoint region: Cleanup
[2019-11-28T17:42:39.669+0100][1012,832s][854][934][info ] Leaving safepoint region
[2019-11-28T17:42:39.669+0100][1012,832s][854][934][info ] Total time for which application threads were stopped: 0,0008907 seconds, Stopping threads took: 0,0002167 seconds
[2019-11-28T17:42:40.669+0100][1013,832s][854][934][info ] Application time: 1,0001272 seconds
[2019-11-28T17:42:40.669+0100][1013,832s][854][934][info ] Entering safepoint region: Cleanup
[2019-11-28T17:42:40.669+0100][1013,832s][854][934][info ] Leaving safepoint region
[2019-11-28T17:42:40.669+0100][1013,832s][854][934][info ] Total time for which application threads were stopped: 0,0001441 seconds, Stopping threads took: 0,0000351 seconds
[2019-11-28T17:42:41.320+0100][1014,483s][854][933][trace] CMS: promo attempt is safe: available(3673676464) >= av_promo(42009460), max_promo(168998520)
[2019-11-28T17:42:41.669+0100][1014,832s][854][934][info ] Application time: 1,0001306 seconds
[2019-11-28T17:42:41.670+0100][1014,833s][854][934][info ] Entering safepoint region: Cleanup
[2019-11-28T17:42:41.670+0100][1014,833s][854][934][info ] Leaving safepoint region
[2019-11-28T17:42:41.670+0100][1014,833s][854][934][info ] Total time for which application threads were stopped: 0,0005432 seconds, Stopping threads took: 0,0001919 seconds
[2019-11-28T17:42:42.671+0100][1015,834s][854][934][info ] Application time: 1,0003188 seconds
[2019-11-28T17:42:42.671+0100][1015,834s][854][934][info ] Entering safepoint region: Cleanup
[2019-11-28T17:42:42.671+0100][1015,834s][854][934][info ] Leaving safepoint region
[2019-11-28T17:42:42.671+0100][1015,834s][854][934][info ] Total time for which application threads were stopped: 0,0005361 seconds, Stopping threads took: 0,0001159 seconds
[2019-11-28T17:42:43.672+0100][1016,835s][854][934][info ] Application time: 1,0002031 seconds
[2019-11-28T17:42:43.672+0100][1016,835s][854][934][info ] Entering safepoint region: Cleanup
[2019-11-28T17:42:43.672+0100][1016,835s][854][934][info ] Leaving safepoint region
[2019-11-28T17:42:43.673+0100][1016,836s][854][934][info ] Total time for which application threads were stopped: 0,0006099 seconds, Stopping threads took: 0,0002123 seconds
[2019-11-28T17:42:44.673+0100][1017,836s][854][934][info ] Application time: 1,0001620 seconds
[2019-11-28T17:42:44.673+0100][1017,836s][854][934][info ] Entering safepoint region: Cleanup
[2019-11-28T17:42:44.674+0100][1017,837s][854][934][info ] Leaving safepoint region
[2019-11-28T17:42:44.674+0100][1017,837s][854][934][info ] Total time for which application threads were stopped: 0,0005942 seconds, Stopping threads took: 0,0002223 seconds
[2019-11-28T17:42:45.674+0100][1018,837s][854][934][info ] Application time: 1,0002059 seconds
[2019-11-28T17:42:45.674+0100][1018,837s][854][934][info ] Entering safepoint region: Cleanup
[2019-11-28T17:42:45.675+0100][1018,838s][854][934][info ] Leaving safepoint region
[2019-11-28T17:42:45.675+0100][1018,838s][854][934][info ] Total time for which application threads were stopped: 0,0004856 seconds, Stopping threads took: 0,0001161 seconds
[2019-11-28T17:42:46.675+0100][1019,838s][854][934][info ] Application time: 1,0002884 seconds
[2019-11-28T17:42:46.675+0100][1019,838s][854][934][info ] Entering safepoint region: Cleanup
[2019-11-28T17:42:46.676+0100][1019,839s][854][934][info ] Leaving safepoint region
[2019-11-28T17:42:46.676+0100][1019,839s][854][934][info ] Total time for which application threads were stopped: 0,0006676 seconds, Stopping threads took: 0,0001299 seconds
[2019-11-28T17:42:47.676+0100][1020,839s][854][934][info ] Application time: 1,0001981 seconds
[2019-11-28T17:42:47.676+0100][1020,839s][854][934][info ] Entering safepoint region: Cleanup
[2019-11-28T17:42:47.677+0100][1020,840s][854][934][info ] Leaving safepoint region
[2019-11-28T17:42:47.677+0100][1020,840s][854][934][info ] Total time for which application threads were stopped: 0,0005073 seconds, Stopping threads took: 0,0001175 seconds
[2019-11-28T17:42:48.677+0100][1021,840s][854][934][info ] Application time: 1,0003223 seconds
[2019-11-28T17:42:48.678+0100][1021,841s][854][934][info ] Entering safepoint region: Cleanup
[2019-11-28T17:42:48.678+0100][1021,841s][854][934][info ] Leaving safepoint region
[2019-11-28T17:42:48.678+0100][1021,841s][854][934][info ] Total time for which application threads were stopped: 0,0007406 seconds, Stopping threads took: 0,0001695 seconds
[2019-11-28T17:42:49.679+0100][1022,842s][854][934][info ] Application time: 1,0002009 seconds
[2019-11-28T17:42:49.679+0100][1022,842s][854][934][info ] Entering safepoint region: Cleanup
[2019-11-28T17:42:49.679+0100][1022,842s][854][934][info ] Leaving safepoint region
[2019-11-28T17:42:49.679+0100][1022,842s][854][934][info ] Total time for which application threads were stopped: 0,0004906 seconds, Stopping threads took: 0,0001460 seconds
[2019-11-28T17:42:50.680+0100][1023,842s][854][934][info ] Application time: 1,0001376 seconds
[2019-11-28T17:42:50.680+0100][1023,843s][854][934][info ] Entering safepoint region: Cleanup
[2019-11-28T17:42:50.680+0100][1023,843s][854][934][info ] Leaving safepoint region
[2019-11-28T17:42:50.680+0100][1023,843s][854][934][info ] Total time for which application threads were stopped: 0,0005822 seconds, Stopping threads took: 0,0001803 seconds
[2019-11-28T17:42:51.320+0100][1024,483s][854][933][trace] CMS: promo attempt is safe: available(3673676464) >= av_promo(42009460), max_promo(172252528)
[2019-11-28T17:42:51.681+0100][1024,844s][854][934][info ] Application time: 1,0001323 seconds
[2019-11-28T17:42:51.681+0100][1024,844s][854][934][info ] Entering safepoint region: Cleanup
[2019-11-28T17:42:51.681+0100][1024,844s][854][934][info ] Leaving safepoint region
[2019-11-28T17:42:51.681+0100][1024,844s][854][934][info ] Total time for which application threads were stopped: 0,0005019 seconds, Stopping threads took: 0,0001289 seconds
[2019-11-28T17:42:52.681+0100][1025,844s][854][934][info ] Application time: 1,0000922 seconds
[2019-11-28T17:42:52.682+0100][1025,845s][854][934][info ] Entering safepoint region: Cleanup
[2019-11-28T17:42:52.682+0100][1025,845s][854][934][info ] Leaving safepoint region
[2019-11-28T17:42:52.682+0100][1025,845s][854][934][info ] Total time for which application threads were stopped: 0,0001449 seconds, Stopping threads took: 0,0000380 seconds
[2019-11-28T17:42:53.682+0100][1026,845s][854][934][info ] Application time: 1,0000932 seconds
[2019-11-28T17:42:53.682+0100][1026,845s][854][934][info ] Entering safepoint region: Cleanup
[2019-11-28T17:42:53.682+0100][1026,845s][854][934][info ] Leaving safepoint region
[2019-11-28T17:42:53.682+0100][1026,845s][854][934][info ] Total time for which application threads were stopped: 0,0002588 seconds, Stopping threads took: 0,0001516 seconds
[2019-11-28T17:42:54.682+0100][1027,845s][854][934][info ] Application time: 1,0001294 seconds
[2019-11-28T17:42:54.682+0100][1027,845s][854][934][info ] Entering safepoint region: Cleanup
[2019-11-28T17:42:54.683+0100][1027,846s][854][934][info ] Leaving safepoint region
[2019-11-28T17:42:54.683+0100][1027,846s][854][934][info ] Total time for which application threads were stopped: 0,0003996 seconds, Stopping threads took: 0,0001011 seconds
[2019-11-28T17:42:55.683+0100][1028,846s][854][934][info ] Application time: 1,0001535 seconds
[2019-11-28T17:42:55.683+0100][1028,846s][854][934][info ] Entering safepoint region: Cleanup
[2019-11-28T17:42:55.683+0100][1028,846s][854][934][info ] Leaving safepoint region
[2019-11-28T17:42:55.684+0100][1028,846s][854][934][info ] Total time for which application threads were stopped: 0,0003715 seconds, Stopping threads took: 0,0000731 seconds
[2019-11-28T17:42:56.684+0100][1029,847s][854][934][info ] Application time: 1,0002395 seconds
[2019-11-28T17:42:56.684+0100][1029,847s][854][934][info ] Entering safepoint region: Cleanup
[2019-11-28T17:42:56.684+0100][1029,847s][854][934][info ] Leaving safepoint region
[2019-11-28T17:42:56.684+0100][1029,847s][854][934][info ] Total time for which application threads were stopped: 0,0005111 seconds, Stopping threads took: 0,0001554 seconds
[2019-11-28T17:42:57.685+0100][1030,848s][854][934][info ] Application time: 1,0001109 seconds
[2019-11-28T17:42:57.685+0100][1030,848s][854][934][info ] Entering safepoint region: Cleanup
[2019-11-28T17:42:57.685+0100][1030,848s][854][934][info ] Leaving safepoint region
[2019-11-28T17:42:57.685+0100][1030,848s][854][934][info ] Total time for which application threads were stopped: 0,0002400 seconds, Stopping threads took: 0,0000742 seconds
[2019-11-28T17:42:58.685+0100][1031,848s][854][934][info ] Application time: 1,0000769 seconds
[2019-11-28T17:42:58.685+0100][1031,848s][854][934][info ] Entering safepoint region: Cleanup
[2019-11-28T17:42:58.685+0100][1031,848s][854][934][info ] Leaving safepoint region
[2019-11-28T17:42:58.685+0100][1031,848s][854][934][info ] Total time for which application threads were stopped: 0,0001258 seconds, Stopping threads took: 0,0000278 seconds
[2019-11-28T17:42:59.685+0100][1032,848s][854][934][info ] Application time: 1,0001101 seconds
[2019-11-28T17:42:59.686+0100][1032,849s][854][934][info ] Entering safepoint region: Cleanup
[2019-11-28T17:42:59.686+0100][1032,849s][854][934][info ] Leaving safepoint region
[2019-11-28T17:42:59.686+0100][1032,849s][854][934][info ] Total time for which application threads were stopped: 0,0006076 seconds, Stopping threads took: 0,0001706 seconds
[2019-11-28T17:43:00.687+0100][1033,849s][854][934][info ] Application time: 1,0001412 seconds
[2019-11-28T17:43:00.687+0100][1033,850s][854][934][info ] Entering safepoint region: Cleanup
[2019-11-28T17:43:00.687+0100][1033,850s][854][934][info ] Leaving safepoint region
[2019-11-28T17:43:00.687+0100][1033,850s][854][934][info ] Total time for which application threads were stopped: 0,0006791 seconds, Stopping threads took: 0,0002071 seconds
[2019-11-28T17:43:01.320+0100][1034,483s][854][933][trace] CMS: promo attempt is safe: available(3673676464) >= av_promo(42009460), max_promo(175338736)
[2019-11-28T17:43:01.688+0100][1034,851s][854][934][info ] Application time: 1,0003415 seconds
[2019-11-28T17:43:01.688+0100][1034,851s][854][934][info ] Entering safepoint region: Cleanup
[2019-11-28T17:43:01.689+0100][1034,851s][854][934][info ] Leaving safepoint region
[2019-11-28T17:43:01.689+0100][1034,852s][854][934][info ] Total time for which application threads were stopped: 0,0005842 seconds, Stopping threads took: 0,0001327 seconds
[2019-11-28T17:43:02.689+0100][1035,852s][854][934][info ] Application time: 1,0001886 seconds
[2019-11-28T17:43:02.689+0100][1035,852s][854][934][info ] Entering safepoint region: Cleanup
[2019-11-28T17:43:02.690+0100][1035,853s][854][934][info ] Leaving safepoint region
[2019-11-28T17:43:02.690+0100][1035,853s][854][934][info ] Total time for which application threads were stopped: 0,0005880 seconds, Stopping threads took: 0,0001864 seconds
[2019-11-28T17:43:03.690+0100][1036,853s][854][934][info ] Application time: 1,0001521 seconds
[2019-11-28T17:43:03.690+0100][1036,853s][854][934][info ] Entering safepoint region: Cleanup
[2019-11-28T17:43:03.690+0100][1036,853s][854][934][info ] Leaving safepoint region
[2019-11-28T17:43:03.690+0100][1036,853s][854][934][info ] Total time for which application threads were stopped: 0,0001159 seconds, Stopping threads took: 0,0000325 seconds
[2019-11-28T17:43:04.690+0100][1037,853s][854][934][info ] Application time: 1,0000980 seconds
[2019-11-28T17:43:04.690+0100][1037,853s][854][934][info ] Entering safepoint region: Cleanup
[2019-11-28T17:43:04.691+0100][1037,854s][854][934][info ] Leaving safepoint region
[2019-11-28T17:43:04.691+0100][1037,854s][854][934][info ] Total time for which application threads were stopped: 0,0005969 seconds, Stopping threads took: 0,0001326 seconds
[2019-11-28T17:43:05.691+0100][1038,854s][854][934][info ] Application time: 1,0001855 seconds
[2019-11-28T17:43:05.691+0100][1038,854s][854][934][info ] Entering safepoint region: Cleanup
[2019-11-28T17:43:05.692+0100][1038,855s][854][934][info ] Leaving safepoint region
[2019-11-28T17:43:05.692+0100][1038,855s][854][934][info ] Total time for which application threads were stopped: 0,0005826 seconds, Stopping threads took: 0,0001137 seconds
[2019-11-28T17:43:06.692+0100][1039,855s][854][934][info ] Application time: 1,0001196 seconds
[2019-11-28T17:43:06.692+0100][1039,855s][854][934][info ] Entering safepoint region: Cleanup
[2019-11-28T17:43:06.693+0100][1039,856s][854][934][info ] Leaving safepoint region
[2019-11-28T17:43:06.693+0100][1039,856s][854][934][info ] Total time for which application threads were stopped: 0,0003302 seconds, Stopping threads took: 0,0001049 seconds
[2019-11-28T17:43:07.693+0100][1040,856s][854][934][info ] Application time: 1,0000844 seconds
[2019-11-28T17:43:07.693+0100][1040,856s][854][934][info ] Entering safepoint region: Cleanup
[2019-11-28T17:43:07.693+0100][1040,856s][854][934][info ] Leaving safepoint region
[2019-11-28T17:43:07.693+0100][1040,856s][854][934][info ] Total time for which application threads were stopped: 0,0001798 seconds, Stopping threads took: 0,0000508 seconds
[2019-11-28T17:43:08.693+0100][1041,856s][854][934][info ] Application time: 1,0002495 seconds
[2019-11-28T17:43:08.694+0100][1041,857s][854][934][info ] Entering safepoint region: Cleanup
[2019-11-28T17:43:08.694+0100][1041,857s][854][934][info ] Leaving safepoint region
[2019-11-28T17:43:08.694+0100][1041,857s][854][934][info ] Total time for which application threads were stopped: 0,0006001 seconds, Stopping threads took: 0,0001298 seconds
[2019-11-28T17:43:09.694+0100][1042,857s][854][934][info ] Application time: 1,0001251 seconds
[2019-11-28T17:43:09.695+0100][1042,858s][854][934][info ] Entering safepoint region: Cleanup
[2019-11-28T17:43:09.695+0100][1042,858s][854][934][info ] Leaving safepoint region
[2019-11-28T17:43:09.695+0100][1042,858s][854][934][info ] Total time for which application threads were stopped: 0,0004993 seconds, Stopping threads took: 0,0001283 seconds
[2019-11-28T17:43:10.695+0100][1043,858s][854][934][info ] Application time: 1,0001716 seconds
[2019-11-28T17:43:10.696+0100][1043,859s][854][934][info ] Entering safepoint region: Cleanup
[2019-11-28T17:43:10.703+0100][1043,866s][854][934][info ] Leaving safepoint region
[2019-11-28T17:43:10.703+0100][1043,866s][854][934][info ] Total time for which application threads were stopped: 0,0072835 seconds, Stopping threads took: 0,0064240 seconds
[2019-11-28T17:43:11.320+0100][1044,483s][854][933][trace] CMS: promo attempt is safe: available(3673676464) >= av_promo(42009460), max_promo(178424944)
[2019-11-28T17:43:11.703+0100][1044,866s][854][934][info ] Application time: 1,0002450 seconds
[2019-11-28T17:43:11.704+0100][1044,867s][854][934][info ] Entering safepoint region: Cleanup
[2019-11-28T17:43:11.704+0100][1044,867s][854][934][info ] Leaving safepoint region
[2019-11-28T17:43:11.704+0100][1044,867s][854][934][info ] Total time for which application threads were stopped: 0,0004033 seconds, Stopping threads took: 0,0001516 seconds
[2019-11-28T17:43:12.704+0100][1045,867s][854][934][info ] Application time: 1,0001228 seconds
[2019-11-28T17:43:12.705+0100][1045,868s][854][934][info ] Entering safepoint region: Cleanup
[2019-11-28T17:43:12.705+0100][1045,868s][854][934][info ] Leaving safepoint region
[2019-11-28T17:43:12.705+0100][1045,868s][854][934][info ] Total time for which application threads were stopped: 0,0005116 seconds, Stopping threads took: 0,0001253 seconds
[2019-11-28T17:43:13.705+0100][1046,868s][854][934][info ] Application time: 1,0001226 seconds
[2019-11-28T17:43:13.705+0100][1046,868s][854][934][info ] Entering safepoint region: Cleanup
[2019-11-28T17:43:13.706+0100][1046,869s][854][934][info ] Leaving safepoint region
[2019-11-28T17:43:13.706+0100][1046,869s][854][934][info ] Total time for which application threads were stopped: 0,0004336 seconds, Stopping threads took: 0,0001102 seconds
[2019-11-28T17:43:14.706+0100][1047,869s][854][934][info ] Application time: 1,0000970 seconds
[2019-11-28T17:43:14.706+0100][1047,869s][854][934][info ] Entering safepoint region: Cleanup
[2019-11-28T17:43:14.706+0100][1047,869s][854][934][info ] Leaving safepoint region
[2019-11-28T17:43:14.706+0100][1047,869s][854][934][info ] Total time for which application threads were stopped: 0,0001419 seconds, Stopping threads took: 0,0000365 seconds
[2019-11-28T17:43:15.706+0100][1048,869s][854][934][info ] Application time: 1,0001494 seconds
[2019-11-28T17:43:15.707+0100][1048,870s][854][934][info ] Entering safepoint region: Cleanup
[2019-11-28T17:43:15.707+0100][1048,870s][854][934][info ] Leaving safepoint region
[2019-11-28T17:43:15.707+0100][1048,870s][854][934][info ] Total time for which application threads were stopped: 0,0004066 seconds, Stopping threads took: 0,0001113 seconds
[2019-11-28T17:43:16.707+0100][1049,870s][854][934][info ] Application time: 1,0001605 seconds
[2019-11-28T17:43:16.708+0100][1049,871s][854][934][info ] Entering safepoint region: Cleanup
[2019-11-28T17:43:16.708+0100][1049,871s][854][934][info ] Leaving safepoint region
[2019-11-28T17:43:16.709+0100][1049,872s][854][934][info ] Total time for which application threads were stopped: 0,0010272 seconds, Stopping threads took: 0,0003990 seconds
[2019-11-28T17:43:17.709+0100][1050,872s][854][934][info ] Application time: 1,0001815 seconds
[2019-11-28T17:43:17.709+0100][1050,872s][854][934][info ] Entering safepoint region: Cleanup
[2019-11-28T17:43:17.710+0100][1050,873s][854][934][info ] Leaving safepoint region
[2019-11-28T17:43:17.710+0100][1050,873s][854][934][info ] Total time for which application threads were stopped: 0,0006616 seconds, Stopping threads took: 0,0001665 seconds
[2019-11-28T17:43:18.710+0100][1051,873s][854][934][info ] Application time: 1,0001464 seconds
[2019-11-28T17:43:18.710+0100][1051,873s][854][934][info ] Entering safepoint region: Cleanup
[2019-11-28T17:43:18.711+0100][1051,874s][854][934][info ] Leaving safepoint region
[2019-11-28T17:43:18.711+0100][1051,874s][854][934][info ] Total time for which application threads were stopped: 0,0006736 seconds, Stopping threads took: 0,0001666 seconds
[2019-11-28T17:43:19.711+0100][1052,874s][854][934][info ] Application time: 1,0001985 seconds
[2019-11-28T17:43:19.712+0100][1052,874s][854][934][info ] Entering safepoint region: Cleanup
[2019-11-28T17:43:19.712+0100][1052,875s][854][934][info ] Leaving safepoint region
[2019-11-28T17:43:19.712+0100][1052,875s][854][934][info ] Total time for which application threads were stopped: 0,0006303 seconds, Stopping threads took: 0,0002810 seconds
[2019-11-28T17:43:20.712+0100][1053,875s][854][934][info ] Application time: 1,0001604 seconds
[2019-11-28T17:43:20.713+0100][1053,876s][854][934][info ] Entering safepoint region: Cleanup
[2019-11-28T17:43:20.713+0100][1053,876s][854][934][info ] Leaving safepoint region
[2019-11-28T17:43:20.719+0100][1053,882s][854][934][info ] Total time for which application threads were stopped: 0,0059242 seconds, Stopping threads took: 0,0001608 seconds
[2019-11-28T17:43:21.319+0100][1054,482s][854][933][trace] CMS: promo attempt is safe: available(3673676464) >= av_promo(42009460), max_promo(182392472)
[2019-11-28T17:43:21.719+0100][1054,882s][854][934][info ] Application time: 1,0001897 seconds
[2019-11-28T17:43:21.719+0100][1054,882s][854][934][info ] Entering safepoint region: Cleanup
[2019-11-28T17:43:21.720+0100][1054,883s][854][934][info ] Leaving safepoint region
[2019-11-28T17:43:21.720+0100][1054,883s][854][934][info ] Total time for which application threads were stopped: 0,0007920 seconds, Stopping threads took: 0,0001303 seconds
[2019-11-28T17:43:22.720+0100][1055,883s][854][934][info ] Application time: 1,0001460 seconds
[2019-11-28T17:43:22.720+0100][1055,883s][854][934][info ] Entering safepoint region: Cleanup
[2019-11-28T17:43:22.721+0100][1055,884s][854][934][info ] Leaving safepoint region
[2019-11-28T17:43:22.721+0100][1055,884s][854][934][info ] Total time for which application threads were stopped: 0,0006346 seconds, Stopping threads took: 0,0001582 seconds
[2019-11-28T17:43:23.721+0100][1056,884s][854][934][info ] Application time: 1,0002235 seconds
[2019-11-28T17:43:23.722+0100][1056,885s][854][934][info ] Entering safepoint region: Cleanup
[2019-11-28T17:43:23.722+0100][1056,885s][854][934][info ] Leaving safepoint region
[2019-11-28T17:43:23.722+0100][1056,885s][854][934][info ] Total time for which application threads were stopped: 0,0004380 seconds, Stopping threads took: 0,0001426 seconds
[2019-11-28T17:43:24.722+0100][1057,885s][854][934][info ] Application time: 1,0001249 seconds
[2019-11-28T17:43:24.722+0100][1057,885s][854][934][info ] Entering safepoint region: Cleanup
[2019-11-28T17:43:24.723+0100][1057,886s][854][934][info ] Leaving safepoint region
[2019-11-28T17:43:24.723+0100][1057,886s][854][934][info ] Total time for which application threads were stopped: 0,0003704 seconds, Stopping threads took: 0,0000958 seconds
[2019-11-28T17:43:25.723+0100][1058,886s][854][934][info ] Application time: 1,0001150 seconds
[2019-11-28T17:43:25.723+0100][1058,886s][854][934][info ] Entering safepoint region: Cleanup
[2019-11-28T17:43:25.723+0100][1058,886s][854][934][info ] Leaving safepoint region
[2019-11-28T17:43:25.724+0100][1058,887s][854][934][info ] Total time for which application threads were stopped: 0,0005550 seconds, Stopping threads took: 0,0001363 seconds
[2019-11-28T17:43:26.724+0100][1059,887s][854][934][info ] Application time: 1,0001514 seconds
[2019-11-28T17:43:26.724+0100][1059,887s][854][934][info ] Entering safepoint region: Cleanup
[2019-11-28T17:43:26.724+0100][1059,887s][854][934][info ] Leaving safepoint region
[2019-11-28T17:43:26.724+0100][1059,887s][854][934][info ] Total time for which application threads were stopped: 0,0003147 seconds, Stopping threads took: 0,0000399 seconds
[2019-11-28T17:43:27.724+0100][1060,887s][854][934][info ] Application time: 1,0001469 seconds
[2019-11-28T17:43:27.725+0100][1060,888s][854][934][info ] Entering safepoint region: Cleanup
[2019-11-28T17:43:27.725+0100][1060,888s][854][934][info ] Leaving safepoint region
[2019-11-28T17:43:27.725+0100][1060,888s][854][934][info ] Total time for which application threads were stopped: 0,0005063 seconds, Stopping threads took: 0,0001525 seconds
[2019-11-28T17:43:28.725+0100][1061,888s][854][934][info ] Application time: 1,0001076 seconds
[2019-11-28T17:43:28.725+0100][1061,888s][854][934][info ] Entering safepoint region: Cleanup
[2019-11-28T17:43:28.726+0100][1061,889s][854][934][info ] Leaving safepoint region
[2019-11-28T17:43:28.726+0100][1061,889s][854][934][info ] Total time for which application threads were stopped: 0,0001473 seconds, Stopping threads took: 0,0000380 seconds
[2019-11-28T17:43:29.726+0100][1062,889s][854][934][info ] Application time: 1,0001099 seconds
[2019-11-28T17:43:29.726+0100][1062,889s][854][934][info ] Entering safepoint region: Cleanup
[2019-11-28T17:43:29.726+0100][1062,889s][854][934][info ] Leaving safepoint region
[2019-11-28T17:43:29.726+0100][1062,889s][854][934][info ] Total time for which application threads were stopped: 0,0002177 seconds, Stopping threads took: 0,0000661 seconds
[2019-11-28T17:43:30.726+0100][1063,889s][854][934][info ] Application time: 1,0001027 seconds
[2019-11-28T17:43:30.727+0100][1063,890s][854][934][info ] Entering safepoint region: Cleanup
[2019-11-28T17:43:30.727+0100][1063,890s][854][934][info ] Leaving safepoint region
[2019-11-28T17:43:30.727+0100][1063,890s][854][934][info ] Total time for which application threads were stopped: 0,0004836 seconds, Stopping threads took: 0,0001408 seconds
[2019-11-28T17:43:31.318+0100][1064,481s][854][933][trace] CMS: promo attempt is safe: available(3673676464) >= av_promo(42009460), max_promo(185478680)
[2019-11-28T17:43:31.727+0100][1064,890s][854][934][info ] Application time: 1,0001260 seconds
[2019-11-28T17:43:31.727+0100][1064,890s][854][934][info ] Entering safepoint region: Cleanup
[2019-11-28T17:43:31.728+0100][1064,891s][854][934][info ] Leaving safepoint region
[2019-11-28T17:43:31.728+0100][1064,891s][854][934][info ] Total time for which application threads were stopped: 0,0006187 seconds, Stopping threads took: 0,0001541 seconds
[2019-11-28T17:43:32.728+0100][1065,891s][854][934][info ] Application time: 1,0001370 seconds
[2019-11-28T17:43:32.729+0100][1065,892s][854][934][info ] Entering safepoint region: Cleanup
[2019-11-28T17:43:32.729+0100][1065,892s][854][934][info ] Leaving safepoint region
[2019-11-28T17:43:32.729+0100][1065,892s][854][934][info ] Total time for which application threads were stopped: 0,0006150 seconds, Stopping threads took: 0,0001787 seconds
[2019-11-28T17:43:33.729+0100][1066,892s][854][934][info ] Application time: 1,0001204 seconds
[2019-11-28T17:43:33.729+0100][1066,892s][854][934][info ] Entering safepoint region: Cleanup
[2019-11-28T17:43:33.730+0100][1066,893s][854][934][info ] Leaving safepoint region
[2019-11-28T17:43:33.730+0100][1066,893s][854][934][info ] Total time for which application threads were stopped: 0,0005666 seconds, Stopping threads took: 0,0001167 seconds
[2019-11-28T17:43:34.730+0100][1067,893s][854][934][info ] Application time: 1,0001263 seconds
[2019-11-28T17:43:34.730+0100][1067,893s][854][934][info ] Entering safepoint region: Cleanup
[2019-11-28T17:43:34.731+0100][1067,894s][854][934][info ] Leaving safepoint region
[2019-11-28T17:43:34.731+0100][1067,894s][854][934][info ] Total time for which application threads were stopped: 0,0003174 seconds, Stopping threads took: 0,0000797 seconds
[2019-11-28T17:43:35.731+0100][1068,894s][854][934][info ] Application time: 1,0001480 seconds
[2019-11-28T17:43:35.731+0100][1068,894s][854][934][info ] Entering safepoint region: Cleanup
[2019-11-28T17:43:35.731+0100][1068,894s][854][934][info ] Leaving safepoint region
[2019-11-28T17:43:35.731+0100][1068,894s][854][934][info ] Total time for which application threads were stopped: 0,0001860 seconds, Stopping threads took: 0,0000495 seconds
[2019-11-28T17:43:36.731+0100][1069,894s][854][934][info ] Application time: 1,0001981 seconds
[2019-11-28T17:43:36.732+0100][1069,895s][854][934][info ] Entering safepoint region: Cleanup
[2019-11-28T17:43:36.732+0100][1069,895s][854][934][info ] Leaving safepoint region
[2019-11-28T17:43:36.732+0100][1069,895s][854][934][info ] Total time for which application threads were stopped: 0,0007353 seconds, Stopping threads took: 0,0002615 seconds
[2019-11-28T17:43:37.733+0100][1070,896s][854][934][info ] Application time: 1,0001223 seconds
[2019-11-28T17:43:37.733+0100][1070,896s][854][934][info ] Entering safepoint region: Cleanup
[2019-11-28T17:43:37.733+0100][1070,896s][854][934][info ] Leaving safepoint region
[2019-11-28T17:43:37.733+0100][1070,896s][854][934][info ] Total time for which application threads were stopped: 0,0002183 seconds, Stopping threads took: 0,0000667 seconds
[2019-11-28T17:43:38.733+0100][1071,896s][854][934][info ] Application time: 1,0000896 seconds
[2019-11-28T17:43:38.733+0100][1071,896s][854][934][info ] Entering safepoint region: Cleanup
[2019-11-28T17:43:38.733+0100][1071,896s][854][934][info ] Leaving safepoint region
[2019-11-28T17:43:38.733+0100][1071,896s][854][934][info ] Total time for which application threads were stopped: 0,0001590 seconds, Stopping threads took: 0,0000381 seconds
[2019-11-28T17:43:39.733+0100][1072,896s][854][934][info ] Application time: 1,0001000 seconds
[2019-11-28T17:43:39.734+0100][1072,897s][854][934][info ] Entering safepoint region: Cleanup
[2019-11-28T17:43:39.734+0100][1072,897s][854][934][info ] Leaving safepoint region
[2019-11-28T17:43:39.734+0100][1072,897s][854][934][info ] Total time for which application threads were stopped: 0,0005085 seconds, Stopping threads took: 0,0001281 seconds
[2019-11-28T17:43:40.734+0100][1073,897s][854][934][info ] Application time: 1,0001513 seconds
[2019-11-28T17:43:40.735+0100][1073,898s][854][934][info ] Entering safepoint region: Cleanup
[2019-11-28T17:43:40.735+0100][1073,898s][854][934][info ] Leaving safepoint region
[2019-11-28T17:43:40.735+0100][1073,898s][854][934][info ] Total time for which application threads were stopped: 0,0004963 seconds, Stopping threads took: 0,0001449 seconds
[2019-11-28T17:43:41.318+0100][1074,481s][854][933][trace] CMS: promo attempt is safe: available(3673676464) >= av_promo(42009460), max_promo(188564888)
[2019-11-28T17:43:41.735+0100][1074,898s][854][934][info ] Application time: 1,0001130 seconds
[2019-11-28T17:43:41.735+0100][1074,898s][854][934][info ] Entering safepoint region: Cleanup
[2019-11-28T17:43:41.736+0100][1074,899s][854][934][info ] Leaving safepoint region
[2019-11-28T17:43:41.736+0100][1074,899s][854][934][info ] Total time for which application threads were stopped: 0,0002942 seconds, Stopping threads took: 0,0000639 seconds
[2019-11-28T17:43:42.736+0100][1075,899s][854][934][info ] Application time: 1,0000770 seconds
[2019-11-28T17:43:42.736+0100][1075,899s][854][934][info ] Entering safepoint region: Cleanup
[2019-11-28T17:43:42.736+0100][1075,899s][854][934][info ] Leaving safepoint region
[2019-11-28T17:43:42.736+0100][1075,899s][854][934][info ] Total time for which application threads were stopped: 0,0001475 seconds, Stopping threads took: 0,0000373 seconds
[2019-11-28T17:43:43.736+0100][1076,899s][854][934][info ] Application time: 1,0000736 seconds
[2019-11-28T17:43:43.736+0100][1076,899s][854][934][info ] Entering safepoint region: Cleanup
[2019-11-28T17:43:43.736+0100][1076,899s][854][934][info ] Leaving safepoint region
[2019-11-28T17:43:43.736+0100][1076,899s][854][934][info ] Total time for which application threads were stopped: 0,0001428 seconds, Stopping threads took: 0,0000363 seconds
[2019-11-28T17:43:44.737+0100][1077,900s][854][934][info ] Application time: 1,0002690 seconds
[2019-11-28T17:43:44.737+0100][1077,900s][854][934][info ] Entering safepoint region: Cleanup
[2019-11-28T17:43:44.737+0100][1077,900s][854][934][info ] Leaving safepoint region
[2019-11-28T17:43:44.737+0100][1077,900s][854][934][info ] Total time for which application threads were stopped: 0,0005154 seconds, Stopping threads took: 0,0001319 seconds
[2019-11-28T17:43:45.738+0100][1078,901s][854][934][info ] Application time: 1,0002211 seconds
[2019-11-28T17:43:45.738+0100][1078,901s][854][934][info ] Entering safepoint region: Cleanup
[2019-11-28T17:43:45.738+0100][1078,901s][854][934][info ] Leaving safepoint region
[2019-11-28T17:43:45.738+0100][1078,901s][854][934][info ] Total time for which application threads were stopped: 0,0006359 seconds, Stopping threads took: 0,0001648 seconds
[2019-11-28T17:43:46.739+0100][1079,902s][854][934][info ] Application time: 1,0001318 seconds
[2019-11-28T17:43:46.739+0100][1079,902s][854][934][info ] Entering safepoint region: Cleanup
[2019-11-28T17:43:46.739+0100][1079,902s][854][934][info ] Leaving safepoint region
[2019-11-28T17:43:46.739+0100][1079,902s][854][934][info ] Total time for which application threads were stopped: 0,0001181 seconds, Stopping threads took: 0,0000275 seconds
[2019-11-28T17:43:47.739+0100][1080,902s][854][934][info ] Application time: 1,0000662 seconds
[2019-11-28T17:43:47.739+0100][1080,902s][854][934][info ] Entering safepoint region: Cleanup
[2019-11-28T17:43:47.739+0100][1080,902s][854][934][info ] Leaving safepoint region
[2019-11-28T17:43:47.739+0100][1080,902s][854][934][info ] Total time for which application threads were stopped: 0,0001725 seconds, Stopping threads took: 0,0000362 seconds
[2019-11-28T17:43:48.739+0100][1081,902s][854][934][info ] Application time: 1,0001313 seconds
[2019-11-28T17:43:48.740+0100][1081,902s][854][934][info ] Entering safepoint region: Cleanup
[2019-11-28T17:43:48.740+0100][1081,903s][854][934][info ] Leaving safepoint region
[2019-11-28T17:43:48.740+0100][1081,903s][854][934][info ] Total time for which application threads were stopped: 0,0001774 seconds, Stopping threads took: 0,0000404 seconds
[2019-11-28T17:43:49.740+0100][1082,903s][854][934][info ] Application time: 1,0001485 seconds
[2019-11-28T17:43:49.740+0100][1082,903s][854][934][info ] Entering safepoint region: Cleanup
[2019-11-28T17:43:49.740+0100][1082,903s][854][934][info ] Leaving safepoint region
[2019-11-28T17:43:49.740+0100][1082,903s][854][934][info ] Total time for which application threads were stopped: 0,0004787 seconds, Stopping threads took: 0,0001749 seconds
[2019-11-28T17:43:50.741+0100][1083,904s][854][934][info ] Application time: 1,0001333 seconds
[2019-11-28T17:43:50.741+0100][1083,904s][854][934][info ] Entering safepoint region: Cleanup
[2019-11-28T17:43:50.741+0100][1083,904s][854][934][info ] Leaving safepoint region
[2019-11-28T17:43:50.741+0100][1083,904s][854][934][info ] Total time for which application threads were stopped: 0,0001399 seconds, Stopping threads took: 0,0000327 seconds
[2019-11-28T17:43:51.318+0100][1084,481s][854][933][trace] CMS: promo attempt is safe: available(3673676464) >= av_promo(42009460), max_promo(191051688)
[2019-11-28T17:43:51.741+0100][1084,904s][854][934][info ] Application time: 1,0001119 seconds
[2019-11-28T17:43:51.741+0100][1084,904s][854][934][info ] Entering safepoint region: Cleanup
[2019-11-28T17:43:51.741+0100][1084,904s][854][934][info ] Leaving safepoint region
[2019-11-28T17:43:51.742+0100][1084,905s][854][934][info ] Total time for which application threads were stopped: 0,0003839 seconds, Stopping threads took: 0,0001285 seconds
[2019-11-28T17:43:52.742+0100][1085,905s][854][934][info ] Application time: 1,0000952 seconds
[2019-11-28T17:43:52.742+0100][1085,905s][854][934][info ] Entering safepoint region: Cleanup
[2019-11-28T17:43:52.742+0100][1085,905s][854][934][info ] Leaving safepoint region
[2019-11-28T17:43:52.742+0100][1085,905s][854][934][info ] Total time for which application threads were stopped: 0,0003206 seconds, Stopping threads took: 0,0000868 seconds
[2019-11-28T17:43:53.742+0100][1086,905s][854][934][info ] Application time: 1,0001580 seconds
[2019-11-28T17:43:53.742+0100][1086,905s][854][934][info ] Entering safepoint region: Cleanup
[2019-11-28T17:43:53.743+0100][1086,906s][854][934][info ] Leaving safepoint region
[2019-11-28T17:43:53.743+0100][1086,906s][854][934][info ] Total time for which application threads were stopped: 0,0004812 seconds, Stopping threads took: 0,0001114 seconds
[2019-11-28T17:43:54.743+0100][1087,906s][854][934][info ] Application time: 1,0001715 seconds
[2019-11-28T17:43:54.743+0100][1087,906s][854][934][info ] Entering safepoint region: Cleanup
[2019-11-28T17:43:54.744+0100][1087,907s][854][934][info ] Leaving safepoint region
[2019-11-28T17:43:54.744+0100][1087,907s][854][934][info ] Total time for which application threads were stopped: 0,0005373 seconds, Stopping threads took: 0,0001170 seconds
[2019-11-28T17:43:55.744+0100][1088,907s][854][934][info ] Application time: 1,0002687 seconds
[2019-11-28T17:43:55.744+0100][1088,907s][854][934][info ] Entering safepoint region: Cleanup
[2019-11-28T17:43:55.745+0100][1088,908s][854][934][info ] Leaving safepoint region
[2019-11-28T17:43:55.745+0100][1088,908s][854][934][info ] Total time for which application threads were stopped: 0,0005922 seconds, Stopping threads took: 0,0001532 seconds
[2019-11-28T17:43:56.745+0100][1089,908s][854][934][info ] Application time: 1,0001415 seconds
[2019-11-28T17:43:56.746+0100][1089,909s][854][934][info ] Entering safepoint region: Cleanup
[2019-11-28T17:43:56.746+0100][1089,909s][854][934][info ] Leaving safepoint region
[2019-11-28T17:43:56.746+0100][1089,909s][854][934][info ] Total time for which application threads were stopped: 0,0004895 seconds, Stopping threads took: 0,0001554 seconds
[2019-11-28T17:43:57.746+0100][1090,909s][854][934][info ] Application time: 1,0003128 seconds
[2019-11-28T17:43:57.747+0100][1090,910s][854][934][info ] Entering safepoint region: Cleanup
[2019-11-28T17:43:57.747+0100][1090,910s][854][934][info ] Leaving safepoint region
[2019-11-28T17:43:57.747+0100][1090,910s][854][934][info ] Total time for which application threads were stopped: 0,0005180 seconds, Stopping threads took: 0,0001322 seconds
[2019-11-28T17:43:58.747+0100][1091,910s][854][934][info ] Application time: 1,0002061 seconds
[2019-11-28T17:43:58.748+0100][1091,911s][854][934][info ] Entering safepoint region: Cleanup
[2019-11-28T17:43:58.748+0100][1091,911s][854][934][info ] Leaving safepoint region
[2019-11-28T17:43:58.748+0100][1091,911s][854][934][info ] Total time for which application threads were stopped: 0,0005419 seconds, Stopping threads took: 0,0001537 seconds
[2019-11-28T17:43:59.749+0100][1092,912s][854][934][info ] Application time: 1,0001772 seconds
[2019-11-28T17:43:59.749+0100][1092,912s][854][934][info ] Entering safepoint region: Cleanup
[2019-11-28T17:43:59.749+0100][1092,912s][854][934][info ] Leaving safepoint region
[2019-11-28T17:43:59.749+0100][1092,912s][854][934][info ] Total time for which application threads were stopped: 0,0005642 seconds, Stopping threads took: 0,0001466 seconds
[2019-11-28T17:44:00.750+0100][1093,913s][854][934][info ] Application time: 1,0001476 seconds
[2019-11-28T17:44:00.750+0100][1093,913s][854][934][info ] Entering safepoint region: Cleanup
[2019-11-28T17:44:00.751+0100][1093,914s][854][934][info ] Leaving safepoint region
[2019-11-28T17:44:00.751+0100][1093,914s][854][934][info ] Total time for which application threads were stopped: 0,0007003 seconds, Stopping threads took: 0,0001831 seconds
[2019-11-28T17:44:01.317+0100][1094,480s][854][933][trace] CMS: promo attempt is safe: available(3673676464) >= av_promo(42009460), max_promo(194309040)
[2019-11-28T17:44:01.751+0100][1094,914s][854][934][info ] Application time: 1,0002365 seconds
[2019-11-28T17:44:01.751+0100][1094,914s][854][934][info ] Entering safepoint region: Cleanup
[2019-11-28T17:44:01.751+0100][1094,914s][854][934][info ] Leaving safepoint region
[2019-11-28T17:44:01.751+0100][1094,914s][854][934][info ] Total time for which application threads were stopped: 0,0001403 seconds, Stopping threads took: 0,0000321 seconds
[2019-11-28T17:44:02.752+0100][1095,915s][854][934][info ] Application time: 1,0001717 seconds
[2019-11-28T17:44:02.752+0100][1095,915s][854][934][info ] Entering safepoint region: Cleanup
[2019-11-28T17:44:02.752+0100][1095,915s][854][934][info ] Leaving safepoint region
[2019-11-28T17:44:02.752+0100][1095,915s][854][934][info ] Total time for which application threads were stopped: 0,0005514 seconds, Stopping threads took: 0,0001227 seconds
[2019-11-28T17:44:03.753+0100][1096,916s][854][934][info ] Application time: 1,0001942 seconds
[2019-11-28T17:44:03.753+0100][1096,916s][854][934][info ] Entering safepoint region: Cleanup
[2019-11-28T17:44:03.753+0100][1096,916s][854][934][info ] Leaving safepoint region
[2019-11-28T17:44:03.753+0100][1096,916s][854][934][info ] Total time for which application threads were stopped: 0,0005555 seconds, Stopping threads took: 0,0001166 seconds
[2019-11-28T17:44:04.754+0100][1097,917s][854][934][info ] Application time: 1,0002555 seconds
[2019-11-28T17:44:04.754+0100][1097,917s][854][934][info ] Entering safepoint region: Cleanup
[2019-11-28T17:44:04.754+0100][1097,917s][854][934][info ] Leaving safepoint region
[2019-11-28T17:44:04.755+0100][1097,918s][854][934][info ] Total time for which application threads were stopped: 0,0005441 seconds, Stopping threads took: 0,0001162 seconds
[2019-11-28T17:44:05.755+0100][1098,918s][854][934][info ] Application time: 1,0002043 seconds
[2019-11-28T17:44:05.755+0100][1098,918s][854][934][info ] Entering safepoint region: Cleanup
[2019-11-28T17:44:05.756+0100][1098,919s][854][934][info ] Leaving safepoint region
[2019-11-28T17:44:05.756+0100][1098,919s][854][934][info ] Total time for which application threads were stopped: 0,0007686 seconds, Stopping threads took: 0,0001506 seconds
[2019-11-28T17:44:06.756+0100][1099,919s][854][934][info ] Application time: 1,0001072 seconds
[2019-11-28T17:44:06.756+0100][1099,919s][854][934][info ] Entering safepoint region: Cleanup
[2019-11-28T17:44:06.756+0100][1099,919s][854][934][info ] Leaving safepoint region
[2019-11-28T17:44:06.756+0100][1099,919s][854][934][info ] Total time for which application threads were stopped: 0,0001622 seconds, Stopping threads took: 0,0000453 seconds
[2019-11-28T17:44:07.756+0100][1100,919s][854][934][info ] Application time: 1,0001492 seconds
[2019-11-28T17:44:07.757+0100][1100,920s][854][934][info ] Entering safepoint region: Cleanup
[2019-11-28T17:44:07.757+0100][1100,920s][854][934][info ] Leaving safepoint region
[2019-11-28T17:44:07.757+0100][1100,920s][854][934][info ] Total time for which application threads were stopped: 0,0003975 seconds, Stopping threads took: 0,0000790 seconds
[2019-11-28T17:44:08.757+0100][1101,920s][854][934][info ] Application time: 1,0000880 seconds
[2019-11-28T17:44:08.757+0100][1101,920s][854][934][info ] Entering safepoint region: Cleanup
[2019-11-28T17:44:08.757+0100][1101,920s][854][934][info ] Leaving safepoint region
[2019-11-28T17:44:08.757+0100][1101,920s][854][934][info ] Total time for which application threads were stopped: 0,0001481 seconds, Stopping threads took: 0,0000370 seconds
[2019-11-28T17:44:09.757+0100][1102,920s][854][934][info ] Application time: 1,0001708 seconds
[2019-11-28T17:44:09.758+0100][1102,921s][854][934][info ] Entering safepoint region: Cleanup
[2019-11-28T17:44:09.758+0100][1102,921s][854][934][info ] Leaving safepoint region
[2019-11-28T17:44:09.758+0100][1102,921s][854][934][info ] Total time for which application threads were stopped: 0,0005055 seconds, Stopping threads took: 0,0001201 seconds
[2019-11-28T17:44:10.758+0100][1103,921s][854][934][info ] Application time: 1,0001876 seconds
[2019-11-28T17:44:10.759+0100][1103,922s][854][934][info ] Entering safepoint region: Cleanup
[2019-11-28T17:44:10.759+0100][1103,922s][854][934][info ] Leaving safepoint region
[2019-11-28T17:44:10.759+0100][1103,922s][854][934][info ] Total time for which application threads were stopped: 0,0004854 seconds, Stopping threads took: 0,0001279 seconds
[2019-11-28T17:44:11.316+0100][1104,479s][854][933][trace] CMS: promo attempt is safe: available(3673676464) >= av_promo(42009460), max_promo(197813944)
[2019-11-28T17:44:11.759+0100][1104,922s][854][934][info ] Application time: 1,0001975 seconds
[2019-11-28T17:44:11.760+0100][1104,923s][854][934][info ] Entering safepoint region: Cleanup
[2019-11-28T17:44:11.760+0100][1104,923s][854][934][info ] Leaving safepoint region
[2019-11-28T17:44:11.760+0100][1104,923s][854][934][info ] Total time for which application threads were stopped: 0,0006598 seconds, Stopping threads took: 0,0002466 seconds
[2019-11-28T17:44:12.761+0100][1105,924s][854][934][info ] Application time: 1,0002818 seconds
[2019-11-28T17:44:12.761+0100][1105,924s][854][934][info ] Entering safepoint region: Cleanup
[2019-11-28T17:44:12.761+0100][1105,924s][854][934][info ] Leaving safepoint region
[2019-11-28T17:44:12.762+0100][1105,925s][854][934][info ] Total time for which application threads were stopped: 0,0007390 seconds, Stopping threads took: 0,0001962 seconds
[2019-11-28T17:44:13.762+0100][1106,925s][854][934][info ] Application time: 1,0001170 seconds
[2019-11-28T17:44:13.762+0100][1106,925s][854][934][info ] Entering safepoint region: Cleanup
[2019-11-28T17:44:13.762+0100][1106,925s][854][934][info ] Leaving safepoint region
[2019-11-28T17:44:13.762+0100][1106,925s][854][934][info ] Total time for which application threads were stopped: 0,0003710 seconds, Stopping threads took: 0,0000909 seconds
[2019-11-28T17:44:14.762+0100][1107,925s][854][934][info ] Application time: 1,0001090 seconds
[2019-11-28T17:44:14.763+0100][1107,926s][854][934][info ] Entering safepoint region: Cleanup
[2019-11-28T17:44:14.763+0100][1107,926s][854][934][info ] Leaving safepoint region
[2019-11-28T17:44:14.763+0100][1107,926s][854][934][info ] Total time for which application threads were stopped: 0,0004159 seconds, Stopping threads took: 0,0001109 seconds
[2019-11-28T17:44:15.763+0100][1108,926s][854][934][info ] Application time: 1,0001877 seconds
[2019-11-28T17:44:15.764+0100][1108,927s][854][934][info ] Entering safepoint region: Cleanup
[2019-11-28T17:44:15.764+0100][1108,927s][854][934][info ] Leaving safepoint region
[2019-11-28T17:44:15.764+0100][1108,927s][854][934][info ] Total time for which application threads were stopped: 0,0007112 seconds, Stopping threads took: 0,0003203 seconds
[2019-11-28T17:44:16.764+0100][1109,927s][854][934][info ] Application time: 1,0001911 seconds
[2019-11-28T17:44:16.765+0100][1109,928s][854][934][info ] Entering safepoint region: Cleanup
[2019-11-28T17:44:16.765+0100][1109,928s][854][934][info ] Leaving safepoint region
[2019-11-28T17:44:16.765+0100][1109,928s][854][934][info ] Total time for which application threads were stopped: 0,0005089 seconds, Stopping threads took: 0,0001596 seconds
[2019-11-28T17:44:17.765+0100][1110,928s][854][934][info ] Application time: 1,0001139 seconds
[2019-11-28T17:44:17.766+0100][1110,929s][854][934][info ] Entering safepoint region: Cleanup
[2019-11-28T17:44:17.766+0100][1110,929s][854][934][info ] Leaving safepoint region
[2019-11-28T17:44:17.766+0100][1110,929s][854][934][info ] Total time for which application threads were stopped: 0,0005675 seconds, Stopping threads took: 0,0001789 seconds
[2019-11-28T17:44:18.767+0100][1111,930s][854][934][info ] Application time: 1,0003113 seconds
[2019-11-28T17:44:18.767+0100][1111,930s][854][934][info ] Entering safepoint region: Cleanup
[2019-11-28T17:44:18.768+0100][1111,931s][854][934][info ] Leaving safepoint region
[2019-11-28T17:44:18.768+0100][1111,931s][854][934][info ] Total time for which application threads were stopped: 0,0012530 seconds, Stopping threads took: 0,0001781 seconds
[2019-11-28T17:44:19.768+0100][1112,931s][854][934][info ] Application time: 1,0002120 seconds
[2019-11-28T17:44:19.769+0100][1112,932s][854][934][info ] Entering safepoint region: Cleanup
[2019-11-28T17:44:19.769+0100][1112,932s][854][934][info ] Leaving safepoint region
[2019-11-28T17:44:19.769+0100][1112,932s][854][934][info ] Total time for which application threads were stopped: 0,0005057 seconds, Stopping threads took: 0,0001620 seconds
[2019-11-28T17:44:20.769+0100][1113,932s][854][934][info ] Application time: 1,0001374 seconds
[2019-11-28T17:44:20.769+0100][1113,932s][854][934][info ] Entering safepoint region: Cleanup
[2019-11-28T17:44:20.770+0100][1113,933s][854][934][info ] Leaving safepoint region
[2019-11-28T17:44:20.770+0100][1113,933s][854][934][info ] Total time for which application threads were stopped: 0,0005746 seconds, Stopping threads took: 0,0001414 seconds
[2019-11-28T17:44:21.317+0100][1114,480s][854][933][trace] CMS: promo attempt is safe: available(3673676464) >= av_promo(42009460), max_promo(201273000)
[2019-11-28T17:44:21.770+0100][1114,933s][854][934][info ] Application time: 1,0001359 seconds
[2019-11-28T17:44:21.770+0100][1114,933s][854][934][info ] Entering safepoint region: Cleanup
[2019-11-28T17:44:21.771+0100][1114,934s][854][934][info ] Leaving safepoint region
[2019-11-28T17:44:21.771+0100][1114,934s][854][934][info ] Total time for which application threads were stopped: 0,0003897 seconds, Stopping threads took: 0,0001334 seconds
[2019-11-28T17:44:22.771+0100][1115,934s][854][934][info ] Application time: 1,0001570 seconds
[2019-11-28T17:44:22.771+0100][1115,934s][854][934][info ] Entering safepoint region: Cleanup
[2019-11-28T17:44:22.772+0100][1115,935s][854][934][info ] Leaving safepoint region
[2019-11-28T17:44:22.772+0100][1115,935s][854][934][info ] Total time for which application threads were stopped: 0,0008394 seconds, Stopping threads took: 0,0003023 seconds
[2019-11-28T17:44:23.772+0100][1116,935s][854][934][info ] Application time: 1,0000851 seconds
[2019-11-28T17:44:23.772+0100][1116,935s][854][934][info ] Entering safepoint region: Cleanup
[2019-11-28T17:44:23.772+0100][1116,935s][854][934][info ] Leaving safepoint region
[2019-11-28T17:44:23.772+0100][1116,935s][854][934][info ] Total time for which application threads were stopped: 0,0001116 seconds, Stopping threads took: 0,0000244 seconds
[2019-11-28T17:44:24.773+0100][1117,936s][854][934][info ] Application time: 1,0001654 seconds
[2019-11-28T17:44:24.773+0100][1117,936s][854][934][info ] Entering safepoint region: Cleanup
[2019-11-28T17:44:24.773+0100][1117,936s][854][934][info ] Leaving safepoint region
[2019-11-28T17:44:24.773+0100][1117,936s][854][934][info ] Total time for which application threads were stopped: 0,0004865 seconds, Stopping threads took: 0,0001571 seconds
[2019-11-28T17:44:25.773+0100][1118,936s][854][934][info ] Application time: 1,0001160 seconds
[2019-11-28T17:44:25.774+0100][1118,937s][854][934][info ] Entering safepoint region: Cleanup
[2019-11-28T17:44:25.774+0100][1118,937s][854][934][info ] Leaving safepoint region
[2019-11-28T17:44:25.774+0100][1118,937s][854][934][info ] Total time for which application threads were stopped: 0,0003821 seconds, Stopping threads took: 0,0000855 seconds
[2019-11-28T17:44:26.775+0100][1119,938s][854][934][info ] Application time: 1,0010041 seconds
[2019-11-28T17:44:26.775+0100][1119,938s][854][934][info ] Entering safepoint region: Cleanup
[2019-11-28T17:44:26.775+0100][1119,938s][854][934][info ] Leaving safepoint region
[2019-11-28T17:44:26.775+0100][1119,938s][854][934][info ] Total time for which application threads were stopped: 0,0001492 seconds, Stopping threads took: 0,0000406 seconds
[2019-11-28T17:44:27.775+0100][1120,938s][854][934][info ] Application time: 1,0001114 seconds
[2019-11-28T17:44:27.776+0100][1120,939s][854][934][info ] Entering safepoint region: Cleanup
[2019-11-28T17:44:27.776+0100][1120,939s][854][934][info ] Leaving safepoint region
[2019-11-28T17:44:27.776+0100][1120,939s][854][934][info ] Total time for which application threads were stopped: 0,0004207 seconds, Stopping threads took: 0,0000994 seconds
[2019-11-28T17:44:28.776+0100][1121,939s][854][934][info ] Application time: 1,0001091 seconds
[2019-11-28T17:44:28.776+0100][1121,939s][854][934][info ] Entering safepoint region: Cleanup
[2019-11-28T17:44:28.777+0100][1121,940s][854][934][info ] Leaving safepoint region
[2019-11-28T17:44:28.777+0100][1121,940s][854][934][info ] Total time for which application threads were stopped: 0,0007661 seconds, Stopping threads took: 0,0001078 seconds
[2019-11-28T17:44:29.778+0100][1122,941s][854][934][info ] Application time: 1,0001008 seconds
[2019-11-28T17:44:29.778+0100][1122,941s][854][934][info ] Entering safepoint region: Cleanup
[2019-11-28T17:44:29.778+0100][1122,941s][854][934][info ] Leaving safepoint region
[2019-11-28T17:44:29.778+0100][1122,941s][854][934][info ] Total time for which application threads were stopped: 0,0002476 seconds, Stopping threads took: 0,0000870 seconds
[2019-11-28T17:44:30.778+0100][1123,941s][854][934][info ] Application time: 1,0001370 seconds
[2019-11-28T17:44:30.779+0100][1123,942s][854][934][info ] Entering safepoint region: Cleanup
[2019-11-28T17:44:30.779+0100][1123,942s][854][934][info ] Leaving safepoint region
[2019-11-28T17:44:30.780+0100][1123,943s][854][934][info ] Total time for which application threads were stopped: 0,0007877 seconds, Stopping threads took: 0,0002685 seconds
[2019-11-28T17:44:31.316+0100][1124,479s][854][933][trace] CMS: promo attempt is safe: available(3673676464) >= av_promo(42009460), max_promo(203759800)
[2019-11-28T17:44:31.780+0100][1124,943s][854][934][info ] Application time: 1,0001541 seconds
[2019-11-28T17:44:31.780+0100][1124,943s][854][934][info ] Entering safepoint region: Cleanup
[2019-11-28T17:44:31.781+0100][1124,944s][854][934][info ] Leaving safepoint region
[2019-11-28T17:44:31.781+0100][1124,944s][854][934][info ] Total time for which application threads were stopped: 0,0007235 seconds, Stopping threads took: 0,0001766 seconds
[2019-11-28T17:44:32.781+0100][1125,944s][854][934][info ] Application time: 1,0001400 seconds
[2019-11-28T17:44:32.781+0100][1125,944s][854][934][info ] Entering safepoint region: Cleanup
[2019-11-28T17:44:32.782+0100][1125,945s][854][934][info ] Leaving safepoint region
[2019-11-28T17:44:32.782+0100][1125,945s][854][934][info ] Total time for which application threads were stopped: 0,0003533 seconds, Stopping threads took: 0,0001087 seconds
[2019-11-28T17:44:33.782+0100][1126,945s][854][934][info ] Application time: 1,0002584 seconds
[2019-11-28T17:44:33.782+0100][1126,945s][854][934][info ] Entering safepoint region: Cleanup
[2019-11-28T17:44:33.783+0100][1126,946s][854][934][info ] Leaving safepoint region
[2019-11-28T17:44:33.783+0100][1126,946s][854][934][info ] Total time for which application threads were stopped: 0,0005964 seconds, Stopping threads took: 0,0001526 seconds
[2019-11-28T17:44:34.783+0100][1127,946s][854][934][info ] Application time: 1,0002681 seconds
[2019-11-28T17:44:34.783+0100][1127,946s][854][934][info ] Entering safepoint region: Cleanup
[2019-11-28T17:44:34.784+0100][1127,947s][854][934][info ] Leaving safepoint region
[2019-11-28T17:44:34.784+0100][1127,947s][854][934][info ] Total time for which application threads were stopped: 0,0006005 seconds, Stopping threads took: 0,0001542 seconds
[2019-11-28T17:44:35.784+0100][1128,947s][854][934][info ] Application time: 1,0002955 seconds
[2019-11-28T17:44:35.785+0100][1128,948s][854][934][info ] Entering safepoint region: Cleanup
[2019-11-28T17:44:35.785+0100][1128,948s][854][934][info ] Leaving safepoint region
[2019-11-28T17:44:35.785+0100][1128,948s][854][934][info ] Total time for which application threads were stopped: 0,0006302 seconds, Stopping threads took: 0,0001735 seconds
[2019-11-28T17:44:36.786+0100][1129,949s][854][934][info ] Application time: 1,0001989 seconds
[2019-11-28T17:44:36.786+0100][1129,949s][854][934][info ] Entering safepoint region: Cleanup
[2019-11-28T17:44:36.786+0100][1129,949s][854][934][info ] Leaving safepoint region
[2019-11-28T17:44:36.786+0100][1129,949s][854][934][info ] Total time for which application threads were stopped: 0,0004821 seconds, Stopping threads took: 0,0001528 seconds
[2019-11-28T17:44:37.786+0100][1130,949s][854][934][info ] Application time: 1,0001935 seconds
[2019-11-28T17:44:37.787+0100][1130,950s][854][934][info ] Entering safepoint region: Cleanup
[2019-11-28T17:44:37.787+0100][1130,950s][854][934][info ] Leaving safepoint region
[2019-11-28T17:44:37.787+0100][1130,950s][854][934][info ] Total time for which application threads were stopped: 0,0005737 seconds, Stopping threads took: 0,0001866 seconds
[2019-11-28T17:44:38.788+0100][1131,950s][854][934][info ] Application time: 1,0001491 seconds
[2019-11-28T17:44:38.788+0100][1131,951s][854][934][info ] Entering safepoint region: Cleanup
[2019-11-28T17:44:38.788+0100][1131,951s][854][934][info ] Leaving safepoint region
[2019-11-28T17:44:38.788+0100][1131,951s][854][934][info ] Total time for which application threads were stopped: 0,0004596 seconds, Stopping threads took: 0,0001287 seconds
[2019-11-28T17:44:39.789+0100][1132,952s][854][934][info ] Application time: 1,0002722 seconds
[2019-11-28T17:44:39.789+0100][1132,952s][854][934][info ] Entering safepoint region: Cleanup
[2019-11-28T17:44:39.789+0100][1132,952s][854][934][info ] Leaving safepoint region
[2019-11-28T17:44:39.789+0100][1132,952s][854][934][info ] Total time for which application threads were stopped: 0,0004839 seconds, Stopping threads took: 0,0001555 seconds
[2019-11-28T17:44:40.789+0100][1133,952s][854][934][info ] Application time: 1,0001331 seconds
[2019-11-28T17:44:40.790+0100][1133,953s][854][934][info ] Entering safepoint region: Cleanup
[2019-11-28T17:44:40.796+0100][1133,959s][854][934][info ] Leaving safepoint region
[2019-11-28T17:44:40.796+0100][1133,959s][854][934][info ] Total time for which application threads were stopped: 0,0066311 seconds, Stopping threads took: 0,0061368 seconds
[2019-11-28T17:44:41.316+0100][1134,479s][854][933][trace] CMS: promo attempt is safe: available(3673676464) >= av_promo(42009460), max_promo(207097416)
[2019-11-28T17:44:41.797+0100][1134,959s][854][934][info ] Application time: 1,0002044 seconds
[2019-11-28T17:44:41.797+0100][1134,960s][854][934][info ] Entering safepoint region: Cleanup
[2019-11-28T17:44:41.797+0100][1134,960s][854][934][info ] Leaving safepoint region
[2019-11-28T17:44:41.797+0100][1134,960s][854][934][info ] Total time for which application threads were stopped: 0,0006819 seconds, Stopping threads took: 0,0001296 seconds
[2019-11-28T17:44:42.798+0100][1135,961s][854][934][info ] Application time: 1,0002019 seconds
[2019-11-28T17:44:42.798+0100][1135,961s][854][934][info ] Entering safepoint region: Cleanup
[2019-11-28T17:44:42.798+0100][1135,961s][854][934][info ] Leaving safepoint region
[2019-11-28T17:44:42.798+0100][1135,961s][854][934][info ] Total time for which application threads were stopped: 0,0005772 seconds, Stopping threads took: 0,0001374 seconds
[2019-11-28T17:44:43.799+0100][1136,962s][854][934][info ] Application time: 1,0003196 seconds
[2019-11-28T17:44:43.799+0100][1136,962s][854][934][info ] Entering safepoint region: Cleanup
[2019-11-28T17:44:43.799+0100][1136,962s][854][934][info ] Leaving safepoint region
[2019-11-28T17:44:43.799+0100][1136,962s][854][934][info ] Total time for which application threads were stopped: 0,0001711 seconds, Stopping threads took: 0,0000390 seconds
[2019-11-28T17:44:44.799+0100][1137,962s][854][934][info ] Application time: 1,0000703 seconds
[2019-11-28T17:44:44.799+0100][1137,962s][854][934][info ] Entering safepoint region: Cleanup
[2019-11-28T17:44:44.799+0100][1137,962s][854][934][info ] Leaving safepoint region
[2019-11-28T17:44:44.799+0100][1137,962s][854][934][info ] Total time for which application threads were stopped: 0,0001466 seconds, Stopping threads took: 0,0000389 seconds
[2019-11-28T17:44:45.800+0100][1138,963s][854][934][info ] Application time: 1,0002539 seconds
[2019-11-28T17:44:45.800+0100][1138,963s][854][934][info ] Entering safepoint region: Cleanup
[2019-11-28T17:44:45.800+0100][1138,963s][854][934][info ] Leaving safepoint region
[2019-11-28T17:44:45.801+0100][1138,964s][854][934][info ] Total time for which application threads were stopped: 0,0006285 seconds, Stopping threads took: 0,0001323 seconds
[2019-11-28T17:44:46.801+0100][1139,964s][854][934][info ] Application time: 1,0001748 seconds
[2019-11-28T17:44:46.801+0100][1139,964s][854][934][info ] Entering safepoint region: Cleanup
[2019-11-28T17:44:46.801+0100][1139,964s][854][934][info ] Leaving safepoint region
[2019-11-28T17:44:46.801+0100][1139,964s][854][934][info ] Total time for which application threads were stopped: 0,0003876 seconds, Stopping threads took: 0,0001214 seconds
[2019-11-28T17:44:47.802+0100][1140,965s][854][934][info ] Application time: 1,0001361 seconds
[2019-11-28T17:44:47.802+0100][1140,965s][854][934][info ] Entering safepoint region: Cleanup
[2019-11-28T17:44:47.802+0100][1140,965s][854][934][info ] Leaving safepoint region
[2019-11-28T17:44:47.802+0100][1140,965s][854][934][info ] Total time for which application threads were stopped: 0,0002032 seconds, Stopping threads took: 0,0000656 seconds
[2019-11-28T17:44:48.802+0100][1141,965s][854][934][info ] Application time: 1,0001421 seconds
[2019-11-28T17:44:48.802+0100][1141,965s][854][934][info ] Entering safepoint region: Cleanup
[2019-11-28T17:44:48.803+0100][1141,966s][854][934][info ] Leaving safepoint region
[2019-11-28T17:44:48.803+0100][1141,966s][854][934][info ] Total time for which application threads were stopped: 0,0004715 seconds, Stopping threads took: 0,0001138 seconds
[2019-11-28T17:44:49.803+0100][1142,966s][854][934][info ] Application time: 1,0000943 seconds
[2019-11-28T17:44:49.803+0100][1142,966s][854][934][info ] Entering safepoint region: Cleanup
[2019-11-28T17:44:49.803+0100][1142,966s][854][934][info ] Leaving safepoint region
[2019-11-28T17:44:49.803+0100][1142,966s][854][934][info ] Total time for which application threads were stopped: 0,0001572 seconds, Stopping threads took: 0,0000492 seconds
[2019-11-28T17:44:50.803+0100][1143,966s][854][934][info ] Application time: 1,0001250 seconds
[2019-11-28T17:44:50.804+0100][1143,966s][854][934][info ] Entering safepoint region: Cleanup
[2019-11-28T17:44:50.804+0100][1143,967s][854][934][info ] Leaving safepoint region
[2019-11-28T17:44:50.809+0100][1143,972s][854][934][info ] Total time for which application threads were stopped: 0,0059448 seconds, Stopping threads took: 0,0002590 seconds
[2019-11-28T17:44:51.316+0100][1144,479s][854][933][trace] CMS: promo attempt is safe: available(3673676464) >= av_promo(42009460), max_promo(210183624)
[2019-11-28T17:44:51.810+0100][1144,973s][854][934][info ] Application time: 1,0001286 seconds
[2019-11-28T17:44:51.810+0100][1144,973s][854][934][info ] Entering safepoint region: Cleanup
[2019-11-28T17:44:51.810+0100][1144,973s][854][934][info ] Leaving safepoint region
[2019-11-28T17:44:51.810+0100][1144,973s][854][934][info ] Total time for which application threads were stopped: 0,0006158 seconds, Stopping threads took: 0,0001375 seconds
[2019-11-28T17:44:52.811+0100][1145,974s][854][934][info ] Application time: 1,0002713 seconds
[2019-11-28T17:44:52.811+0100][1145,974s][854][934][info ] Entering safepoint region: Cleanup
[2019-11-28T17:44:52.812+0100][1145,975s][854][934][info ] Leaving safepoint region
[2019-11-28T17:44:52.812+0100][1145,975s][854][934][info ] Total time for which application threads were stopped: 0,0007562 seconds, Stopping threads took: 0,0001611 seconds
[2019-11-28T17:44:53.812+0100][1146,975s][854][934][info ] Application time: 1,0001001 seconds
[2019-11-28T17:44:53.812+0100][1146,975s][854][934][info ] Entering safepoint region: Cleanup
[2019-11-28T17:44:53.812+0100][1146,975s][854][934][info ] Leaving safepoint region
[2019-11-28T17:44:53.812+0100][1146,975s][854][934][info ] Total time for which application threads were stopped: 0,0001506 seconds, Stopping threads took: 0,0000422 seconds
[2019-11-28T17:44:54.812+0100][1147,975s][854][934][info ] Application time: 1,0001172 seconds
[2019-11-28T17:44:54.813+0100][1147,976s][854][934][info ] Entering safepoint region: Cleanup
[2019-11-28T17:44:54.813+0100][1147,976s][854][934][info ] Leaving safepoint region
[2019-11-28T17:44:54.813+0100][1147,976s][854][934][info ] Total time for which application threads were stopped: 0,0006246 seconds, Stopping threads took: 0,0001617 seconds
[2019-11-28T17:44:55.814+0100][1148,977s][854][934][info ] Application time: 1,0002527 seconds
[2019-11-28T17:44:55.814+0100][1148,977s][854][934][info ] Entering safepoint region: Cleanup
[2019-11-28T17:44:55.814+0100][1148,977s][854][934][info ] Leaving safepoint region
[2019-11-28T17:44:55.814+0100][1148,977s][854][934][info ] Total time for which application threads were stopped: 0,0005457 seconds, Stopping threads took: 0,0002278 seconds
[2019-11-28T17:44:56.815+0100][1149,978s][854][934][info ] Application time: 1,0001766 seconds
[2019-11-28T17:44:56.815+0100][1149,978s][854][934][info ] Entering safepoint region: Cleanup
[2019-11-28T17:44:56.815+0100][1149,978s][854][934][info ] Leaving safepoint region
[2019-11-28T17:44:56.815+0100][1149,978s][854][934][info ] Total time for which application threads were stopped: 0,0005361 seconds, Stopping threads took: 0,0001256 seconds
[2019-11-28T17:44:57.816+0100][1150,979s][854][934][info ] Application time: 1,0002711 seconds
[2019-11-28T17:44:57.816+0100][1150,979s][854][934][info ] Entering safepoint region: Cleanup
[2019-11-28T17:44:57.816+0100][1150,979s][854][934][info ] Leaving safepoint region
[2019-11-28T17:44:57.816+0100][1150,979s][854][934][info ] Total time for which application threads were stopped: 0,0004473 seconds, Stopping threads took: 0,0001242 seconds
[2019-11-28T17:44:58.817+0100][1151,980s][854][934][info ] Application time: 1,0002048 seconds
[2019-11-28T17:44:58.817+0100][1151,980s][854][934][info ] Entering safepoint region: Cleanup
[2019-11-28T17:44:58.817+0100][1151,980s][854][934][info ] Leaving safepoint region
[2019-11-28T17:44:58.817+0100][1151,980s][854][934][info ] Total time for which application threads were stopped: 0,0005033 seconds, Stopping threads took: 0,0001304 seconds
[2019-11-28T17:44:59.818+0100][1152,981s][854][934][info ] Application time: 1,0001653 seconds
[2019-11-28T17:44:59.818+0100][1152,981s][854][934][info ] Entering safepoint region: Cleanup
[2019-11-28T17:44:59.818+0100][1152,981s][854][934][info ] Leaving safepoint region
[2019-11-28T17:44:59.818+0100][1152,981s][854][934][info ] Total time for which application threads were stopped: 0,0004773 seconds, Stopping threads took: 0,0001722 seconds
[2019-11-28T17:45:00.819+0100][1153,981s][854][934][info ] Application time: 1,0001889 seconds
[2019-11-28T17:45:00.819+0100][1153,982s][854][934][info ] Entering safepoint region: Cleanup
[2019-11-28T17:45:00.819+0100][1153,982s][854][934][info ] Leaving safepoint region
[2019-11-28T17:45:00.819+0100][1153,982s][854][934][info ] Total time for which application threads were stopped: 0,0006427 seconds, Stopping threads took: 0,0001831 seconds
[2019-11-28T17:45:01.316+0100][1154,479s][854][933][trace] CMS: promo attempt is safe: available(3673676464) >= av_promo(42009460), max_promo(214646520)
[2019-11-28T17:45:01.820+0100][1154,983s][854][934][info ] Application time: 1,0001472 seconds
[2019-11-28T17:45:01.820+0100][1154,983s][854][934][info ] Entering safepoint region: Cleanup
[2019-11-28T17:45:01.820+0100][1154,983s][854][934][info ] Leaving safepoint region
[2019-11-28T17:45:01.820+0100][1154,983s][854][934][info ] Total time for which application threads were stopped: 0,0004896 seconds, Stopping threads took: 0,0001636 seconds
[2019-11-28T17:45:02.821+0100][1155,984s][854][934][info ] Application time: 1,0002156 seconds
[2019-11-28T17:45:02.821+0100][1155,984s][854][934][info ] Entering safepoint region: Cleanup
[2019-11-28T17:45:02.821+0100][1155,984s][854][934][info ] Leaving safepoint region
[2019-11-28T17:45:02.821+0100][1155,984s][854][934][info ] Total time for which application threads were stopped: 0,0005530 seconds, Stopping threads took: 0,0001983 seconds
[2019-11-28T17:45:03.822+0100][1156,985s][854][934][info ] Application time: 1,0000931 seconds
[2019-11-28T17:45:03.822+0100][1156,985s][854][934][info ] Entering safepoint region: Cleanup
[2019-11-28T17:45:03.822+0100][1156,985s][854][934][info ] Leaving safepoint region
[2019-11-28T17:45:03.822+0100][1156,985s][854][934][info ] Total time for which application threads were stopped: 0,0001870 seconds, Stopping threads took: 0,0000491 seconds
[2019-11-28T17:45:04.823+0100][1157,986s][854][934][info ] Application time: 1,0013140 seconds
[2019-11-28T17:45:04.823+0100][1157,986s][854][934][info ] Entering safepoint region: Cleanup
[2019-11-28T17:45:04.824+0100][1157,987s][854][934][info ] Leaving safepoint region
[2019-11-28T17:45:04.824+0100][1157,987s][854][934][info ] Total time for which application threads were stopped: 0,0006581 seconds, Stopping threads took: 0,0001583 seconds
[2019-11-28T17:45:05.824+0100][1158,987s][854][934][info ] Application time: 1,0000980 seconds
[2019-11-28T17:45:05.824+0100][1158,987s][854][934][info ] Entering safepoint region: Cleanup
[2019-11-28T17:45:05.824+0100][1158,987s][854][934][info ] Leaving safepoint region
[2019-11-28T17:45:05.824+0100][1158,987s][854][934][info ] Total time for which application threads were stopped: 0,0001505 seconds, Stopping threads took: 0,0000399 seconds
[2019-11-28T17:45:06.825+0100][1159,988s][854][934][info ] Application time: 1,0001509 seconds
[2019-11-28T17:45:06.825+0100][1159,988s][854][934][info ] Entering safepoint region: Cleanup
[2019-11-28T17:45:06.825+0100][1159,988s][854][934][info ] Leaving safepoint region
[2019-11-28T17:45:06.825+0100][1159,988s][854][934][info ] Total time for which application threads were stopped: 0,0003389 seconds, Stopping threads took: 0,0001206 seconds
[2019-11-28T17:45:07.825+0100][1160,988s][854][934][info ] Application time: 1,0002525 seconds
[2019-11-28T17:45:07.826+0100][1160,989s][854][934][info ] Entering safepoint region: Cleanup
[2019-11-28T17:45:07.826+0100][1160,989s][854][934][info ] Leaving safepoint region
[2019-11-28T17:45:07.826+0100][1160,989s][854][934][info ] Total time for which application threads were stopped: 0,0005367 seconds, Stopping threads took: 0,0001237 seconds
[2019-11-28T17:45:08.826+0100][1161,989s][854][934][info ] Application time: 1,0002195 seconds
[2019-11-28T17:45:08.827+0100][1161,990s][854][934][info ] Entering safepoint region: Cleanup
[2019-11-28T17:45:08.827+0100][1161,990s][854][934][info ] Leaving safepoint region
[2019-11-28T17:45:08.827+0100][1161,990s][854][934][info ] Total time for which application threads were stopped: 0,0003855 seconds, Stopping threads took: 0,0001210 seconds
[2019-11-28T17:45:09.827+0100][1162,990s][854][934][info ] Application time: 1,0001476 seconds
[2019-11-28T17:45:09.828+0100][1162,990s][854][934][info ] Entering safepoint region: Cleanup
[2019-11-28T17:45:09.828+0100][1162,991s][854][934][info ] Leaving safepoint region
[2019-11-28T17:45:09.828+0100][1162,991s][854][934][info ] Total time for which application threads were stopped: 0,0007051 seconds, Stopping threads took: 0,0002870 seconds
[2019-11-28T17:45:10.828+0100][1163,991s][854][934][info ] Application time: 1,0001459 seconds
[2019-11-28T17:45:10.829+0100][1163,991s][854][934][info ] Entering safepoint region: Cleanup
[2019-11-28T17:45:10.829+0100][1163,992s][854][934][info ] Leaving safepoint region
[2019-11-28T17:45:10.829+0100][1163,992s][854][934][info ] Total time for which application threads were stopped: 0,0003353 seconds, Stopping threads took: 0,0000956 seconds
[2019-11-28T17:45:11.315+0100][1164,478s][854][933][trace] CMS: promo attempt is safe: available(3673676464) >= av_promo(42009460), max_promo(217732728)
[2019-11-28T17:45:11.829+0100][1164,992s][854][934][info ] Application time: 1,0001860 seconds
[2019-11-28T17:45:11.829+0100][1164,992s][854][934][info ] Entering safepoint region: Cleanup
[2019-11-28T17:45:11.830+0100][1164,993s][854][934][info ] Leaving safepoint region
[2019-11-28T17:45:11.830+0100][1164,993s][854][934][info ] Total time for which application threads were stopped: 0,0006441 seconds, Stopping threads took: 0,0001874 seconds
[2019-11-28T17:45:12.830+0100][1165,993s][854][934][info ] Application time: 1,0001010 seconds
[2019-11-28T17:45:12.830+0100][1165,993s][854][934][info ] Entering safepoint region: Cleanup
[2019-11-28T17:45:12.830+0100][1165,993s][854][934][info ] Leaving safepoint region
[2019-11-28T17:45:12.830+0100][1165,993s][854][934][info ] Total time for which application threads were stopped: 0,0001661 seconds, Stopping threads took: 0,0000400 seconds
[2019-11-28T17:45:13.831+0100][1166,994s][854][934][info ] Application time: 1,0001581 seconds
[2019-11-28T17:45:13.831+0100][1166,994s][854][934][info ] Entering safepoint region: Cleanup
[2019-11-28T17:45:13.831+0100][1166,994s][854][934][info ] Leaving safepoint region
[2019-11-28T17:45:13.831+0100][1166,994s][854][934][info ] Total time for which application threads were stopped: 0,0005099 seconds, Stopping threads took: 0,0001183 seconds
[2019-11-28T17:45:14.831+0100][1167,994s][854][934][info ] Application time: 1,0001449 seconds
[2019-11-28T17:45:14.832+0100][1167,995s][854][934][info ] Entering safepoint region: Cleanup
[2019-11-28T17:45:14.832+0100][1167,995s][854][934][info ] Leaving safepoint region
[2019-11-28T17:45:14.832+0100][1167,995s][854][934][info ] Total time for which application threads were stopped: 0,0005005 seconds, Stopping threads took: 0,0001462 seconds
[2019-11-28T17:45:15.833+0100][1168,996s][854][934][info ] Application time: 1,0002147 seconds
[2019-11-28T17:45:15.833+0100][1168,996s][854][934][info ] Entering safepoint region: Cleanup
[2019-11-28T17:45:15.833+0100][1168,996s][854][934][info ] Leaving safepoint region
[2019-11-28T17:45:15.833+0100][1168,996s][854][934][info ] Total time for which application threads were stopped: 0,0005665 seconds, Stopping threads took: 0,0001738 seconds
[2019-11-28T17:45:16.833+0100][1169,996s][854][934][info ] Application time: 1,0001384 seconds
[2019-11-28T17:45:16.834+0100][1169,997s][854][934][info ] Entering safepoint region: Cleanup
[2019-11-28T17:45:16.834+0100][1169,997s][854][934][info ] Leaving safepoint region
[2019-11-28T17:45:16.834+0100][1169,997s][854][934][info ] Total time for which application threads were stopped: 0,0004427 seconds, Stopping threads took: 0,0001426 seconds
[2019-11-28T17:45:17.834+0100][1170,997s][854][934][info ] Application time: 1,0001858 seconds
[2019-11-28T17:45:17.835+0100][1170,998s][854][934][info ] Entering safepoint region: Cleanup
[2019-11-28T17:45:17.835+0100][1170,998s][854][934][info ] Leaving safepoint region
[2019-11-28T17:45:17.835+0100][1170,998s][854][934][info ] Total time for which application threads were stopped: 0,0005462 seconds, Stopping threads took: 0,0001347 seconds
[2019-11-28T17:45:18.835+0100][1171,998s][854][934][info ] Application time: 1,0002065 seconds
[2019-11-28T17:45:18.836+0100][1171,999s][854][934][info ] Entering safepoint region: Cleanup
[2019-11-28T17:45:18.836+0100][1171,999s][854][934][info ] Leaving safepoint region
[2019-11-28T17:45:18.836+0100][1171,999s][854][934][info ] Total time for which application threads were stopped: 0,0006037 seconds, Stopping threads took: 0,0002326 seconds
[2019-11-28T17:45:19.836+0100][1172,999s][854][934][info ] Application time: 1,0001116 seconds
[2019-11-28T17:45:19.836+0100][1172,999s][854][934][info ] Entering safepoint region: Cleanup
[2019-11-28T17:45:19.837+0100][1173,000s][854][934][info ] Leaving safepoint region
[2019-11-28T17:45:19.837+0100][1173,000s][854][934][info ] Total time for which application threads were stopped: 0,0001857 seconds, Stopping threads took: 0,0000548 seconds
[2019-11-28T17:45:20.837+0100][1174,000s][854][934][info ] Application time: 1,0002325 seconds
[2019-11-28T17:45:20.837+0100][1174,000s][854][934][info ] Entering safepoint region: Cleanup
[2019-11-28T17:45:20.837+0100][1174,000s][854][934][info ] Leaving safepoint region
[2019-11-28T17:45:20.838+0100][1174,001s][854][934][info ] Total time for which application threads were stopped: 0,0004835 seconds, Stopping threads took: 0,0001503 seconds
[2019-11-28T17:45:21.315+0100][1174,478s][854][933][trace] CMS: promo attempt is safe: available(3673676464) >= av_promo(42009460), max_promo(220818936)
[2019-11-28T17:45:21.838+0100][1175,001s][854][934][info ] Application time: 1,0001274 seconds
[2019-11-28T17:45:21.838+0100][1175,001s][854][934][info ] Entering safepoint region: Cleanup
[2019-11-28T17:45:21.838+0100][1175,001s][854][934][info ] Leaving safepoint region
[2019-11-28T17:45:21.839+0100][1175,001s][854][934][info ] Total time for which application threads were stopped: 0,0005365 seconds, Stopping threads took: 0,0001608 seconds
[2019-11-28T17:45:22.839+0100][1176,002s][854][934][info ] Application time: 1,0002026 seconds
[2019-11-28T17:45:22.839+0100][1176,002s][854][934][info ] Entering safepoint region: Cleanup
[2019-11-28T17:45:22.839+0100][1176,002s][854][934][info ] Leaving safepoint region
[2019-11-28T17:45:22.839+0100][1176,002s][854][934][info ] Total time for which application threads were stopped: 0,0004590 seconds, Stopping threads took: 0,0001453 seconds
[2019-11-28T17:45:23.840+0100][1177,003s][854][934][info ] Application time: 1,0001855 seconds
[2019-11-28T17:45:23.840+0100][1177,003s][854][934][info ] Entering safepoint region: Cleanup
[2019-11-28T17:45:23.840+0100][1177,003s][854][934][info ] Leaving safepoint region
[2019-11-28T17:45:23.840+0100][1177,003s][854][934][info ] Total time for which application threads were stopped: 0,0004492 seconds, Stopping threads took: 0,0001408 seconds
[2019-11-28T17:45:24.841+0100][1178,003s][854][934][info ] Application time: 1,0001115 seconds
[2019-11-28T17:45:24.841+0100][1178,004s][854][934][info ] Entering safepoint region: Cleanup
[2019-11-28T17:45:24.841+0100][1178,004s][854][934][info ] Leaving safepoint region
[2019-11-28T17:45:24.841+0100][1178,004s][854][934][info ] Total time for which application threads were stopped: 0,0002158 seconds, Stopping threads took: 0,0000835 seconds
[2019-11-28T17:45:25.841+0100][1179,004s][854][934][info ] Application time: 1,0000760 seconds
[2019-11-28T17:45:25.841+0100][1179,004s][854][934][info ] Entering safepoint region: Cleanup
[2019-11-28T17:45:25.841+0100][1179,004s][854][934][info ] Leaving safepoint region
[2019-11-28T17:45:25.841+0100][1179,004s][854][934][info ] Total time for which application threads were stopped: 0,0001340 seconds, Stopping threads took: 0,0000327 seconds
[2019-11-28T17:45:26.841+0100][1180,004s][854][934][info ] Application time: 1,0000899 seconds
[2019-11-28T17:45:26.841+0100][1180,004s][854][934][info ] Entering safepoint region: Cleanup
[2019-11-28T17:45:26.841+0100][1180,004s][854][934][info ] Leaving safepoint region
[2019-11-28T17:45:26.841+0100][1180,004s][854][934][info ] Total time for which application threads were stopped: 0,0001233 seconds, Stopping threads took: 0,0000357 seconds
[2019-11-28T17:45:27.842+0100][1181,005s][854][934][info ] Application time: 1,0002852 seconds
[2019-11-28T17:45:27.842+0100][1181,005s][854][934][info ] Entering safepoint region: Cleanup
[2019-11-28T17:45:27.842+0100][1181,005s][854][934][info ] Leaving safepoint region
[2019-11-28T17:45:27.842+0100][1181,005s][854][934][info ] Total time for which application threads were stopped: 0,0004793 seconds, Stopping threads took: 0,0001234 seconds
[2019-11-28T17:45:28.843+0100][1182,006s][854][934][info ] Application time: 1,0001878 seconds
[2019-11-28T17:45:28.843+0100][1182,006s][854][934][info ] Entering safepoint region: Cleanup
[2019-11-28T17:45:28.843+0100][1182,006s][854][934][info ] Leaving safepoint region
[2019-11-28T17:45:28.843+0100][1182,006s][854][934][info ] Total time for which application threads were stopped: 0,0002957 seconds, Stopping threads took: 0,0000975 seconds
[2019-11-28T17:45:29.843+0100][1183,006s][854][934][info ] Application time: 1,0001151 seconds
[2019-11-28T17:45:29.843+0100][1183,006s][854][934][info ] Entering safepoint region: Cleanup
[2019-11-28T17:45:29.844+0100][1183,007s][854][934][info ] Leaving safepoint region
[2019-11-28T17:45:29.844+0100][1183,007s][854][934][info ] Total time for which application threads were stopped: 0,0006312 seconds, Stopping threads took: 0,0001228 seconds
[2019-11-28T17:45:30.844+0100][1184,007s][854][934][info ] Application time: 1,0002090 seconds
[2019-11-28T17:45:30.845+0100][1184,008s][854][934][info ] Entering safepoint region: Cleanup
[2019-11-28T17:45:30.845+0100][1184,008s][854][934][info ] Leaving safepoint region
[2019-11-28T17:45:30.845+0100][1184,008s][854][934][info ] Total time for which application threads were stopped: 0,0005474 seconds, Stopping threads took: 0,0001666 seconds
[2019-11-28T17:45:31.314+0100][1184,477s][854][933][trace] CMS: promo attempt is safe: available(3673676464) >= av_promo(42009460), max_promo(223905144)
[2019-11-28T17:45:31.845+0100][1185,008s][854][934][info ] Application time: 1,0002154 seconds
[2019-11-28T17:45:31.846+0100][1185,009s][854][934][info ] Entering safepoint region: Cleanup
[2019-11-28T17:45:31.846+0100][1185,009s][854][934][info ] Leaving safepoint region
[2019-11-28T17:45:31.846+0100][1185,009s][854][934][info ] Total time for which application threads were stopped: 0,0004468 seconds, Stopping threads took: 0,0001501 seconds
[2019-11-28T17:45:32.846+0100][1186,009s][854][934][info ] Application time: 1,0001737 seconds
[2019-11-28T17:45:32.847+0100][1186,009s][854][934][info ] Entering safepoint region: Cleanup
[2019-11-28T17:45:32.847+0100][1186,010s][854][934][info ] Leaving safepoint region
[2019-11-28T17:45:32.847+0100][1186,010s][854][934][info ] Total time for which application threads were stopped: 0,0004210 seconds, Stopping threads took: 0,0001246 seconds
[2019-11-28T17:45:33.847+0100][1187,010s][854][934][info ] Application time: 1,0001134 seconds
[2019-11-28T17:45:33.847+0100][1187,010s][854][934][info ] Entering safepoint region: Cleanup
[2019-11-28T17:45:33.848+0100][1187,011s][854][934][info ] Leaving safepoint region
[2019-11-28T17:45:33.848+0100][1187,011s][854][934][info ] Total time for which application threads were stopped: 0,0004826 seconds, Stopping threads took: 0,0001063 seconds
[2019-11-28T17:45:34.848+0100][1188,011s][854][934][info ] Application time: 1,0001441 seconds
[2019-11-28T17:45:34.848+0100][1188,011s][854][934][info ] Entering safepoint region: Cleanup
[2019-11-28T17:45:34.849+0100][1188,011s][854][934][info ] Leaving safepoint region
[2019-11-28T17:45:34.849+0100][1188,012s][854][934][info ] Total time for which application threads were stopped: 0,0004553 seconds, Stopping threads took: 0,0001121 seconds
[2019-11-28T17:45:35.849+0100][1189,012s][854][934][info ] Application time: 1,0001834 seconds
[2019-11-28T17:45:35.849+0100][1189,012s][854][934][info ] Entering safepoint region: Cleanup
[2019-11-28T17:45:35.849+0100][1189,012s][854][934][info ] Leaving safepoint region
[2019-11-28T17:45:35.849+0100][1189,012s][854][934][info ] Total time for which application threads were stopped: 0,0004815 seconds, Stopping threads took: 0,0001111 seconds
[2019-11-28T17:45:36.850+0100][1190,013s][854][934][info ] Application time: 1,0001365 seconds
[2019-11-28T17:45:36.850+0100][1190,013s][854][934][info ] Entering safepoint region: Cleanup
[2019-11-28T17:45:36.850+0100][1190,013s][854][934][info ] Leaving safepoint region
[2019-11-28T17:45:36.851+0100][1190,014s][854][934][info ] Total time for which application threads were stopped: 0,0006338 seconds, Stopping threads took: 0,0001469 seconds
[2019-11-28T17:45:37.851+0100][1191,014s][854][934][info ] Application time: 1,0001814 seconds
[2019-11-28T17:45:37.851+0100][1191,014s][854][934][info ] Entering safepoint region: Cleanup
[2019-11-28T17:45:37.851+0100][1191,014s][854][934][info ] Leaving safepoint region
[2019-11-28T17:45:37.851+0100][1191,014s][854][934][info ] Total time for which application threads were stopped: 0,0004559 seconds, Stopping threads took: 0,0001415 seconds
[2019-11-28T17:45:38.852+0100][1192,015s][854][934][info ] Application time: 1,0002146 seconds
[2019-11-28T17:45:38.852+0100][1192,015s][854][934][info ] Entering safepoint region: Cleanup
[2019-11-28T17:45:38.852+0100][1192,015s][854][934][info ] Leaving safepoint region
[2019-11-28T17:45:38.853+0100][1192,016s][854][934][info ] Total time for which application threads were stopped: 0,0006101 seconds, Stopping threads took: 0,0001397 seconds
[2019-11-28T17:45:39.853+0100][1193,016s][854][934][info ] Application time: 1,0001985 seconds
[2019-11-28T17:45:39.853+0100][1193,016s][854][934][info ] Entering safepoint region: Cleanup
[2019-11-28T17:45:39.854+0100][1193,016s][854][934][info ] Leaving safepoint region
[2019-11-28T17:45:39.854+0100][1193,017s][854][934][info ] Total time for which application threads were stopped: 0,0004835 seconds, Stopping threads took: 0,0001290 seconds
[2019-11-28T17:45:40.854+0100][1194,017s][854][934][info ] Application time: 1,0002158 seconds
[2019-11-28T17:45:40.854+0100][1194,017s][854][934][info ] Entering safepoint region: Cleanup
[2019-11-28T17:45:40.855+0100][1194,018s][854][934][info ] Leaving safepoint region
[2019-11-28T17:45:40.855+0100][1194,018s][854][934][info ] Total time for which application threads were stopped: 0,0005771 seconds, Stopping threads took: 0,0001609 seconds
[2019-11-28T17:45:41.314+0100][1194,477s][854][933][trace] CMS: promo attempt is safe: available(3673676464) >= av_promo(42009460), max_promo(226391944)
[2019-11-28T17:45:41.855+0100][1195,018s][854][934][info ] Application time: 1,0003004 seconds
[2019-11-28T17:45:41.855+0100][1195,018s][854][934][info ] Entering safepoint region: Cleanup
[2019-11-28T17:45:41.856+0100][1195,019s][854][934][info ] Leaving safepoint region
[2019-11-28T17:45:41.856+0100][1195,019s][854][934][info ] Total time for which application threads were stopped: 0,0007998 seconds, Stopping threads took: 0,0001760 seconds
[2019-11-28T17:45:42.856+0100][1196,019s][854][934][info ] Application time: 1,0001967 seconds
[2019-11-28T17:45:42.857+0100][1196,020s][854][934][info ] Entering safepoint region: Cleanup
[2019-11-28T17:45:42.857+0100][1196,020s][854][934][info ] Leaving safepoint region
[2019-11-28T17:45:42.857+0100][1196,020s][854][934][info ] Total time for which application threads were stopped: 0,0006115 seconds, Stopping threads took: 0,0001543 seconds
[2019-11-28T17:45:43.858+0100][1197,020s][854][934][info ] Application time: 1,0001521 seconds
[2019-11-28T17:45:43.858+0100][1197,021s][854][934][info ] Entering safepoint region: Cleanup
[2019-11-28T17:45:43.858+0100][1197,021s][854][934][info ] Leaving safepoint region
[2019-11-28T17:45:43.858+0100][1197,021s][854][934][info ] Total time for which application threads were stopped: 0,0003198 seconds, Stopping threads took: 0,0001023 seconds
[2019-11-28T17:45:44.858+0100][1198,021s][854][934][info ] Application time: 1,0000771 seconds
[2019-11-28T17:45:44.858+0100][1198,021s][854][934][info ] Entering safepoint region: Cleanup
[2019-11-28T17:45:44.858+0100][1198,021s][854][934][info ] Leaving safepoint region
[2019-11-28T17:45:44.858+0100][1198,021s][854][934][info ] Total time for which application threads were stopped: 0,0001118 seconds, Stopping threads took: 0,0000337 seconds
[2019-11-28T17:45:45.858+0100][1199,021s][854][934][info ] Application time: 1,0001635 seconds
[2019-11-28T17:45:45.859+0100][1199,022s][854][934][info ] Entering safepoint region: Cleanup
[2019-11-28T17:45:45.859+0100][1199,022s][854][934][info ] Leaving safepoint region
[2019-11-28T17:45:45.859+0100][1199,022s][854][934][info ] Total time for which application threads were stopped: 0,0005684 seconds, Stopping threads took: 0,0001656 seconds
[2019-11-28T17:45:46.859+0100][1200,022s][854][934][info ] Application time: 1,0001642 seconds
[2019-11-28T17:45:46.860+0100][1200,023s][854][934][info ] Entering safepoint region: Cleanup
[2019-11-28T17:45:46.860+0100][1200,023s][854][934][info ] Leaving safepoint region
[2019-11-28T17:45:46.860+0100][1200,023s][854][934][info ] Total time for which application threads were stopped: 0,0005493 seconds, Stopping threads took: 0,0001766 seconds
[2019-11-28T17:45:47.861+0100][1201,024s][854][934][info ] Application time: 1,0002004 seconds
[2019-11-28T17:45:47.861+0100][1201,024s][854][934][info ] Entering safepoint region: Cleanup
[2019-11-28T17:45:47.861+0100][1201,024s][854][934][info ] Leaving safepoint region
[2019-11-28T17:45:47.861+0100][1201,024s][854][934][info ] Total time for which application threads were stopped: 0,0006150 seconds, Stopping threads took: 0,0001861 seconds
[2019-11-28T17:45:48.862+0100][1202,025s][854][934][info ] Application time: 1,0003547 seconds
[2019-11-28T17:45:48.862+0100][1202,025s][854][934][info ] Entering safepoint region: Cleanup
[2019-11-28T17:45:48.863+0100][1202,026s][854][934][info ] Leaving safepoint region
[2019-11-28T17:45:48.863+0100][1202,026s][854][934][info ] Total time for which application threads were stopped: 0,0006127 seconds, Stopping threads took: 0,0001916 seconds
[2019-11-28T17:45:49.863+0100][1203,026s][854][934][info ] Application time: 1,0002889 seconds
[2019-11-28T17:45:49.863+0100][1203,026s][854][934][info ] Entering safepoint region: Cleanup
[2019-11-28T17:45:49.864+0100][1203,027s][854][934][info ] Leaving safepoint region
[2019-11-28T17:45:49.864+0100][1203,027s][854][934][info ] Total time for which application threads were stopped: 0,0007767 seconds, Stopping threads took: 0,0001326 seconds
[2019-11-28T17:45:50.864+0100][1204,027s][854][934][info ] Application time: 1,0003024 seconds
[2019-11-28T17:45:50.865+0100][1204,028s][854][934][info ] Entering safepoint region: Cleanup
[2019-11-28T17:45:50.865+0100][1204,028s][854][934][info ] Leaving safepoint region
[2019-11-28T17:45:50.865+0100][1204,028s][854][934][info ] Total time for which application threads were stopped: 0,0005943 seconds, Stopping threads took: 0,0001893 seconds
[2019-11-28T17:45:51.314+0100][1204,477s][854][933][trace] CMS: promo attempt is safe: available(3673676464) >= av_promo(42009460), max_promo(229478152)
[2019-11-28T17:45:51.866+0100][1205,028s][854][934][info ] Application time: 1,0001673 seconds
[2019-11-28T17:45:51.866+0100][1205,029s][854][934][info ] Entering safepoint region: Cleanup
[2019-11-28T17:45:51.866+0100][1205,029s][854][934][info ] Leaving safepoint region
[2019-11-28T17:45:51.866+0100][1205,029s][854][934][info ] Total time for which application threads were stopped: 0,0007255 seconds, Stopping threads took: 0,0001775 seconds
[2019-11-28T17:45:52.867+0100][1206,030s][854][934][info ] Application time: 1,0001914 seconds
[2019-11-28T17:45:52.867+0100][1206,030s][854][934][info ] Entering safepoint region: Cleanup
[2019-11-28T17:45:52.867+0100][1206,030s][854][934][info ] Leaving safepoint region
[2019-11-28T17:45:52.867+0100][1206,030s][854][934][info ] Total time for which application threads were stopped: 0,0005368 seconds, Stopping threads took: 0,0001425 seconds
[2019-11-28T17:45:53.868+0100][1207,031s][854][934][info ] Application time: 1,0002103 seconds
[2019-11-28T17:45:53.868+0100][1207,031s][854][934][info ] Entering safepoint region: Cleanup
[2019-11-28T17:45:53.868+0100][1207,031s][854][934][info ] Leaving safepoint region
[2019-11-28T17:45:53.868+0100][1207,031s][854][934][info ] Total time for which application threads were stopped: 0,0004349 seconds, Stopping threads took: 0,0001043 seconds
[2019-11-28T17:45:54.868+0100][1208,031s][854][934][info ] Application time: 1,0000996 seconds
[2019-11-28T17:45:54.869+0100][1208,032s][854][934][info ] Entering safepoint region: Cleanup
[2019-11-28T17:45:54.869+0100][1208,032s][854][934][info ] Leaving safepoint region
[2019-11-28T17:45:54.869+0100][1208,032s][854][934][info ] Total time for which application threads were stopped: 0,0001271 seconds, Stopping threads took: 0,0000293 seconds
[2019-11-28T17:45:55.869+0100][1209,032s][854][934][info ] Application time: 1,0001058 seconds
[2019-11-28T17:45:55.869+0100][1209,032s][854][934][info ] Entering safepoint region: Cleanup
[2019-11-28T17:45:55.869+0100][1209,032s][854][934][info ] Leaving safepoint region
[2019-11-28T17:45:55.869+0100][1209,032s][854][934][info ] Total time for which application threads were stopped: 0,0004557 seconds, Stopping threads took: 0,0001338 seconds
[2019-11-28T17:45:56.870+0100][1210,033s][854][934][info ] Application time: 1,0001331 seconds
[2019-11-28T17:45:56.870+0100][1210,033s][854][934][info ] Entering safepoint region: Cleanup
[2019-11-28T17:45:56.870+0100][1210,033s][854][934][info ] Leaving safepoint region
[2019-11-28T17:45:56.870+0100][1210,033s][854][934][info ] Total time for which application threads were stopped: 0,0004774 seconds, Stopping threads took: 0,0001079 seconds
[2019-11-28T17:45:57.871+0100][1211,034s][854][934][info ] Application time: 1,0002842 seconds
[2019-11-28T17:45:57.871+0100][1211,034s][854][934][info ] Entering safepoint region: Cleanup
[2019-11-28T17:45:57.871+0100][1211,034s][854][934][info ] Leaving safepoint region
[2019-11-28T17:45:57.871+0100][1211,034s][854][934][info ] Total time for which application threads were stopped: 0,0006170 seconds, Stopping threads took: 0,0001324 seconds
[2019-11-28T17:45:58.872+0100][1212,035s][854][934][info ] Application time: 1,0001101 seconds
[2019-11-28T17:45:58.872+0100][1212,035s][854][934][info ] Entering safepoint region: Cleanup
[2019-11-28T17:45:58.872+0100][1212,035s][854][934][info ] Leaving safepoint region
[2019-11-28T17:45:58.872+0100][1212,035s][854][934][info ] Total time for which application threads were stopped: 0,0001671 seconds, Stopping threads took: 0,0000414 seconds
[2019-11-28T17:45:59.872+0100][1213,035s][854][934][info ] Application time: 1,0000992 seconds
[2019-11-28T17:45:59.872+0100][1213,035s][854][934][info ] Entering safepoint region: Cleanup
[2019-11-28T17:45:59.872+0100][1213,035s][854][934][info ] Leaving safepoint region
[2019-11-28T17:45:59.873+0100][1213,035s][854][934][info ] Total time for which application threads were stopped: 0,0004103 seconds, Stopping threads took: 0,0000896 seconds
[2019-11-28T17:46:00.873+0100][1214,036s][854][934][info ] Application time: 1,0001201 seconds
[2019-11-28T17:46:00.873+0100][1214,036s][854][934][info ] Entering safepoint region: Cleanup
[2019-11-28T17:46:00.873+0100][1214,036s][854][934][info ] Leaving safepoint region
[2019-11-28T17:46:00.873+0100][1214,036s][854][934][info ] Total time for which application threads were stopped: 0,0001406 seconds, Stopping threads took: 0,0000365 seconds
[2019-11-28T17:46:01.313+0100][1214,476s][854][933][trace] CMS: promo attempt is safe: available(3673676464) >= av_promo(42009460), max_promo(233995152)
[2019-11-28T17:46:01.873+0100][1215,036s][854][934][info ] Application time: 1,0001649 seconds
[2019-11-28T17:46:01.874+0100][1215,037s][854][934][info ] Entering safepoint region: Cleanup
[2019-11-28T17:46:01.874+0100][1215,037s][854][934][info ] Leaving safepoint region
[2019-11-28T17:46:01.874+0100][1215,037s][854][934][info ] Total time for which application threads were stopped: 0,0001872 seconds, Stopping threads took: 0,0000657 seconds
[2019-11-28T17:46:02.874+0100][1216,037s][854][934][info ] Application time: 1,0001377 seconds
[2019-11-28T17:46:02.874+0100][1216,037s][854][934][info ] Entering safepoint region: Cleanup
[2019-11-28T17:46:02.875+0100][1216,038s][854][934][info ] Leaving safepoint region
[2019-11-28T17:46:02.875+0100][1216,038s][854][934][info ] Total time for which application threads were stopped: 0,0003112 seconds, Stopping threads took: 0,0000714 seconds
[2019-11-28T17:46:03.875+0100][1217,038s][854][934][info ] Application time: 1,0001453 seconds
[2019-11-28T17:46:03.875+0100][1217,038s][854][934][info ] Entering safepoint region: Cleanup
[2019-11-28T17:46:03.875+0100][1217,038s][854][934][info ] Leaving safepoint region
[2019-11-28T17:46:03.875+0100][1217,038s][854][934][info ] Total time for which application threads were stopped: 0,0003587 seconds, Stopping threads took: 0,0000823 seconds
[2019-11-28T17:46:04.876+0100][1218,039s][854][934][info ] Application time: 1,0002002 seconds
[2019-11-28T17:46:04.876+0100][1218,039s][854][934][info ] Entering safepoint region: Cleanup
[2019-11-28T17:46:04.876+0100][1218,039s][854][934][info ] Leaving safepoint region
[2019-11-28T17:46:04.877+0100][1218,039s][854][934][info ] Total time for which application threads were stopped: 0,0005659 seconds, Stopping threads took: 0,0001883 seconds
[2019-11-28T17:46:05.877+0100][1219,040s][854][934][info ] Application time: 1,0002029 seconds
[2019-11-28T17:46:05.877+0100][1219,040s][854][934][info ] Entering safepoint region: Cleanup
[2019-11-28T17:46:05.877+0100][1219,040s][854][934][info ] Leaving safepoint region
[2019-11-28T17:46:05.877+0100][1219,040s][854][934][info ] Total time for which application threads were stopped: 0,0004667 seconds, Stopping threads took: 0,0001179 seconds
[2019-11-28T17:46:06.878+0100][1220,041s][854][934][info ] Application time: 1,0002104 seconds
[2019-11-28T17:46:06.878+0100][1220,041s][854][934][info ] Entering safepoint region: Cleanup
[2019-11-28T17:46:06.878+0100][1220,041s][854][934][info ] Leaving safepoint region
[2019-11-28T17:46:06.879+0100][1220,041s][854][934][info ] Total time for which application threads were stopped: 0,0005358 seconds, Stopping threads took: 0,0001338 seconds
[2019-11-28T17:46:07.879+0100][1221,042s][854][934][info ] Application time: 1,0002740 seconds
[2019-11-28T17:46:07.879+0100][1221,042s][854][934][info ] Entering safepoint region: Cleanup
[2019-11-28T17:46:07.879+0100][1221,042s][854][934][info ] Leaving safepoint region
[2019-11-28T17:46:07.880+0100][1221,042s][854][934][info ] Total time for which application threads were stopped: 0,0004698 seconds, Stopping threads took: 0,0001199 seconds
[2019-11-28T17:46:08.880+0100][1222,043s][854][934][info ] Application time: 1,0003776 seconds
[2019-11-28T17:46:08.880+0100][1222,043s][854][934][info ] Entering safepoint region: Cleanup
[2019-11-28T17:46:08.881+0100][1222,044s][854][934][info ] Leaving safepoint region
[2019-11-28T17:46:08.881+0100][1222,044s][854][934][info ] Total time for which application threads were stopped: 0,0004706 seconds, Stopping threads took: 0,0001223 seconds
[2019-11-28T17:46:09.881+0100][1223,044s][854][934][info ] Application time: 1,0001495 seconds
[2019-11-28T17:46:09.881+0100][1223,044s][854][934][info ] Entering safepoint region: Cleanup
[2019-11-28T17:46:09.881+0100][1223,044s][854][934][info ] Leaving safepoint region
[2019-11-28T17:46:09.882+0100][1223,044s][854][934][info ] Total time for which application threads were stopped: 0,0004097 seconds, Stopping threads took: 0,0001118 seconds
[2019-11-28T17:46:10.882+0100][1224,045s][854][934][info ] Application time: 1,0001755 seconds
[2019-11-28T17:46:10.882+0100][1224,045s][854][934][info ] Entering safepoint region: Cleanup
[2019-11-28T17:46:10.882+0100][1224,045s][854][934][info ] Leaving safepoint region
[2019-11-28T17:46:10.883+0100][1224,045s][854][934][info ] Total time for which application threads were stopped: 0,0005249 seconds, Stopping threads took: 0,0001807 seconds
[2019-11-28T17:46:11.313+0100][1224,476s][854][933][trace] CMS: promo attempt is safe: available(3673676464) >= av_promo(42009460), max_promo(236653096)
[2019-11-28T17:46:11.883+0100][1225,046s][854][934][info ] Application time: 1,0001193 seconds
[2019-11-28T17:46:11.883+0100][1225,046s][854][934][info ] Entering safepoint region: Cleanup
[2019-11-28T17:46:11.883+0100][1225,046s][854][934][info ] Leaving safepoint region
[2019-11-28T17:46:11.883+0100][1225,046s][854][934][info ] Total time for which application threads were stopped: 0,0003495 seconds, Stopping threads took: 0,0000962 seconds
[2019-11-28T17:46:12.883+0100][1226,046s][854][934][info ] Application time: 1,0000752 seconds
[2019-11-28T17:46:12.883+0100][1226,046s][854][934][info ] Entering safepoint region: Cleanup
[2019-11-28T17:46:12.883+0100][1226,046s][854][934][info ] Leaving safepoint region
[2019-11-28T17:46:12.883+0100][1226,046s][854][934][info ] Total time for which application threads were stopped: 0,0001309 seconds, Stopping threads took: 0,0000282 seconds
[2019-11-28T17:46:13.886+0100][1227,049s][854][934][info ] Application time: 1,0025449 seconds
[2019-11-28T17:46:13.886+0100][1227,049s][854][934][info ] Entering safepoint region: Cleanup
[2019-11-28T17:46:13.886+0100][1227,049s][854][934][info ] Leaving safepoint region
[2019-11-28T17:46:13.886+0100][1227,049s][854][934][info ] Total time for which application threads were stopped: 0,0001600 seconds, Stopping threads took: 0,0000365 seconds
[2019-11-28T17:46:14.886+0100][1228,049s][854][934][info ] Application time: 1,0000898 seconds
[2019-11-28T17:46:14.887+0100][1228,050s][854][934][info ] Entering safepoint region: Cleanup
[2019-11-28T17:46:14.887+0100][1228,050s][854][934][info ] Leaving safepoint region
[2019-11-28T17:46:14.887+0100][1228,050s][854][934][info ] Total time for which application threads were stopped: 0,0004360 seconds, Stopping threads took: 0,0001136 seconds
[2019-11-28T17:46:15.887+0100][1229,050s][854][934][info ] Application time: 1,0001434 seconds
[2019-11-28T17:46:15.887+0100][1229,050s][854][934][info ] Entering safepoint region: Cleanup
[2019-11-28T17:46:15.888+0100][1229,051s][854][934][info ] Leaving safepoint region
[2019-11-28T17:46:15.888+0100][1229,051s][854][934][info ] Total time for which application threads were stopped: 0,0007009 seconds, Stopping threads took: 0,0001537 seconds
[2019-11-28T17:46:16.888+0100][1230,051s][854][934][info ] Application time: 1,0001447 seconds
[2019-11-28T17:46:16.889+0100][1230,052s][854][934][info ] Entering safepoint region: Cleanup
[2019-11-28T17:46:16.889+0100][1230,052s][854][934][info ] Leaving safepoint region
[2019-11-28T17:46:16.889+0100][1230,052s][854][934][info ] Total time for which application threads were stopped: 0,0005186 seconds, Stopping threads took: 0,0001621 seconds
[2019-11-28T17:46:17.889+0100][1231,052s][854][934][info ] Application time: 1,0002359 seconds
[2019-11-28T17:46:17.890+0100][1231,053s][854][934][info ] Entering safepoint region: Cleanup
[2019-11-28T17:46:17.890+0100][1231,053s][854][934][info ] Leaving safepoint region
[2019-11-28T17:46:17.890+0100][1231,053s][854][934][info ] Total time for which application threads were stopped: 0,0007454 seconds, Stopping threads took: 0,0001827 seconds
[2019-11-28T17:46:18.891+0100][1232,054s][854][934][info ] Application time: 1,0002304 seconds
[2019-11-28T17:46:18.891+0100][1232,054s][854][934][info ] Entering safepoint region: Cleanup
[2019-11-28T17:46:18.891+0100][1232,054s][854][934][info ] Leaving safepoint region
[2019-11-28T17:46:18.892+0100][1232,055s][854][934][info ] Total time for which application threads were stopped: 0,0006661 seconds, Stopping threads took: 0,0001479 seconds
[2019-11-28T17:46:19.892+0100][1233,055s][854][934][info ] Application time: 1,0001747 seconds
[2019-11-28T17:46:19.892+0100][1233,055s][854][934][info ] Entering safepoint region: Cleanup
[2019-11-28T17:46:19.893+0100][1233,056s][854][934][info ] Leaving safepoint region
[2019-11-28T17:46:19.893+0100][1233,056s][854][934][info ] Total time for which application threads were stopped: 0,0007046 seconds, Stopping threads took: 0,0002092 seconds
[2019-11-28T17:46:20.893+0100][1234,056s][854][934][info ] Application time: 1,0001354 seconds
[2019-11-28T17:46:20.893+0100][1234,056s][854][934][info ] Entering safepoint region: Cleanup
[2019-11-28T17:46:20.893+0100][1234,056s][854][934][info ] Leaving safepoint region
[2019-11-28T17:46:20.893+0100][1234,056s][854][934][info ] Total time for which application threads were stopped: 0,0001250 seconds, Stopping threads took: 0,0000345 seconds
[2019-11-28T17:46:21.313+0100][1234,476s][854][933][trace] CMS: promo attempt is safe: available(3673676464) >= av_promo(42009460), max_promo(239739304)
[2019-11-28T17:46:21.893+0100][1235,056s][854][934][info ] Application time: 1,0000735 seconds
[2019-11-28T17:46:21.894+0100][1235,057s][854][934][info ] Entering safepoint region: Cleanup
[2019-11-28T17:46:21.894+0100][1235,057s][854][934][info ] Leaving safepoint region
[2019-11-28T17:46:21.894+0100][1235,057s][854][934][info ] Total time for which application threads were stopped: 0,0001180 seconds, Stopping threads took: 0,0000382 seconds
[2019-11-28T17:46:22.894+0100][1236,057s][854][934][info ] Application time: 1,0001038 seconds
[2019-11-28T17:46:22.894+0100][1236,057s][854][934][info ] Entering safepoint region: Cleanup
[2019-11-28T17:46:22.894+0100][1236,057s][854][934][info ] Leaving safepoint region
[2019-11-28T17:46:22.894+0100][1236,057s][854][934][info ] Total time for which application threads were stopped: 0,0005285 seconds, Stopping threads took: 0,0001311 seconds
[2019-11-28T17:46:23.895+0100][1237,058s][854][934][info ] Application time: 1,0001667 seconds
[2019-11-28T17:46:23.895+0100][1237,058s][854][934][info ] Entering safepoint region: Cleanup
[2019-11-28T17:46:23.895+0100][1237,058s][854][934][info ] Leaving safepoint region
[2019-11-28T17:46:23.895+0100][1237,058s][854][934][info ] Total time for which application threads were stopped: 0,0001301 seconds, Stopping threads took: 0,0000341 seconds
[2019-11-28T17:46:24.895+0100][1238,058s][854][934][info ] Application time: 1,0001069 seconds
[2019-11-28T17:46:24.895+0100][1238,058s][854][934][info ] Entering safepoint region: Cleanup
[2019-11-28T17:46:24.896+0100][1238,059s][854][934][info ] Leaving safepoint region
[2019-11-28T17:46:24.896+0100][1238,059s][854][934][info ] Total time for which application threads were stopped: 0,0007118 seconds, Stopping threads took: 0,0001457 seconds
[2019-11-28T17:46:25.896+0100][1239,059s][854][934][info ] Application time: 1,0002062 seconds
[2019-11-28T17:46:25.897+0100][1239,059s][854][934][info ] Entering safepoint region: Cleanup
[2019-11-28T17:46:25.897+0100][1239,060s][854][934][info ] Leaving safepoint region
[2019-11-28T17:46:25.897+0100][1239,060s][854][934][info ] Total time for which application threads were stopped: 0,0006488 seconds, Stopping threads took: 0,0001384 seconds
[2019-11-28T17:46:26.897+0100][1240,060s][854][934][info ] Application time: 1,0001509 seconds
[2019-11-28T17:46:26.898+0100][1240,061s][854][934][info ] Entering safepoint region: Cleanup
[2019-11-28T17:46:26.898+0100][1240,061s][854][934][info ] Leaving safepoint region
[2019-11-28T17:46:26.898+0100][1240,061s][854][934][info ] Total time for which application threads were stopped: 0,0004673 seconds, Stopping threads took: 0,0001010 seconds
[2019-11-28T17:46:27.898+0100][1241,061s][854][934][info ] Application time: 1,0002149 seconds
[2019-11-28T17:46:27.899+0100][1241,062s][854][934][info ] Entering safepoint region: Cleanup
[2019-11-28T17:46:27.899+0100][1241,062s][854][934][info ] Leaving safepoint region
[2019-11-28T17:46:27.899+0100][1241,062s][854][934][info ] Total time for which application threads were stopped: 0,0009325 seconds, Stopping threads took: 0,0002484 seconds
[2019-11-28T17:46:28.900+0100][1242,063s][854][934][info ] Application time: 1,0001638 seconds
[2019-11-28T17:46:28.900+0100][1242,063s][854][934][info ] Entering safepoint region: Cleanup
[2019-11-28T17:46:28.900+0100][1242,063s][854][934][info ] Leaving safepoint region
[2019-11-28T17:46:28.900+0100][1242,063s][854][934][info ] Total time for which application threads were stopped: 0,0004650 seconds, Stopping threads took: 0,0001336 seconds
[2019-11-28T17:46:29.901+0100][1243,064s][854][934][info ] Application time: 1,0001895 seconds
[2019-11-28T17:46:29.901+0100][1243,064s][854][934][info ] Entering safepoint region: Cleanup
[2019-11-28T17:46:29.901+0100][1243,064s][854][934][info ] Leaving safepoint region
[2019-11-28T17:46:29.902+0100][1243,065s][854][934][info ] Total time for which application threads were stopped: 0,0006428 seconds, Stopping threads took: 0,0001517 seconds
[2019-11-28T17:46:30.902+0100][1244,065s][854][934][info ] Application time: 1,0002237 seconds
[2019-11-28T17:46:30.902+0100][1244,065s][854][934][info ] Entering safepoint region: Cleanup
[2019-11-28T17:46:30.902+0100][1244,065s][854][934][info ] Leaving safepoint region
[2019-11-28T17:46:30.903+0100][1244,065s][854][934][info ] Total time for which application threads were stopped: 0,0004413 seconds, Stopping threads took: 0,0001286 seconds
[2019-11-28T17:46:31.313+0100][1244,476s][854][933][trace] CMS: promo attempt is safe: available(3673676464) >= av_promo(42009460), max_promo(242825512)
[2019-11-28T17:46:31.903+0100][1245,066s][854][934][info ] Application time: 1,0001211 seconds
[2019-11-28T17:46:31.903+0100][1245,066s][854][934][info ] Entering safepoint region: Cleanup
[2019-11-28T17:46:31.903+0100][1245,066s][854][934][info ] Leaving safepoint region
[2019-11-28T17:46:31.903+0100][1245,066s][854][934][info ] Total time for which application threads were stopped: 0,0004874 seconds, Stopping threads took: 0,0001288 seconds
[2019-11-28T17:46:32.904+0100][1246,067s][854][934][info ] Application time: 1,0001735 seconds
[2019-11-28T17:46:32.904+0100][1246,067s][854][934][info ] Entering safepoint region: Cleanup
[2019-11-28T17:46:32.904+0100][1246,067s][854][934][info ] Leaving safepoint region
[2019-11-28T17:46:32.904+0100][1246,067s][854][934][info ] Total time for which application threads were stopped: 0,0004242 seconds, Stopping threads took: 0,0001458 seconds
[2019-11-28T17:46:33.904+0100][1247,067s][854][934][info ] Application time: 1,0001302 seconds
[2019-11-28T17:46:33.905+0100][1247,068s][854][934][info ] Entering safepoint region: Cleanup
[2019-11-28T17:46:33.905+0100][1247,068s][854][934][info ] Leaving safepoint region
[2019-11-28T17:46:33.905+0100][1247,068s][854][934][info ] Total time for which application threads were stopped: 0,0005809 seconds, Stopping threads took: 0,0001500 seconds
[2019-11-28T17:46:34.906+0100][1248,069s][854][934][info ] Application time: 1,0001999 seconds
[2019-11-28T17:46:34.906+0100][1248,069s][854][934][info ] Entering safepoint region: Cleanup
[2019-11-28T17:46:34.906+0100][1248,069s][854][934][info ] Leaving safepoint region
[2019-11-28T17:46:34.906+0100][1248,069s][854][934][info ] Total time for which application threads were stopped: 0,0006370 seconds, Stopping threads took: 0,0001713 seconds
[2019-11-28T17:46:35.907+0100][1249,070s][854][934][info ] Application time: 1,0001082 seconds
[2019-11-28T17:46:35.907+0100][1249,070s][854][934][info ] Entering safepoint region: Cleanup
[2019-11-28T17:46:35.907+0100][1249,070s][854][934][info ] Leaving safepoint region
[2019-11-28T17:46:35.907+0100][1249,070s][854][934][info ] Total time for which application threads were stopped: 0,0001787 seconds, Stopping threads took: 0,0000588 seconds
[2019-11-28T17:46:36.907+0100][1250,070s][854][934][info ] Application time: 1,0001032 seconds
[2019-11-28T17:46:36.907+0100][1250,070s][854][934][info ] Entering safepoint region: Cleanup
[2019-11-28T17:46:36.908+0100][1250,071s][854][934][info ] Leaving safepoint region
[2019-11-28T17:46:36.908+0100][1250,071s][854][934][info ] Total time for which application threads were stopped: 0,0006225 seconds, Stopping threads took: 0,0001275 seconds
[2019-11-28T17:46:37.908+0100][1251,071s][854][934][info ] Application time: 1,0001618 seconds
[2019-11-28T17:46:37.908+0100][1251,071s][854][934][info ] Entering safepoint region: Cleanup
[2019-11-28T17:46:37.909+0100][1251,072s][854][934][info ] Leaving safepoint region
[2019-11-28T17:46:37.909+0100][1251,072s][854][934][info ] Total time for which application threads were stopped: 0,0005386 seconds, Stopping threads took: 0,0001261 seconds
[2019-11-28T17:46:38.909+0100][1252,072s][854][934][info ] Application time: 1,0001437 seconds
[2019-11-28T17:46:38.909+0100][1252,072s][854][934][info ] Entering safepoint region: Cleanup
[2019-11-28T17:46:38.910+0100][1252,073s][854][934][info ] Leaving safepoint region
[2019-11-28T17:46:38.910+0100][1252,073s][854][934][info ] Total time for which application threads were stopped: 0,0005220 seconds, Stopping threads took: 0,0001244 seconds
[2019-11-28T17:46:39.910+0100][1253,073s][854][934][info ] Application time: 1,0002040 seconds
[2019-11-28T17:46:39.910+0100][1253,073s][854][934][info ] Entering safepoint region: Cleanup
[2019-11-28T17:46:39.911+0100][1253,074s][854][934][info ] Leaving safepoint region
[2019-11-28T17:46:39.911+0100][1253,074s][854][934][info ] Total time for which application threads were stopped: 0,0006073 seconds, Stopping threads took: 0,0001537 seconds
[2019-11-28T17:46:40.911+0100][1254,074s][854][934][info ] Application time: 1,0002099 seconds
[2019-11-28T17:46:40.911+0100][1254,074s][854][934][info ] Entering safepoint region: Cleanup
[2019-11-28T17:46:40.912+0100][1254,075s][854][934][info ] Leaving safepoint region
[2019-11-28T17:46:40.912+0100][1254,075s][854][934][info ] Total time for which application threads were stopped: 0,0007070 seconds, Stopping threads took: 0,0001715 seconds
[2019-11-28T17:46:41.312+0100][1254,475s][854][933][trace] CMS: promo attempt is safe: available(3673676464) >= av_promo(42009460), max_promo(256362776)
[2019-11-28T17:46:41.912+0100][1255,075s][854][934][info ] Application time: 1,0002320 seconds
[2019-11-28T17:46:41.913+0100][1255,076s][854][934][info ] Entering safepoint region: Cleanup
[2019-11-28T17:46:41.913+0100][1255,076s][854][934][info ] Leaving safepoint region
[2019-11-28T17:46:41.913+0100][1255,076s][854][934][info ] Total time for which application threads were stopped: 0,0005606 seconds, Stopping threads took: 0,0001295 seconds
[2019-11-28T17:46:42.913+0100][1256,076s][854][934][info ] Application time: 1,0002089 seconds
[2019-11-28T17:46:42.914+0100][1256,077s][854][934][info ] Entering safepoint region: Cleanup
[2019-11-28T17:46:42.914+0100][1256,077s][854][934][info ] Leaving safepoint region
[2019-11-28T17:46:42.914+0100][1256,077s][854][934][info ] Total time for which application threads were stopped: 0,0006808 seconds, Stopping threads took: 0,0001786 seconds
[2019-11-28T17:46:43.915+0100][1257,078s][854][934][info ] Application time: 1,0001452 seconds
[2019-11-28T17:46:43.915+0100][1257,078s][854][934][info ] Entering safepoint region: Cleanup
[2019-11-28T17:46:43.915+0100][1257,078s][854][934][info ] Leaving safepoint region
[2019-11-28T17:46:43.915+0100][1257,078s][854][934][info ] Total time for which application threads were stopped: 0,0006819 seconds, Stopping threads took: 0,0001950 seconds
[2019-11-28T17:46:44.916+0100][1258,079s][854][934][info ] Application time: 1,0003930 seconds
[2019-11-28T17:46:44.916+0100][1258,079s][854][934][info ] Entering safepoint region: Cleanup
[2019-11-28T17:46:44.917+0100][1258,080s][854][934][info ] Leaving safepoint region
[2019-11-28T17:46:44.917+0100][1258,080s][854][934][info ] Total time for which application threads were stopped: 0,0004927 seconds, Stopping threads took: 0,0001696 seconds
[2019-11-28T17:46:45.917+0100][1259,080s][854][934][info ] Application time: 1,0001219 seconds
[2019-11-28T17:46:45.917+0100][1259,080s][854][934][info ] Entering safepoint region: Cleanup
[2019-11-28T17:46:45.917+0100][1259,080s][854][934][info ] Leaving safepoint region
[2019-11-28T17:46:45.917+0100][1259,080s][854][934][info ] Total time for which application threads were stopped: 0,0001232 seconds, Stopping threads took: 0,0000289 seconds
[2019-11-28T17:46:46.917+0100][1260,080s][854][934][info ] Application time: 1,0000726 seconds
[2019-11-28T17:46:46.917+0100][1260,080s][854][934][info ] Entering safepoint region: Cleanup
[2019-11-28T17:46:46.917+0100][1260,080s][854][934][info ] Leaving safepoint region
[2019-11-28T17:46:46.917+0100][1260,080s][854][934][info ] Total time for which application threads were stopped: 0,0001509 seconds, Stopping threads took: 0,0000377 seconds
[2019-11-28T17:46:47.917+0100][1261,080s][854][934][info ] Application time: 1,0000828 seconds
[2019-11-28T17:46:47.918+0100][1261,081s][854][934][info ] Entering safepoint region: Cleanup
[2019-11-28T17:46:47.918+0100][1261,081s][854][934][info ] Leaving safepoint region
[2019-11-28T17:46:47.918+0100][1261,081s][854][934][info ] Total time for which application threads were stopped: 0,0001478 seconds, Stopping threads took: 0,0000392 seconds
[2019-11-28T17:46:48.918+0100][1262,081s][854][934][info ] Application time: 1,0000907 seconds
[2019-11-28T17:46:48.918+0100][1262,081s][854][934][info ] Entering safepoint region: Cleanup
[2019-11-28T17:46:48.918+0100][1262,081s][854][934][info ] Leaving safepoint region
[2019-11-28T17:46:48.918+0100][1262,081s][854][934][info ] Total time for which application threads were stopped: 0,0004029 seconds, Stopping threads took: 0,0000999 seconds
[2019-11-28T17:46:49.919+0100][1263,082s][854][934][info ] Application time: 1,0001284 seconds
[2019-11-28T17:46:49.919+0100][1263,082s][854][934][info ] Entering safepoint region: Cleanup
[2019-11-28T17:46:49.919+0100][1263,082s][854][934][info ] Leaving safepoint region
[2019-11-28T17:46:49.919+0100][1263,082s][854][934][info ] Total time for which application threads were stopped: 0,0005708 seconds, Stopping threads took: 0,0001537 seconds
[2019-11-28T17:46:50.920+0100][1264,083s][854][934][info ] Application time: 1,0001724 seconds
[2019-11-28T17:46:50.920+0100][1264,083s][854][934][info ] Entering safepoint region: Cleanup
[2019-11-28T17:46:50.920+0100][1264,083s][854][934][info ] Leaving safepoint region
[2019-11-28T17:46:50.920+0100][1264,083s][854][934][info ] Total time for which application threads were stopped: 0,0003761 seconds, Stopping threads took: 0,0001277 seconds
[2019-11-28T17:46:51.313+0100][1264,476s][854][933][trace] CMS: promo attempt is safe: available(3673676464) >= av_promo(42009460), max_promo(259700384)
[2019-11-28T17:46:51.921+0100][1265,084s][854][934][info ] Application time: 1,0001713 seconds
[2019-11-28T17:46:51.921+0100][1265,084s][854][934][info ] Entering safepoint region: Cleanup
[2019-11-28T17:46:51.921+0100][1265,084s][854][934][info ] Leaving safepoint region
[2019-11-28T17:46:51.921+0100][1265,084s][854][934][info ] Total time for which application threads were stopped: 0,0005256 seconds, Stopping threads took: 0,0001209 seconds
[2019-11-28T17:46:52.922+0100][1266,085s][854][934][info ] Application time: 1,0001694 seconds
[2019-11-28T17:46:52.922+0100][1266,085s][854][934][info ] Entering safepoint region: Cleanup
[2019-11-28T17:46:52.922+0100][1266,085s][854][934][info ] Leaving safepoint region
[2019-11-28T17:46:52.922+0100][1266,085s][854][934][info ] Total time for which application threads were stopped: 0,0005494 seconds, Stopping threads took: 0,0001166 seconds
[2019-11-28T17:46:53.923+0100][1267,086s][854][934][info ] Application time: 1,0001369 seconds
[2019-11-28T17:46:53.923+0100][1267,086s][854][934][info ] Entering safepoint region: Cleanup
[2019-11-28T17:46:53.923+0100][1267,086s][854][934][info ] Leaving safepoint region
[2019-11-28T17:46:53.923+0100][1267,086s][854][934][info ] Total time for which application threads were stopped: 0,0005782 seconds, Stopping threads took: 0,0001560 seconds
[2019-11-28T17:46:54.924+0100][1268,087s][854][934][info ] Application time: 1,0001263 seconds
[2019-11-28T17:46:54.924+0100][1268,087s][854][934][info ] Entering safepoint region: Cleanup
[2019-11-28T17:46:54.924+0100][1268,087s][854][934][info ] Leaving safepoint region
[2019-11-28T17:46:54.924+0100][1268,087s][854][934][info ] Total time for which application threads were stopped: 0,0001315 seconds, Stopping threads took: 0,0000362 seconds
[2019-11-28T17:46:55.924+0100][1269,087s][854][934][info ] Application time: 1,0001860 seconds
[2019-11-28T17:46:55.924+0100][1269,087s][854][934][info ] Entering safepoint region: Cleanup
[2019-11-28T17:46:55.924+0100][1269,087s][854][934][info ] Leaving safepoint region
[2019-11-28T17:46:55.925+0100][1269,088s][854][934][info ] Total time for which application threads were stopped: 0,0004060 seconds, Stopping threads took: 0,0001092 seconds
[2019-11-28T17:46:56.925+0100][1270,088s][854][934][info ] Application time: 1,0001445 seconds
[2019-11-28T17:46:56.925+0100][1270,088s][854][934][info ] Entering safepoint region: Cleanup
[2019-11-28T17:46:56.925+0100][1270,088s][854][934][info ] Leaving safepoint region
[2019-11-28T17:46:56.925+0100][1270,088s][854][934][info ] Total time for which application threads were stopped: 0,0003348 seconds, Stopping threads took: 0,0001041 seconds
[2019-11-28T17:46:57.925+0100][1271,088s][854][934][info ] Application time: 1,0001538 seconds
[2019-11-28T17:46:57.926+0100][1271,089s][854][934][info ] Entering safepoint region: Cleanup
[2019-11-28T17:46:57.926+0100][1271,089s][854][934][info ] Leaving safepoint region
[2019-11-28T17:46:57.926+0100][1271,089s][854][934][info ] Total time for which application threads were stopped: 0,0004234 seconds, Stopping threads took: 0,0001534 seconds
[2019-11-28T17:46:58.926+0100][1272,089s][854][934][info ] Application time: 1,0000923 seconds
[2019-11-28T17:46:58.926+0100][1272,089s][854][934][info ] Entering safepoint region: Cleanup
[2019-11-28T17:46:58.926+0100][1272,089s][854][934][info ] Leaving safepoint region
[2019-11-28T17:46:58.926+0100][1272,089s][854][934][info ] Total time for which application threads were stopped: 0,0001427 seconds, Stopping threads took: 0,0000362 seconds
[2019-11-28T17:46:59.926+0100][1273,089s][854][934][info ] Application time: 1,0001006 seconds
[2019-11-28T17:46:59.927+0100][1273,090s][854][934][info ] Entering safepoint region: Cleanup
[2019-11-28T17:46:59.927+0100][1273,090s][854][934][info ] Leaving safepoint region
[2019-11-28T17:46:59.927+0100][1273,090s][854][934][info ] Total time for which application threads were stopped: 0,0001175 seconds, Stopping threads took: 0,0000269 seconds
[2019-11-28T17:47:00.927+0100][1274,090s][854][934][info ] Application time: 1,0001078 seconds
[2019-11-28T17:47:00.927+0100][1274,090s][854][934][info ] Entering safepoint region: Cleanup
[2019-11-28T17:47:00.927+0100][1274,090s][854][934][info ] Leaving safepoint region
[2019-11-28T17:47:00.928+0100][1274,091s][854][934][info ] Total time for which application threads were stopped: 0,0008196 seconds, Stopping threads took: 0,0001275 seconds
[2019-11-28T17:47:01.312+0100][1274,475s][854][933][trace] CMS: promo attempt is safe: available(3673676464) >= av_promo(42009460), max_promo(262187184)
[2019-11-28T17:47:01.928+0100][1275,091s][854][934][info ] Application time: 1,0001258 seconds
[2019-11-28T17:47:01.928+0100][1275,091s][854][934][info ] Entering safepoint region: Cleanup
[2019-11-28T17:47:01.929+0100][1275,092s][854][934][info ] Leaving safepoint region
[2019-11-28T17:47:01.929+0100][1275,092s][854][934][info ] Total time for which application threads were stopped: 0,0004465 seconds, Stopping threads took: 0,0001169 seconds
[2019-11-28T17:47:02.929+0100][1276,092s][854][934][info ] Application time: 1,0000968 seconds
[2019-11-28T17:47:02.929+0100][1276,092s][854][934][info ] Entering safepoint region: Cleanup
[2019-11-28T17:47:02.929+0100][1276,092s][854][934][info ] Leaving safepoint region
[2019-11-28T17:47:02.929+0100][1276,092s][854][934][info ] Total time for which application threads were stopped: 0,0000993 seconds, Stopping threads took: 0,0000243 seconds
[2019-11-28T17:47:03.929+0100][1277,092s][854][934][info ] Application time: 1,0000967 seconds
[2019-11-28T17:47:03.929+0100][1277,092s][854][934][info ] Entering safepoint region: Cleanup
[2019-11-28T17:47:03.930+0100][1277,093s][854][934][info ] Leaving safepoint region
[2019-11-28T17:47:03.930+0100][1277,093s][854][934][info ] Total time for which application threads were stopped: 0,0006030 seconds, Stopping threads took: 0,0001495 seconds
[2019-11-28T17:47:04.930+0100][1278,093s][854][934][info ] Application time: 1,0001519 seconds
[2019-11-28T17:47:04.930+0100][1278,093s][854][934][info ] Entering safepoint region: Cleanup
[2019-11-28T17:47:04.931+0100][1278,094s][854][934][info ] Leaving safepoint region
[2019-11-28T17:47:04.931+0100][1278,094s][854][934][info ] Total time for which application threads were stopped: 0,0004824 seconds, Stopping threads took: 0,0001737 seconds
[2019-11-28T17:47:05.931+0100][1279,094s][854][934][info ] Application time: 1,0001310 seconds
[2019-11-28T17:47:05.931+0100][1279,094s][854][934][info ] Entering safepoint region: Cleanup
[2019-11-28T17:47:05.932+0100][1279,095s][854][934][info ] Leaving safepoint region
[2019-11-28T17:47:05.932+0100][1279,095s][854][934][info ] Total time for which application threads were stopped: 0,0007669 seconds, Stopping threads took: 0,0001443 seconds
[2019-11-28T17:47:06.932+0100][1280,095s][854][934][info ] Application time: 1,0002012 seconds
[2019-11-28T17:47:06.933+0100][1280,096s][854][934][info ] Entering safepoint region: Cleanup
[2019-11-28T17:47:06.933+0100][1280,096s][854][934][info ] Leaving safepoint region
[2019-11-28T17:47:06.933+0100][1280,096s][854][934][info ] Total time for which application threads were stopped: 0,0005376 seconds, Stopping threads took: 0,0001223 seconds
[2019-11-28T17:47:07.933+0100][1281,096s][854][934][info ] Application time: 1,0001664 seconds
[2019-11-28T17:47:07.934+0100][1281,097s][854][934][info ] Entering safepoint region: Cleanup
[2019-11-28T17:47:07.934+0100][1281,097s][854][934][info ] Leaving safepoint region
[2019-11-28T17:47:07.934+0100][1281,097s][854][934][info ] Total time for which application threads were stopped: 0,0004271 seconds, Stopping threads took: 0,0001356 seconds
[2019-11-28T17:47:08.934+0100][1282,097s][854][934][info ] Application time: 1,0002769 seconds
[2019-11-28T17:47:08.935+0100][1282,098s][854][934][info ] Entering safepoint region: Cleanup
[2019-11-28T17:47:08.935+0100][1282,098s][854][934][info ] Leaving safepoint region
[2019-11-28T17:47:08.935+0100][1282,098s][854][934][info ] Total time for which application threads were stopped: 0,0006122 seconds, Stopping threads took: 0,0001715 seconds
[2019-11-28T17:47:09.935+0100][1283,098s][854][934][info ] Application time: 1,0001940 seconds
[2019-11-28T17:47:09.936+0100][1283,099s][854][934][info ] Entering safepoint region: Cleanup
[2019-11-28T17:47:09.936+0100][1283,099s][854][934][info ] Leaving safepoint region
[2019-11-28T17:47:09.936+0100][1283,099s][854][934][info ] Total time for which application threads were stopped: 0,0004045 seconds, Stopping threads took: 0,0001111 seconds
[2019-11-28T17:47:10.936+0100][1284,099s][854][934][info ] Application time: 1,0001780 seconds
[2019-11-28T17:47:10.937+0100][1284,100s][854][934][info ] Entering safepoint region: Cleanup
[2019-11-28T17:47:10.937+0100][1284,100s][854][934][info ] Leaving safepoint region
[2019-11-28T17:47:10.937+0100][1284,100s][854][934][info ] Total time for which application threads were stopped: 0,0005158 seconds, Stopping threads took: 0,0001821 seconds
[2019-11-28T17:47:11.312+0100][1284,475s][854][933][trace] CMS: promo attempt is safe: available(3673676464) >= av_promo(42009460), max_promo(265273392)
[2019-11-28T17:47:11.943+0100][1285,106s][854][934][info ] Application time: 1,0001896 seconds
[2019-11-28T17:47:11.943+0100][1285,106s][854][934][info ] Entering safepoint region: Cleanup
[2019-11-28T17:47:11.943+0100][1285,106s][854][934][info ] Leaving safepoint region
[2019-11-28T17:47:11.943+0100][1285,106s][854][934][info ] Total time for which application threads were stopped: 0,0003915 seconds, Stopping threads took: 0,0001017 seconds
[2019-11-28T17:47:12.943+0100][1286,106s][854][934][info ] Application time: 1,0000872 seconds
[2019-11-28T17:47:12.944+0100][1286,106s][854][934][info ] Entering safepoint region: Cleanup
[2019-11-28T17:47:12.944+0100][1286,107s][854][934][info ] Leaving safepoint region
[2019-11-28T17:47:12.944+0100][1286,107s][854][934][info ] Total time for which application threads were stopped: 0,0001871 seconds, Stopping threads took: 0,0000370 seconds
[2019-11-28T17:47:13.944+0100][1287,107s][854][934][info ] Application time: 1,0001469 seconds
[2019-11-28T17:47:13.944+0100][1287,107s][854][934][info ] Entering safepoint region: Cleanup
[2019-11-28T17:47:13.945+0100][1287,107s][854][934][info ] Leaving safepoint region
[2019-11-28T17:47:13.945+0100][1287,108s][854][934][info ] Total time for which application threads were stopped: 0,0005543 seconds, Stopping threads took: 0,0001372 seconds
[2019-11-28T17:47:14.945+0100][1288,108s][854][934][info ] Application time: 1,0002067 seconds
[2019-11-28T17:47:14.945+0100][1288,108s][854][934][info ] Entering safepoint region: Cleanup
[2019-11-28T17:47:14.945+0100][1288,108s][854][934][info ] Leaving safepoint region
[2019-11-28T17:47:14.946+0100][1288,109s][854][934][info ] Total time for which application threads were stopped: 0,0004498 seconds, Stopping threads took: 0,0001237 seconds
[2019-11-28T17:47:15.946+0100][1289,109s][854][934][info ] Application time: 1,0000990 seconds
[2019-11-28T17:47:15.946+0100][1289,109s][854][934][info ] Entering safepoint region: Cleanup
[2019-11-28T17:47:15.946+0100][1289,109s][854][934][info ] Leaving safepoint region
[2019-11-28T17:47:15.946+0100][1289,109s][854][934][info ] Total time for which application threads were stopped: 0,0001433 seconds, Stopping threads took: 0,0000356 seconds
[2019-11-28T17:47:16.946+0100][1290,109s][854][934][info ] Application time: 1,0000745 seconds
[2019-11-28T17:47:16.946+0100][1290,109s][854][934][info ] Entering safepoint region: Cleanup
[2019-11-28T17:47:16.946+0100][1290,109s][854][934][info ] Leaving safepoint region
[2019-11-28T17:47:16.946+0100][1290,109s][854][934][info ] Total time for which application threads were stopped: 0,0001394 seconds, Stopping threads took: 0,0000365 seconds
[2019-11-28T17:47:17.946+0100][1291,109s][854][934][info ] Application time: 1,0001388 seconds
[2019-11-28T17:47:17.947+0100][1291,110s][854][934][info ] Entering safepoint region: Cleanup
[2019-11-28T17:47:17.947+0100][1291,110s][854][934][info ] Leaving safepoint region
[2019-11-28T17:47:17.947+0100][1291,110s][854][934][info ] Total time for which application threads were stopped: 0,0003122 seconds, Stopping threads took: 0,0000752 seconds
[2019-11-28T17:47:18.947+0100][1292,110s][854][934][info ] Application time: 1,0001761 seconds
[2019-11-28T17:47:18.947+0100][1292,110s][854][934][info ] Entering safepoint region: Cleanup
[2019-11-28T17:47:18.948+0100][1292,111s][854][934][info ] Leaving safepoint region
[2019-11-28T17:47:18.948+0100][1292,111s][854][934][info ] Total time for which application threads were stopped: 0,0006251 seconds, Stopping threads took: 0,0001277 seconds
[2019-11-28T17:47:19.948+0100][1293,111s][854][934][info ] Application time: 1,0001283 seconds
[2019-11-28T17:47:19.948+0100][1293,111s][854][934][info ] Entering safepoint region: Cleanup
[2019-11-28T17:47:19.949+0100][1293,112s][854][934][info ] Leaving safepoint region
[2019-11-28T17:47:19.949+0100][1293,112s][854][934][info ] Total time for which application threads were stopped: 0,0006079 seconds, Stopping threads took: 0,0001819 seconds
[2019-11-28T17:47:20.949+0100][1294,112s][854][934][info ] Application time: 1,0001365 seconds
[2019-11-28T17:47:20.949+0100][1294,112s][854][934][info ] Entering safepoint region: Cleanup
[2019-11-28T17:47:20.950+0100][1294,113s][854][934][info ] Leaving safepoint region
[2019-11-28T17:47:20.950+0100][1294,113s][854][934][info ] Total time for which application threads were stopped: 0,0004552 seconds, Stopping threads took: 0,0001533 seconds
[2019-11-28T17:47:21.311+0100][1294,474s][854][933][trace] CMS: promo attempt is safe: available(3673676464) >= av_promo(42009460), max_promo(268537440)
[2019-11-28T17:47:21.950+0100][1295,113s][854][934][info ] Application time: 1,0001700 seconds
[2019-11-28T17:47:21.950+0100][1295,113s][854][934][info ] Entering safepoint region: Cleanup
[2019-11-28T17:47:21.951+0100][1295,113s][854][934][info ] Leaving safepoint region
[2019-11-28T17:47:21.951+0100][1295,114s][854][934][info ] Total time for which application threads were stopped: 0,0003872 seconds, Stopping threads took: 0,0000815 seconds
[2019-11-28T17:47:22.951+0100][1296,114s][854][934][info ] Application time: 1,0001215 seconds
[2019-11-28T17:47:22.951+0100][1296,114s][854][934][info ] Entering safepoint region: Cleanup
[2019-11-28T17:47:22.951+0100][1296,114s][854][934][info ] Leaving safepoint region
[2019-11-28T17:47:22.951+0100][1296,114s][854][934][info ] Total time for which application threads were stopped: 0,0004737 seconds, Stopping threads took: 0,0001352 seconds
[2019-11-28T17:47:23.952+0100][1297,115s][854][934][info ] Application time: 1,0001733 seconds
[2019-11-28T17:47:23.952+0100][1297,115s][854][934][info ] Entering safepoint region: Cleanup
[2019-11-28T17:47:23.952+0100][1297,115s][854][934][info ] Leaving safepoint region
[2019-11-28T17:47:23.952+0100][1297,115s][854][934][info ] Total time for which application threads were stopped: 0,0004082 seconds, Stopping threads took: 0,0000956 seconds
[2019-11-28T17:47:24.953+0100][1298,116s][854][934][info ] Application time: 1,0004611 seconds
[2019-11-28T17:47:24.953+0100][1298,116s][854][934][info ] Entering safepoint region: Cleanup
[2019-11-28T17:47:24.953+0100][1298,116s][854][934][info ] Leaving safepoint region
[2019-11-28T17:47:24.953+0100][1298,116s][854][934][info ] Total time for which application threads were stopped: 0,0004432 seconds, Stopping threads took: 0,0001023 seconds
[2019-11-28T17:47:25.954+0100][1299,117s][854][934][info ] Application time: 1,0001400 seconds
[2019-11-28T17:47:25.954+0100][1299,117s][854][934][info ] Entering safepoint region: Cleanup
[2019-11-28T17:47:25.954+0100][1299,117s][854][934][info ] Leaving safepoint region
[2019-11-28T17:47:25.954+0100][1299,117s][854][934][info ] Total time for which application threads were stopped: 0,0001814 seconds, Stopping threads took: 0,0000410 seconds
[2019-11-28T17:47:26.954+0100][1300,117s][854][934][info ] Application time: 1,0001635 seconds
[2019-11-28T17:47:26.954+0100][1300,117s][854][934][info ] Entering safepoint region: Cleanup
[2019-11-28T17:47:26.955+0100][1300,118s][854][934][info ] Leaving safepoint region
[2019-11-28T17:47:26.955+0100][1300,118s][854][934][info ] Total time for which application threads were stopped: 0,0006357 seconds, Stopping threads took: 0,0001873 seconds
[2019-11-28T17:47:27.955+0100][1301,118s][854][934][info ] Application time: 1,0001954 seconds
[2019-11-28T17:47:27.955+0100][1301,118s][854][934][info ] Entering safepoint region: Cleanup
[2019-11-28T17:47:27.956+0100][1301,119s][854][934][info ] Leaving safepoint region
[2019-11-28T17:47:27.956+0100][1301,119s][854][934][info ] Total time for which application threads were stopped: 0,0006986 seconds, Stopping threads took: 0,0001211 seconds
[2019-11-28T17:47:28.956+0100][1302,119s][854][934][info ] Application time: 1,0001566 seconds
[2019-11-28T17:47:28.957+0100][1302,120s][854][934][info ] Entering safepoint region: Cleanup
[2019-11-28T17:47:28.957+0100][1302,120s][854][934][info ] Leaving safepoint region
[2019-11-28T17:47:28.957+0100][1302,120s][854][934][info ] Total time for which application threads were stopped: 0,0007766 seconds, Stopping threads took: 0,0002195 seconds
[2019-11-28T17:47:29.957+0100][1303,120s][854][934][info ] Application time: 1,0001249 seconds
[2019-11-28T17:47:29.958+0100][1303,121s][854][934][info ] Entering safepoint region: Cleanup
[2019-11-28T17:47:29.958+0100][1303,121s][854][934][info ] Leaving safepoint region
[2019-11-28T17:47:29.958+0100][1303,121s][854][934][info ] Total time for which application threads were stopped: 0,0002212 seconds, Stopping threads took: 0,0000605 seconds
[2019-11-28T17:47:30.958+0100][1304,121s][854][934][info ] Application time: 1,0001047 seconds
[2019-11-28T17:47:30.958+0100][1304,121s][854][934][info ] Entering safepoint region: Cleanup
[2019-11-28T17:47:30.958+0100][1304,121s][854][934][info ] Leaving safepoint region
[2019-11-28T17:47:30.959+0100][1304,122s][854][934][info ] Total time for which application threads were stopped: 0,0004694 seconds, Stopping threads took: 0,0001192 seconds
[2019-11-28T17:47:31.311+0100][1304,474s][854][933][trace] CMS: promo attempt is safe: available(3673676464) >= av_promo(42009460), max_promo(271024240)
[2019-11-28T17:47:31.959+0100][1305,122s][854][934][info ] Application time: 1,0001555 seconds
[2019-11-28T17:47:31.959+0100][1305,122s][854][934][info ] Entering safepoint region: Cleanup
[2019-11-28T17:47:31.960+0100][1305,123s][854][934][info ] Leaving safepoint region
[2019-11-28T17:47:31.960+0100][1305,123s][854][934][info ] Total time for which application threads were stopped: 0,0007848 seconds, Stopping threads took: 0,0001801 seconds
[2019-11-28T17:47:32.960+0100][1306,123s][854][934][info ] Application time: 1,0001116 seconds
[2019-11-28T17:47:32.960+0100][1306,123s][854][934][info ] Entering safepoint region: Cleanup
[2019-11-28T17:47:32.960+0100][1306,123s][854][934][info ] Leaving safepoint region
[2019-11-28T17:47:32.960+0100][1306,123s][854][934][info ] Total time for which application threads were stopped: 0,0001079 seconds, Stopping threads took: 0,0000328 seconds
[2019-11-28T17:47:33.960+0100][1307,123s][854][934][info ] Application time: 1,0001544 seconds
[2019-11-28T17:47:33.961+0100][1307,124s][854][934][info ] Entering safepoint region: Cleanup
[2019-11-28T17:47:33.961+0100][1307,124s][854][934][info ] Leaving safepoint region
[2019-11-28T17:47:33.961+0100][1307,124s][854][934][info ] Total time for which application threads were stopped: 0,0005786 seconds, Stopping threads took: 0,0001597 seconds
[2019-11-28T17:47:34.961+0100][1308,124s][854][934][info ] Application time: 1,0001465 seconds
[2019-11-28T17:47:34.961+0100][1308,124s][854][934][info ] Entering safepoint region: Cleanup
[2019-11-28T17:47:34.962+0100][1308,124s][854][934][info ] Leaving safepoint region
[2019-11-28T17:47:34.962+0100][1308,125s][854][934][info ] Total time for which application threads were stopped: 0,0001291 seconds, Stopping threads took: 0,0000435 seconds
[2019-11-28T17:47:35.962+0100][1309,125s][854][934][info ] Application time: 1,0001063 seconds
[2019-11-28T17:47:35.962+0100][1309,125s][854][934][info ] Entering safepoint region: Cleanup
[2019-11-28T17:47:35.962+0100][1309,125s][854][934][info ] Leaving safepoint region
[2019-11-28T17:47:35.962+0100][1309,125s][854][934][info ] Total time for which application threads were stopped: 0,0001132 seconds, Stopping threads took: 0,0000349 seconds
[2019-11-28T17:47:36.962+0100][1310,125s][854][934][info ] Application time: 1,0001320 seconds
[2019-11-28T17:47:36.962+0100][1310,125s][854][934][info ] Entering safepoint region: Cleanup
[2019-11-28T17:47:36.963+0100][1310,126s][854][934][info ] Leaving safepoint region
[2019-11-28T17:47:36.963+0100][1310,126s][854][934][info ] Total time for which application threads were stopped: 0,0005215 seconds, Stopping threads took: 0,0001173 seconds
[2019-11-28T17:47:37.963+0100][1311,126s][854][934][info ] Application time: 1,0002113 seconds
[2019-11-28T17:47:37.963+0100][1311,126s][854][934][info ] Entering safepoint region: Cleanup
[2019-11-28T17:47:37.964+0100][1311,127s][854][934][info ] Leaving safepoint region
[2019-11-28T17:47:37.964+0100][1311,127s][854][934][info ] Total time for which application threads were stopped: 0,0007587 seconds, Stopping threads took: 0,0002642 seconds
[2019-11-28T17:47:38.964+0100][1312,127s][854][934][info ] Application time: 1,0002143 seconds
[2019-11-28T17:47:38.965+0100][1312,128s][854][934][info ] Entering safepoint region: Cleanup
[2019-11-28T17:47:38.965+0100][1312,128s][854][934][info ] Leaving safepoint region
[2019-11-28T17:47:38.965+0100][1312,128s][854][934][info ] Total time for which application threads were stopped: 0,0006704 seconds, Stopping threads took: 0,0001921 seconds
[2019-11-28T17:47:39.965+0100][1313,128s][854][934][info ] Application time: 1,0001083 seconds
[2019-11-28T17:47:39.965+0100][1313,128s][854][934][info ] Entering safepoint region: Cleanup
[2019-11-28T17:47:39.966+0100][1313,128s][854][934][info ] Leaving safepoint region
[2019-11-28T17:47:39.966+0100][1313,129s][854][934][info ] Total time for which application threads were stopped: 0,0001498 seconds, Stopping threads took: 0,0000390 seconds
[2019-11-28T17:47:40.966+0100][1314,129s][854][934][info ] Application time: 1,0001265 seconds
[2019-11-28T17:47:40.966+0100][1314,129s][854][934][info ] Entering safepoint region: Cleanup
[2019-11-28T17:47:40.966+0100][1314,129s][854][934][info ] Leaving safepoint region
[2019-11-28T17:47:40.966+0100][1314,129s][854][934][info ] Total time for which application threads were stopped: 0,0001271 seconds, Stopping threads took: 0,0000254 seconds
[2019-11-28T17:47:41.311+0100][1314,474s][854][933][trace] CMS: promo attempt is safe: available(3673676464) >= av_promo(42009460), max_promo(274110448)
[2019-11-28T17:47:41.966+0100][1315,129s][854][934][info ] Application time: 1,0001024 seconds
[2019-11-28T17:47:41.966+0100][1315,129s][854][934][info ] Entering safepoint region: Cleanup
[2019-11-28T17:47:41.966+0100][1315,129s][854][934][info ] Leaving safepoint region
[2019-11-28T17:47:41.966+0100][1315,129s][854][934][info ] Total time for which application threads were stopped: 0,0003284 seconds, Stopping threads took: 0,0001378 seconds
[2019-11-28T17:47:42.967+0100][1316,130s][854][934][info ] Application time: 1,0001292 seconds
[2019-11-28T17:47:42.967+0100][1316,130s][854][934][info ] Entering safepoint region: Cleanup
[2019-11-28T17:47:42.967+0100][1316,130s][854][934][info ] Leaving safepoint region
[2019-11-28T17:47:42.967+0100][1316,130s][854][934][info ] Total time for which application threads were stopped: 0,0005073 seconds, Stopping threads took: 0,0001491 seconds
[2019-11-28T17:47:43.967+0100][1317,130s][854][934][info ] Application time: 1,0001291 seconds
[2019-11-28T17:47:43.968+0100][1317,131s][854][934][info ] Entering safepoint region: Cleanup
[2019-11-28T17:47:43.968+0100][1317,131s][854][934][info ] Leaving safepoint region
[2019-11-28T17:47:43.968+0100][1317,131s][854][934][info ] Total time for which application threads were stopped: 0,0004829 seconds, Stopping threads took: 0,0001403 seconds
[2019-11-28T17:47:44.969+0100][1318,132s][854][934][info ] Application time: 1,0001578 seconds
[2019-11-28T17:47:44.969+0100][1318,132s][854][934][info ] Entering safepoint region: Cleanup
[2019-11-28T17:47:44.969+0100][1318,132s][854][934][info ] Leaving safepoint region
[2019-11-28T17:47:44.969+0100][1318,132s][854][934][info ] Total time for which application threads were stopped: 0,0005981 seconds, Stopping threads took: 0,0001374 seconds
[2019-11-28T17:47:45.970+0100][1319,133s][854][934][info ] Application time: 1,0002070 seconds
[2019-11-28T17:47:45.970+0100][1319,133s][854][934][info ] Entering safepoint region: Cleanup
[2019-11-28T17:47:45.970+0100][1319,133s][854][934][info ] Leaving safepoint region
[2019-11-28T17:47:45.971+0100][1319,134s][854][934][info ] Total time for which application threads were stopped: 0,0006236 seconds, Stopping threads took: 0,0001467 seconds
[2019-11-28T17:47:46.971+0100][1320,134s][854][934][info ] Application time: 1,0001581 seconds
[2019-11-28T17:47:46.971+0100][1320,134s][854][934][info ] Entering safepoint region: Cleanup
[2019-11-28T17:47:46.971+0100][1320,134s][854][934][info ] Leaving safepoint region
[2019-11-28T17:47:46.972+0100][1320,135s][854][934][info ] Total time for which application threads were stopped: 0,0005148 seconds, Stopping threads took: 0,0001356 seconds
[2019-11-28T17:47:47.972+0100][1321,135s][854][934][info ] Application time: 1,0001299 seconds
[2019-11-28T17:47:47.972+0100][1321,135s][854][934][info ] Entering safepoint region: Cleanup
[2019-11-28T17:47:47.972+0100][1321,135s][854][934][info ] Leaving safepoint region
[2019-11-28T17:47:47.973+0100][1321,135s][854][934][info ] Total time for which application threads were stopped: 0,0004738 seconds, Stopping threads took: 0,0001254 seconds
[2019-11-28T17:47:48.973+0100][1322,136s][854][934][info ] Application time: 1,0002576 seconds
[2019-11-28T17:47:48.973+0100][1322,136s][854][934][info ] Entering safepoint region: Cleanup
[2019-11-28T17:47:48.974+0100][1322,136s][854][934][info ] Leaving safepoint region
[2019-11-28T17:47:48.974+0100][1322,137s][854][934][info ] Total time for which application threads were stopped: 0,0006174 seconds, Stopping threads took: 0,0001350 seconds
[2019-11-28T17:47:49.974+0100][1323,137s][854][934][info ] Application time: 1,0000919 seconds
[2019-11-28T17:47:49.974+0100][1323,137s][854][934][info ] Entering safepoint region: Cleanup
[2019-11-28T17:47:49.974+0100][1323,137s][854][934][info ] Leaving safepoint region
[2019-11-28T17:47:49.974+0100][1323,137s][854][934][info ] Total time for which application threads were stopped: 0,0001093 seconds, Stopping threads took: 0,0000292 seconds
[2019-11-28T17:47:50.974+0100][1324,137s][854][934][info ] Application time: 1,0001020 seconds
[2019-11-28T17:47:50.974+0100][1324,137s][854][934][info ] Entering safepoint region: Cleanup
[2019-11-28T17:47:50.975+0100][1324,138s][854][934][info ] Leaving safepoint region
[2019-11-28T17:47:50.975+0100][1324,138s][854][934][info ] Total time for which application threads were stopped: 0,0004342 seconds, Stopping threads took: 0,0001144 seconds
[2019-11-28T17:47:51.311+0100][1324,474s][854][933][trace] CMS: promo attempt is safe: available(3673676464) >= av_promo(42009460), max_promo(277770184)
[2019-11-28T17:47:51.975+0100][1325,138s][854][934][info ] Application time: 1,0000890 seconds
[2019-11-28T17:47:51.975+0100][1325,138s][854][934][info ] Entering safepoint region: Cleanup
[2019-11-28T17:47:51.975+0100][1325,138s][854][934][info ] Leaving safepoint region
[2019-11-28T17:47:51.975+0100][1325,138s][854][934][info ] Total time for which application threads were stopped: 0,0001340 seconds, Stopping threads took: 0,0000321 seconds
[2019-11-28T17:47:52.975+0100][1326,138s][854][934][info ] Application time: 1,0001471 seconds
[2019-11-28T17:47:52.975+0100][1326,138s][854][934][info ] Entering safepoint region: Cleanup
[2019-11-28T17:47:52.976+0100][1326,139s][854][934][info ] Leaving safepoint region
[2019-11-28T17:47:52.976+0100][1326,139s][854][934][info ] Total time for which application threads were stopped: 0,0004885 seconds, Stopping threads took: 0,0001040 seconds
[2019-11-28T17:47:53.976+0100][1327,139s][854][934][info ] Application time: 1,0001486 seconds
[2019-11-28T17:47:53.976+0100][1327,139s][854][934][info ] Entering safepoint region: Cleanup
[2019-11-28T17:47:53.976+0100][1327,139s][854][934][info ] Leaving safepoint region
[2019-11-28T17:47:53.976+0100][1327,139s][854][934][info ] Total time for which application threads were stopped: 0,0001872 seconds, Stopping threads took: 0,0000387 seconds
[2019-11-28T17:47:54.977+0100][1328,140s][854][934][info ] Application time: 1,0001514 seconds
[2019-11-28T17:47:54.977+0100][1328,140s][854][934][info ] Entering safepoint region: Cleanup
[2019-11-28T17:47:54.977+0100][1328,140s][854][934][info ] Leaving safepoint region
[2019-11-28T17:47:54.977+0100][1328,140s][854][934][info ] Total time for which application threads were stopped: 0,0003935 seconds, Stopping threads took: 0,0001359 seconds
[2019-11-28T17:47:55.977+0100][1329,140s][854][934][info ] Application time: 1,0002026 seconds
[2019-11-28T17:47:55.978+0100][1329,141s][854][934][info ] Entering safepoint region: Cleanup
[2019-11-28T17:47:55.978+0100][1329,141s][854][934][info ] Leaving safepoint region
[2019-11-28T17:47:55.978+0100][1329,141s][854][934][info ] Total time for which application threads were stopped: 0,0005503 seconds, Stopping threads took: 0,0001431 seconds
[2019-11-28T17:47:56.979+0100][1330,142s][854][934][info ] Application time: 1,0002784 seconds
[2019-11-28T17:47:56.979+0100][1330,142s][854][934][info ] Entering safepoint region: Cleanup
[2019-11-28T17:47:56.979+0100][1330,142s][854][934][info ] Leaving safepoint region
[2019-11-28T17:47:56.979+0100][1330,142s][854][934][info ] Total time for which application threads were stopped: 0,0004763 seconds, Stopping threads took: 0,0001241 seconds
[2019-11-28T17:47:57.980+0100][1331,143s][854][934][info ] Application time: 1,0003919 seconds
[2019-11-28T17:47:57.980+0100][1331,143s][854][934][info ] Entering safepoint region: Cleanup
[2019-11-28T17:47:57.981+0100][1331,144s][854][934][info ] Leaving safepoint region
[2019-11-28T17:47:57.981+0100][1331,144s][854][934][info ] Total time for which application threads were stopped: 0,0007285 seconds, Stopping threads took: 0,0001437 seconds
[2019-11-28T17:47:58.981+0100][1332,144s][854][934][info ] Application time: 1,0002349 seconds
[2019-11-28T17:47:58.981+0100][1332,144s][854][934][info ] Entering safepoint region: Cleanup
[2019-11-28T17:47:58.982+0100][1332,145s][854][934][info ] Leaving safepoint region
[2019-11-28T17:47:58.982+0100][1332,145s][854][934][info ] Total time for which application threads were stopped: 0,0005714 seconds, Stopping threads took: 0,0001877 seconds
[2019-11-28T17:47:59.982+0100][1333,145s][854][934][info ] Application time: 1,0002002 seconds
[2019-11-28T17:47:59.982+0100][1333,145s][854][934][info ] Entering safepoint region: Cleanup
[2019-11-28T17:47:59.983+0100][1333,146s][854][934][info ] Leaving safepoint region
[2019-11-28T17:47:59.983+0100][1333,146s][854][934][info ] Total time for which application threads were stopped: 0,0005119 seconds, Stopping threads took: 0,0001652 seconds
[2019-11-28T17:48:00.983+0100][1334,146s][854][934][info ] Application time: 1,0002199 seconds
[2019-11-28T17:48:00.983+0100][1334,146s][854][934][info ] Entering safepoint region: Cleanup
[2019-11-28T17:48:00.984+0100][1334,147s][854][934][info ] Leaving safepoint region
[2019-11-28T17:48:00.986+0100][1334,149s][854][934][info ] Total time for which application threads were stopped: 0,0026153 seconds, Stopping threads took: 0,0001311 seconds
[2019-11-28T17:48:01.310+0100][1334,473s][854][933][trace] CMS: promo attempt is safe: available(3673676464) >= av_promo(42009460), max_promo(280856392)
[2019-11-28T17:48:01.986+0100][1335,149s][854][934][info ] Application time: 1,0001570 seconds
[2019-11-28T17:48:01.986+0100][1335,149s][854][934][info ] Entering safepoint region: Cleanup
[2019-11-28T17:48:01.987+0100][1335,150s][854][934][info ] Leaving safepoint region
[2019-11-28T17:48:01.987+0100][1335,150s][854][934][info ] Total time for which application threads were stopped: 0,0005999 seconds, Stopping threads took: 0,0001557 seconds
[2019-11-28T17:48:02.987+0100][1336,150s][854][934][info ] Application time: 1,0002265 seconds
[2019-11-28T17:48:02.988+0100][1336,151s][854][934][info ] Entering safepoint region: Cleanup
[2019-11-28T17:48:02.988+0100][1336,151s][854][934][info ] Leaving safepoint region
[2019-11-28T17:48:02.988+0100][1336,151s][854][934][info ] Total time for which application threads were stopped: 0,0008810 seconds, Stopping threads took: 0,0003549 seconds
[2019-11-28T17:48:03.989+0100][1337,152s][854][934][info ] Application time: 1,0002968 seconds
[2019-11-28T17:48:03.989+0100][1337,152s][854][934][info ] Entering safepoint region: Cleanup
[2019-11-28T17:48:03.989+0100][1337,152s][854][934][info ] Leaving safepoint region
[2019-11-28T17:48:03.989+0100][1337,152s][854][934][info ] Total time for which application threads were stopped: 0,0004497 seconds, Stopping threads took: 0,0001159 seconds
[2019-11-28T17:48:04.990+0100][1338,153s][854][934][info ] Application time: 1,0001624 seconds
[2019-11-28T17:48:04.990+0100][1338,153s][854][934][info ] Entering safepoint region: Cleanup
[2019-11-28T17:48:04.991+0100][1338,154s][854][934][info ] Leaving safepoint region
[2019-11-28T17:48:04.991+0100][1338,154s][854][934][info ] Total time for which application threads were stopped: 0,0007797 seconds, Stopping threads took: 0,0002712 seconds
[2019-11-28T17:48:05.991+0100][1339,154s][854][934][info ] Application time: 1,0001535 seconds
[2019-11-28T17:48:05.991+0100][1339,154s][854][934][info ] Entering safepoint region: Cleanup
[2019-11-28T17:48:05.992+0100][1339,155s][854][934][info ] Leaving safepoint region
[2019-11-28T17:48:05.992+0100][1339,155s][854][934][info ] Total time for which application threads were stopped: 0,0007178 seconds, Stopping threads took: 0,0001455 seconds
[2019-11-28T17:48:06.992+0100][1340,155s][854][934][info ] Application time: 1,0001239 seconds
[2019-11-28T17:48:06.992+0100][1340,155s][854][934][info ] Entering safepoint region: Cleanup
[2019-11-28T17:48:06.993+0100][1340,156s][854][934][info ] Leaving safepoint region
[2019-11-28T17:48:06.993+0100][1340,156s][854][934][info ] Total time for which application threads were stopped: 0,0006552 seconds, Stopping threads took: 0,0001445 seconds
[2019-11-28T17:48:07.993+0100][1341,156s][854][934][info ] Application time: 1,0003202 seconds
[2019-11-28T17:48:07.994+0100][1341,157s][854][934][info ] Entering safepoint region: Cleanup
[2019-11-28T17:48:07.994+0100][1341,157s][854][934][info ] Leaving safepoint region
[2019-11-28T17:48:07.994+0100][1341,157s][854][934][info ] Total time for which application threads were stopped: 0,0005814 seconds, Stopping threads took: 0,0001924 seconds
[2019-11-28T17:48:08.995+0100][1342,158s][854][934][info ] Application time: 1,0002520 seconds
[2019-11-28T17:48:08.995+0100][1342,158s][854][934][info ] Entering safepoint region: Cleanup
[2019-11-28T17:48:08.995+0100][1342,158s][854][934][info ] Leaving safepoint region
[2019-11-28T17:48:08.995+0100][1342,158s][854][934][info ] Total time for which application threads were stopped: 0,0005616 seconds, Stopping threads took: 0,0001889 seconds
[2019-11-28T17:48:09.996+0100][1343,159s][854][934][info ] Application time: 1,0001508 seconds
[2019-11-28T17:48:09.996+0100][1343,159s][854][934][info ] Entering safepoint region: Cleanup
[2019-11-28T17:48:09.996+0100][1343,159s][854][934][info ] Leaving safepoint region
[2019-11-28T17:48:09.997+0100][1343,160s][854][934][info ] Total time for which application threads were stopped: 0,0006599 seconds, Stopping threads took: 0,0001779 seconds
[2019-11-28T17:48:10.997+0100][1344,160s][854][934][info ] Application time: 1,0001602 seconds
[2019-11-28T17:48:10.997+0100][1344,160s][854][934][info ] Entering safepoint region: Cleanup
[2019-11-28T17:48:10.997+0100][1344,160s][854][934][info ] Leaving safepoint region
[2019-11-28T17:48:10.997+0100][1344,160s][854][934][info ] Total time for which application threads were stopped: 0,0002986 seconds, Stopping threads took: 0,0000833 seconds
[2019-11-28T17:48:11.311+0100][1344,473s][854][933][trace] CMS: promo attempt is safe: available(3673676464) >= av_promo(42009460), max_promo(283591768)
[2019-11-28T17:48:11.998+0100][1345,160s][854][934][info ] Application time: 1,0001627 seconds
[2019-11-28T17:48:11.998+0100][1345,161s][854][934][info ] Entering safepoint region: Cleanup
[2019-11-28T17:48:11.998+0100][1345,161s][854][934][info ] Leaving safepoint region
[2019-11-28T17:48:11.999+0100][1345,161s][854][934][info ] Total time for which application threads were stopped: 0,0007727 seconds, Stopping threads took: 0,0002333 seconds
[2019-11-28T17:48:12.999+0100][1346,162s][854][934][info ] Application time: 1,0002153 seconds
[2019-11-28T17:48:12.999+0100][1346,162s][854][934][info ] Entering safepoint region: Cleanup
[2019-11-28T17:48:12.999+0100][1346,162s][854][934][info ] Leaving safepoint region
[2019-11-28T17:48:13.000+0100][1346,162s][854][934][info ] Total time for which application threads were stopped: 0,0005122 seconds, Stopping threads took: 0,0001672 seconds
[2019-11-28T17:48:14.000+0100][1347,163s][854][934][info ] Application time: 1,0002158 seconds
[2019-11-28T17:48:14.000+0100][1347,163s][854][934][info ] Entering safepoint region: Cleanup
[2019-11-28T17:48:14.001+0100][1347,164s][854][934][info ] Leaving safepoint region
[2019-11-28T17:48:14.001+0100][1347,164s][854][934][info ] Total time for which application threads were stopped: 0,0006543 seconds, Stopping threads took: 0,0001822 seconds
[2019-11-28T17:48:15.001+0100][1348,164s][854][934][info ] Application time: 1,0002164 seconds
[2019-11-28T17:48:15.001+0100][1348,164s][854][934][info ] Entering safepoint region: Cleanup
[2019-11-28T17:48:15.002+0100][1348,165s][854][934][info ] Leaving safepoint region
[2019-11-28T17:48:15.002+0100][1348,165s][854][934][info ] Total time for which application threads were stopped: 0,0006465 seconds, Stopping threads took: 0,0001592 seconds
[2019-11-28T17:48:16.002+0100][1349,165s][854][934][info ] Application time: 1,0001239 seconds
[2019-11-28T17:48:16.002+0100][1349,165s][854][934][info ] Entering safepoint region: Cleanup
[2019-11-28T17:48:16.003+0100][1349,166s][854][934][info ] Leaving safepoint region
[2019-11-28T17:48:16.003+0100][1349,166s][854][934][info ] Total time for which application threads were stopped: 0,0002888 seconds, Stopping threads took: 0,0000686 seconds
[2019-11-28T17:48:17.003+0100][1350,166s][854][934][info ] Application time: 1,0001536 seconds
[2019-11-28T17:48:17.003+0100][1350,166s][854][934][info ] Entering safepoint region: Cleanup
[2019-11-28T17:48:17.004+0100][1350,166s][854][934][info ] Leaving safepoint region
[2019-11-28T17:48:17.004+0100][1350,167s][854][934][info ] Total time for which application threads were stopped: 0,0009698 seconds, Stopping threads took: 0,0001396 seconds
[2019-11-28T17:48:18.004+0100][1351,167s][854][934][info ] Application time: 1,0001471 seconds
[2019-11-28T17:48:18.005+0100][1351,168s][854][934][info ] Entering safepoint region: Cleanup
[2019-11-28T17:48:18.005+0100][1351,168s][854][934][info ] Leaving safepoint region
[2019-11-28T17:48:18.005+0100][1351,168s][854][934][info ] Total time for which application threads were stopped: 0,0005234 seconds, Stopping threads took: 0,0001291 seconds
[2019-11-28T17:48:19.005+0100][1352,168s][854][934][info ] Application time: 1,0002146 seconds
[2019-11-28T17:48:19.006+0100][1352,169s][854][934][info ] Entering safepoint region: Cleanup
[2019-11-28T17:48:19.007+0100][1352,170s][854][934][info ] Leaving safepoint region
[2019-11-28T17:48:19.007+0100][1352,170s][854][934][info ] Total time for which application threads were stopped: 0,0010469 seconds, Stopping threads took: 0,0002243 seconds
[2019-11-28T17:48:20.010+0100][1353,173s][854][934][info ] Application time: 1,0029046 seconds
[2019-11-28T17:48:20.010+0100][1353,173s][854][934][info ] Entering safepoint region: Cleanup
[2019-11-28T17:48:20.010+0100][1353,173s][854][934][info ] Leaving safepoint region
[2019-11-28T17:48:20.010+0100][1353,173s][854][934][info ] Total time for which application threads were stopped: 0,0001546 seconds, Stopping threads took: 0,0000357 seconds
[2019-11-28T17:48:21.010+0100][1354,173s][854][934][info ] Application time: 1,0001591 seconds
[2019-11-28T17:48:21.011+0100][1354,174s][854][934][info ] Entering safepoint region: Cleanup
[2019-11-28T17:48:21.011+0100][1354,174s][854][934][info ] Leaving safepoint region
[2019-11-28T17:48:21.012+0100][1354,175s][854][934][info ] Total time for which application threads were stopped: 0,0012059 seconds, Stopping threads took: 0,0002779 seconds
[2019-11-28T17:48:21.310+0100][1354,473s][854][933][trace] CMS: promo attempt is safe: available(3673676464) >= av_promo(42009460), max_promo(288158704)
[2019-11-28T17:48:22.012+0100][1355,175s][854][934][info ] Application time: 1,0001965 seconds
[2019-11-28T17:48:22.012+0100][1355,175s][854][934][info ] Entering safepoint region: Cleanup
[2019-11-28T17:48:22.012+0100][1355,175s][854][934][info ] Leaving safepoint region
[2019-11-28T17:48:22.012+0100][1355,175s][854][934][info ] Total time for which application threads were stopped: 0,0001656 seconds, Stopping threads took: 0,0000369 seconds
[2019-11-28T17:48:23.017+0100][1356,180s][854][934][info ] Application time: 1,0050597 seconds
[2019-11-28T17:48:23.017+0100][1356,180s][854][934][info ] Entering safepoint region: Cleanup
[2019-11-28T17:48:23.018+0100][1356,181s][854][934][info ] Leaving safepoint region
[2019-11-28T17:48:23.018+0100][1356,181s][854][934][info ] Total time for which application threads were stopped: 0,0002568 seconds, Stopping threads took: 0,0000643 seconds
[2019-11-28T17:48:24.018+0100][1357,181s][854][934][info ] Application time: 1,0001239 seconds
[2019-11-28T17:48:24.018+0100][1357,181s][854][934][info ] Entering safepoint region: Cleanup
[2019-11-28T17:48:24.019+0100][1357,182s][854][934][info ] Leaving safepoint region
[2019-11-28T17:48:24.019+0100][1357,182s][854][934][info ] Total time for which application threads were stopped: 0,0005621 seconds, Stopping threads took: 0,0001417 seconds
[2019-11-28T17:48:25.019+0100][1358,182s][854][934][info ] Application time: 1,0001639 seconds
[2019-11-28T17:48:25.019+0100][1358,182s][854][934][info ] Entering safepoint region: Cleanup
[2019-11-28T17:48:25.019+0100][1358,182s][854][934][info ] Leaving safepoint region
[2019-11-28T17:48:25.019+0100][1358,182s][854][934][info ] Total time for which application threads were stopped: 0,0001003 seconds, Stopping threads took: 0,0000244 seconds
[2019-11-28T17:48:26.019+0100][1359,182s][854][934][info ] Application time: 1,0001739 seconds
[2019-11-28T17:48:26.020+0100][1359,183s][854][934][info ] Entering safepoint region: Cleanup
[2019-11-28T17:48:26.020+0100][1359,183s][854][934][info ] Leaving safepoint region
[2019-11-28T17:48:26.020+0100][1359,183s][854][934][info ] Total time for which application threads were stopped: 0,0004958 seconds, Stopping threads took: 0,0001508 seconds
[2019-11-28T17:48:27.020+0100][1360,183s][854][934][info ] Application time: 1,0001141 seconds
[2019-11-28T17:48:27.021+0100][1360,184s][854][934][info ] Entering safepoint region: Cleanup
[2019-11-28T17:48:27.021+0100][1360,184s][854][934][info ] Leaving safepoint region
[2019-11-28T17:48:27.021+0100][1360,184s][854][934][info ] Total time for which application threads were stopped: 0,0004942 seconds, Stopping threads took: 0,0001462 seconds
[2019-11-28T17:48:28.021+0100][1361,184s][854][934][info ] Application time: 1,0001878 seconds
[2019-11-28T17:48:28.022+0100][1361,185s][854][934][info ] Entering safepoint region: Cleanup
[2019-11-28T17:48:28.022+0100][1361,185s][854][934][info ] Leaving safepoint region
[2019-11-28T17:48:28.022+0100][1361,185s][854][934][info ] Total time for which application threads were stopped: 0,0004395 seconds, Stopping threads took: 0,0001432 seconds
[2019-11-28T17:48:29.022+0100][1362,185s][854][934][info ] Application time: 1,0001423 seconds
[2019-11-28T17:48:29.022+0100][1362,185s][854][934][info ] Entering safepoint region: Cleanup
[2019-11-28T17:48:29.022+0100][1362,185s][854][934][info ] Leaving safepoint region
[2019-11-28T17:48:29.022+0100][1362,185s][854][934][info ] Total time for which application threads were stopped: 0,0002000 seconds, Stopping threads took: 0,0000648 seconds
[2019-11-28T17:48:30.023+0100][1363,186s][854][934][info ] Application time: 1,0001158 seconds
[2019-11-28T17:48:30.023+0100][1363,186s][854][934][info ] Entering safepoint region: Cleanup
[2019-11-28T17:48:30.023+0100][1363,186s][854][934][info ] Leaving safepoint region
[2019-11-28T17:48:30.023+0100][1363,186s][854][934][info ] Total time for which application threads were stopped: 0,0005005 seconds, Stopping threads took: 0,0001681 seconds
[2019-11-28T17:48:31.024+0100][1364,186s][854][934][info ] Application time: 1,0001324 seconds
[2019-11-28T17:48:31.024+0100][1364,187s][854][934][info ] Entering safepoint region: Cleanup
[2019-11-28T17:48:31.024+0100][1364,187s][854][934][info ] Leaving safepoint region
[2019-11-28T17:48:31.025+0100][1364,188s][854][934][info ] Total time for which application threads were stopped: 0,0006948 seconds, Stopping threads took: 0,0001576 seconds
[2019-11-28T17:48:31.310+0100][1364,473s][854][933][trace] CMS: promo attempt is safe: available(3673676464) >= av_promo(42009460), max_promo(291244912)
[2019-11-28T17:48:32.025+0100][1365,188s][854][934][info ] Application time: 1,0001929 seconds
[2019-11-28T17:48:32.025+0100][1365,188s][854][934][info ] Entering safepoint region: Cleanup
[2019-11-28T17:48:32.025+0100][1365,188s][854][934][info ] Leaving safepoint region
[2019-11-28T17:48:32.026+0100][1365,189s][854][934][info ] Total time for which application threads were stopped: 0,0005549 seconds, Stopping threads took: 0,0001680 seconds
[2019-11-28T17:48:33.026+0100][1366,189s][854][934][info ] Application time: 1,0001717 seconds
[2019-11-28T17:48:33.026+0100][1366,189s][854][934][info ] Entering safepoint region: Cleanup
[2019-11-28T17:48:33.026+0100][1366,189s][854][934][info ] Leaving safepoint region
[2019-11-28T17:48:33.026+0100][1366,189s][854][934][info ] Total time for which application threads were stopped: 0,0001101 seconds, Stopping threads took: 0,0000257 seconds
[2019-11-28T17:48:34.026+0100][1367,189s][854][934][info ] Application time: 1,0001139 seconds
[2019-11-28T17:48:34.026+0100][1367,189s][854][934][info ] Entering safepoint region: Cleanup
[2019-11-28T17:48:34.027+0100][1367,190s][854][934][info ] Leaving safepoint region
[2019-11-28T17:48:34.027+0100][1367,190s][854][934][info ] Total time for which application threads were stopped: 0,0006498 seconds, Stopping threads took: 0,0001599 seconds
[2019-11-28T17:48:35.027+0100][1368,190s][854][934][info ] Application time: 1,0002154 seconds
[2019-11-28T17:48:35.028+0100][1368,191s][854][934][info ] Entering safepoint region: Cleanup
[2019-11-28T17:48:35.028+0100][1368,191s][854][934][info ] Leaving safepoint region
[2019-11-28T17:48:35.028+0100][1368,191s][854][934][info ] Total time for which application threads were stopped: 0,0009036 seconds, Stopping threads took: 0,0005476 seconds
[2019-11-28T17:48:36.029+0100][1369,192s][854][934][info ] Application time: 1,0001484 seconds
[2019-11-28T17:48:36.029+0100][1369,192s][854][934][info ] Entering safepoint region: Cleanup
[2019-11-28T17:48:36.029+0100][1369,192s][854][934][info ] Leaving safepoint region
[2019-11-28T17:48:36.029+0100][1369,192s][854][934][info ] Total time for which application threads were stopped: 0,0001694 seconds, Stopping threads took: 0,0000544 seconds
[2019-11-28T17:48:37.029+0100][1370,192s][854][934][info ] Application time: 1,0001605 seconds
[2019-11-28T17:48:37.030+0100][1370,193s][854][934][info ] Entering safepoint region: Cleanup
[2019-11-28T17:48:37.030+0100][1370,193s][854][934][info ] Leaving safepoint region
[2019-11-28T17:48:37.030+0100][1370,193s][854][934][info ] Total time for which application threads were stopped: 0,0005059 seconds, Stopping threads took: 0,0001343 seconds
[2019-11-28T17:48:38.030+0100][1371,193s][854][934][info ] Application time: 1,0001522 seconds
[2019-11-28T17:48:38.030+0100][1371,193s][854][934][info ] Entering safepoint region: Cleanup
[2019-11-28T17:48:38.030+0100][1371,193s][854][934][info ] Leaving safepoint region
[2019-11-28T17:48:38.030+0100][1371,193s][854][934][info ] Total time for which application threads were stopped: 0,0001450 seconds, Stopping threads took: 0,0000373 seconds
[2019-11-28T17:48:39.030+0100][1372,193s][854][934][info ] Application time: 1,0001043 seconds
[2019-11-28T17:48:39.031+0100][1372,194s][854][934][info ] Entering safepoint region: Cleanup
[2019-11-28T17:48:39.031+0100][1372,194s][854][934][info ] Leaving safepoint region
[2019-11-28T17:48:39.031+0100][1372,194s][854][934][info ] Total time for which application threads were stopped: 0,0004346 seconds, Stopping threads took: 0,0001120 seconds
[2019-11-28T17:48:40.031+0100][1373,194s][854][934][info ] Application time: 1,0001012 seconds
[2019-11-28T17:48:40.031+0100][1373,194s][854][934][info ] Entering safepoint region: Cleanup
[2019-11-28T17:48:40.031+0100][1373,194s][854][934][info ] Leaving safepoint region
[2019-11-28T17:48:40.031+0100][1373,194s][854][934][info ] Total time for which application threads were stopped: 0,0001618 seconds, Stopping threads took: 0,0000364 seconds
[2019-11-28T17:48:41.032+0100][1374,195s][854][934][info ] Application time: 1,0003032 seconds
[2019-11-28T17:48:41.032+0100][1374,195s][854][934][info ] Entering safepoint region: Cleanup
[2019-11-28T17:48:41.033+0100][1374,196s][854][934][info ] Leaving safepoint region
[2019-11-28T17:48:41.034+0100][1374,197s][854][934][info ] Total time for which application threads were stopped: 0,0014422 seconds, Stopping threads took: 0,0001666 seconds
[2019-11-28T17:48:41.310+0100][1374,473s][854][933][trace] CMS: promo attempt is safe: available(3673676464) >= av_promo(42009460), max_promo(293483032)
[2019-11-28T17:48:42.034+0100][1375,197s][854][934][info ] Application time: 1,0001312 seconds
[2019-11-28T17:48:42.034+0100][1375,197s][854][934][info ] Entering safepoint region: Cleanup
[2019-11-28T17:48:42.034+0100][1375,197s][854][934][info ] Leaving safepoint region
[2019-11-28T17:48:42.034+0100][1375,197s][854][934][info ] Total time for which application threads were stopped: 0,0001881 seconds, Stopping threads took: 0,0000470 seconds
[2019-11-28T17:48:43.034+0100][1376,197s][854][934][info ] Application time: 1,0000894 seconds
[2019-11-28T17:48:43.034+0100][1376,197s][854][934][info ] Entering safepoint region: Cleanup
[2019-11-28T17:48:43.035+0100][1376,198s][854][934][info ] Leaving safepoint region
[2019-11-28T17:48:43.035+0100][1376,198s][854][934][info ] Total time for which application threads were stopped: 0,0003833 seconds, Stopping threads took: 0,0000952 seconds
[2019-11-28T17:48:44.035+0100][1377,198s][854][934][info ] Application time: 1,0001107 seconds
[2019-11-28T17:48:44.035+0100][1377,198s][854][934][info ] Entering safepoint region: Cleanup
[2019-11-28T17:48:44.035+0100][1377,198s][854][934][info ] Leaving safepoint region
[2019-11-28T17:48:44.035+0100][1377,198s][854][934][info ] Total time for which application threads were stopped: 0,0004199 seconds, Stopping threads took: 0,0001346 seconds
[2019-11-28T17:48:45.036+0100][1378,199s][854][934][info ] Application time: 1,0001396 seconds
[2019-11-28T17:48:45.036+0100][1378,199s][854][934][info ] Entering safepoint region: Cleanup
[2019-11-28T17:48:45.037+0100][1378,200s][854][934][info ] Leaving safepoint region
[2019-11-28T17:48:45.037+0100][1378,200s][854][934][info ] Total time for which application threads were stopped: 0,0013890 seconds, Stopping threads took: 0,0008797 seconds
[2019-11-28T17:48:46.037+0100][1379,200s][854][934][info ] Application time: 1,0001134 seconds
[2019-11-28T17:48:46.038+0100][1379,201s][854][934][info ] Entering safepoint region: Cleanup
[2019-11-28T17:48:46.038+0100][1379,201s][854][934][info ] Leaving safepoint region
[2019-11-28T17:48:46.038+0100][1379,201s][854][934][info ] Total time for which application threads were stopped: 0,0001970 seconds, Stopping threads took: 0,0000633 seconds
[2019-11-28T17:48:47.038+0100][1380,201s][854][934][info ] Application time: 1,0000712 seconds
[2019-11-28T17:48:47.038+0100][1380,201s][854][934][info ] Entering safepoint region: Cleanup
[2019-11-28T17:48:47.038+0100][1380,201s][854][934][info ] Leaving safepoint region
[2019-11-28T17:48:47.038+0100][1380,201s][854][934][info ] Total time for which application threads were stopped: 0,0001239 seconds, Stopping threads took: 0,0000362 seconds
[2019-11-28T17:48:48.038+0100][1381,201s][854][934][info ] Application time: 1,0001790 seconds
[2019-11-28T17:48:48.038+0100][1381,201s][854][934][info ] Entering safepoint region: Cleanup
[2019-11-28T17:48:48.038+0100][1381,201s][854][934][info ] Leaving safepoint region
[2019-11-28T17:48:48.038+0100][1381,201s][854][934][info ] Total time for which application threads were stopped: 0,0001236 seconds, Stopping threads took: 0,0000429 seconds
[2019-11-28T17:48:49.039+0100][1382,202s][854][934][info ] Application time: 1,0001337 seconds
[2019-11-28T17:48:49.039+0100][1382,202s][854][934][info ] Entering safepoint region: Cleanup
[2019-11-28T17:48:49.039+0100][1382,202s][854][934][info ] Leaving safepoint region
[2019-11-28T17:48:49.039+0100][1382,202s][854][934][info ] Total time for which application threads were stopped: 0,0005816 seconds, Stopping threads took: 0,0002253 seconds
[2019-11-28T17:48:50.039+0100][1383,202s][854][934][info ] Application time: 1,0000942 seconds
[2019-11-28T17:48:50.040+0100][1383,203s][854][934][info ] Entering safepoint region: Cleanup
[2019-11-28T17:48:50.040+0100][1383,203s][854][934][info ] Leaving safepoint region
[2019-11-28T17:48:50.040+0100][1383,203s][854][934][info ] Total time for which application threads were stopped: 0,0001623 seconds, Stopping threads took: 0,0000366 seconds
[2019-11-28T17:48:51.040+0100][1384,203s][854][934][info ] Application time: 1,0000735 seconds
[2019-11-28T17:48:51.040+0100][1384,203s][854][934][info ] Entering safepoint region: Cleanup
[2019-11-28T17:48:51.040+0100][1384,203s][854][934][info ] Leaving safepoint region
[2019-11-28T17:48:51.040+0100][1384,203s][854][934][info ] Total time for which application threads were stopped: 0,0001558 seconds, Stopping threads took: 0,0000368 seconds
[2019-11-28T17:48:51.309+0100][1384,472s][854][933][trace] CMS: promo attempt is safe: available(3673676464) >= av_promo(42009460), max_promo(296820648)
[2019-11-28T17:48:52.040+0100][1385,203s][854][934][info ] Application time: 1,0001544 seconds
[2019-11-28T17:48:52.040+0100][1385,203s][854][934][info ] Entering safepoint region: Cleanup
[2019-11-28T17:48:52.040+0100][1385,203s][854][934][info ] Leaving safepoint region
[2019-11-28T17:48:52.040+0100][1385,203s][854][934][info ] Total time for which application threads were stopped: 0,0001362 seconds, Stopping threads took: 0,0000291 seconds
[2019-11-28T17:48:53.041+0100][1386,203s][854][934][info ] Application time: 1,0001438 seconds
[2019-11-28T17:48:53.041+0100][1386,204s][854][934][info ] Entering safepoint region: Cleanup
[2019-11-28T17:48:53.041+0100][1386,204s][854][934][info ] Leaving safepoint region
[2019-11-28T17:48:53.041+0100][1386,204s][854][934][info ] Total time for which application threads were stopped: 0,0001494 seconds, Stopping threads took: 0,0000334 seconds
[2019-11-28T17:48:54.041+0100][1387,204s][854][934][info ] Application time: 1,0000877 seconds
[2019-11-28T17:48:54.041+0100][1387,204s][854][934][info ] Entering safepoint region: Cleanup
[2019-11-28T17:48:54.041+0100][1387,204s][854][934][info ] Leaving safepoint region
[2019-11-28T17:48:54.041+0100][1387,204s][854][934][info ] Total time for which application threads were stopped: 0,0002804 seconds, Stopping threads took: 0,0000871 seconds
[2019-11-28T17:48:55.041+0100][1388,204s][854][934][info ] Application time: 1,0001178 seconds
[2019-11-28T17:48:55.041+0100][1388,204s][854][934][info ] Entering safepoint region: Cleanup
[2019-11-28T17:48:55.042+0100][1388,205s][854][934][info ] Leaving safepoint region
[2019-11-28T17:48:55.042+0100][1388,205s][854][934][info ] Total time for which application threads were stopped: 0,0001846 seconds, Stopping threads took: 0,0000391 seconds
[2019-11-28T17:48:56.042+0100][1389,205s][854][934][info ] Application time: 1,0000742 seconds
[2019-11-28T17:48:56.042+0100][1389,205s][854][934][info ] Entering safepoint region: Cleanup
[2019-11-28T17:48:56.042+0100][1389,205s][854][934][info ] Leaving safepoint region
[2019-11-28T17:48:56.042+0100][1389,205s][854][934][info ] Total time for which application threads were stopped: 0,0001457 seconds, Stopping threads took: 0,0000433 seconds
[2019-11-28T17:48:57.042+0100][1390,205s][854][934][info ] Application time: 1,0001389 seconds
[2019-11-28T17:48:57.042+0100][1390,205s][854][934][info ] Entering safepoint region: Cleanup
[2019-11-28T17:48:57.042+0100][1390,205s][854][934][info ] Leaving safepoint region
[2019-11-28T17:48:57.042+0100][1390,205s][854][934][info ] Total time for which application threads were stopped: 0,0001670 seconds, Stopping threads took: 0,0000555 seconds
[2019-11-28T17:48:58.042+0100][1391,205s][854][934][info ] Application time: 1,0001336 seconds
[2019-11-28T17:48:58.043+0100][1391,206s][854][934][info ] Entering safepoint region: Cleanup
[2019-11-28T17:48:58.043+0100][1391,206s][854][934][info ] Leaving safepoint region
[2019-11-28T17:48:58.043+0100][1391,206s][854][934][info ] Total time for which application threads were stopped: 0,0001601 seconds, Stopping threads took: 0,0000350 seconds
[2019-11-28T17:48:59.043+0100][1392,206s][854][934][info ] Application time: 1,0001432 seconds
[2019-11-28T17:48:59.043+0100][1392,206s][854][934][info ] Entering safepoint region: Cleanup
[2019-11-28T17:48:59.043+0100][1392,206s][854][934][info ] Leaving safepoint region
[2019-11-28T17:48:59.043+0100][1392,206s][854][934][info ] Total time for which application threads were stopped: 0,0001307 seconds, Stopping threads took: 0,0000347 seconds
[2019-11-28T17:49:00.043+0100][1393,206s][854][934][info ] Application time: 1,0000794 seconds
[2019-11-28T17:49:00.043+0100][1393,206s][854][934][info ] Entering safepoint region: Cleanup
[2019-11-28T17:49:00.044+0100][1393,206s][854][934][info ] Leaving safepoint region
[2019-11-28T17:49:00.044+0100][1393,207s][854][934][info ] Total time for which application threads were stopped: 0,0002541 seconds, Stopping threads took: 0,0000665 seconds
[2019-11-28T17:49:01.044+0100][1394,207s][854][934][info ] Application time: 1,0001222 seconds
[2019-11-28T17:49:01.044+0100][1394,207s][854][934][info ] Entering safepoint region: Cleanup
[2019-11-28T17:49:01.044+0100][1394,207s][854][934][info ] Leaving safepoint region
[2019-11-28T17:49:01.044+0100][1394,207s][854][934][info ] Total time for which application threads were stopped: 0,0001772 seconds, Stopping threads took: 0,0000628 seconds
[2019-11-28T17:49:01.309+0100][1394,472s][854][933][trace] CMS: promo attempt is safe: available(3673676464) >= av_promo(42009460), max_promo(299906856)
[2019-11-28T17:49:02.044+0100][1395,207s][854][934][info ] Application time: 1,0001429 seconds
[2019-11-28T17:49:02.044+0100][1395,207s][854][934][info ] Entering safepoint region: Cleanup
[2019-11-28T17:49:02.044+0100][1395,207s][854][934][info ] Leaving safepoint region
[2019-11-28T17:49:02.044+0100][1395,207s][854][934][info ] Total time for which application threads were stopped: 0,0001479 seconds, Stopping threads took: 0,0000302 seconds
[2019-11-28T17:49:03.044+0100][1396,207s][854][934][info ] Application time: 1,0001472 seconds
[2019-11-28T17:49:03.045+0100][1396,208s][854][934][info ] Entering safepoint region: Cleanup
[2019-11-28T17:49:03.045+0100][1396,208s][854][934][info ] Leaving safepoint region
[2019-11-28T17:49:03.045+0100][1396,208s][854][934][info ] Total time for which application threads were stopped: 0,0001545 seconds, Stopping threads took: 0,0000343 seconds
[2019-11-28T17:49:04.045+0100][1397,208s][854][934][info ] Application time: 1,0001436 seconds
[2019-11-28T17:49:04.045+0100][1397,208s][854][934][info ] Entering safepoint region: Cleanup
[2019-11-28T17:49:04.045+0100][1397,208s][854][934][info ] Leaving safepoint region
[2019-11-28T17:49:04.045+0100][1397,208s][854][934][info ] Total time for which application threads were stopped: 0,0001519 seconds, Stopping threads took: 0,0000341 seconds
[2019-11-28T17:49:05.045+0100][1398,208s][854][934][info ] Application time: 1,0000727 seconds
[2019-11-28T17:49:05.045+0100][1398,208s][854][934][info ] Entering safepoint region: Cleanup
[2019-11-28T17:49:05.045+0100][1398,208s][854][934][info ] Leaving safepoint region
[2019-11-28T17:49:05.045+0100][1398,208s][854][934][info ] Total time for which application threads were stopped: 0,0001537 seconds, Stopping threads took: 0,0000375 seconds
[2019-11-28T17:49:06.045+0100][1399,208s][854][934][info ] Application time: 1,0000755 seconds
[2019-11-28T17:49:06.046+0100][1399,209s][854][934][info ] Entering safepoint region: Cleanup
[2019-11-28T17:49:06.046+0100][1399,209s][854][934][info ] Leaving safepoint region
[2019-11-28T17:49:06.046+0100][1399,209s][854][934][info ] Total time for which application threads were stopped: 0,0001400 seconds, Stopping threads took: 0,0000344 seconds
[2019-11-28T17:49:07.046+0100][1400,209s][854][934][info ] Application time: 1,0001822 seconds
[2019-11-28T17:49:07.046+0100][1400,209s][854][934][info ] Entering safepoint region: Cleanup
[2019-11-28T17:49:07.046+0100][1400,209s][854][934][info ] Leaving safepoint region
[2019-11-28T17:49:07.046+0100][1400,209s][854][934][info ] Total time for which application threads were stopped: 0,0003109 seconds, Stopping threads took: 0,0000853 seconds
[2019-11-28T17:49:08.047+0100][1401,210s][854][934][info ] Application time: 1,0001531 seconds
[2019-11-28T17:49:08.047+0100][1401,210s][854][934][info ] Entering safepoint region: Cleanup
[2019-11-28T17:49:08.047+0100][1401,210s][854][934][info ] Leaving safepoint region
[2019-11-28T17:49:08.047+0100][1401,210s][854][934][info ] Total time for which application threads were stopped: 0,0001291 seconds, Stopping threads took: 0,0000337 seconds
[2019-11-28T17:49:09.047+0100][1402,210s][854][934][info ] Application time: 1,0002357 seconds
[2019-11-28T17:49:09.047+0100][1402,210s][854][934][info ] Entering safepoint region: Cleanup
[2019-11-28T17:49:09.047+0100][1402,210s][854][934][info ] Leaving safepoint region
[2019-11-28T17:49:09.047+0100][1402,210s][854][934][info ] Total time for which application threads were stopped: 0,0001366 seconds, Stopping threads took: 0,0000306 seconds
[2019-11-28T17:49:10.047+0100][1403,210s][854][934][info ] Application time: 1,0000712 seconds
[2019-11-28T17:49:10.047+0100][1403,210s][854][934][info ] Entering safepoint region: Cleanup
[2019-11-28T17:49:10.047+0100][1403,210s][854][934][info ] Leaving safepoint region
[2019-11-28T17:49:10.047+0100][1403,210s][854][934][info ] Total time for which application threads were stopped: 0,0001476 seconds, Stopping threads took: 0,0000420 seconds
[2019-11-28T17:49:11.048+0100][1404,211s][854][934][info ] Application time: 1,0000698 seconds
[2019-11-28T17:49:11.048+0100][1404,211s][854][934][info ] Entering safepoint region: Cleanup
[2019-11-28T17:49:11.048+0100][1404,211s][854][934][info ] Leaving safepoint region
[2019-11-28T17:49:11.048+0100][1404,211s][854][934][info ] Total time for which application threads were stopped: 0,0001502 seconds, Stopping threads took: 0,0000335 seconds
[2019-11-28T17:49:11.309+0100][1404,472s][854][933][trace] CMS: promo attempt is safe: available(3673676464) >= av_promo(42009460), max_promo(303414432)
[2019-11-28T17:49:12.048+0100][1405,211s][854][934][info ] Application time: 1,0000737 seconds
[2019-11-28T17:49:12.048+0100][1405,211s][854][934][info ] Entering safepoint region: Cleanup
[2019-11-28T17:49:12.048+0100][1405,211s][854][934][info ] Leaving safepoint region
[2019-11-28T17:49:12.048+0100][1405,211s][854][934][info ] Total time for which application threads were stopped: 0,0001446 seconds, Stopping threads took: 0,0000445 seconds
[2019-11-28T17:49:13.048+0100][1406,211s][854][934][info ] Application time: 1,0000793 seconds
[2019-11-28T17:49:13.048+0100][1406,211s][854][934][info ] Entering safepoint region: Cleanup
[2019-11-28T17:49:13.048+0100][1406,211s][854][934][info ] Leaving safepoint region
[2019-11-28T17:49:13.048+0100][1406,211s][854][934][info ] Total time for which application threads were stopped: 0,0001484 seconds, Stopping threads took: 0,0000354 seconds
[2019-11-28T17:49:14.049+0100][1407,211s][854][934][info ] Application time: 1,0000694 seconds
[2019-11-28T17:49:14.049+0100][1407,212s][854][934][info ] Entering safepoint region: Cleanup
[2019-11-28T17:49:14.049+0100][1407,212s][854][934][info ] Leaving safepoint region
[2019-11-28T17:49:14.049+0100][1407,212s][854][934][info ] Total time for which application threads were stopped: 0,0001452 seconds, Stopping threads took: 0,0000325 seconds
[2019-11-28T17:49:15.049+0100][1408,212s][854][934][info ] Application time: 1,0002210 seconds
[2019-11-28T17:49:15.049+0100][1408,212s][854][934][info ] Entering safepoint region: Cleanup
[2019-11-28T17:49:15.049+0100][1408,212s][854][934][info ] Leaving safepoint region
[2019-11-28T17:49:15.049+0100][1408,212s][854][934][info ] Total time for which application threads were stopped: 0,0001510 seconds, Stopping threads took: 0,0000363 seconds
[2019-11-28T17:49:16.049+0100][1409,212s][854][934][info ] Application time: 1,0001329 seconds
[2019-11-28T17:49:16.049+0100][1409,212s][854][934][info ] Entering safepoint region: Cleanup
[2019-11-28T17:49:16.050+0100][1409,212s][854][934][info ] Leaving safepoint region
[2019-11-28T17:49:16.050+0100][1409,212s][854][934][info ] Total time for which application threads were stopped: 0,0001265 seconds, Stopping threads took: 0,0000335 seconds
[2019-11-28T17:49:17.050+0100][1410,213s][854][934][info ] Application time: 1,0001447 seconds
[2019-11-28T17:49:17.050+0100][1410,213s][854][934][info ] Entering safepoint region: Cleanup
[2019-11-28T17:49:17.050+0100][1410,213s][854][934][info ] Leaving safepoint region
[2019-11-28T17:49:17.050+0100][1410,213s][854][934][info ] Total time for which application threads were stopped: 0,0001122 seconds, Stopping threads took: 0,0000286 seconds
[2019-11-28T17:49:18.050+0100][1411,213s][854][934][info ] Application time: 1,0001690 seconds
[2019-11-28T17:49:18.050+0100][1411,213s][854][934][info ] Entering safepoint region: Cleanup
[2019-11-28T17:49:18.051+0100][1411,214s][854][934][info ] Leaving safepoint region
[2019-11-28T17:49:18.051+0100][1411,214s][854][934][info ] Total time for which application threads were stopped: 0,0004681 seconds, Stopping threads took: 0,0001141 seconds
[2019-11-28T17:49:19.051+0100][1412,214s][854][934][info ] Application time: 1,0001340 seconds
[2019-11-28T17:49:19.051+0100][1412,214s][854][934][info ] Entering safepoint region: Cleanup
[2019-11-28T17:49:19.051+0100][1412,214s][854][934][info ] Leaving safepoint region
[2019-11-28T17:49:19.051+0100][1412,214s][854][934][info ] Total time for which application threads were stopped: 0,0001107 seconds, Stopping threads took: 0,0000286 seconds
[2019-11-28T17:49:20.051+0100][1413,214s][854][934][info ] Application time: 1,0001176 seconds
[2019-11-28T17:49:20.051+0100][1413,214s][854][934][info ] Entering safepoint region: Cleanup
[2019-11-28T17:49:20.051+0100][1413,214s][854][934][info ] Leaving safepoint region
[2019-11-28T17:49:20.051+0100][1413,214s][854][934][info ] Total time for which application threads were stopped: 0,0001621 seconds, Stopping threads took: 0,0000456 seconds
[2019-11-28T17:49:21.052+0100][1414,215s][854][934][info ] Application time: 1,0001891 seconds
[2019-11-28T17:49:21.052+0100][1414,215s][854][934][info ] Entering safepoint region: Cleanup
[2019-11-28T17:49:21.052+0100][1414,215s][854][934][info ] Leaving safepoint region
[2019-11-28T17:49:21.052+0100][1414,215s][854][934][info ] Total time for which application threads were stopped: 0,0001625 seconds, Stopping threads took: 0,0000463 seconds
[2019-11-28T17:49:21.309+0100][1414,472s][854][933][trace] CMS: promo attempt is safe: available(3673676464) >= av_promo(42009460), max_promo(305901232)
[2019-11-28T17:49:22.052+0100][1415,215s][854][934][info ] Application time: 1,0001256 seconds
[2019-11-28T17:49:22.052+0100][1415,215s][854][934][info ] Entering safepoint region: Cleanup
[2019-11-28T17:49:22.052+0100][1415,215s][854][934][info ] Leaving safepoint region
[2019-11-28T17:49:22.052+0100][1415,215s][854][934][info ] Total time for which application threads were stopped: 0,0001248 seconds, Stopping threads took: 0,0000323 seconds
[2019-11-28T17:49:23.052+0100][1416,215s][854][934][info ] Application time: 1,0002148 seconds
[2019-11-28T17:49:23.052+0100][1416,215s][854][934][info ] Entering safepoint region: Cleanup
[2019-11-28T17:49:23.053+0100][1416,216s][854][934][info ] Leaving safepoint region
[2019-11-28T17:49:23.053+0100][1416,216s][854][934][info ] Total time for which application threads were stopped: 0,0001319 seconds, Stopping threads took: 0,0000310 seconds
[2019-11-28T17:49:24.053+0100][1417,216s][854][934][info ] Application time: 1,0000736 seconds
[2019-11-28T17:49:24.053+0100][1417,216s][854][934][info ] Entering safepoint region: Cleanup
[2019-11-28T17:49:24.053+0100][1417,216s][854][934][info ] Leaving safepoint region
[2019-11-28T17:49:24.053+0100][1417,216s][854][934][info ] Total time for which application threads were stopped: 0,0001630 seconds, Stopping threads took: 0,0000372 seconds
[2019-11-28T17:49:25.053+0100][1418,216s][854][934][info ] Application time: 1,0001151 seconds
[2019-11-28T17:49:25.053+0100][1418,216s][854][934][info ] Entering safepoint region: Cleanup
[2019-11-28T17:49:25.053+0100][1418,216s][854][934][info ] Leaving safepoint region
[2019-11-28T17:49:25.053+0100][1418,216s][854][934][info ] Total time for which application threads were stopped: 0,0001249 seconds, Stopping threads took: 0,0000302 seconds
[2019-11-28T17:49:26.053+0100][1419,216s][854][934][info ] Application time: 1,0000711 seconds
[2019-11-28T17:49:26.053+0100][1419,216s][854][934][info ] Entering safepoint region: Cleanup
[2019-11-28T17:49:26.054+0100][1419,217s][854][934][info ] Leaving safepoint region
[2019-11-28T17:49:26.054+0100][1419,217s][854][934][info ] Total time for which application threads were stopped: 0,0001642 seconds, Stopping threads took: 0,0000591 seconds
[2019-11-28T17:49:27.054+0100][1420,217s][854][934][info ] Application time: 1,0000944 seconds
[2019-11-28T17:49:27.054+0100][1420,217s][854][934][info ] Entering safepoint region: Cleanup
[2019-11-28T17:49:27.054+0100][1420,217s][854][934][info ] Leaving safepoint region
[2019-11-28T17:49:27.054+0100][1420,217s][854][934][info ] Total time for which application threads were stopped: 0,0002952 seconds, Stopping threads took: 0,0000713 seconds
[2019-11-28T17:49:28.054+0100][1421,217s][854][934][info ] Application time: 1,0001378 seconds
[2019-11-28T17:49:28.054+0100][1421,217s][854][934][info ] Entering safepoint region: Cleanup
[2019-11-28T17:49:28.055+0100][1421,217s][854][934][info ] Leaving safepoint region
[2019-11-28T17:49:28.055+0100][1421,218s][854][934][info ] Total time for which application threads were stopped: 0,0001824 seconds, Stopping threads took: 0,0000483 seconds
[2019-11-28T17:49:29.055+0100][1422,218s][854][934][info ] Application time: 1,0001363 seconds
[2019-11-28T17:49:29.055+0100][1422,218s][854][934][info ] Entering safepoint region: Cleanup
[2019-11-28T17:49:29.055+0100][1422,218s][854][934][info ] Leaving safepoint region
[2019-11-28T17:49:29.056+0100][1422,219s][854][934][info ] Total time for which application threads were stopped: 0,0006279 seconds, Stopping threads took: 0,0001384 seconds
[2019-11-28T17:49:30.056+0100][1423,219s][854][934][info ] Application time: 1,0001844 seconds
[2019-11-28T17:49:30.056+0100][1423,219s][854][934][info ] Entering safepoint region: Cleanup
[2019-11-28T17:49:30.056+0100][1423,219s][854][934][info ] Leaving safepoint region
[2019-11-28T17:49:30.057+0100][1423,220s][854][934][info ] Total time for which application threads were stopped: 0,0004687 seconds, Stopping threads took: 0,0001064 seconds
[2019-11-28T17:49:31.057+0100][1424,220s][854][934][info ] Application time: 1,0002155 seconds
[2019-11-28T17:49:31.057+0100][1424,220s][854][934][info ] Entering safepoint region: Cleanup
[2019-11-28T17:49:31.058+0100][1424,221s][854][934][info ] Leaving safepoint region
[2019-11-28T17:49:31.058+0100][1424,221s][854][934][info ] Total time for which application threads were stopped: 0,0008299 seconds, Stopping threads took: 0,0001881 seconds
[2019-11-28T17:49:31.309+0100][1424,472s][854][933][trace] CMS: promo attempt is safe: available(3673676464) >= av_promo(42009460), max_promo(308987440)
[2019-11-28T17:49:32.058+0100][1425,221s][854][934][info ] Application time: 1,0001606 seconds
[2019-11-28T17:49:32.058+0100][1425,221s][854][934][info ] Entering safepoint region: Cleanup
[2019-11-28T17:49:32.058+0100][1425,221s][854][934][info ] Leaving safepoint region
[2019-11-28T17:49:32.058+0100][1425,221s][854][934][info ] Total time for which application threads were stopped: 0,0001602 seconds, Stopping threads took: 0,0000444 seconds
[2019-11-28T17:49:33.058+0100][1426,221s][854][934][info ] Application time: 1,0001200 seconds
[2019-11-28T17:49:33.059+0100][1426,222s][854][934][info ] Entering safepoint region: Cleanup
[2019-11-28T17:49:33.059+0100][1426,222s][854][934][info ] Leaving safepoint region
[2019-11-28T17:49:33.059+0100][1426,222s][854][934][info ] Total time for which application threads were stopped: 0,0002113 seconds, Stopping threads took: 0,0000699 seconds
[2019-11-28T17:49:34.059+0100][1427,222s][854][934][info ] Application time: 1,0001538 seconds
[2019-11-28T17:49:34.059+0100][1427,222s][854][934][info ] Entering safepoint region: Cleanup
[2019-11-28T17:49:34.059+0100][1427,222s][854][934][info ] Leaving safepoint region
[2019-11-28T17:49:34.059+0100][1427,222s][854][934][info ] Total time for which application threads were stopped: 0,0001447 seconds, Stopping threads took: 0,0000302 seconds
[2019-11-28T17:49:35.059+0100][1428,222s][854][934][info ] Application time: 1,0002269 seconds
[2019-11-28T17:49:35.059+0100][1428,222s][854][934][info ] Entering safepoint region: Cleanup
[2019-11-28T17:49:35.060+0100][1428,223s][854][934][info ] Leaving safepoint region
[2019-11-28T17:49:35.060+0100][1428,223s][854][934][info ] Total time for which application threads were stopped: 0,0002207 seconds, Stopping threads took: 0,0000549 seconds
[2019-11-28T17:49:36.060+0100][1429,223s][854][934][info ] Application time: 1,0000726 seconds
[2019-11-28T17:49:36.060+0100][1429,223s][854][934][info ] Entering safepoint region: Cleanup
[2019-11-28T17:49:36.060+0100][1429,223s][854][934][info ] Leaving safepoint region
[2019-11-28T17:49:36.060+0100][1429,223s][854][934][info ] Total time for which application threads were stopped: 0,0001221 seconds, Stopping threads took: 0,0000379 seconds
[2019-11-28T17:49:37.060+0100][1430,223s][854][934][info ] Application time: 1,0002686 seconds
[2019-11-28T17:49:37.060+0100][1430,223s][854][934][info ] Entering safepoint region: Cleanup
[2019-11-28T17:49:37.061+0100][1430,224s][854][934][info ] Leaving safepoint region
[2019-11-28T17:49:37.061+0100][1430,224s][854][934][info ] Total time for which application threads were stopped: 0,0006500 seconds, Stopping threads took: 0,0001961 seconds
[2019-11-28T17:49:38.061+0100][1431,224s][854][934][info ] Application time: 1,0001230 seconds
[2019-11-28T17:49:38.061+0100][1431,224s][854][934][info ] Entering safepoint region: Cleanup
[2019-11-28T17:49:38.062+0100][1431,225s][854][934][info ] Leaving safepoint region
[2019-11-28T17:49:38.062+0100][1431,225s][854][934][info ] Total time for which application threads were stopped: 0,0002286 seconds, Stopping threads took: 0,0000732 seconds
[2019-11-28T17:49:39.062+0100][1432,225s][854][934][info ] Application time: 1,0000741 seconds
[2019-11-28T17:49:39.062+0100][1432,225s][854][934][info ] Entering safepoint region: Cleanup
[2019-11-28T17:49:39.062+0100][1432,225s][854][934][info ] Leaving safepoint region
[2019-11-28T17:49:39.062+0100][1432,225s][854][934][info ] Total time for which application threads were stopped: 0,0001456 seconds, Stopping threads took: 0,0000402 seconds
[2019-11-28T17:49:40.062+0100][1433,225s][854][934][info ] Application time: 1,0000947 seconds
[2019-11-28T17:49:40.062+0100][1433,225s][854][934][info ] Entering safepoint region: Cleanup
[2019-11-28T17:49:40.063+0100][1433,226s][854][934][info ] Leaving safepoint region
[2019-11-28T17:49:40.063+0100][1433,226s][854][934][info ] Total time for which application threads were stopped: 0,0004813 seconds, Stopping threads took: 0,0001406 seconds
[2019-11-28T17:49:41.063+0100][1434,226s][854][934][info ] Application time: 1,0001699 seconds
[2019-11-28T17:49:41.063+0100][1434,226s][854][934][info ] Entering safepoint region: Cleanup
[2019-11-28T17:49:41.063+0100][1434,226s][854][934][info ] Leaving safepoint region
[2019-11-28T17:49:41.063+0100][1434,226s][854][934][info ] Total time for which application threads were stopped: 0,0002021 seconds, Stopping threads took: 0,0000641 seconds
[2019-11-28T17:49:41.309+0100][1434,472s][854][933][trace] CMS: promo attempt is safe: available(3673676464) >= av_promo(42009460), max_promo(312073648)
[2019-11-28T17:49:42.063+0100][1435,226s][854][934][info ] Application time: 1,0001502 seconds
[2019-11-28T17:49:42.063+0100][1435,226s][854][934][info ] Entering safepoint region: Cleanup
[2019-11-28T17:49:42.064+0100][1435,226s][854][934][info ] Leaving safepoint region
[2019-11-28T17:49:42.064+0100][1435,226s][854][934][info ] Total time for which application threads were stopped: 0,0001367 seconds, Stopping threads took: 0,0000367 seconds
[2019-11-28T17:49:43.064+0100][1436,227s][854][934][info ] Application time: 1,0001975 seconds
[2019-11-28T17:49:43.064+0100][1436,227s][854][934][info ] Entering safepoint region: Cleanup
[2019-11-28T17:49:43.064+0100][1436,227s][854][934][info ] Leaving safepoint region
[2019-11-28T17:49:43.064+0100][1436,227s][854][934][info ] Total time for which application threads were stopped: 0,0001766 seconds, Stopping threads took: 0,0000360 seconds
[2019-11-28T17:49:44.064+0100][1437,227s][854][934][info ] Application time: 1,0001767 seconds
[2019-11-28T17:49:44.064+0100][1437,227s][854][934][info ] Entering safepoint region: Cleanup
[2019-11-28T17:49:44.065+0100][1437,228s][854][934][info ] Leaving safepoint region
[2019-11-28T17:49:44.065+0100][1437,228s][854][934][info ] Total time for which application threads were stopped: 0,0003465 seconds, Stopping threads took: 0,0000874 seconds
[2019-11-28T17:49:45.065+0100][1438,228s][854][934][info ] Application time: 1,0000898 seconds
[2019-11-28T17:49:45.065+0100][1438,228s][854][934][info ] Entering safepoint region: Cleanup
[2019-11-28T17:49:45.065+0100][1438,228s][854][934][info ] Leaving safepoint region
[2019-11-28T17:49:45.065+0100][1438,228s][854][934][info ] Total time for which application threads were stopped: 0,0001462 seconds, Stopping threads took: 0,0000359 seconds
[2019-11-28T17:49:46.065+0100][1439,228s][854][934][info ] Application time: 1,0001021 seconds
[2019-11-28T17:49:46.065+0100][1439,228s][854][934][info ] Entering safepoint region: Cleanup
[2019-11-28T17:49:46.065+0100][1439,228s][854][934][info ] Leaving safepoint region
[2019-11-28T17:49:46.065+0100][1439,228s][854][934][info ] Total time for which application threads were stopped: 0,0001286 seconds, Stopping threads took: 0,0000279 seconds
[2019-11-28T17:49:47.065+0100][1440,228s][854][934][info ] Application time: 1,0000821 seconds
[2019-11-28T17:49:47.065+0100][1440,228s][854][934][info ] Entering safepoint region: Cleanup
[2019-11-28T17:49:47.066+0100][1440,229s][854][934][info ] Leaving safepoint region
[2019-11-28T17:49:47.066+0100][1440,229s][854][934][info ] Total time for which application threads were stopped: 0,0001406 seconds, Stopping threads took: 0,0000336 seconds
[2019-11-28T17:49:48.066+0100][1441,229s][854][934][info ] Application time: 1,0000191 seconds
[2019-11-28T17:49:48.066+0100][1441,229s][854][934][info ] Entering safepoint region: Cleanup
[2019-11-28T17:49:48.066+0100][1441,229s][854][934][info ] Leaving safepoint region
[2019-11-28T17:49:48.066+0100][1441,229s][854][934][info ] Total time for which application threads were stopped: 0,0001291 seconds, Stopping threads took: 0,0000365 seconds
[2019-11-28T17:49:49.066+0100][1442,229s][854][934][info ] Application time: 1,0000777 seconds
[2019-11-28T17:49:49.066+0100][1442,229s][854][934][info ] Entering safepoint region: Cleanup
[2019-11-28T17:49:49.066+0100][1442,229s][854][934][info ] Leaving safepoint region
[2019-11-28T17:49:49.066+0100][1442,229s][854][934][info ] Total time for which application threads were stopped: 0,0001406 seconds, Stopping threads took: 0,0000364 seconds
[2019-11-28T17:49:50.066+0100][1443,229s][854][934][info ] Application time: 1,0001363 seconds
[2019-11-28T17:49:50.066+0100][1443,229s][854][934][info ] Entering safepoint region: Cleanup
[2019-11-28T17:49:50.067+0100][1443,230s][854][934][info ] Leaving safepoint region
[2019-11-28T17:49:50.067+0100][1443,230s][854][934][info ] Total time for which application threads were stopped: 0,0003501 seconds, Stopping threads took: 0,0000835 seconds
[2019-11-28T17:49:51.067+0100][1444,230s][854][934][info ] Application time: 1,0001363 seconds
[2019-11-28T17:49:51.067+0100][1444,230s][854][934][info ] Entering safepoint region: Cleanup
[2019-11-28T17:49:51.073+0100][1444,236s][854][934][info ] Leaving safepoint region
[2019-11-28T17:49:51.073+0100][1444,236s][854][934][info ] Total time for which application threads were stopped: 0,0061121 seconds, Stopping threads took: 0,0059390 seconds
[2019-11-28T17:49:51.309+0100][1444,472s][854][933][trace] CMS: promo attempt is safe: available(3673676464) >= av_promo(42009460), max_promo(314560448)
[2019-11-28T17:49:52.073+0100][1445,236s][854][934][info ] Application time: 1,0001849 seconds
[2019-11-28T17:49:52.074+0100][1445,237s][854][934][info ] Entering safepoint region: Cleanup
[2019-11-28T17:49:52.074+0100][1445,237s][854][934][info ] Leaving safepoint region
[2019-11-28T17:49:52.074+0100][1445,237s][854][934][info ] Total time for which application threads were stopped: 0,0004765 seconds, Stopping threads took: 0,0001099 seconds
[2019-11-28T17:49:53.074+0100][1446,237s][854][934][info ] Application time: 1,0002762 seconds
[2019-11-28T17:49:53.075+0100][1446,238s][854][934][info ] Entering safepoint region: Cleanup
[2019-11-28T17:49:53.075+0100][1446,238s][854][934][info ] Leaving safepoint region
[2019-11-28T17:49:53.075+0100][1446,238s][854][934][info ] Total time for which application threads were stopped: 0,0005192 seconds, Stopping threads took: 0,0001201 seconds
[2019-11-28T17:49:54.075+0100][1447,238s][854][934][info ] Application time: 1,0001293 seconds
[2019-11-28T17:49:54.075+0100][1447,238s][854][934][info ] Entering safepoint region: Cleanup
[2019-11-28T17:49:54.075+0100][1447,238s][854][934][info ] Leaving safepoint region
[2019-11-28T17:49:54.076+0100][1447,238s][854][934][info ] Total time for which application threads were stopped: 0,0002083 seconds, Stopping threads took: 0,0001068 seconds
[2019-11-28T17:49:55.076+0100][1448,239s][854][934][info ] Application time: 1,0001357 seconds
[2019-11-28T17:49:55.076+0100][1448,239s][854][934][info ] Entering safepoint region: Cleanup
[2019-11-28T17:49:55.076+0100][1448,239s][854][934][info ] Leaving safepoint region
[2019-11-28T17:49:55.076+0100][1448,239s][854][934][info ] Total time for which application threads were stopped: 0,0002762 seconds, Stopping threads took: 0,0000686 seconds
[2019-11-28T17:49:56.076+0100][1449,239s][854][934][info ] Application time: 1,0000833 seconds
[2019-11-28T17:49:56.076+0100][1449,239s][854][934][info ] Entering safepoint region: Cleanup
[2019-11-28T17:49:56.076+0100][1449,239s][854][934][info ] Leaving safepoint region
[2019-11-28T17:49:56.076+0100][1449,239s][854][934][info ] Total time for which application threads were stopped: 0,0001896 seconds, Stopping threads took: 0,0000463 seconds
[2019-11-28T17:49:57.077+0100][1450,240s][854][934][info ] Application time: 1,0001242 seconds
[2019-11-28T17:49:57.077+0100][1450,240s][854][934][info ] Entering safepoint region: Cleanup
[2019-11-28T17:49:57.077+0100][1450,240s][854][934][info ] Leaving safepoint region
[2019-11-28T17:49:57.077+0100][1450,240s][854][934][info ] Total time for which application threads were stopped: 0,0005148 seconds, Stopping threads took: 0,0001215 seconds
[2019-11-28T17:49:58.078+0100][1451,241s][854][934][info ] Application time: 1,0002302 seconds
[2019-11-28T17:49:58.078+0100][1451,241s][854][934][info ] Entering safepoint region: Cleanup
[2019-11-28T17:49:58.078+0100][1451,241s][854][934][info ] Leaving safepoint region
[2019-11-28T17:49:58.078+0100][1451,241s][854][934][info ] Total time for which application threads were stopped: 0,0002434 seconds, Stopping threads took: 0,0000561 seconds
[2019-11-28T17:49:59.078+0100][1452,241s][854][934][info ] Application time: 1,0001882 seconds
[2019-11-28T17:49:59.078+0100][1452,241s][854][934][info ] Entering safepoint region: Cleanup
[2019-11-28T17:49:59.079+0100][1452,242s][854][934][info ] Leaving safepoint region
[2019-11-28T17:49:59.079+0100][1452,242s][854][934][info ] Total time for which application threads were stopped: 0,0004861 seconds, Stopping threads took: 0,0001569 seconds
[2019-11-28T17:50:00.079+0100][1453,242s][854][934][info ] Application time: 1,0002584 seconds
[2019-11-28T17:50:00.079+0100][1453,242s][854][934][info ] Entering safepoint region: Cleanup
[2019-11-28T17:50:00.080+0100][1453,242s][854][934][info ] Leaving safepoint region
[2019-11-28T17:50:00.080+0100][1453,243s][854][934][info ] Total time for which application threads were stopped: 0,0002753 seconds, Stopping threads took: 0,0001108 seconds
[2019-11-28T17:50:01.080+0100][1454,243s][854][934][info ] Application time: 1,0001164 seconds
[2019-11-28T17:50:01.080+0100][1454,243s][854][934][info ] Entering safepoint region: Cleanup
[2019-11-28T17:50:01.080+0100][1454,243s][854][934][info ] Leaving safepoint region
[2019-11-28T17:50:01.080+0100][1454,243s][854][934][info ] Total time for which application threads were stopped: 0,0002172 seconds, Stopping threads took: 0,0000691 seconds
[2019-11-28T17:50:01.309+0100][1454,472s][854][933][trace] CMS: promo attempt is safe: available(3673676464) >= av_promo(42009460), max_promo(320607480)
[2019-11-28T17:50:02.080+0100][1455,243s][854][934][info ] Application time: 1,0000955 seconds
[2019-11-28T17:50:02.080+0100][1455,243s][854][934][info ] Entering safepoint region: Cleanup
[2019-11-28T17:50:02.081+0100][1455,244s][854][934][info ] Leaving safepoint region
[2019-11-28T17:50:02.081+0100][1455,244s][854][934][info ] Total time for which application threads were stopped: 0,0004738 seconds, Stopping threads took: 0,0001482 seconds
[2019-11-28T17:50:03.081+0100][1456,244s][854][934][info ] Application time: 1,0002196 seconds
[2019-11-28T17:50:03.081+0100][1456,244s][854][934][info ] Entering safepoint region: Cleanup
[2019-11-28T17:50:03.081+0100][1456,244s][854][934][info ] Leaving safepoint region
[2019-11-28T17:50:03.081+0100][1456,244s][854][934][info ] Total time for which application threads were stopped: 0,0002017 seconds, Stopping threads took: 0,0000622 seconds
[2019-11-28T17:50:04.082+0100][1457,245s][854][934][info ] Application time: 1,0002440 seconds
[2019-11-28T17:50:04.082+0100][1457,245s][854][934][info ] Entering safepoint region: Cleanup
[2019-11-28T17:50:04.082+0100][1457,245s][854][934][info ] Leaving safepoint region
[2019-11-28T17:50:04.082+0100][1457,245s][854][934][info ] Total time for which application threads were stopped: 0,0004480 seconds, Stopping threads took: 0,0001154 seconds
[2019-11-28T17:50:05.083+0100][1458,246s][854][934][info ] Application time: 1,0001796 seconds
[2019-11-28T17:50:05.083+0100][1458,246s][854][934][info ] Entering safepoint region: Cleanup
[2019-11-28T17:50:05.083+0100][1458,246s][854][934][info ] Leaving safepoint region
[2019-11-28T17:50:05.083+0100][1458,246s][854][934][info ] Total time for which application threads were stopped: 0,0004640 seconds, Stopping threads took: 0,0001173 seconds
[2019-11-28T17:50:06.084+0100][1459,247s][854][934][info ] Application time: 1,0002511 seconds
[2019-11-28T17:50:06.084+0100][1459,247s][854][934][info ] Entering safepoint region: Cleanup
[2019-11-28T17:50:06.084+0100][1459,247s][854][934][info ] Leaving safepoint region
[2019-11-28T17:50:06.084+0100][1459,247s][854][934][info ] Total time for which application threads were stopped: 0,0004055 seconds, Stopping threads took: 0,0001865 seconds
[2019-11-28T17:50:07.084+0100][1460,247s][854][934][info ] Application time: 1,0002414 seconds
[2019-11-28T17:50:07.085+0100][1460,248s][854][934][info ] Entering safepoint region: Cleanup
[2019-11-28T17:50:07.085+0100][1460,248s][854][934][info ] Leaving safepoint region
[2019-11-28T17:50:07.085+0100][1460,248s][854][934][info ] Total time for which application threads were stopped: 0,0003668 seconds, Stopping threads took: 0,0001140 seconds
[2019-11-28T17:50:08.085+0100][1461,248s][854][934][info ] Application time: 1,0001820 seconds
[2019-11-28T17:50:08.085+0100][1461,248s][854][934][info ] Entering safepoint region: Cleanup
[2019-11-28T17:50:08.086+0100][1461,249s][854][934][info ] Leaving safepoint region
[2019-11-28T17:50:08.086+0100][1461,249s][854][934][info ] Total time for which application threads were stopped: 0,0005580 seconds, Stopping threads took: 0,0001740 seconds
[2019-11-28T17:50:09.086+0100][1462,249s][854][934][info ] Application time: 1,0001752 seconds
[2019-11-28T17:50:09.086+0100][1462,249s][854][934][info ] Entering safepoint region: Cleanup
[2019-11-28T17:50:09.087+0100][1462,250s][854][934][info ] Leaving safepoint region
[2019-11-28T17:50:09.087+0100][1462,250s][854][934][info ] Total time for which application threads were stopped: 0,0003957 seconds, Stopping threads took: 0,0001105 seconds
[2019-11-28T17:50:10.087+0100][1463,250s][854][934][info ] Application time: 1,0001434 seconds
[2019-11-28T17:50:10.087+0100][1463,250s][854][934][info ] Entering safepoint region: Cleanup
[2019-11-28T17:50:10.087+0100][1463,250s][854][934][info ] Leaving safepoint region
[2019-11-28T17:50:10.087+0100][1463,250s][854][934][info ] Total time for which application threads were stopped: 0,0002673 seconds, Stopping threads took: 0,0000574 seconds
[2019-11-28T17:50:11.088+0100][1464,251s][854][934][info ] Application time: 1,0001522 seconds
[2019-11-28T17:50:11.088+0100][1464,251s][854][934][info ] Entering safepoint region: Cleanup
[2019-11-28T17:50:11.088+0100][1464,251s][854][934][info ] Leaving safepoint region
[2019-11-28T17:50:11.088+0100][1464,251s][854][934][info ] Total time for which application threads were stopped: 0,0004600 seconds, Stopping threads took: 0,0001244 seconds
[2019-11-28T17:50:11.310+0100][1464,473s][854][933][trace] CMS: promo attempt is safe: available(3673676464) >= av_promo(42009460), max_promo(323693688)
[2019-11-28T17:50:12.089+0100][1465,251s][854][934][info ] Application time: 1,0001764 seconds
[2019-11-28T17:50:12.089+0100][1465,252s][854][934][info ] Entering safepoint region: Cleanup
[2019-11-28T17:50:12.089+0100][1465,252s][854][934][info ] Leaving safepoint region
[2019-11-28T17:50:12.089+0100][1465,252s][854][934][info ] Total time for which application threads were stopped: 0,0004936 seconds, Stopping threads took: 0,0001574 seconds
[2019-11-28T17:50:13.089+0100][1466,252s][854][934][info ] Application time: 1,0001538 seconds
[2019-11-28T17:50:13.090+0100][1466,253s][854][934][info ] Entering safepoint region: Cleanup
[2019-11-28T17:50:13.090+0100][1466,253s][854][934][info ] Leaving safepoint region
[2019-11-28T17:50:13.090+0100][1466,253s][854][934][info ] Total time for which application threads were stopped: 0,0003937 seconds, Stopping threads took: 0,0001132 seconds
[2019-11-28T17:50:14.090+0100][1467,253s][854][934][info ] Application time: 1,0002417 seconds
[2019-11-28T17:50:14.090+0100][1467,253s][854][934][info ] Entering safepoint region: Cleanup
[2019-11-28T17:50:14.090+0100][1467,253s][854][934][info ] Leaving safepoint region
[2019-11-28T17:50:14.090+0100][1467,253s][854][934][info ] Total time for which application threads were stopped: 0,0001851 seconds, Stopping threads took: 0,0000445 seconds
[2019-11-28T17:50:15.091+0100][1468,254s][854][934][info ] Application time: 1,0001629 seconds
[2019-11-28T17:50:15.091+0100][1468,254s][854][934][info ] Entering safepoint region: Cleanup
[2019-11-28T17:50:15.091+0100][1468,254s][854][934][info ] Leaving safepoint region
[2019-11-28T17:50:15.091+0100][1468,254s][854][934][info ] Total time for which application threads were stopped: 0,0004506 seconds, Stopping threads took: 0,0001166 seconds
[2019-11-28T17:50:16.092+0100][1469,255s][854][934][info ] Application time: 1,0003252 seconds
[2019-11-28T17:50:16.092+0100][1469,255s][854][934][info ] Entering safepoint region: Cleanup
[2019-11-28T17:50:16.092+0100][1469,255s][854][934][info ] Leaving safepoint region
[2019-11-28T17:50:16.092+0100][1469,255s][854][934][info ] Total time for which application threads were stopped: 0,0003388 seconds, Stopping threads took: 0,0000907 seconds
[2019-11-28T17:50:17.092+0100][1470,255s][854][934][info ] Application time: 1,0001135 seconds
[2019-11-28T17:50:17.093+0100][1470,256s][854][934][info ] Entering safepoint region: Cleanup
[2019-11-28T17:50:17.093+0100][1470,256s][854][934][info ] Leaving safepoint region
[2019-11-28T17:50:17.093+0100][1470,256s][854][934][info ] Total time for which application threads were stopped: 0,0005580 seconds, Stopping threads took: 0,0001542 seconds
[2019-11-28T17:50:18.094+0100][1471,257s][854][934][info ] Application time: 1,0002451 seconds
[2019-11-28T17:50:18.094+0100][1471,257s][854][934][info ] Entering safepoint region: Cleanup
[2019-11-28T17:50:18.094+0100][1471,257s][854][934][info ] Leaving safepoint region
[2019-11-28T17:50:18.094+0100][1471,257s][854][934][info ] Total time for which application threads were stopped: 0,0004271 seconds, Stopping threads took: 0,0000877 seconds
[2019-11-28T17:50:19.094+0100][1472,257s][854][934][info ] Application time: 1,0002722 seconds
[2019-11-28T17:50:19.095+0100][1472,258s][854][934][info ] Entering safepoint region: Cleanup
[2019-11-28T17:50:19.095+0100][1472,258s][854][934][info ] Leaving safepoint region
[2019-11-28T17:50:19.095+0100][1472,258s][854][934][info ] Total time for which application threads were stopped: 0,0005431 seconds, Stopping threads took: 0,0001176 seconds
[2019-11-28T17:50:20.095+0100][1473,258s][854][934][info ] Application time: 1,0001772 seconds
[2019-11-28T17:50:20.096+0100][1473,259s][854][934][info ] Entering safepoint region: Cleanup
[2019-11-28T17:50:20.096+0100][1473,259s][854][934][info ] Leaving safepoint region
[2019-11-28T17:50:20.096+0100][1473,259s][854][934][info ] Total time for which application threads were stopped: 0,0005122 seconds, Stopping threads took: 0,0002121 seconds
[2019-11-28T17:50:21.096+0100][1474,259s][854][934][info ] Application time: 1,0002834 seconds
[2019-11-28T17:50:21.097+0100][1474,260s][854][934][info ] Entering safepoint region: Cleanup
[2019-11-28T17:50:21.097+0100][1474,260s][854][934][info ] Leaving safepoint region
[2019-11-28T17:50:21.097+0100][1474,260s][854][934][info ] Total time for which application threads were stopped: 0,0005121 seconds, Stopping threads took: 0,0001702 seconds
[2019-11-28T17:50:21.309+0100][1474,472s][854][933][trace] CMS: promo attempt is safe: available(3673676464) >= av_promo(42009460), max_promo(326779896)
[2019-11-28T17:50:22.097+0100][1475,260s][854][934][info ] Application time: 1,0001058 seconds
[2019-11-28T17:50:22.097+0100][1475,260s][854][934][info ] Entering safepoint region: Cleanup
[2019-11-28T17:50:22.098+0100][1475,261s][854][934][info ] Leaving safepoint region
[2019-11-28T17:50:22.098+0100][1475,261s][854][934][info ] Total time for which application threads were stopped: 0,0002996 seconds, Stopping threads took: 0,0000822 seconds
[2019-11-28T17:50:23.098+0100][1476,261s][854][934][info ] Application time: 1,0001253 seconds
[2019-11-28T17:50:23.098+0100][1476,261s][854][934][info ] Entering safepoint region: Cleanup
[2019-11-28T17:50:23.098+0100][1476,261s][854][934][info ] Leaving safepoint region
[2019-11-28T17:50:23.098+0100][1476,261s][854][934][info ] Total time for which application threads were stopped: 0,0001749 seconds, Stopping threads took: 0,0000484 seconds
[2019-11-28T17:50:24.098+0100][1477,261s][854][934][info ] Application time: 1,0001094 seconds
[2019-11-28T17:50:24.098+0100][1477,261s][854][934][info ] Entering safepoint region: Cleanup
[2019-11-28T17:50:24.098+0100][1477,261s][854][934][info ] Leaving safepoint region
[2019-11-28T17:50:24.098+0100][1477,261s][854][934][info ] Total time for which application threads were stopped: 0,0001185 seconds, Stopping threads took: 0,0000365 seconds
[2019-11-28T17:50:25.099+0100][1478,262s][854][934][info ] Application time: 1,0001034 seconds
[2019-11-28T17:50:25.099+0100][1478,262s][854][934][info ] Entering safepoint region: Cleanup
[2019-11-28T17:50:25.099+0100][1478,262s][854][934][info ] Leaving safepoint region
[2019-11-28T17:50:25.099+0100][1478,262s][854][934][info ] Total time for which application threads were stopped: 0,0001169 seconds, Stopping threads took: 0,0000280 seconds
[2019-11-28T17:50:26.099+0100][1479,262s][854][934][info ] Application time: 1,0002058 seconds
[2019-11-28T17:50:26.099+0100][1479,262s][854][934][info ] Entering safepoint region: Cleanup
[2019-11-28T17:50:26.099+0100][1479,262s][854][934][info ] Leaving safepoint region
[2019-11-28T17:50:26.099+0100][1479,262s][854][934][info ] Total time for which application threads were stopped: 0,0001656 seconds, Stopping threads took: 0,0000353 seconds
[2019-11-28T17:50:27.099+0100][1480,262s][854][934][info ] Application time: 1,0002276 seconds
[2019-11-28T17:50:27.100+0100][1480,263s][854][934][info ] Entering safepoint region: Cleanup
[2019-11-28T17:50:27.100+0100][1480,263s][854][934][info ] Leaving safepoint region
[2019-11-28T17:50:27.100+0100][1480,263s][854][934][info ] Total time for which application threads were stopped: 0,0005290 seconds, Stopping threads took: 0,0001764 seconds
[2019-11-28T17:50:28.100+0100][1481,263s][854][934][info ] Application time: 1,0001913 seconds
[2019-11-28T17:50:28.101+0100][1481,264s][854][934][info ] Entering safepoint region: Cleanup
[2019-11-28T17:50:28.101+0100][1481,264s][854][934][info ] Leaving safepoint region
[2019-11-28T17:50:28.101+0100][1481,264s][854][934][info ] Total time for which application threads were stopped: 0,0005105 seconds, Stopping threads took: 0,0001505 seconds
[2019-11-28T17:50:29.101+0100][1482,264s][854][934][info ] Application time: 1,0001871 seconds
[2019-11-28T17:50:29.102+0100][1482,265s][854][934][info ] Entering safepoint region: Cleanup
[2019-11-28T17:50:29.102+0100][1482,265s][854][934][info ] Leaving safepoint region
[2019-11-28T17:50:29.102+0100][1482,265s][854][934][info ] Total time for which application threads were stopped: 0,0004925 seconds, Stopping threads took: 0,0001537 seconds
[2019-11-28T17:50:30.102+0100][1483,265s][854][934][info ] Application time: 1,0002011 seconds
[2019-11-28T17:50:30.103+0100][1483,266s][854][934][info ] Entering safepoint region: Cleanup
[2019-11-28T17:50:30.103+0100][1483,266s][854][934][info ] Leaving safepoint region
[2019-11-28T17:50:30.103+0100][1483,266s][854][934][info ] Total time for which application threads were stopped: 0,0005403 seconds, Stopping threads took: 0,0001683 seconds
[2019-11-28T17:50:31.103+0100][1484,266s][854][934][info ] Application time: 1,0001287 seconds
[2019-11-28T17:50:31.103+0100][1484,266s][854][934][info ] Entering safepoint region: Cleanup
[2019-11-28T17:50:31.104+0100][1484,267s][854][934][info ] Leaving safepoint region
[2019-11-28T17:50:31.106+0100][1484,269s][854][934][info ] Total time for which application threads were stopped: 0,0025580 seconds, Stopping threads took: 0,0000506 seconds
[2019-11-28T17:50:31.309+0100][1484,472s][854][933][trace] CMS: promo attempt is safe: available(3673676464) >= av_promo(42009460), max_promo(329266696)
[2019-11-28T17:50:32.106+0100][1485,269s][854][934][info ] Application time: 1,0000956 seconds
[2019-11-28T17:50:32.106+0100][1485,269s][854][934][info ] Entering safepoint region: Cleanup
[2019-11-28T17:50:32.107+0100][1485,270s][854][934][info ] Leaving safepoint region
[2019-11-28T17:50:32.107+0100][1485,270s][854][934][info ] Total time for which application threads were stopped: 0,0004364 seconds, Stopping threads took: 0,0001051 seconds
[2019-11-28T17:50:33.107+0100][1486,270s][854][934][info ] Application time: 1,0001479 seconds
[2019-11-28T17:50:33.107+0100][1486,270s][854][934][info ] Entering safepoint region: Cleanup
[2019-11-28T17:50:33.107+0100][1486,270s][854][934][info ] Leaving safepoint region
[2019-11-28T17:50:33.107+0100][1486,270s][854][934][info ] Total time for which application threads were stopped: 0,0002710 seconds, Stopping threads took: 0,0000617 seconds
[2019-11-28T17:50:34.107+0100][1487,270s][854][934][info ] Application time: 1,0000808 seconds
[2019-11-28T17:50:34.107+0100][1487,270s][854][934][info ] Entering safepoint region: Cleanup
[2019-11-28T17:50:34.108+0100][1487,271s][854][934][info ] Leaving safepoint region
[2019-11-28T17:50:34.108+0100][1487,271s][854][934][info ] Total time for which application threads were stopped: 0,0001701 seconds, Stopping threads took: 0,0000360 seconds
[2019-11-28T17:50:35.108+0100][1488,271s][854][934][info ] Application time: 1,0001189 seconds
[2019-11-28T17:50:35.108+0100][1488,271s][854][934][info ] Entering safepoint region: Cleanup
[2019-11-28T17:50:35.108+0100][1488,271s][854][934][info ] Leaving safepoint region
[2019-11-28T17:50:35.108+0100][1488,271s][854][934][info ] Total time for which application threads were stopped: 0,0002100 seconds, Stopping threads took: 0,0000481 seconds
[2019-11-28T17:50:36.108+0100][1489,271s][854][934][info ] Application time: 1,0001307 seconds
[2019-11-28T17:50:36.108+0100][1489,271s][854][934][info ] Entering safepoint region: Cleanup
[2019-11-28T17:50:36.109+0100][1489,272s][854][934][info ] Leaving safepoint region
[2019-11-28T17:50:36.109+0100][1489,272s][854][934][info ] Total time for which application threads were stopped: 0,0003239 seconds, Stopping threads took: 0,0001045 seconds
[2019-11-28T17:50:37.109+0100][1490,272s][854][934][info ] Application time: 1,0000831 seconds
[2019-11-28T17:50:37.109+0100][1490,272s][854][934][info ] Entering safepoint region: Cleanup
[2019-11-28T17:50:37.109+0100][1490,272s][854][934][info ] Leaving safepoint region
[2019-11-28T17:50:37.109+0100][1490,272s][854][934][info ] Total time for which application threads were stopped: 0,0001511 seconds, Stopping threads took: 0,0000454 seconds
[2019-11-28T17:50:38.109+0100][1491,272s][854][934][info ] Application time: 1,0001751 seconds
[2019-11-28T17:50:38.110+0100][1491,272s][854][934][info ] Entering safepoint region: Cleanup
[2019-11-28T17:50:38.110+0100][1491,273s][854][934][info ] Leaving safepoint region
[2019-11-28T17:50:38.110+0100][1491,273s][854][934][info ] Total time for which application threads were stopped: 0,0005601 seconds, Stopping threads took: 0,0001835 seconds
[2019-11-28T17:50:39.110+0100][1492,273s][854][934][info ] Application time: 1,0001935 seconds
[2019-11-28T17:50:39.111+0100][1492,274s][854][934][info ] Entering safepoint region: Cleanup
[2019-11-28T17:50:39.111+0100][1492,274s][854][934][info ] Leaving safepoint region
[2019-11-28T17:50:39.111+0100][1492,274s][854][934][info ] Total time for which application threads were stopped: 0,0005497 seconds, Stopping threads took: 0,0001731 seconds
[2019-11-28T17:50:40.111+0100][1493,274s][854][934][info ] Application time: 1,0001332 seconds
[2019-11-28T17:50:40.112+0100][1493,274s][854][934][info ] Entering safepoint region: Cleanup
[2019-11-28T17:50:40.112+0100][1493,275s][854][934][info ] Leaving safepoint region
[2019-11-28T17:50:40.112+0100][1493,275s][854][934][info ] Total time for which application threads were stopped: 0,0009734 seconds, Stopping threads took: 0,0003251 seconds
[2019-11-28T17:50:41.113+0100][1494,276s][854][934][info ] Application time: 1,0002249 seconds
[2019-11-28T17:50:41.113+0100][1494,276s][854][934][info ] Entering safepoint region: Cleanup
[2019-11-28T17:50:41.113+0100][1494,276s][854][934][info ] Leaving safepoint region
[2019-11-28T17:50:41.114+0100][1494,277s][854][934][info ] Total time for which application threads were stopped: 0,0005625 seconds, Stopping threads took: 0,0001855 seconds
[2019-11-28T17:50:41.309+0100][1494,472s][854][933][trace] CMS: promo attempt is safe: available(3673676464) >= av_promo(42009460), max_promo(332352904)
[2019-11-28T17:50:42.114+0100][1495,277s][854][934][info ] Application time: 1,0001491 seconds
[2019-11-28T17:50:42.114+0100][1495,277s][854][934][info ] Entering safepoint region: Cleanup
[2019-11-28T17:50:42.114+0100][1495,277s][854][934][info ] Leaving safepoint region
[2019-11-28T17:50:42.115+0100][1495,278s][854][934][info ] Total time for which application threads were stopped: 0,0005066 seconds, Stopping threads took: 0,0001433 seconds
[2019-11-28T17:50:43.115+0100][1496,278s][854][934][info ] Application time: 1,0003030 seconds
[2019-11-28T17:50:43.115+0100][1496,278s][854][934][info ] Entering safepoint region: Cleanup
[2019-11-28T17:50:43.116+0100][1496,279s][854][934][info ] Leaving safepoint region
[2019-11-28T17:50:43.116+0100][1496,279s][854][934][info ] Total time for which application threads were stopped: 0,0006128 seconds, Stopping threads took: 0,0001149 seconds
[2019-11-28T17:50:44.116+0100][1497,279s][854][934][info ] Application time: 1,0001222 seconds
[2019-11-28T17:50:44.116+0100][1497,279s][854][934][info ] Entering safepoint region: Cleanup
[2019-11-28T17:50:44.117+0100][1497,280s][854][934][info ] Leaving safepoint region
[2019-11-28T17:50:44.117+0100][1497,280s][854][934][info ] Total time for which application threads were stopped: 0,0006282 seconds, Stopping threads took: 0,0002350 seconds
[2019-11-28T17:50:45.117+0100][1498,280s][854][934][info ] Application time: 1,0001921 seconds
[2019-11-28T17:50:45.117+0100][1498,280s][854][934][info ] Entering safepoint region: Cleanup
[2019-11-28T17:50:45.118+0100][1498,281s][854][934][info ] Leaving safepoint region
[2019-11-28T17:50:45.118+0100][1498,281s][854][934][info ] Total time for which application threads were stopped: 0,0006996 seconds, Stopping threads took: 0,0001387 seconds
[2019-11-28T17:50:46.118+0100][1499,281s][854][934][info ] Application time: 1,0001855 seconds
[2019-11-28T17:50:46.118+0100][1499,281s][854][934][info ] Entering safepoint region: Cleanup
[2019-11-28T17:50:46.119+0100][1499,282s][854][934][info ] Leaving safepoint region
[2019-11-28T17:50:46.119+0100][1499,282s][854][934][info ] Total time for which application threads were stopped: 0,0004783 seconds, Stopping threads took: 0,0001180 seconds
[2019-11-28T17:50:47.119+0100][1500,282s][854][934][info ] Application time: 1,0000960 seconds
[2019-11-28T17:50:47.119+0100][1500,282s][854][934][info ] Entering safepoint region: Cleanup
[2019-11-28T17:50:47.119+0100][1500,282s][854][934][info ] Leaving safepoint region
[2019-11-28T17:50:47.119+0100][1500,282s][854][934][info ] Total time for which application threads were stopped: 0,0001377 seconds, Stopping threads took: 0,0000352 seconds
[2019-11-28T17:50:48.119+0100][1501,282s][854][934][info ] Application time: 1,0001099 seconds
[2019-11-28T17:50:48.120+0100][1501,283s][854][934][info ] Entering safepoint region: Cleanup
[2019-11-28T17:50:48.120+0100][1501,283s][854][934][info ] Leaving safepoint region
[2019-11-28T17:50:48.120+0100][1501,283s][854][934][info ] Total time for which application threads were stopped: 0,0004945 seconds, Stopping threads took: 0,0000852 seconds
[2019-11-28T17:50:49.120+0100][1502,283s][854][934][info ] Application time: 1,0002576 seconds
[2019-11-28T17:50:49.121+0100][1502,284s][854][934][info ] Entering safepoint region: Cleanup
[2019-11-28T17:50:49.121+0100][1502,284s][854][934][info ] Leaving safepoint region
[2019-11-28T17:50:49.121+0100][1502,284s][854][934][info ] Total time for which application threads were stopped: 0,0005976 seconds, Stopping threads took: 0,0001337 seconds
[2019-11-28T17:50:50.121+0100][1503,284s][854][934][info ] Application time: 1,0001737 seconds
[2019-11-28T17:50:50.122+0100][1503,285s][854][934][info ] Entering safepoint region: Cleanup
[2019-11-28T17:50:50.122+0100][1503,285s][854][934][info ] Leaving safepoint region
[2019-11-28T17:50:50.122+0100][1503,285s][854][934][info ] Total time for which application threads were stopped: 0,0003569 seconds, Stopping threads took: 0,0000838 seconds
[2019-11-28T17:50:51.122+0100][1504,285s][854][934][info ] Application time: 1,0001183 seconds
[2019-11-28T17:50:51.122+0100][1504,285s][854][934][info ] Entering safepoint region: Cleanup
[2019-11-28T17:50:51.122+0100][1504,285s][854][934][info ] Leaving safepoint region
[2019-11-28T17:50:51.122+0100][1504,285s][854][934][info ] Total time for which application threads were stopped: 0,0001372 seconds, Stopping threads took: 0,0000368 seconds
[2019-11-28T17:50:51.308+0100][1504,471s][854][933][trace] CMS: promo attempt is safe: available(3673676464) >= av_promo(42009460), max_promo(335690520)
[2019-11-28T17:50:52.122+0100][1505,285s][854][934][info ] Application time: 1,0001412 seconds
[2019-11-28T17:50:52.123+0100][1505,286s][854][934][info ] Entering safepoint region: Cleanup
[2019-11-28T17:50:52.123+0100][1505,286s][854][934][info ] Leaving safepoint region
[2019-11-28T17:50:52.123+0100][1505,286s][854][934][info ] Total time for which application threads were stopped: 0,0003686 seconds, Stopping threads took: 0,0001016 seconds
[2019-11-28T17:50:53.123+0100][1506,286s][854][934][info ] Application time: 1,0001430 seconds
[2019-11-28T17:50:53.123+0100][1506,286s][854][934][info ] Entering safepoint region: Cleanup
[2019-11-28T17:50:53.123+0100][1506,286s][854][934][info ] Leaving safepoint region
[2019-11-28T17:50:53.123+0100][1506,286s][854][934][info ] Total time for which application threads were stopped: 0,0001371 seconds, Stopping threads took: 0,0000283 seconds
[2019-11-28T17:50:54.123+0100][1507,286s][854][934][info ] Application time: 1,0000754 seconds
[2019-11-28T17:50:54.123+0100][1507,286s][854][934][info ] Entering safepoint region: Cleanup
[2019-11-28T17:50:54.124+0100][1507,287s][854][934][info ] Leaving safepoint region
[2019-11-28T17:50:54.124+0100][1507,287s][854][934][info ] Total time for which application threads were stopped: 0,0001444 seconds, Stopping threads took: 0,0000384 seconds
[2019-11-28T17:50:55.124+0100][1508,287s][854][934][info ] Application time: 1,0000784 seconds
[2019-11-28T17:50:55.124+0100][1508,287s][854][934][info ] Entering safepoint region: Cleanup
[2019-11-28T17:50:55.124+0100][1508,287s][854][934][info ] Leaving safepoint region
[2019-11-28T17:50:55.124+0100][1508,287s][854][934][info ] Total time for which application threads were stopped: 0,0001426 seconds, Stopping threads took: 0,0000365 seconds
[2019-11-28T17:50:56.124+0100][1509,287s][854][934][info ] Application time: 1,0000979 seconds
[2019-11-28T17:50:56.124+0100][1509,287s][854][934][info ] Entering safepoint region: Cleanup
[2019-11-28T17:50:56.125+0100][1509,287s][854][934][info ] Leaving safepoint region
[2019-11-28T17:50:56.125+0100][1509,288s][854][934][info ] Total time for which application threads were stopped: 0,0003706 seconds, Stopping threads took: 0,0001211 seconds
[2019-11-28T17:50:57.125+0100][1510,288s][854][934][info ] Application time: 1,0001047 seconds
[2019-11-28T17:50:57.125+0100][1510,288s][854][934][info ] Entering safepoint region: Cleanup
[2019-11-28T17:50:57.125+0100][1510,288s][854][934][info ] Leaving safepoint region
[2019-11-28T17:50:57.125+0100][1510,288s][854][934][info ] Total time for which application threads were stopped: 0,0003544 seconds, Stopping threads took: 0,0001026 seconds
[2019-11-28T17:50:58.125+0100][1511,288s][854][934][info ] Application time: 1,0001018 seconds
[2019-11-28T17:50:58.126+0100][1511,288s][854][934][info ] Entering safepoint region: Cleanup
[2019-11-28T17:50:58.126+0100][1511,289s][854][934][info ] Leaving safepoint region
[2019-11-28T17:50:58.126+0100][1511,289s][854][934][info ] Total time for which application threads were stopped: 0,0001433 seconds, Stopping threads took: 0,0000370 seconds
[2019-11-28T17:50:59.126+0100][1512,289s][854][934][info ] Application time: 1,0000912 seconds
[2019-11-28T17:50:59.126+0100][1512,289s][854][934][info ] Entering safepoint region: Cleanup
[2019-11-28T17:50:59.126+0100][1512,289s][854][934][info ] Leaving safepoint region
[2019-11-28T17:50:59.126+0100][1512,289s][854][934][info ] Total time for which application threads were stopped: 0,0003691 seconds, Stopping threads took: 0,0001044 seconds
[2019-11-28T17:51:00.127+0100][1513,289s][854][934][info ] Application time: 1,0001646 seconds
[2019-11-28T17:51:00.127+0100][1513,290s][854][934][info ] Entering safepoint region: Cleanup
[2019-11-28T17:51:00.127+0100][1513,290s][854][934][info ] Leaving safepoint region
[2019-11-28T17:51:00.127+0100][1513,290s][854][934][info ] Total time for which application threads were stopped: 0,0003343 seconds, Stopping threads took: 0,0000903 seconds
[2019-11-28T17:51:01.127+0100][1514,290s][854][934][info ] Application time: 1,0000992 seconds
[2019-11-28T17:51:01.127+0100][1514,290s][854][934][info ] Entering safepoint region: Cleanup
[2019-11-28T17:51:01.127+0100][1514,290s][854][934][info ] Leaving safepoint region
[2019-11-28T17:51:01.128+0100][1514,290s][854][934][info ] Total time for which application threads were stopped: 0,0002529 seconds, Stopping threads took: 0,0000663 seconds
[2019-11-28T17:51:01.308+0100][1514,471s][854][933][trace] CMS: promo attempt is safe: available(3673676464) >= av_promo(42009460), max_promo(338177320)
[2019-11-28T17:51:02.128+0100][1515,291s][854][934][info ] Application time: 1,0001717 seconds
[2019-11-28T17:51:02.128+0100][1515,291s][854][934][info ] Entering safepoint region: Cleanup
[2019-11-28T17:51:02.128+0100][1515,291s][854][934][info ] Leaving safepoint region
[2019-11-28T17:51:02.128+0100][1515,291s][854][934][info ] Total time for which application threads were stopped: 0,0004915 seconds, Stopping threads took: 0,0001586 seconds
[2019-11-28T17:51:03.129+0100][1516,292s][854][934][info ] Application time: 1,0002245 seconds
[2019-11-28T17:51:03.129+0100][1516,292s][854][934][info ] Entering safepoint region: Cleanup
[2019-11-28T17:51:03.129+0100][1516,292s][854][934][info ] Leaving safepoint region
[2019-11-28T17:51:03.129+0100][1516,292s][854][934][info ] Total time for which application threads were stopped: 0,0001759 seconds, Stopping threads took: 0,0000524 seconds
[2019-11-28T17:51:04.129+0100][1517,292s][854][934][info ] Application time: 1,0001089 seconds
[2019-11-28T17:51:04.129+0100][1517,292s][854][934][info ] Entering safepoint region: Cleanup
[2019-11-28T17:51:04.129+0100][1517,292s][854][934][info ] Leaving safepoint region
[2019-11-28T17:51:04.129+0100][1517,292s][854][934][info ] Total time for which application threads were stopped: 0,0001127 seconds, Stopping threads took: 0,0000359 seconds
[2019-11-28T17:51:05.129+0100][1518,292s][854][934][info ] Application time: 1,0001283 seconds
[2019-11-28T17:51:05.130+0100][1518,293s][854][934][info ] Entering safepoint region: Cleanup
[2019-11-28T17:51:05.130+0100][1518,293s][854][934][info ] Leaving safepoint region
[2019-11-28T17:51:05.130+0100][1518,293s][854][934][info ] Total time for which application threads were stopped: 0,0003911 seconds, Stopping threads took: 0,0000974 seconds
[2019-11-28T17:51:06.130+0100][1519,293s][854][934][info ] Application time: 1,0000846 seconds
[2019-11-28T17:51:06.130+0100][1519,293s][854][934][info ] Entering safepoint region: Cleanup
[2019-11-28T17:51:06.130+0100][1519,293s][854][934][info ] Leaving safepoint region
[2019-11-28T17:51:06.130+0100][1519,293s][854][934][info ] Total time for which application threads were stopped: 0,0001502 seconds, Stopping threads took: 0,0000366 seconds
[2019-11-28T17:51:07.130+0100][1520,293s][854][934][info ] Application time: 1,0000774 seconds
[2019-11-28T17:51:07.130+0100][1520,293s][854][934][info ] Entering safepoint region: Cleanup
[2019-11-28T17:51:07.131+0100][1520,294s][854][934][info ] Leaving safepoint region
[2019-11-28T17:51:07.131+0100][1520,294s][854][934][info ] Total time for which application threads were stopped: 0,0001946 seconds, Stopping threads took: 0,0000439 seconds
[2019-11-28T17:51:08.131+0100][1521,294s][854][934][info ] Application time: 1,0001776 seconds
[2019-11-28T17:51:08.131+0100][1521,294s][854][934][info ] Entering safepoint region: Cleanup
[2019-11-28T17:51:08.131+0100][1521,294s][854][934][info ] Leaving safepoint region
[2019-11-28T17:51:08.132+0100][1521,295s][854][934][info ] Total time for which application threads were stopped: 0,0004732 seconds, Stopping threads took: 0,0001215 seconds
[2019-11-28T17:51:09.132+0100][1522,295s][854][934][info ] Application time: 1,0002403 seconds
[2019-11-28T17:51:09.132+0100][1522,295s][854][934][info ] Entering safepoint region: Cleanup
[2019-11-28T17:51:09.132+0100][1522,295s][854][934][info ] Leaving safepoint region
[2019-11-28T17:51:09.132+0100][1522,295s][854][934][info ] Total time for which application threads were stopped: 0,0001558 seconds, Stopping threads took: 0,0000405 seconds
[2019-11-28T17:51:10.132+0100][1523,295s][854][934][info ] Application time: 1,0001164 seconds
[2019-11-28T17:51:10.133+0100][1523,296s][854][934][info ] Entering safepoint region: Cleanup
[2019-11-28T17:51:10.133+0100][1523,296s][854][934][info ] Leaving safepoint region
[2019-11-28T17:51:10.133+0100][1523,296s][854][934][info ] Total time for which application threads were stopped: 0,0007122 seconds, Stopping threads took: 0,0002108 seconds
[2019-11-28T17:51:11.134+0100][1524,297s][854][934][info ] Application time: 1,0001913 seconds
[2019-11-28T17:51:11.140+0100][1524,303s][854][934][info ] Entering safepoint region: Cleanup
[2019-11-28T17:51:11.141+0100][1524,304s][854][934][info ] Leaving safepoint region
[2019-11-28T17:51:11.141+0100][1524,304s][854][934][info ] Total time for which application threads were stopped: 0,0007328 seconds, Stopping threads took: 0,0002797 seconds
[2019-11-28T17:51:11.307+0100][1524,470s][854][933][trace] CMS: promo attempt is safe: available(3673676464) >= av_promo(42009460), max_promo(341434680)
[2019-11-28T17:51:12.141+0100][1525,304s][854][934][info ] Application time: 1,0001111 seconds
[2019-11-28T17:51:12.141+0100][1525,304s][854][934][info ] Entering safepoint region: Cleanup
[2019-11-28T17:51:12.141+0100][1525,304s][854][934][info ] Leaving safepoint region
[2019-11-28T17:51:12.141+0100][1525,304s][854][934][info ] Total time for which application threads were stopped: 0,0002128 seconds, Stopping threads took: 0,0000584 seconds
[2019-11-28T17:51:13.141+0100][1526,304s][854][934][info ] Application time: 1,0001383 seconds
[2019-11-28T17:51:13.142+0100][1526,305s][854][934][info ] Entering safepoint region: Cleanup
[2019-11-28T17:51:13.142+0100][1526,305s][854][934][info ] Leaving safepoint region
[2019-11-28T17:51:13.142+0100][1526,305s][854][934][info ] Total time for which application threads were stopped: 0,0005198 seconds, Stopping threads took: 0,0001368 seconds
[2019-11-28T17:51:14.143+0100][1527,306s][854][934][info ] Application time: 1,0002068 seconds
[2019-11-28T17:51:14.143+0100][1527,306s][854][934][info ] Entering safepoint region: Cleanup
[2019-11-28T17:51:14.143+0100][1527,306s][854][934][info ] Leaving safepoint region
[2019-11-28T17:51:14.143+0100][1527,306s][854][934][info ] Total time for which application threads were stopped: 0,0005651 seconds, Stopping threads took: 0,0001527 seconds
[2019-11-28T17:51:15.143+0100][1528,306s][854][934][info ] Application time: 1,0000885 seconds
[2019-11-28T17:51:15.144+0100][1528,306s][854][934][info ] Entering safepoint region: Cleanup
[2019-11-28T17:51:15.144+0100][1528,307s][854][934][info ] Leaving safepoint region
[2019-11-28T17:51:15.144+0100][1528,307s][854][934][info ] Total time for which application threads were stopped: 0,0001769 seconds, Stopping threads took: 0,0000400 seconds
[2019-11-28T17:51:16.144+0100][1529,307s][854][934][info ] Application time: 1,0001070 seconds
[2019-11-28T17:51:16.144+0100][1529,307s][854][934][info ] Entering safepoint region: Cleanup
[2019-11-28T17:51:16.145+0100][1529,308s][854][934][info ] Leaving safepoint region
[2019-11-28T17:51:16.145+0100][1529,308s][854][934][info ] Total time for which application threads were stopped: 0,0007683 seconds, Stopping threads took: 0,0002081 seconds
[2019-11-28T17:51:17.145+0100][1530,308s][854][934][info ] Application time: 1,0001268 seconds
[2019-11-28T17:51:17.145+0100][1530,308s][854][934][info ] Entering safepoint region: Cleanup
[2019-11-28T17:51:17.146+0100][1530,309s][854][934][info ] Leaving safepoint region
[2019-11-28T17:51:17.146+0100][1530,309s][854][934][info ] Total time for which application threads were stopped: 0,0003987 seconds, Stopping threads took: 0,0001044 seconds
[2019-11-28T17:51:18.146+0100][1531,309s][854][934][info ] Application time: 1,0001645 seconds
[2019-11-28T17:51:18.146+0100][1531,309s][854][934][info ] Entering safepoint region: Cleanup
[2019-11-28T17:51:18.147+0100][1531,310s][854][934][info ] Leaving safepoint region
[2019-11-28T17:51:18.147+0100][1531,310s][854][934][info ] Total time for which application threads were stopped: 0,0006412 seconds, Stopping threads took: 0,0001891 seconds
[2019-11-28T17:51:19.147+0100][1532,310s][854][934][info ] Application time: 1,0001715 seconds
[2019-11-28T17:51:19.147+0100][1532,310s][854][934][info ] Entering safepoint region: Cleanup
[2019-11-28T17:51:19.148+0100][1532,311s][854][934][info ] Leaving safepoint region
[2019-11-28T17:51:19.148+0100][1532,311s][854][934][info ] Total time for which application threads were stopped: 0,0006100 seconds, Stopping threads took: 0,0001269 seconds
[2019-11-28T17:51:20.148+0100][1533,311s][854][934][info ] Application time: 1,0001868 seconds
[2019-11-28T17:51:20.148+0100][1533,311s][854][934][info ] Entering safepoint region: Cleanup
[2019-11-28T17:51:20.149+0100][1533,312s][854][934][info ] Leaving safepoint region
[2019-11-28T17:51:20.149+0100][1533,312s][854][934][info ] Total time for which application threads were stopped: 0,0005427 seconds, Stopping threads took: 0,0001711 seconds
[2019-11-28T17:51:21.149+0100][1534,312s][854][934][info ] Application time: 1,0001714 seconds
[2019-11-28T17:51:21.149+0100][1534,312s][854][934][info ] Entering safepoint region: Cleanup
[2019-11-28T17:51:21.149+0100][1534,312s][854][934][info ] Leaving safepoint region
[2019-11-28T17:51:21.149+0100][1534,312s][854][934][info ] Total time for which application threads were stopped: 0,0001486 seconds, Stopping threads took: 0,0000531 seconds
[2019-11-28T17:51:21.307+0100][1534,470s][854][933][trace] CMS: promo attempt is safe: available(3673676464) >= av_promo(42009460), max_promo(344520888)
[2019-11-28T17:51:22.150+0100][1535,313s][854][934][info ] Application time: 1,0000909 seconds
[2019-11-28T17:51:22.150+0100][1535,313s][854][934][info ] Entering safepoint region: Cleanup
[2019-11-28T17:51:22.150+0100][1535,313s][854][934][info ] Leaving safepoint region
[2019-11-28T17:51:22.150+0100][1535,313s][854][934][info ] Total time for which application threads were stopped: 0,0005479 seconds, Stopping threads took: 0,0001739 seconds
[2019-11-28T17:51:23.151+0100][1536,314s][854][934][info ] Application time: 1,0002273 seconds
[2019-11-28T17:51:23.151+0100][1536,314s][854][934][info ] Entering safepoint region: Cleanup
[2019-11-28T17:51:23.151+0100][1536,314s][854][934][info ] Leaving safepoint region
[2019-11-28T17:51:23.151+0100][1536,314s][854][934][info ] Total time for which application threads were stopped: 0,0005483 seconds, Stopping threads took: 0,0001237 seconds
[2019-11-28T17:51:24.152+0100][1537,314s][854][934][info ] Application time: 1,0001577 seconds
[2019-11-28T17:51:24.152+0100][1537,315s][854][934][info ] Entering safepoint region: Cleanup
[2019-11-28T17:51:24.152+0100][1537,315s][854][934][info ] Leaving safepoint region
[2019-11-28T17:51:24.152+0100][1537,315s][854][934][info ] Total time for which application threads were stopped: 0,0001427 seconds, Stopping threads took: 0,0000259 seconds
[2019-11-28T17:51:25.152+0100][1538,315s][854][934][info ] Application time: 1,0001406 seconds
[2019-11-28T17:51:25.152+0100][1538,315s][854][934][info ] Entering safepoint region: Cleanup
[2019-11-28T17:51:25.152+0100][1538,315s][854][934][info ] Leaving safepoint region
[2019-11-28T17:51:25.152+0100][1538,315s][854][934][info ] Total time for which application threads were stopped: 0,0003109 seconds, Stopping threads took: 0,0000746 seconds
[2019-11-28T17:51:26.152+0100][1539,315s][854][934][info ] Application time: 1,0001408 seconds
[2019-11-28T17:51:26.153+0100][1539,316s][854][934][info ] Entering safepoint region: Cleanup
[2019-11-28T17:51:26.153+0100][1539,316s][854][934][info ] Leaving safepoint region
[2019-11-28T17:51:26.153+0100][1539,316s][854][934][info ] Total time for which application threads were stopped: 0,0003284 seconds, Stopping threads took: 0,0000747 seconds
[2019-11-28T17:51:27.153+0100][1540,316s][854][934][info ] Application time: 1,0001627 seconds
[2019-11-28T17:51:27.153+0100][1540,316s][854][934][info ] Entering safepoint region: Cleanup
[2019-11-28T17:51:27.154+0100][1540,317s][854][934][info ] Leaving safepoint region
[2019-11-28T17:51:27.154+0100][1540,317s][854][934][info ] Total time for which application threads were stopped: 0,0004512 seconds, Stopping threads took: 0,0001027 seconds
[2019-11-28T17:51:28.154+0100][1541,317s][854][934][info ] Application time: 1,0000952 seconds
[2019-11-28T17:51:28.154+0100][1541,317s][854][934][info ] Entering safepoint region: Cleanup
[2019-11-28T17:51:28.154+0100][1541,317s][854][934][info ] Leaving safepoint region
[2019-11-28T17:51:28.154+0100][1541,317s][854][934][info ] Total time for which application threads were stopped: 0,0001470 seconds, Stopping threads took: 0,0000371 seconds
[2019-11-28T17:51:29.154+0100][1542,317s][854][934][info ] Application time: 1,0001052 seconds
[2019-11-28T17:51:29.154+0100][1542,317s][854][934][info ] Entering safepoint region: Cleanup
[2019-11-28T17:51:29.154+0100][1542,317s][854][934][info ] Leaving safepoint region
[2019-11-28T17:51:29.154+0100][1542,317s][854][934][info ] Total time for which application threads were stopped: 0,0001148 seconds, Stopping threads took: 0,0000286 seconds
[2019-11-28T17:51:30.155+0100][1543,318s][854][934][info ] Application time: 1,0001267 seconds
[2019-11-28T17:51:30.155+0100][1543,318s][854][934][info ] Entering safepoint region: Cleanup
[2019-11-28T17:51:30.155+0100][1543,318s][854][934][info ] Leaving safepoint region
[2019-11-28T17:51:30.155+0100][1543,318s][854][934][info ] Total time for which application threads were stopped: 0,0005340 seconds, Stopping threads took: 0,0001170 seconds
[2019-11-28T17:51:31.156+0100][1544,319s][854][934][info ] Application time: 1,0003682 seconds
[2019-11-28T17:51:31.156+0100][1544,319s][854][934][info ] Entering safepoint region: Cleanup
[2019-11-28T17:51:31.156+0100][1544,319s][854][934][info ] Leaving safepoint region
[2019-11-28T17:51:31.157+0100][1544,320s][854][934][info ] Total time for which application threads were stopped: 0,0005828 seconds, Stopping threads took: 0,0001905 seconds
[2019-11-28T17:51:31.307+0100][1544,470s][854][933][trace] CMS: promo attempt is safe: available(3673676464) >= av_promo(42009460), max_promo(347607096)
[2019-11-28T17:51:32.157+0100][1545,320s][854][934][info ] Application time: 1,0001988 seconds
[2019-11-28T17:51:32.157+0100][1545,320s][854][934][info ] Entering safepoint region: Cleanup
[2019-11-28T17:51:32.157+0100][1545,320s][854][934][info ] Leaving safepoint region
[2019-11-28T17:51:32.157+0100][1545,320s][854][934][info ] Total time for which application threads were stopped: 0,0004762 seconds, Stopping threads took: 0,0001129 seconds
[2019-11-28T17:51:33.158+0100][1546,321s][854][934][info ] Application time: 1,0000787 seconds
[2019-11-28T17:51:33.158+0100][1546,321s][854][934][info ] Entering safepoint region: Cleanup
[2019-11-28T17:51:33.158+0100][1546,321s][854][934][info ] Leaving safepoint region
[2019-11-28T17:51:33.158+0100][1546,321s][854][934][info ] Total time for which application threads were stopped: 0,0001317 seconds, Stopping threads took: 0,0000382 seconds
[2019-11-28T17:51:34.158+0100][1547,321s][854][934][info ] Application time: 1,0001994 seconds
[2019-11-28T17:51:34.158+0100][1547,321s][854][934][info ] Entering safepoint region: Cleanup
[2019-11-28T17:51:34.159+0100][1547,322s][854][934][info ] Leaving safepoint region
[2019-11-28T17:51:34.159+0100][1547,322s][854][934][info ] Total time for which application threads were stopped: 0,0006348 seconds, Stopping threads took: 0,0002110 seconds
[2019-11-28T17:51:35.159+0100][1548,322s][854][934][info ] Application time: 1,0002846 seconds
[2019-11-28T17:51:35.159+0100][1548,322s][854][934][info ] Entering safepoint region: Cleanup
[2019-11-28T17:51:35.160+0100][1548,323s][854][934][info ] Leaving safepoint region
[2019-11-28T17:51:35.160+0100][1548,323s][854][934][info ] Total time for which application threads were stopped: 0,0007557 seconds, Stopping threads took: 0,0001197 seconds
[2019-11-28T17:51:35.283+0100][1548,446s][854][934][info ] Application time: 0,1226810 seconds
[2019-11-28T17:51:35.283+0100][1548,446s][854][934][info ] Entering safepoint region: GenCollectForAllocation
[2019-11-28T17:51:35.284+0100][1548,447s][854][934][debug] GC(4) Heap before GC invocations=3 (full 1): par new generation   total 368640K, used 350000K [0x0000000709800000, 0x0000000722800000, 0x0000000722800000)
[2019-11-28T17:51:35.284+0100][1548,447s][854][934][debug] GC(4)   eden space 327680K, 100% used [0x0000000709800000, 0x000000071d800000, 0x000000071d800000)
[2019-11-28T17:51:35.284+0100][1548,447s][854][934][debug] GC(4)   from space 40960K,  54% used [0x0000000720000000, 0x00000007215cc320, 0x0000000722800000)
[2019-11-28T17:51:35.284+0100][1548,447s][854][934][debug] GC(4)   to   space 40960K,   0% used [0x000000071d800000, 0x000000071d800000, 0x0000000720000000)
[2019-11-28T17:51:35.284+0100][1548,447s][854][934][debug] GC(4)  concurrent mark-sweep generation total 3629056K, used 41481K [0x0000000722800000, 0x0000000800000000, 0x0000000800000000)
[2019-11-28T17:51:35.284+0100][1548,447s][854][934][debug] GC(4)  Metaspace       used 42595K, capacity 44201K, committed 44404K, reserved 1087488K
[2019-11-28T17:51:35.284+0100][1548,447s][854][934][debug] GC(4)   class space    used 5819K, capacity 6518K, committed 6572K, reserved 1048576K
[2019-11-28T17:51:35.285+0100][1548,448s][854][934][trace] CMS: promo attempt is safe: available(3673676464) >= av_promo(42009460), max_promo(358400800)
[2019-11-28T17:51:35.327+0100][1548,490s][854][934][debug] GC(4) Desired survivor size 20971520 bytes, new threshold 1 (max threshold 1)
[2019-11-28T17:51:35.327+0100][1548,490s][854][934][info ] GC(4) ParNew: 350000K->6756K(368640K)
[2019-11-28T17:51:35.327+0100][1548,490s][854][934][info ] GC(4) CMS: 41481K->44999K(3629056K)
[2019-11-28T17:51:35.327+0100][1548,490s][854][934][info ] GC(4) Pause Young (Allocation Failure) 382M->50M(3904M) 42,948ms
[2019-11-28T17:51:35.327+0100][1548,490s][854][934][debug] GC(4) Heap after GC invocations=4 (full 1): par new generation   total 368640K, used 6756K [0x0000000709800000, 0x0000000722800000, 0x0000000722800000)
[2019-11-28T17:51:35.327+0100][1548,490s][854][934][debug] GC(4)   eden space 327680K,   0% used [0x0000000709800000, 0x0000000709800000, 0x000000071d800000)
[2019-11-28T17:51:35.327+0100][1548,490s][854][934][debug] GC(4)   from space 40960K,  16% used [0x000000071d800000, 0x000000071de991a0, 0x0000000720000000)
[2019-11-28T17:51:35.328+0100][1548,490s][854][934][debug] GC(4)   to   space 40960K,   0% used [0x0000000720000000, 0x0000000720000000, 0x0000000722800000)
[2019-11-28T17:51:35.328+0100][1548,490s][854][934][debug] GC(4)  concurrent mark-sweep generation total 3629056K, used 44999K [0x0000000722800000, 0x0000000800000000, 0x0000000800000000)
[2019-11-28T17:51:35.328+0100][1548,491s][854][934][debug] GC(4)  Metaspace       used 42595K, capacity 44201K, committed 44404K, reserved 1087488K
[2019-11-28T17:51:35.328+0100][1548,491s][854][934][debug] GC(4)   class space    used 5819K, capacity 6518K, committed 6572K, reserved 1048576K
[2019-11-28T17:51:35.328+0100][1548,491s][854][934][info ] Leaving safepoint region
[2019-11-28T17:51:35.328+0100][1548,491s][854][934][info ] Total time for which application threads were stopped: 0,0444926 seconds, Stopping threads took: 0,0001755 seconds
[2019-11-28T17:51:35.328+0100][1548,491s][854][933][trace] CMS: promo attempt is safe: available(3670073704) >= av_promo(33954128), max_promo(8338320)
[2019-11-28T17:51:36.328+0100][1549,491s][854][934][info ] Application time: 1,0002095 seconds
[2019-11-28T17:51:36.328+0100][1549,491s][854][934][info ] Entering safepoint region: Cleanup
[2019-11-28T17:51:36.328+0100][1549,491s][854][934][info ] Leaving safepoint region
[2019-11-28T17:51:36.329+0100][1549,492s][854][934][info ] Total time for which application threads were stopped: 0,0004966 seconds, Stopping threads took: 0,0001526 seconds
[2019-11-28T17:51:37.329+0100][1550,492s][854][934][info ] Application time: 1,0001319 seconds
[2019-11-28T17:51:37.329+0100][1550,492s][854][934][info ] Entering safepoint region: Cleanup
[2019-11-28T17:51:37.330+0100][1550,493s][854][934][info ] Leaving safepoint region
[2019-11-28T17:51:37.330+0100][1550,493s][854][934][info ] Total time for which application threads were stopped: 0,0006073 seconds, Stopping threads took: 0,0001674 seconds
[2019-11-28T17:51:38.330+0100][1551,493s][854][934][info ] Application time: 1,0003059 seconds
[2019-11-28T17:51:38.330+0100][1551,493s][854][934][info ] Entering safepoint region: Cleanup
[2019-11-28T17:51:38.331+0100][1551,494s][854][934][info ] Leaving safepoint region
[2019-11-28T17:51:38.331+0100][1551,494s][854][934][info ] Total time for which application threads were stopped: 0,0006065 seconds, Stopping threads took: 0,0001307 seconds
[2019-11-28T17:51:39.331+0100][1552,494s][854][934][info ] Application time: 1,0001979 seconds
[2019-11-28T17:51:39.331+0100][1552,494s][854][934][info ] Entering safepoint region: Cleanup
[2019-11-28T17:51:39.332+0100][1552,495s][854][934][info ] Leaving safepoint region
[2019-11-28T17:51:39.332+0100][1552,495s][854][934][info ] Total time for which application threads were stopped: 0,0002508 seconds, Stopping threads took: 0,0000525 seconds
[2019-11-28T17:51:40.332+0100][1553,495s][854][934][info ] Application time: 1,0000806 seconds
[2019-11-28T17:51:40.332+0100][1553,495s][854][934][info ] Entering safepoint region: Cleanup
[2019-11-28T17:51:40.332+0100][1553,495s][854][934][info ] Leaving safepoint region
[2019-11-28T17:51:40.332+0100][1553,495s][854][934][info ] Total time for which application threads were stopped: 0,0001463 seconds, Stopping threads took: 0,0000342 seconds
[2019-11-28T17:51:41.332+0100][1554,495s][854][934][info ] Application time: 1,0000691 seconds
[2019-11-28T17:51:41.332+0100][1554,495s][854][934][info ] Entering safepoint region: Cleanup
[2019-11-28T17:51:41.332+0100][1554,495s][854][934][info ] Leaving safepoint region
[2019-11-28T17:51:41.332+0100][1554,495s][854][934][info ] Total time for which application threads were stopped: 0,0001479 seconds, Stopping threads took: 0,0000371 seconds
[2019-11-28T17:51:42.332+0100][1555,495s][854][934][info ] Application time: 1,0000685 seconds
[2019-11-28T17:51:42.332+0100][1555,495s][854][934][info ] Entering safepoint region: Cleanup
[2019-11-28T17:51:42.333+0100][1555,496s][854][934][info ] Leaving safepoint region
[2019-11-28T17:51:42.333+0100][1555,496s][854][934][info ] Total time for which application threads were stopped: 0,0001683 seconds, Stopping threads took: 0,0000493 seconds
[2019-11-28T17:51:43.333+0100][1556,496s][854][934][info ] Application time: 1,0002388 seconds
[2019-11-28T17:51:43.333+0100][1556,496s][854][934][info ] Entering safepoint region: Cleanup
[2019-11-28T17:51:43.333+0100][1556,496s][854][934][info ] Leaving safepoint region
[2019-11-28T17:51:43.334+0100][1556,497s][854][934][info ] Total time for which application threads were stopped: 0,0004555 seconds, Stopping threads took: 0,0001075 seconds
[2019-11-28T17:51:44.334+0100][1557,497s][854][934][info ] Application time: 1,0001935 seconds
[2019-11-28T17:51:44.334+0100][1557,497s][854][934][info ] Entering safepoint region: Cleanup
[2019-11-28T17:51:44.334+0100][1557,497s][854][934][info ] Leaving safepoint region
[2019-11-28T17:51:44.335+0100][1557,497s][854][934][info ] Total time for which application threads were stopped: 0,0005430 seconds, Stopping threads took: 0,0001268 seconds
[2019-11-28T17:51:45.328+0100][1558,491s][854][933][trace] CMS: promo attempt is safe: available(3670073704) >= av_promo(33954128), max_promo(15542832)
[2019-11-28T17:51:45.335+0100][1558,498s][854][934][info ] Application time: 1,0001229 seconds
[2019-11-28T17:51:45.335+0100][1558,498s][854][934][info ] Entering safepoint region: Cleanup
[2019-11-28T17:51:45.335+0100][1558,498s][854][934][info ] Leaving safepoint region
[2019-11-28T17:51:45.335+0100][1558,498s][854][934][info ] Total time for which application threads were stopped: 0,0002170 seconds, Stopping threads took: 0,0000574 seconds
[2019-11-28T17:51:46.335+0100][1559,498s][854][934][info ] Application time: 1,0001183 seconds
[2019-11-28T17:51:46.335+0100][1559,498s][854][934][info ] Entering safepoint region: Cleanup
[2019-11-28T17:51:46.336+0100][1559,499s][854][934][info ] Leaving safepoint region
[2019-11-28T17:51:46.336+0100][1559,499s][854][934][info ] Total time for which application threads were stopped: 0,0005901 seconds, Stopping threads took: 0,0001038 seconds
[2019-11-28T17:51:47.336+0100][1560,499s][854][934][info ] Application time: 1,0002014 seconds
[2019-11-28T17:51:47.336+0100][1560,499s][854][934][info ] Entering safepoint region: Cleanup
[2019-11-28T17:51:47.337+0100][1560,500s][854][934][info ] Leaving safepoint region
[2019-11-28T17:51:47.337+0100][1560,500s][854][934][info ] Total time for which application threads were stopped: 0,0006200 seconds, Stopping threads took: 0,0001388 seconds
[2019-11-28T17:51:48.337+0100][1561,500s][854][934][info ] Application time: 1,0001925 seconds
[2019-11-28T17:51:48.337+0100][1561,500s][854][934][info ] Entering safepoint region: Cleanup
[2019-11-28T17:51:48.338+0100][1561,501s][854][934][info ] Leaving safepoint region
[2019-11-28T17:51:48.338+0100][1561,501s][854][934][info ] Total time for which application threads were stopped: 0,0004861 seconds, Stopping threads took: 0,0001084 seconds
[2019-11-28T17:51:49.338+0100][1562,501s][854][934][info ] Application time: 1,0002086 seconds
[2019-11-28T17:51:49.338+0100][1562,501s][854][934][info ] Entering safepoint region: Cleanup
[2019-11-28T17:51:49.339+0100][1562,502s][854][934][info ] Leaving safepoint region
[2019-11-28T17:51:49.339+0100][1562,502s][854][934][info ] Total time for which application threads were stopped: 0,0005170 seconds, Stopping threads took: 0,0001344 seconds
[2019-11-28T17:51:50.339+0100][1563,502s][854][934][info ] Application time: 1,0001933 seconds
[2019-11-28T17:51:50.339+0100][1563,502s][854][934][info ] Entering safepoint region: Cleanup
[2019-11-28T17:51:50.340+0100][1563,503s][854][934][info ] Leaving safepoint region
[2019-11-28T17:51:50.340+0100][1563,503s][854][934][info ] Total time for which application threads were stopped: 0,0007103 seconds, Stopping threads took: 0,0001499 seconds
[2019-11-28T17:51:51.340+0100][1564,503s][854][934][info ] Application time: 1,0002094 seconds
[2019-11-28T17:51:51.341+0100][1564,504s][854][934][info ] Entering safepoint region: Cleanup
[2019-11-28T17:51:51.341+0100][1564,504s][854][934][info ] Leaving safepoint region
[2019-11-28T17:51:51.341+0100][1564,504s][854][934][info ] Total time for which application threads were stopped: 0,0005028 seconds, Stopping threads took: 0,0001636 seconds
[2019-11-28T17:51:52.341+0100][1565,504s][854][934][info ] Application time: 1,0001426 seconds
[2019-11-28T17:51:52.342+0100][1565,504s][854][934][info ] Entering safepoint region: Cleanup
[2019-11-28T17:51:52.342+0100][1565,505s][854][934][info ] Leaving safepoint region
[2019-11-28T17:51:52.342+0100][1565,505s][854][934][info ] Total time for which application threads were stopped: 0,0004696 seconds, Stopping threads took: 0,0001000 seconds
[2019-11-28T17:51:53.342+0100][1566,505s][854][934][info ] Application time: 1,0001931 seconds
[2019-11-28T17:51:53.343+0100][1566,506s][854][934][info ] Entering safepoint region: Cleanup
[2019-11-28T17:51:53.343+0100][1566,506s][854][934][info ] Leaving safepoint region
[2019-11-28T17:51:53.343+0100][1566,506s][854][934][info ] Total time for which application threads were stopped: 0,0006364 seconds, Stopping threads took: 0,0002001 seconds
[2019-11-28T17:51:54.343+0100][1567,506s][854][934][info ] Application time: 1,0002842 seconds
[2019-11-28T17:51:54.344+0100][1567,507s][854][934][info ] Entering safepoint region: Cleanup
[2019-11-28T17:51:54.344+0100][1567,507s][854][934][info ] Leaving safepoint region
[2019-11-28T17:51:54.344+0100][1567,507s][854][934][info ] Total time for which application threads were stopped: 0,0005493 seconds, Stopping threads took: 0,0001281 seconds
[2019-11-28T17:51:55.328+0100][1568,491s][854][933][trace] CMS: promo attempt is safe: available(3670073704) >= av_promo(33954128), max_promo(20179184)
[2019-11-28T17:51:55.345+0100][1568,508s][854][934][info ] Application time: 1,0002534 seconds
[2019-11-28T17:51:55.345+0100][1568,508s][854][934][info ] Entering safepoint region: Cleanup
[2019-11-28T17:51:55.345+0100][1568,508s][854][934][info ] Leaving safepoint region
[2019-11-28T17:51:55.345+0100][1568,508s][854][934][info ] Total time for which application threads were stopped: 0,0004652 seconds, Stopping threads took: 0,0001137 seconds
[2019-11-28T17:51:56.346+0100][1569,508s][854][934][info ] Application time: 1,0001420 seconds
[2019-11-28T17:51:56.346+0100][1569,509s][854][934][info ] Entering safepoint region: Cleanup
[2019-11-28T17:51:56.346+0100][1569,509s][854][934][info ] Leaving safepoint region
[2019-11-28T17:51:56.346+0100][1569,509s][854][934][info ] Total time for which application threads were stopped: 0,0006962 seconds, Stopping threads took: 0,0002267 seconds
[2019-11-28T17:51:57.347+0100][1570,510s][854][934][info ] Application time: 1,0001384 seconds
[2019-11-28T17:51:57.347+0100][1570,510s][854][934][info ] Entering safepoint region: Cleanup
[2019-11-28T17:51:57.347+0100][1570,510s][854][934][info ] Leaving safepoint region
[2019-11-28T17:51:57.347+0100][1570,510s][854][934][info ] Total time for which application threads were stopped: 0,0006049 seconds, Stopping threads took: 0,0001621 seconds
[2019-11-28T17:51:58.348+0100][1571,511s][854][934][info ] Application time: 1,0002748 seconds
[2019-11-28T17:51:58.348+0100][1571,511s][854][934][info ] Entering safepoint region: Cleanup
[2019-11-28T17:51:58.349+0100][1571,512s][854][934][info ] Leaving safepoint region
[2019-11-28T17:51:58.349+0100][1571,512s][854][934][info ] Total time for which application threads were stopped: 0,0011743 seconds, Stopping threads took: 0,0002177 seconds
[2019-11-28T17:51:59.350+0100][1572,513s][854][934][info ] Application time: 1,0001542 seconds
[2019-11-28T17:51:59.350+0100][1572,513s][854][934][info ] Entering safepoint region: Cleanup
[2019-11-28T17:51:59.350+0100][1572,513s][854][934][info ] Leaving safepoint region
[2019-11-28T17:51:59.350+0100][1572,513s][854][934][info ] Total time for which application threads were stopped: 0,0006199 seconds, Stopping threads took: 0,0001635 seconds
[2019-11-28T17:52:00.351+0100][1573,514s][854][934][info ] Application time: 1,0001588 seconds
[2019-11-28T17:52:00.351+0100][1573,514s][854][934][info ] Entering safepoint region: Cleanup
[2019-11-28T17:52:00.351+0100][1573,514s][854][934][info ] Leaving safepoint region
[2019-11-28T17:52:00.352+0100][1573,515s][854][934][info ] Total time for which application threads were stopped: 0,0006409 seconds, Stopping threads took: 0,0001595 seconds
[2019-11-28T17:52:01.352+0100][1574,515s][854][934][info ] Application time: 1,0001031 seconds
[2019-11-28T17:52:01.352+0100][1574,515s][854][934][info ] Entering safepoint region: Cleanup
[2019-11-28T17:52:01.352+0100][1574,515s][854][934][info ] Leaving safepoint region
[2019-11-28T17:52:01.352+0100][1574,515s][854][934][info ] Total time for which application threads were stopped: 0,0001407 seconds, Stopping threads took: 0,0000362 seconds
[2019-11-28T17:52:02.352+0100][1575,515s][854][934][info ] Application time: 1,0001178 seconds
[2019-11-28T17:52:02.352+0100][1575,515s][854][934][info ] Entering safepoint region: Cleanup
[2019-11-28T17:52:02.353+0100][1575,516s][854][934][info ] Leaving safepoint region
[2019-11-28T17:52:02.353+0100][1575,516s][854][934][info ] Total time for which application threads were stopped: 0,0003130 seconds, Stopping threads took: 0,0000798 seconds
[2019-11-28T17:52:03.353+0100][1576,516s][854][934][info ] Application time: 1,0000912 seconds
[2019-11-28T17:52:03.353+0100][1576,516s][854][934][info ] Entering safepoint region: Cleanup
[2019-11-28T17:52:03.353+0100][1576,516s][854][934][info ] Leaving safepoint region
[2019-11-28T17:52:03.353+0100][1576,516s][854][934][info ] Total time for which application threads were stopped: 0,0002540 seconds, Stopping threads took: 0,0000677 seconds
[2019-11-28T17:52:04.353+0100][1577,516s][854][934][info ] Application time: 1,0001271 seconds
[2019-11-28T17:52:04.354+0100][1577,517s][854][934][info ] Entering safepoint region: Cleanup
[2019-11-28T17:52:04.354+0100][1577,517s][854][934][info ] Leaving safepoint region
[2019-11-28T17:52:04.354+0100][1577,517s][854][934][info ] Total time for which application threads were stopped: 0,0003948 seconds, Stopping threads took: 0,0001317 seconds
[2019-11-28T17:52:05.327+0100][1578,490s][854][933][trace] CMS: promo attempt is safe: available(3670073704) >= av_promo(33954128), max_promo(23595128)
[2019-11-28T17:52:05.354+0100][1578,517s][854][934][info ] Application time: 1,0002197 seconds
[2019-11-28T17:52:05.354+0100][1578,517s][854][934][info ] Entering safepoint region: Cleanup
[2019-11-28T17:52:05.355+0100][1578,518s][854][934][info ] Leaving safepoint region
[2019-11-28T17:52:05.355+0100][1578,518s][854][934][info ] Total time for which application threads were stopped: 0,0006700 seconds, Stopping threads took: 0,0002654 seconds
[2019-11-28T17:52:06.355+0100][1579,518s][854][934][info ] Application time: 1,0001183 seconds
[2019-11-28T17:52:06.355+0100][1579,518s][854][934][info ] Entering safepoint region: Cleanup
[2019-11-28T17:52:06.356+0100][1579,519s][854][934][info ] Leaving safepoint region
[2019-11-28T17:52:06.356+0100][1579,519s][854][934][info ] Total time for which application threads were stopped: 0,0004482 seconds, Stopping threads took: 0,0000401 seconds
[2019-11-28T17:52:07.356+0100][1580,519s][854][934][info ] Application time: 1,0001314 seconds
[2019-11-28T17:52:07.356+0100][1580,519s][854][934][info ] Entering safepoint region: Cleanup
[2019-11-28T17:52:07.356+0100][1580,519s][854][934][info ] Leaving safepoint region
[2019-11-28T17:52:07.356+0100][1580,519s][854][934][info ] Total time for which application threads were stopped: 0,0002491 seconds, Stopping threads took: 0,0000574 seconds
[2019-11-28T17:52:08.356+0100][1581,519s][854][934][info ] Application time: 1,0001277 seconds
[2019-11-28T17:52:08.357+0100][1581,520s][854][934][info ] Entering safepoint region: Cleanup
[2019-11-28T17:52:08.357+0100][1581,520s][854][934][info ] Leaving safepoint region
[2019-11-28T17:52:08.357+0100][1581,520s][854][934][info ] Total time for which application threads were stopped: 0,0004769 seconds, Stopping threads took: 0,0001381 seconds
[2019-11-28T17:52:09.357+0100][1582,520s][854][934][info ] Application time: 1,0001518 seconds
[2019-11-28T17:52:09.358+0100][1582,521s][854][934][info ] Entering safepoint region: Cleanup
[2019-11-28T17:52:09.358+0100][1582,521s][854][934][info ] Leaving safepoint region
[2019-11-28T17:52:09.358+0100][1582,521s][854][934][info ] Total time for which application threads were stopped: 0,0006583 seconds, Stopping threads took: 0,0001664 seconds
[2019-11-28T17:52:10.359+0100][1583,522s][854][934][info ] Application time: 1,0001694 seconds
[2019-11-28T17:52:10.359+0100][1583,522s][854][934][info ] Entering safepoint region: Cleanup
[2019-11-28T17:52:10.359+0100][1583,522s][854][934][info ] Leaving safepoint region
[2019-11-28T17:52:10.359+0100][1583,522s][854][934][info ] Total time for which application threads were stopped: 0,0002298 seconds, Stopping threads took: 0,0000880 seconds
[2019-11-28T17:52:11.359+0100][1584,522s][854][934][info ] Application time: 1,0001378 seconds
[2019-11-28T17:52:11.359+0100][1584,522s][854][934][info ] Entering safepoint region: Cleanup
[2019-11-28T17:52:11.360+0100][1584,523s][854][934][info ] Leaving safepoint region
[2019-11-28T17:52:11.365+0100][1584,528s][854][934][info ] Total time for which application threads were stopped: 0,0060426 seconds, Stopping threads took: 0,0001701 seconds
[2019-11-28T17:52:12.366+0100][1585,529s][854][934][info ] Application time: 1,0001406 seconds
[2019-11-28T17:52:12.366+0100][1585,529s][854][934][info ] Entering safepoint region: Cleanup
[2019-11-28T17:52:12.366+0100][1585,529s][854][934][info ] Leaving safepoint region
[2019-11-28T17:52:12.367+0100][1585,530s][854][934][info ] Total time for which application threads were stopped: 0,0006460 seconds, Stopping threads took: 0,0001691 seconds
[2019-11-28T17:52:13.367+0100][1586,530s][854][934][info ] Application time: 1,0000988 seconds
[2019-11-28T17:52:13.367+0100][1586,530s][854][934][info ] Entering safepoint region: Cleanup
[2019-11-28T17:52:13.367+0100][1586,530s][854][934][info ] Leaving safepoint region
[2019-11-28T17:52:13.367+0100][1586,530s][854][934][info ] Total time for which application threads were stopped: 0,0001887 seconds, Stopping threads took: 0,0000631 seconds
[2019-11-28T17:52:14.367+0100][1587,530s][854][934][info ] Application time: 1,0001631 seconds
[2019-11-28T17:52:14.367+0100][1587,530s][854][934][info ] Entering safepoint region: Cleanup
[2019-11-28T17:52:14.368+0100][1587,531s][854][934][info ] Leaving safepoint region
[2019-11-28T17:52:14.368+0100][1587,531s][854][934][info ] Total time for which application threads were stopped: 0,0006427 seconds, Stopping threads took: 0,0001822 seconds
[2019-11-28T17:52:15.327+0100][1588,490s][854][933][trace] CMS: promo attempt is safe: available(3670073704) >= av_promo(33954128), max_promo(26465080)
[2019-11-28T17:52:15.368+0100][1588,531s][854][934][info ] Application time: 1,0002449 seconds
[2019-11-28T17:52:15.369+0100][1588,532s][854][934][info ] Entering safepoint region: Cleanup
[2019-11-28T17:52:15.369+0100][1588,532s][854][934][info ] Leaving safepoint region
[2019-11-28T17:52:15.369+0100][1588,532s][854][934][info ] Total time for which application threads were stopped: 0,0004075 seconds, Stopping threads took: 0,0001153 seconds
[2019-11-28T17:52:16.369+0100][1589,532s][854][934][info ] Application time: 1,0001894 seconds
[2019-11-28T17:52:16.369+0100][1589,532s][854][934][info ] Entering safepoint region: Cleanup
[2019-11-28T17:52:16.370+0100][1589,533s][854][934][info ] Leaving safepoint region
[2019-11-28T17:52:16.370+0100][1589,533s][854][934][info ] Total time for which application threads were stopped: 0,0004381 seconds, Stopping threads took: 0,0001457 seconds
[2019-11-28T17:52:17.370+0100][1590,533s][854][934][info ] Application time: 1,0001314 seconds
[2019-11-28T17:52:17.370+0100][1590,533s][854][934][info ] Entering safepoint region: Cleanup
[2019-11-28T17:52:17.371+0100][1590,534s][854][934][info ] Leaving safepoint region
[2019-11-28T17:52:17.371+0100][1590,534s][854][934][info ] Total time for which application threads were stopped: 0,0008654 seconds, Stopping threads took: 0,0002381 seconds
[2019-11-28T17:52:18.371+0100][1591,534s][854][934][info ] Application time: 1,0001679 seconds
[2019-11-28T17:52:18.372+0100][1591,535s][854][934][info ] Entering safepoint region: Cleanup
[2019-11-28T17:52:18.372+0100][1591,535s][854][934][info ] Leaving safepoint region
[2019-11-28T17:52:18.372+0100][1591,535s][854][934][info ] Total time for which application threads were stopped: 0,0003481 seconds, Stopping threads took: 0,0001293 seconds
[2019-11-28T17:52:19.372+0100][1592,535s][854][934][info ] Application time: 1,0001077 seconds
[2019-11-28T17:52:19.372+0100][1592,535s][854][934][info ] Entering safepoint region: Cleanup
[2019-11-28T17:52:19.372+0100][1592,535s][854][934][info ] Leaving safepoint region
[2019-11-28T17:52:19.372+0100][1592,535s][854][934][info ] Total time for which application threads were stopped: 0,0001132 seconds, Stopping threads took: 0,0000265 seconds
[2019-11-28T17:52:20.373+0100][1593,536s][854][934][info ] Application time: 1,0001127 seconds
[2019-11-28T17:52:20.373+0100][1593,536s][854][934][info ] Entering safepoint region: Cleanup
[2019-11-28T17:52:20.373+0100][1593,536s][854][934][info ] Leaving safepoint region
[2019-11-28T17:52:20.374+0100][1593,537s][854][934][info ] Total time for which application threads were stopped: 0,0008282 seconds, Stopping threads took: 0,0002171 seconds
[2019-11-28T17:52:21.374+0100][1594,537s][854][934][info ] Application time: 1,0001025 seconds
[2019-11-28T17:52:21.374+0100][1594,537s][854][934][info ] Entering safepoint region: Cleanup
[2019-11-28T17:52:21.374+0100][1594,537s][854][934][info ] Leaving safepoint region
[2019-11-28T17:52:21.374+0100][1594,537s][854][934][info ] Total time for which application threads were stopped: 0,0003609 seconds, Stopping threads took: 0,0000916 seconds
[2019-11-28T17:52:22.374+0100][1595,537s][854][934][info ] Application time: 1,0001663 seconds
[2019-11-28T17:52:22.375+0100][1595,538s][854][934][info ] Entering safepoint region: Cleanup
[2019-11-28T17:52:22.375+0100][1595,538s][854][934][info ] Leaving safepoint region
[2019-11-28T17:52:22.375+0100][1595,538s][854][934][info ] Total time for which application threads were stopped: 0,0008106 seconds, Stopping threads took: 0,0002217 seconds
[2019-11-28T17:52:23.376+0100][1596,539s][854][934][info ] Application time: 1,0001368 seconds
[2019-11-28T17:52:23.376+0100][1596,539s][854][934][info ] Entering safepoint region: Cleanup
[2019-11-28T17:52:23.377+0100][1596,540s][854][934][info ] Leaving safepoint region
[2019-11-28T17:52:23.377+0100][1596,540s][854][934][info ] Total time for which application threads were stopped: 0,0005794 seconds, Stopping threads took: 0,0001530 seconds
[2019-11-28T17:52:24.377+0100][1597,540s][854][934][info ] Application time: 1,0001688 seconds
[2019-11-28T17:52:24.377+0100][1597,540s][854][934][info ] Entering safepoint region: Cleanup
[2019-11-28T17:52:24.377+0100][1597,540s][854][934][info ] Leaving safepoint region
[2019-11-28T17:52:24.377+0100][1597,540s][854][934][info ] Total time for which application threads were stopped: 0,0001467 seconds, Stopping threads took: 0,0000475 seconds
[2019-11-28T17:52:25.327+0100][1598,490s][854][933][trace] CMS: promo attempt is safe: available(3670073704) >= av_promo(33954128), max_promo(29881024)
[2019-11-28T17:52:25.377+0100][1598,540s][854][934][info ] Application time: 1,0001384 seconds
[2019-11-28T17:52:25.378+0100][1598,541s][854][934][info ] Entering safepoint region: Cleanup
[2019-11-28T17:52:25.378+0100][1598,541s][854][934][info ] Leaving safepoint region
[2019-11-28T17:52:25.378+0100][1598,541s][854][934][info ] Total time for which application threads were stopped: 0,0004373 seconds, Stopping threads took: 0,0001077 seconds
[2019-11-28T17:52:26.378+0100][1599,541s][854][934][info ] Application time: 1,0001491 seconds
[2019-11-28T17:52:26.378+0100][1599,541s][854][934][info ] Entering safepoint region: Cleanup
[2019-11-28T17:52:26.379+0100][1599,542s][854][934][info ] Leaving safepoint region
[2019-11-28T17:52:26.379+0100][1599,542s][854][934][info ] Total time for which application threads were stopped: 0,0002713 seconds, Stopping threads took: 0,0000651 seconds
[2019-11-28T17:52:27.379+0100][1600,542s][854][934][info ] Application time: 1,0002743 seconds
[2019-11-28T17:52:27.379+0100][1600,542s][854][934][info ] Entering safepoint region: Cleanup
[2019-11-28T17:52:27.380+0100][1600,543s][854][934][info ] Leaving safepoint region
[2019-11-28T17:52:27.380+0100][1600,543s][854][934][info ] Total time for which application threads were stopped: 0,0006847 seconds, Stopping threads took: 0,0001440 seconds
[2019-11-28T17:52:28.380+0100][1601,543s][854][934][info ] Application time: 1,0001822 seconds
[2019-11-28T17:52:28.380+0100][1601,543s][854][934][info ] Entering safepoint region: Cleanup
[2019-11-28T17:52:28.380+0100][1601,543s][854][934][info ] Leaving safepoint region
[2019-11-28T17:52:28.380+0100][1601,543s][854][934][info ] Total time for which application threads were stopped: 0,0003128 seconds, Stopping threads took: 0,0000716 seconds
[2019-11-28T17:52:29.381+0100][1602,544s][854][934][info ] Application time: 1,0000844 seconds
[2019-11-28T17:52:29.381+0100][1602,544s][854][934][info ] Entering safepoint region: Cleanup
[2019-11-28T17:52:29.381+0100][1602,544s][854][934][info ] Leaving safepoint region
[2019-11-28T17:52:29.381+0100][1602,544s][854][934][info ] Total time for which application threads were stopped: 0,0001482 seconds, Stopping threads took: 0,0000448 seconds
[2019-11-28T17:52:30.381+0100][1603,544s][854][934][info ] Application time: 1,0000903 seconds
[2019-11-28T17:52:30.381+0100][1603,544s][854][934][info ] Entering safepoint region: Cleanup
[2019-11-28T17:52:30.381+0100][1603,544s][854][934][info ] Leaving safepoint region
[2019-11-28T17:52:30.381+0100][1603,544s][854][934][info ] Total time for which application threads were stopped: 0,0002793 seconds, Stopping threads took: 0,0000720 seconds
[2019-11-28T17:52:31.381+0100][1604,544s][854][934][info ] Application time: 1,0001164 seconds
[2019-11-28T17:52:31.382+0100][1604,545s][854][934][info ] Entering safepoint region: Cleanup
[2019-11-28T17:52:31.382+0100][1604,545s][854][934][info ] Leaving safepoint region
[2019-11-28T17:52:31.382+0100][1604,545s][854][934][info ] Total time for which application threads were stopped: 0,0003877 seconds, Stopping threads took: 0,0000988 seconds
[2019-11-28T17:52:32.382+0100][1605,545s][854][934][info ] Application time: 1,0002208 seconds
[2019-11-28T17:52:32.383+0100][1605,546s][854][934][info ] Entering safepoint region: Cleanup
[2019-11-28T17:52:32.383+0100][1605,546s][854][934][info ] Leaving safepoint region
[2019-11-28T17:52:32.383+0100][1605,546s][854][934][info ] Total time for which application threads were stopped: 0,0004154 seconds, Stopping threads took: 0,0001179 seconds
[2019-11-28T17:52:33.383+0100][1606,546s][854][934][info ] Application time: 1,0001475 seconds
[2019-11-28T17:52:33.383+0100][1606,546s][854][934][info ] Entering safepoint region: Cleanup
[2019-11-28T17:52:33.384+0100][1606,546s][854][934][info ] Leaving safepoint region
[2019-11-28T17:52:33.384+0100][1606,546s][854][934][info ] Total time for which application threads were stopped: 0,0001520 seconds, Stopping threads took: 0,0000399 seconds
[2019-11-28T17:52:34.384+0100][1607,547s][854][934][info ] Application time: 1,0001062 seconds
[2019-11-28T17:52:34.384+0100][1607,547s][854][934][info ] Entering safepoint region: Cleanup
[2019-11-28T17:52:34.384+0100][1607,547s][854][934][info ] Leaving safepoint region
[2019-11-28T17:52:34.384+0100][1607,547s][854][934][info ] Total time for which application threads were stopped: 0,0001180 seconds, Stopping threads took: 0,0000371 seconds
[2019-11-28T17:52:35.327+0100][1608,490s][854][933][trace] CMS: promo attempt is safe: available(3670073704) >= av_promo(33954128), max_promo(32367824)
[2019-11-28T17:52:35.384+0100][1608,547s][854][934][info ] Application time: 1,0001070 seconds
[2019-11-28T17:52:35.384+0100][1608,547s][854][934][info ] Entering safepoint region: Cleanup
[2019-11-28T17:52:35.384+0100][1608,547s][854][934][info ] Leaving safepoint region
[2019-11-28T17:52:35.384+0100][1608,547s][854][934][info ] Total time for which application threads were stopped: 0,0003006 seconds, Stopping threads took: 0,0000744 seconds
[2019-11-28T17:52:36.384+0100][1609,547s][854][934][info ] Application time: 1,0000750 seconds
[2019-11-28T17:52:36.385+0100][1609,548s][854][934][info ] Entering safepoint region: Cleanup
[2019-11-28T17:52:36.385+0100][1609,548s][854][934][info ] Leaving safepoint region
[2019-11-28T17:52:36.385+0100][1609,548s][854][934][info ] Total time for which application threads were stopped: 0,0001313 seconds, Stopping threads took: 0,0000303 seconds
[2019-11-28T17:52:37.385+0100][1610,548s][854][934][info ] Application time: 1,0001431 seconds
[2019-11-28T17:52:37.385+0100][1610,548s][854][934][info ] Entering safepoint region: Cleanup
[2019-11-28T17:52:37.385+0100][1610,548s][854][934][info ] Leaving safepoint region
[2019-11-28T17:52:37.385+0100][1610,548s][854][934][info ] Total time for which application threads were stopped: 0,0004044 seconds, Stopping threads took: 0,0000943 seconds
[2019-11-28T17:52:38.386+0100][1611,549s][854][934][info ] Application time: 1,0001640 seconds
[2019-11-28T17:52:38.386+0100][1611,549s][854][934][info ] Entering safepoint region: Cleanup
[2019-11-28T17:52:38.386+0100][1611,549s][854][934][info ] Leaving safepoint region
[2019-11-28T17:52:38.386+0100][1611,549s][854][934][info ] Total time for which application threads were stopped: 0,0005428 seconds, Stopping threads took: 0,0001168 seconds
[2019-11-28T17:52:39.387+0100][1612,550s][854][934][info ] Application time: 1,0000985 seconds
[2019-11-28T17:52:39.387+0100][1612,550s][854][934][info ] Entering safepoint region: Cleanup
[2019-11-28T17:52:39.387+0100][1612,550s][854][934][info ] Leaving safepoint region
[2019-11-28T17:52:39.387+0100][1612,550s][854][934][info ] Total time for which application threads were stopped: 0,0001453 seconds, Stopping threads took: 0,0000369 seconds
[2019-11-28T17:52:40.387+0100][1613,550s][854][934][info ] Application time: 1,0002011 seconds
[2019-11-28T17:52:40.387+0100][1613,550s][854][934][info ] Entering safepoint region: Cleanup
[2019-11-28T17:52:40.388+0100][1613,551s][854][934][info ] Leaving safepoint region
[2019-11-28T17:52:40.388+0100][1613,551s][854][934][info ] Total time for which application threads were stopped: 0,0005740 seconds, Stopping threads took: 0,0001109 seconds
[2019-11-28T17:52:41.388+0100][1614,551s][854][934][info ] Application time: 1,0001225 seconds
[2019-11-28T17:52:41.388+0100][1614,551s][854][934][info ] Entering safepoint region: Cleanup
[2019-11-28T17:52:41.389+0100][1614,552s][854][934][info ] Leaving safepoint region
[2019-11-28T17:52:41.389+0100][1614,552s][854][934][info ] Total time for which application threads were stopped: 0,0009652 seconds, Stopping threads took: 0,0002786 seconds
[2019-11-28T17:52:42.390+0100][1615,553s][854][934][info ] Application time: 1,0001597 seconds
[2019-11-28T17:52:42.390+0100][1615,553s][854][934][info ] Entering safepoint region: Cleanup
[2019-11-28T17:52:42.390+0100][1615,553s][854][934][info ] Leaving safepoint region
[2019-11-28T17:52:42.391+0100][1615,554s][854][934][info ] Total time for which application threads were stopped: 0,0006795 seconds, Stopping threads took: 0,0001611 seconds
[2019-11-28T17:52:43.391+0100][1616,554s][854][934][info ] Application time: 1,0001851 seconds
[2019-11-28T17:52:43.391+0100][1616,554s][854][934][info ] Entering safepoint region: Cleanup
[2019-11-28T17:52:43.391+0100][1616,554s][854][934][info ] Leaving safepoint region
[2019-11-28T17:52:43.391+0100][1616,554s][854][934][info ] Total time for which application threads were stopped: 0,0003006 seconds, Stopping threads took: 0,0000853 seconds
[2019-11-28T17:52:44.391+0100][1617,554s][854][934][info ] Application time: 1,0001074 seconds
[2019-11-28T17:52:44.392+0100][1617,555s][854][934][info ] Entering safepoint region: Cleanup
[2019-11-28T17:52:44.392+0100][1617,555s][854][934][info ] Leaving safepoint region
[2019-11-28T17:52:44.392+0100][1617,555s][854][934][info ] Total time for which application threads were stopped: 0,0002629 seconds, Stopping threads took: 0,0000449 seconds
[2019-11-28T17:52:45.327+0100][1618,490s][854][933][trace] CMS: promo attempt is safe: available(3670073704) >= av_promo(33954128), max_promo(35783768)
[2019-11-28T17:52:45.392+0100][1618,555s][854][934][info ] Application time: 1,0001660 seconds
[2019-11-28T17:52:45.392+0100][1618,555s][854][934][info ] Entering safepoint region: Cleanup
[2019-11-28T17:52:45.393+0100][1618,555s][854][934][info ] Leaving safepoint region
[2019-11-28T17:52:45.393+0100][1618,556s][854][934][info ] Total time for which application threads were stopped: 0,0004348 seconds, Stopping threads took: 0,0001443 seconds
[2019-11-28T17:52:46.393+0100][1619,556s][854][934][info ] Application time: 1,0001773 seconds
[2019-11-28T17:52:46.393+0100][1619,556s][854][934][info ] Entering safepoint region: Cleanup
[2019-11-28T17:52:46.393+0100][1619,556s][854][934][info ] Leaving safepoint region
[2019-11-28T17:52:46.394+0100][1619,556s][854][934][info ] Total time for which application threads were stopped: 0,0004828 seconds, Stopping threads took: 0,0001579 seconds
[2019-11-28T17:52:47.394+0100][1620,557s][854][934][info ] Application time: 1,0001257 seconds
[2019-11-28T17:52:47.394+0100][1620,557s][854][934][info ] Entering safepoint region: Cleanup
[2019-11-28T17:52:47.394+0100][1620,557s][854][934][info ] Leaving safepoint region
[2019-11-28T17:52:47.394+0100][1620,557s][854][934][info ] Total time for which application threads were stopped: 0,0004325 seconds, Stopping threads took: 0,0001445 seconds
[2019-11-28T17:52:48.395+0100][1621,557s][854][934][info ] Application time: 1,0000939 seconds
[2019-11-28T17:52:48.395+0100][1621,558s][854][934][info ] Entering safepoint region: Cleanup
[2019-11-28T17:52:48.395+0100][1621,558s][854][934][info ] Leaving safepoint region
[2019-11-28T17:52:48.395+0100][1621,558s][854][934][info ] Total time for which application threads were stopped: 0,0002298 seconds, Stopping threads took: 0,0000608 seconds
[2019-11-28T17:52:49.395+0100][1622,558s][854][934][info ] Application time: 1,0001027 seconds
[2019-11-28T17:52:49.395+0100][1622,558s][854][934][info ] Entering safepoint region: Cleanup
[2019-11-28T17:52:49.395+0100][1622,558s][854][934][info ] Leaving safepoint region
[2019-11-28T17:52:49.395+0100][1622,558s][854][934][info ] Total time for which application threads were stopped: 0,0001110 seconds, Stopping threads took: 0,0000354 seconds
[2019-11-28T17:52:50.395+0100][1623,558s][854][934][info ] Application time: 1,0000875 seconds
[2019-11-28T17:52:50.395+0100][1623,558s][854][934][info ] Entering safepoint region: Cleanup
[2019-11-28T17:52:50.396+0100][1623,558s][854][934][info ] Leaving safepoint region
[2019-11-28T17:52:50.396+0100][1623,559s][854][934][info ] Total time for which application threads were stopped: 0,0002256 seconds, Stopping threads took: 0,0000564 seconds
[2019-11-28T17:52:51.396+0100][1624,559s][854][934][info ] Application time: 1,0002025 seconds
[2019-11-28T17:52:51.396+0100][1624,559s][854][934][info ] Entering safepoint region: Cleanup
[2019-11-28T17:52:51.396+0100][1624,559s][854][934][info ] Leaving safepoint region
[2019-11-28T17:52:51.397+0100][1624,560s][854][934][info ] Total time for which application threads were stopped: 0,0005273 seconds, Stopping threads took: 0,0001347 seconds
[2019-11-28T17:52:52.397+0100][1625,560s][854][934][info ] Application time: 1,0000903 seconds
[2019-11-28T17:52:52.397+0100][1625,560s][854][934][info ] Entering safepoint region: Cleanup
[2019-11-28T17:52:52.397+0100][1625,560s][854][934][info ] Leaving safepoint region
[2019-11-28T17:52:52.397+0100][1625,560s][854][934][info ] Total time for which application threads were stopped: 0,0001475 seconds, Stopping threads took: 0,0000372 seconds
[2019-11-28T17:52:53.397+0100][1626,560s][854][934][info ] Application time: 1,0000722 seconds
[2019-11-28T17:52:53.397+0100][1626,560s][854][934][info ] Entering safepoint region: Cleanup
[2019-11-28T17:52:53.397+0100][1626,560s][854][934][info ] Leaving safepoint region
[2019-11-28T17:52:53.397+0100][1626,560s][854][934][info ] Total time for which application threads were stopped: 0,0001485 seconds, Stopping threads took: 0,0000394 seconds
[2019-11-28T17:52:54.397+0100][1627,560s][854][934][info ] Application time: 1,0001887 seconds
[2019-11-28T17:52:54.398+0100][1627,561s][854][934][info ] Entering safepoint region: Cleanup
[2019-11-28T17:52:54.398+0100][1627,561s][854][934][info ] Leaving safepoint region
[2019-11-28T17:52:54.398+0100][1627,561s][854][934][info ] Total time for which application threads were stopped: 0,0006358 seconds, Stopping threads took: 0,0002008 seconds
[2019-11-28T17:52:55.327+0100][1628,490s][854][933][trace] CMS: promo attempt is safe: available(3670073704) >= av_promo(33954128), max_promo(39437800)
[2019-11-28T17:52:55.398+0100][1628,561s][854][934][info ] Application time: 1,0001282 seconds
[2019-11-28T17:52:55.399+0100][1628,562s][854][934][info ] Entering safepoint region: Cleanup
[2019-11-28T17:52:55.399+0100][1628,562s][854][934][info ] Leaving safepoint region
[2019-11-28T17:52:55.399+0100][1628,562s][854][934][info ] Total time for which application threads were stopped: 0,0004675 seconds, Stopping threads took: 0,0001282 seconds
[2019-11-28T17:52:56.399+0100][1629,562s][854][934][info ] Application time: 1,0001944 seconds
[2019-11-28T17:52:56.400+0100][1629,563s][854][934][info ] Entering safepoint region: Cleanup
[2019-11-28T17:52:56.400+0100][1629,563s][854][934][info ] Leaving safepoint region
[2019-11-28T17:52:56.400+0100][1629,563s][854][934][info ] Total time for which application threads were stopped: 0,0004713 seconds, Stopping threads took: 0,0001892 seconds
[2019-11-28T17:52:57.400+0100][1630,563s][854][934][info ] Application time: 1,0001979 seconds
[2019-11-28T17:52:57.400+0100][1630,563s][854][934][info ] Entering safepoint region: Cleanup
[2019-11-28T17:52:57.401+0100][1630,564s][854][934][info ] Leaving safepoint region
[2019-11-28T17:52:57.401+0100][1630,564s][854][934][info ] Total time for which application threads were stopped: 0,0004588 seconds, Stopping threads took: 0,0001183 seconds
[2019-11-28T17:52:58.401+0100][1631,564s][854][934][info ] Application time: 1,0001331 seconds
[2019-11-28T17:52:58.401+0100][1631,564s][854][934][info ] Entering safepoint region: Cleanup
[2019-11-28T17:52:58.401+0100][1631,564s][854][934][info ] Leaving safepoint region
[2019-11-28T17:52:58.401+0100][1631,564s][854][934][info ] Total time for which application threads were stopped: 0,0002237 seconds, Stopping threads took: 0,0000560 seconds
[2019-11-28T17:52:59.402+0100][1632,565s][854][934][info ] Application time: 1,0001239 seconds
[2019-11-28T17:52:59.402+0100][1632,565s][854][934][info ] Entering safepoint region: Cleanup
[2019-11-28T17:52:59.402+0100][1632,565s][854][934][info ] Leaving safepoint region
[2019-11-28T17:52:59.402+0100][1632,565s][854][934][info ] Total time for which application threads were stopped: 0,0002242 seconds, Stopping threads took: 0,0000494 seconds
[2019-11-28T17:53:00.402+0100][1633,565s][854][934][info ] Application time: 1,0001132 seconds
[2019-11-28T17:53:00.402+0100][1633,565s][854][934][info ] Entering safepoint region: Cleanup
[2019-11-28T17:53:00.403+0100][1633,566s][854][934][info ] Leaving safepoint region
[2019-11-28T17:53:00.403+0100][1633,566s][854][934][info ] Total time for which application threads were stopped: 0,0004708 seconds, Stopping threads took: 0,0001416 seconds
[2019-11-28T17:53:01.403+0100][1634,566s][854][934][info ] Application time: 1,0000963 seconds
[2019-11-28T17:53:01.403+0100][1634,566s][854][934][info ] Entering safepoint region: Cleanup
[2019-11-28T17:53:01.403+0100][1634,566s][854][934][info ] Leaving safepoint region
[2019-11-28T17:53:01.403+0100][1634,566s][854][934][info ] Total time for which application threads were stopped: 0,0001150 seconds, Stopping threads took: 0,0000334 seconds
[2019-11-28T17:53:02.403+0100][1635,566s][854][934][info ] Application time: 1,0000935 seconds
[2019-11-28T17:53:02.403+0100][1635,566s][854][934][info ] Entering safepoint region: Cleanup
[2019-11-28T17:53:02.404+0100][1635,567s][854][934][info ] Leaving safepoint region
[2019-11-28T17:53:02.404+0100][1635,567s][854][934][info ] Total time for which application threads were stopped: 0,0005237 seconds, Stopping threads took: 0,0001400 seconds
[2019-11-28T17:53:03.404+0100][1636,567s][854][934][info ] Application time: 1,0002107 seconds
[2019-11-28T17:53:03.404+0100][1636,567s][854][934][info ] Entering safepoint region: Cleanup
[2019-11-28T17:53:03.405+0100][1636,568s][854][934][info ] Leaving safepoint region
[2019-11-28T17:53:03.405+0100][1636,568s][854][934][info ] Total time for which application threads were stopped: 0,0005175 seconds, Stopping threads took: 0,0001381 seconds
[2019-11-28T17:53:04.405+0100][1637,568s][854][934][info ] Application time: 1,0001941 seconds
[2019-11-28T17:53:04.405+0100][1637,568s][854][934][info ] Entering safepoint region: Cleanup
[2019-11-28T17:53:04.406+0100][1637,569s][854][934][info ] Leaving safepoint region
[2019-11-28T17:53:04.406+0100][1637,569s][854][934][info ] Total time for which application threads were stopped: 0,0005100 seconds, Stopping threads took: 0,0001361 seconds
[2019-11-28T17:53:05.326+0100][1638,489s][854][933][trace] CMS: promo attempt is safe: available(3670073704) >= av_promo(33954128), max_promo(43030456)
[2019-11-28T17:53:05.406+0100][1638,569s][854][934][info ] Application time: 1,0002277 seconds
[2019-11-28T17:53:05.406+0100][1638,569s][854][934][info ] Entering safepoint region: Cleanup
[2019-11-28T17:53:05.407+0100][1638,570s][854][934][info ] Leaving safepoint region
[2019-11-28T17:53:05.407+0100][1638,570s][854][934][info ] Total time for which application threads were stopped: 0,0005554 seconds, Stopping threads took: 0,0001763 seconds
[2019-11-28T17:53:06.407+0100][1639,570s][854][934][info ] Application time: 1,0001814 seconds
[2019-11-28T17:53:06.407+0100][1639,570s][854][934][info ] Entering safepoint region: Cleanup
[2019-11-28T17:53:06.408+0100][1639,571s][854][934][info ] Leaving safepoint region
[2019-11-28T17:53:06.408+0100][1639,571s][854][934][info ] Total time for which application threads were stopped: 0,0004390 seconds, Stopping threads took: 0,0000973 seconds
[2019-11-28T17:53:07.408+0100][1640,571s][854][934][info ] Application time: 1,0000976 seconds
[2019-11-28T17:53:07.408+0100][1640,571s][854][934][info ] Entering safepoint region: Cleanup
[2019-11-28T17:53:07.408+0100][1640,571s][854][934][info ] Leaving safepoint region
[2019-11-28T17:53:07.408+0100][1640,571s][854][934][info ] Total time for which application threads were stopped: 0,0003383 seconds, Stopping threads took: 0,0001156 seconds
[2019-11-28T17:53:08.409+0100][1641,572s][854][934][info ] Application time: 1,0001954 seconds
[2019-11-28T17:53:08.409+0100][1641,572s][854][934][info ] Entering safepoint region: Cleanup
[2019-11-28T17:53:08.409+0100][1641,572s][854][934][info ] Leaving safepoint region
[2019-11-28T17:53:08.409+0100][1641,572s][854][934][info ] Total time for which application threads were stopped: 0,0005394 seconds, Stopping threads took: 0,0001422 seconds
[2019-11-28T17:53:09.410+0100][1642,573s][854][934][info ] Application time: 1,0002063 seconds
[2019-11-28T17:53:09.410+0100][1642,573s][854][934][info ] Entering safepoint region: Cleanup
[2019-11-28T17:53:09.410+0100][1642,573s][854][934][info ] Leaving safepoint region
[2019-11-28T17:53:09.411+0100][1642,573s][854][934][info ] Total time for which application threads were stopped: 0,0005963 seconds, Stopping threads took: 0,0001849 seconds
[2019-11-28T17:53:10.411+0100][1643,574s][854][934][info ] Application time: 1,0001939 seconds
[2019-11-28T17:53:10.411+0100][1643,574s][854][934][info ] Entering safepoint region: Cleanup
[2019-11-28T17:53:10.411+0100][1643,574s][854][934][info ] Leaving safepoint region
[2019-11-28T17:53:10.411+0100][1643,574s][854][934][info ] Total time for which application threads were stopped: 0,0004698 seconds, Stopping threads took: 0,0001180 seconds
[2019-11-28T17:53:11.412+0100][1644,575s][854][934][info ] Application time: 1,0002059 seconds
[2019-11-28T17:53:11.412+0100][1644,575s][854][934][info ] Entering safepoint region: Cleanup
[2019-11-28T17:53:11.412+0100][1644,575s][854][934][info ] Leaving safepoint region
[2019-11-28T17:53:11.413+0100][1644,575s][854][934][info ] Total time for which application threads were stopped: 0,0005591 seconds, Stopping threads took: 0,0001847 seconds
[2019-11-28T17:53:12.413+0100][1645,576s][854][934][info ] Application time: 1,0001737 seconds
[2019-11-28T17:53:12.413+0100][1645,576s][854][934][info ] Entering safepoint region: Cleanup
[2019-11-28T17:53:12.413+0100][1645,576s][854][934][info ] Leaving safepoint region
[2019-11-28T17:53:12.413+0100][1645,576s][854][934][info ] Total time for which application threads were stopped: 0,0004630 seconds, Stopping threads took: 0,0002220 seconds
[2019-11-28T17:53:13.414+0100][1646,577s][854][934][info ] Application time: 1,0001139 seconds
[2019-11-28T17:53:13.414+0100][1646,577s][854][934][info ] Entering safepoint region: Cleanup
[2019-11-28T17:53:13.414+0100][1646,577s][854][934][info ] Leaving safepoint region
[2019-11-28T17:53:13.414+0100][1646,577s][854][934][info ] Total time for which application threads were stopped: 0,0003137 seconds, Stopping threads took: 0,0000782 seconds
[2019-11-28T17:53:14.414+0100][1647,577s][854][934][info ] Application time: 1,0001911 seconds
[2019-11-28T17:53:14.414+0100][1647,577s][854][934][info ] Entering safepoint region: Cleanup
[2019-11-28T17:53:14.415+0100][1647,578s][854][934][info ] Leaving safepoint region
[2019-11-28T17:53:14.415+0100][1647,578s][854][934][info ] Total time for which application threads were stopped: 0,0005206 seconds, Stopping threads took: 0,0001320 seconds
[2019-11-28T17:53:15.326+0100][1648,489s][854][933][trace] CMS: promo attempt is safe: available(3670073704) >= av_promo(33954128), max_promo(46014616)
[2019-11-28T17:53:15.415+0100][1648,578s][854][934][info ] Application time: 1,0001829 seconds
[2019-11-28T17:53:15.415+0100][1648,578s][854][934][info ] Entering safepoint region: Cleanup
[2019-11-28T17:53:15.416+0100][1648,579s][854][934][info ] Leaving safepoint region
[2019-11-28T17:53:15.416+0100][1648,579s][854][934][info ] Total time for which application threads were stopped: 0,0005813 seconds, Stopping threads took: 0,0001433 seconds
[2019-11-28T17:53:16.416+0100][1649,579s][854][934][info ] Application time: 1,0001496 seconds
[2019-11-28T17:53:16.416+0100][1649,579s][854][934][info ] Entering safepoint region: Cleanup
[2019-11-28T17:53:16.417+0100][1649,580s][854][934][info ] Leaving safepoint region
[2019-11-28T17:53:16.417+0100][1649,580s][854][934][info ] Total time for which application threads were stopped: 0,0006856 seconds, Stopping threads took: 0,0002826 seconds
[2019-11-28T17:53:17.417+0100][1650,580s][854][934][info ] Application time: 1,0000912 seconds
[2019-11-28T17:53:17.417+0100][1650,580s][854][934][info ] Entering safepoint region: Cleanup
[2019-11-28T17:53:17.417+0100][1650,580s][854][934][info ] Leaving safepoint region
[2019-11-28T17:53:17.417+0100][1650,580s][854][934][info ] Total time for which application threads were stopped: 0,0001320 seconds, Stopping threads took: 0,0000361 seconds
[2019-11-28T17:53:18.418+0100][1651,581s][854][934][info ] Application time: 1,0001320 seconds
[2019-11-28T17:53:18.418+0100][1651,581s][854][934][info ] Entering safepoint region: Cleanup
[2019-11-28T17:53:18.418+0100][1651,581s][854][934][info ] Leaving safepoint region
[2019-11-28T17:53:18.418+0100][1651,581s][854][934][info ] Total time for which application threads were stopped: 0,0002006 seconds, Stopping threads took: 0,0000655 seconds
[2019-11-28T17:53:19.418+0100][1652,581s][854][934][info ] Application time: 1,0001820 seconds
[2019-11-28T17:53:19.418+0100][1652,581s][854][934][info ] Entering safepoint region: Cleanup
[2019-11-28T17:53:19.419+0100][1652,582s][854][934][info ] Leaving safepoint region
[2019-11-28T17:53:19.419+0100][1652,582s][854][934][info ] Total time for which application threads were stopped: 0,0003545 seconds, Stopping threads took: 0,0000932 seconds
[2019-11-28T17:53:20.419+0100][1653,582s][854][934][info ] Application time: 1,0001022 seconds
[2019-11-28T17:53:20.419+0100][1653,582s][854][934][info ] Entering safepoint region: Cleanup
[2019-11-28T17:53:20.419+0100][1653,582s][854][934][info ] Leaving safepoint region
[2019-11-28T17:53:20.419+0100][1653,582s][854][934][info ] Total time for which application threads were stopped: 0,0001998 seconds, Stopping threads took: 0,0000607 seconds
[2019-11-28T17:53:21.419+0100][1654,582s][854][934][info ] Application time: 1,0000758 seconds
[2019-11-28T17:53:21.419+0100][1654,582s][854][934][info ] Entering safepoint region: Cleanup
[2019-11-28T17:53:21.419+0100][1654,582s][854][934][info ] Leaving safepoint region
[2019-11-28T17:53:21.419+0100][1654,582s][854][934][info ] Total time for which application threads were stopped: 0,0002116 seconds, Stopping threads took: 0,0000470 seconds
[2019-11-28T17:53:22.420+0100][1655,583s][854][934][info ] Application time: 1,0000763 seconds
[2019-11-28T17:53:22.420+0100][1655,583s][854][934][info ] Entering safepoint region: Cleanup
[2019-11-28T17:53:22.420+0100][1655,583s][854][934][info ] Leaving safepoint region
[2019-11-28T17:53:22.420+0100][1655,583s][854][934][info ] Total time for which application threads were stopped: 0,0001545 seconds, Stopping threads took: 0,0000418 seconds
[2019-11-28T17:53:23.420+0100][1656,583s][854][934][info ] Application time: 1,0000953 seconds
[2019-11-28T17:53:23.420+0100][1656,583s][854][934][info ] Entering safepoint region: Cleanup
[2019-11-28T17:53:23.420+0100][1656,583s][854][934][info ] Leaving safepoint region
[2019-11-28T17:53:23.420+0100][1656,583s][854][934][info ] Total time for which application threads were stopped: 0,0002579 seconds, Stopping threads took: 0,0000620 seconds
[2019-11-28T17:53:24.420+0100][1657,583s][854][934][info ] Application time: 1,0001846 seconds
[2019-11-28T17:53:24.421+0100][1657,584s][854][934][info ] Entering safepoint region: Cleanup
[2019-11-28T17:53:24.421+0100][1657,584s][854][934][info ] Leaving safepoint region
[2019-11-28T17:53:24.421+0100][1657,584s][854][934][info ] Total time for which application threads were stopped: 0,0005370 seconds, Stopping threads took: 0,0001296 seconds
[2019-11-28T17:53:25.327+0100][1658,490s][854][933][trace] CMS: promo attempt is safe: available(3670073704) >= av_promo(33954128), max_promo(49430560)
[2019-11-28T17:53:25.421+0100][1658,584s][854][934][info ] Application time: 1,0001925 seconds
[2019-11-28T17:53:25.422+0100][1658,585s][854][934][info ] Entering safepoint region: Cleanup
[2019-11-28T17:53:25.422+0100][1658,585s][854][934][info ] Leaving safepoint region
[2019-11-28T17:53:25.422+0100][1658,585s][854][934][info ] Total time for which application threads were stopped: 0,0005229 seconds, Stopping threads took: 0,0001750 seconds
[2019-11-28T17:53:26.422+0100][1659,585s][854][934][info ] Application time: 1,0001662 seconds
[2019-11-28T17:53:26.423+0100][1659,586s][854][934][info ] Entering safepoint region: Cleanup
[2019-11-28T17:53:26.423+0100][1659,586s][854][934][info ] Leaving safepoint region
[2019-11-28T17:53:26.423+0100][1659,586s][854][934][info ] Total time for which application threads were stopped: 0,0006075 seconds, Stopping threads took: 0,0001382 seconds
[2019-11-28T17:53:27.424+0100][1660,587s][854][934][info ] Application time: 1,0002950 seconds
[2019-11-28T17:53:27.424+0100][1660,587s][854][934][info ] Entering safepoint region: Cleanup
[2019-11-28T17:53:27.424+0100][1660,587s][854][934][info ] Leaving safepoint region
[2019-11-28T17:53:27.424+0100][1660,587s][854][934][info ] Total time for which application threads were stopped: 0,0005279 seconds, Stopping threads took: 0,0001230 seconds
[2019-11-28T17:53:28.424+0100][1661,587s][854][934][info ] Application time: 1,0000956 seconds
[2019-11-28T17:53:28.425+0100][1661,588s][854][934][info ] Entering safepoint region: Cleanup
[2019-11-28T17:53:28.425+0100][1661,588s][854][934][info ] Leaving safepoint region
[2019-11-28T17:53:28.425+0100][1661,588s][854][934][info ] Total time for which application threads were stopped: 0,0001417 seconds, Stopping threads took: 0,0000341 seconds
[2019-11-28T17:53:29.425+0100][1662,588s][854][934][info ] Application time: 1,0000661 seconds
[2019-11-28T17:53:29.425+0100][1662,588s][854][934][info ] Entering safepoint region: Cleanup
[2019-11-28T17:53:29.425+0100][1662,588s][854][934][info ] Leaving safepoint region
[2019-11-28T17:53:29.425+0100][1662,588s][854][934][info ] Total time for which application threads were stopped: 0,0001034 seconds, Stopping threads took: 0,0000265 seconds
[2019-11-28T17:53:30.425+0100][1663,588s][854][934][info ] Application time: 1,0001441 seconds
[2019-11-28T17:53:30.425+0100][1663,588s][854][934][info ] Entering safepoint region: Cleanup
[2019-11-28T17:53:30.426+0100][1663,588s][854][934][info ] Leaving safepoint region
[2019-11-28T17:53:30.426+0100][1663,589s][854][934][info ] Total time for which application threads were stopped: 0,0003351 seconds, Stopping threads took: 0,0000994 seconds
[2019-11-28T17:53:31.426+0100][1664,589s][854][934][info ] Application time: 1,0001454 seconds
[2019-11-28T17:53:31.426+0100][1664,589s][854][934][info ] Entering safepoint region: Cleanup
[2019-11-28T17:53:31.426+0100][1664,589s][854][934][info ] Leaving safepoint region
[2019-11-28T17:53:31.426+0100][1664,589s][854][934][info ] Total time for which application threads were stopped: 0,0001664 seconds, Stopping threads took: 0,0000546 seconds
[2019-11-28T17:53:32.426+0100][1665,589s][854][934][info ] Application time: 1,0001848 seconds
[2019-11-28T17:53:32.426+0100][1665,589s][854][934][info ] Entering safepoint region: Cleanup
[2019-11-28T17:53:32.427+0100][1665,590s][854][934][info ] Leaving safepoint region
[2019-11-28T17:53:32.427+0100][1665,590s][854][934][info ] Total time for which application threads were stopped: 0,0006795 seconds, Stopping threads took: 0,0001334 seconds
[2019-11-28T17:53:33.427+0100][1666,590s][854][934][info ] Application time: 1,0001386 seconds
[2019-11-28T17:53:33.428+0100][1666,591s][854][934][info ] Entering safepoint region: Cleanup
[2019-11-28T17:53:33.428+0100][1666,591s][854][934][info ] Leaving safepoint region
[2019-11-28T17:53:33.428+0100][1666,591s][854][934][info ] Total time for which application threads were stopped: 0,0005771 seconds, Stopping threads took: 0,0002638 seconds
[2019-11-28T17:53:34.428+0100][1667,591s][854][934][info ] Application time: 1,0001769 seconds
[2019-11-28T17:53:34.429+0100][1667,592s][854][934][info ] Entering safepoint region: Cleanup
[2019-11-28T17:53:34.429+0100][1667,592s][854][934][info ] Leaving safepoint region
[2019-11-28T17:53:34.429+0100][1667,592s][854][934][info ] Total time for which application threads were stopped: 0,0004017 seconds, Stopping threads took: 0,0001322 seconds
[2019-11-28T17:53:35.326+0100][1668,489s][854][933][trace] CMS: promo attempt is safe: available(3670073704) >= av_promo(33954128), max_promo(51917360)
[2019-11-28T17:53:35.429+0100][1668,592s][854][934][info ] Application time: 1,0001148 seconds
[2019-11-28T17:53:35.429+0100][1668,592s][854][934][info ] Entering safepoint region: Cleanup
[2019-11-28T17:53:35.430+0100][1668,593s][854][934][info ] Leaving safepoint region
[2019-11-28T17:53:35.430+0100][1668,593s][854][934][info ] Total time for which application threads were stopped: 0,0005302 seconds, Stopping threads took: 0,0001753 seconds
[2019-11-28T17:53:36.430+0100][1669,593s][854][934][info ] Application time: 1,0002076 seconds
[2019-11-28T17:53:36.430+0100][1669,593s][854][934][info ] Entering safepoint region: Cleanup
[2019-11-28T17:53:36.431+0100][1669,594s][854][934][info ] Leaving safepoint region
[2019-11-28T17:53:36.431+0100][1669,594s][854][934][info ] Total time for which application threads were stopped: 0,0002799 seconds, Stopping threads took: 0,0000823 seconds
[2019-11-28T17:53:37.431+0100][1670,594s][854][934][info ] Application time: 1,0000889 seconds
[2019-11-28T17:53:37.431+0100][1670,594s][854][934][info ] Entering safepoint region: Cleanup
[2019-11-28T17:53:37.431+0100][1670,594s][854][934][info ] Leaving safepoint region
[2019-11-28T17:53:37.432+0100][1670,595s][854][934][info ] Total time for which application threads were stopped: 0,0005337 seconds, Stopping threads took: 0,0000991 seconds
[2019-11-28T17:53:38.432+0100][1671,595s][854][934][info ] Application time: 1,0000836 seconds
[2019-11-28T17:53:38.432+0100][1671,595s][854][934][info ] Entering safepoint region: Cleanup
[2019-11-28T17:53:38.432+0100][1671,595s][854][934][info ] Leaving safepoint region
[2019-11-28T17:53:38.432+0100][1671,595s][854][934][info ] Total time for which application threads were stopped: 0,0001107 seconds, Stopping threads took: 0,0000335 seconds
[2019-11-28T17:53:39.432+0100][1672,595s][854][934][info ] Application time: 1,0002084 seconds
[2019-11-28T17:53:39.432+0100][1672,595s][854][934][info ] Entering safepoint region: Cleanup
[2019-11-28T17:53:39.433+0100][1672,596s][854][934][info ] Leaving safepoint region
[2019-11-28T17:53:39.433+0100][1672,596s][854][934][info ] Total time for which application threads were stopped: 0,0005228 seconds, Stopping threads took: 0,0001514 seconds
[2019-11-28T17:53:40.433+0100][1673,596s][854][934][info ] Application time: 1,0002177 seconds
[2019-11-28T17:53:40.433+0100][1673,596s][854][934][info ] Entering safepoint region: Cleanup
[2019-11-28T17:53:40.434+0100][1673,597s][854][934][info ] Leaving safepoint region
[2019-11-28T17:53:40.434+0100][1673,597s][854][934][info ] Total time for which application threads were stopped: 0,0004526 seconds, Stopping threads took: 0,0001518 seconds
[2019-11-28T17:53:41.434+0100][1674,597s][854][934][info ] Application time: 1,0002557 seconds
[2019-11-28T17:53:41.434+0100][1674,597s][854][934][info ] Entering safepoint region: Cleanup
[2019-11-28T17:53:41.434+0100][1674,597s][854][934][info ] Leaving safepoint region
[2019-11-28T17:53:41.434+0100][1674,597s][854][934][info ] Total time for which application threads were stopped: 0,0002657 seconds, Stopping threads took: 0,0000848 seconds
[2019-11-28T17:53:42.435+0100][1675,598s][854][934][info ] Application time: 1,0002042 seconds
[2019-11-28T17:53:42.435+0100][1675,598s][854][934][info ] Entering safepoint region: Cleanup
[2019-11-28T17:53:42.435+0100][1675,598s][854][934][info ] Leaving safepoint region
[2019-11-28T17:53:42.435+0100][1675,598s][854][934][info ] Total time for which application threads were stopped: 0,0004491 seconds, Stopping threads took: 0,0001438 seconds
[2019-11-28T17:53:43.436+0100][1676,599s][854][934][info ] Application time: 1,0001713 seconds
[2019-11-28T17:53:43.436+0100][1676,599s][854][934][info ] Entering safepoint region: Cleanup
[2019-11-28T17:53:43.436+0100][1676,599s][854][934][info ] Leaving safepoint region
[2019-11-28T17:53:43.436+0100][1676,599s][854][934][info ] Total time for which application threads were stopped: 0,0002536 seconds, Stopping threads took: 0,0000631 seconds
[2019-11-28T17:53:44.436+0100][1677,599s][854][934][info ] Application time: 1,0001587 seconds
[2019-11-28T17:53:44.436+0100][1677,599s][854][934][info ] Entering safepoint region: Cleanup
[2019-11-28T17:53:44.437+0100][1677,600s][854][934][info ] Leaving safepoint region
[2019-11-28T17:53:44.437+0100][1677,600s][854][934][info ] Total time for which application threads were stopped: 0,0003137 seconds, Stopping threads took: 0,0000854 seconds
[2019-11-28T17:53:45.326+0100][1678,489s][854][933][trace] CMS: promo attempt is safe: available(3670073704) >= av_promo(33954128), max_promo(54404160)
[2019-11-28T17:53:45.437+0100][1678,600s][854][934][info ] Application time: 1,0001965 seconds
[2019-11-28T17:53:45.437+0100][1678,600s][854][934][info ] Entering safepoint region: Cleanup
[2019-11-28T17:53:45.438+0100][1678,601s][854][934][info ] Leaving safepoint region
[2019-11-28T17:53:45.438+0100][1678,601s][854][934][info ] Total time for which application threads were stopped: 0,0005202 seconds, Stopping threads took: 0,0001431 seconds
[2019-11-28T17:53:46.438+0100][1679,601s][854][934][info ] Application time: 1,0002015 seconds
[2019-11-28T17:53:46.438+0100][1679,601s][854][934][info ] Entering safepoint region: Cleanup
[2019-11-28T17:53:46.439+0100][1679,602s][854][934][info ] Leaving safepoint region
[2019-11-28T17:53:46.439+0100][1679,602s][854][934][info ] Total time for which application threads were stopped: 0,0005300 seconds, Stopping threads took: 0,0001381 seconds
[2019-11-28T17:53:47.439+0100][1680,602s][854][934][info ] Application time: 1,0001180 seconds
[2019-11-28T17:53:47.439+0100][1680,602s][854][934][info ] Entering safepoint region: Cleanup
[2019-11-28T17:53:47.439+0100][1680,602s][854][934][info ] Leaving safepoint region
[2019-11-28T17:53:47.439+0100][1680,602s][854][934][info ] Total time for which application threads were stopped: 0,0002966 seconds, Stopping threads took: 0,0000723 seconds
[2019-11-28T17:53:48.440+0100][1681,603s][854][934][info ] Application time: 1,0002932 seconds
[2019-11-28T17:53:48.440+0100][1681,603s][854][934][info ] Entering safepoint region: Cleanup
[2019-11-28T17:53:48.441+0100][1681,604s][854][934][info ] Leaving safepoint region
[2019-11-28T17:53:48.441+0100][1681,604s][854][934][info ] Total time for which application threads were stopped: 0,0006073 seconds, Stopping threads took: 0,0002031 seconds
[2019-11-28T17:53:49.441+0100][1682,604s][854][934][info ] Application time: 1,0001540 seconds
[2019-11-28T17:53:49.441+0100][1682,604s][854][934][info ] Entering safepoint region: Cleanup
[2019-11-28T17:53:49.441+0100][1682,604s][854][934][info ] Leaving safepoint region
[2019-11-28T17:53:49.441+0100][1682,604s][854][934][info ] Total time for which application threads were stopped: 0,0002304 seconds, Stopping threads took: 0,0000753 seconds
[2019-11-28T17:53:50.441+0100][1683,604s][854][934][info ] Application time: 1,0001049 seconds
[2019-11-28T17:53:50.441+0100][1683,604s][854][934][info ] Entering safepoint region: Cleanup
[2019-11-28T17:53:50.442+0100][1683,605s][854][934][info ] Leaving safepoint region
[2019-11-28T17:53:50.442+0100][1683,605s][854][934][info ] Total time for which application threads were stopped: 0,0001847 seconds, Stopping threads took: 0,0000580 seconds
[2019-11-28T17:53:51.442+0100][1684,605s][854][934][info ] Application time: 1,0001170 seconds
[2019-11-28T17:53:51.442+0100][1684,605s][854][934][info ] Entering safepoint region: Cleanup
[2019-11-28T17:53:51.443+0100][1684,606s][854][934][info ] Leaving safepoint region
[2019-11-28T17:53:51.443+0100][1684,606s][854][934][info ] Total time for which application threads were stopped: 0,0013562 seconds, Stopping threads took: 0,0002998 seconds
[2019-11-28T17:53:52.444+0100][1685,607s][854][934][info ] Application time: 1,0001760 seconds
[2019-11-28T17:53:52.444+0100][1685,607s][854][934][info ] Entering safepoint region: Cleanup
[2019-11-28T17:53:52.444+0100][1685,607s][854][934][info ] Leaving safepoint region
[2019-11-28T17:53:52.444+0100][1685,607s][854][934][info ] Total time for which application threads were stopped: 0,0002937 seconds, Stopping threads took: 0,0000823 seconds
[2019-11-28T17:53:53.445+0100][1686,608s][854][934][info ] Application time: 1,0001080 seconds
[2019-11-28T17:53:53.445+0100][1686,608s][854][934][info ] Entering safepoint region: Cleanup
[2019-11-28T17:53:53.445+0100][1686,608s][854][934][info ] Leaving safepoint region
[2019-11-28T17:53:53.445+0100][1686,608s][854][934][info ] Total time for which application threads were stopped: 0,0002837 seconds, Stopping threads took: 0,0000759 seconds
[2019-11-28T17:53:54.445+0100][1687,608s][854][934][info ] Application time: 1,0001551 seconds
[2019-11-28T17:53:54.445+0100][1687,608s][854][934][info ] Entering safepoint region: Cleanup
[2019-11-28T17:53:54.446+0100][1687,609s][854][934][info ] Leaving safepoint region
[2019-11-28T17:53:54.446+0100][1687,609s][854][934][info ] Total time for which application threads were stopped: 0,0003672 seconds, Stopping threads took: 0,0001040 seconds
[2019-11-28T17:53:55.326+0100][1688,489s][854][933][trace] CMS: promo attempt is safe: available(3670073704) >= av_promo(33954128), max_promo(57929184)
[2019-11-28T17:53:55.446+0100][1688,609s][854][934][info ] Application time: 1,0001946 seconds
[2019-11-28T17:53:55.446+0100][1688,609s][854][934][info ] Entering safepoint region: Cleanup
[2019-11-28T17:53:55.446+0100][1688,609s][854][934][info ] Leaving safepoint region
[2019-11-28T17:53:55.447+0100][1688,610s][854][934][info ] Total time for which application threads were stopped: 0,0004739 seconds, Stopping threads took: 0,0000993 seconds
[2019-11-28T17:53:56.448+0100][1689,611s][854][934][info ] Application time: 1,0010348 seconds
[2019-11-28T17:53:56.448+0100][1689,611s][854][934][info ] Entering safepoint region: Cleanup
[2019-11-28T17:53:56.448+0100][1689,611s][854][934][info ] Leaving safepoint region
[2019-11-28T17:53:56.448+0100][1689,611s][854][934][info ] Total time for which application threads were stopped: 0,0002692 seconds, Stopping threads took: 0,0000708 seconds
[2019-11-28T17:53:57.448+0100][1690,611s][854][934][info ] Application time: 1,0001675 seconds
[2019-11-28T17:53:57.449+0100][1690,612s][854][934][info ] Entering safepoint region: Cleanup
[2019-11-28T17:53:57.449+0100][1690,612s][854][934][info ] Leaving safepoint region
[2019-11-28T17:53:57.449+0100][1690,612s][854][934][info ] Total time for which application threads were stopped: 0,0003821 seconds, Stopping threads took: 0,0001222 seconds
[2019-11-28T17:53:58.449+0100][1691,612s][854][934][info ] Application time: 1,0001858 seconds
[2019-11-28T17:53:58.449+0100][1691,612s][854][934][info ] Entering safepoint region: Cleanup
[2019-11-28T17:53:58.450+0100][1691,613s][854][934][info ] Leaving safepoint region
[2019-11-28T17:53:58.450+0100][1691,613s][854][934][info ] Total time for which application threads were stopped: 0,0007061 seconds, Stopping threads took: 0,0002479 seconds
[2019-11-28T17:53:59.450+0100][1692,613s][854][934][info ] Application time: 1,0001953 seconds
[2019-11-28T17:53:59.451+0100][1692,614s][854][934][info ] Entering safepoint region: Cleanup
[2019-11-28T17:53:59.451+0100][1692,614s][854][934][info ] Leaving safepoint region
[2019-11-28T17:53:59.451+0100][1692,614s][854][934][info ] Total time for which application threads were stopped: 0,0005273 seconds, Stopping threads took: 0,0001309 seconds
[2019-11-28T17:54:00.452+0100][1693,615s][854][934][info ] Application time: 1,0002654 seconds
[2019-11-28T17:54:00.452+0100][1693,615s][854][934][info ] Entering safepoint region: Cleanup
[2019-11-28T17:54:00.452+0100][1693,615s][854][934][info ] Leaving safepoint region
[2019-11-28T17:54:00.453+0100][1693,615s][854][934][info ] Total time for which application threads were stopped: 0,0006899 seconds, Stopping threads took: 0,0001484 seconds
[2019-11-28T17:54:01.453+0100][1694,616s][854][934][info ] Application time: 1,0001513 seconds
[2019-11-28T17:54:01.453+0100][1694,616s][854][934][info ] Entering safepoint region: Cleanup
[2019-11-28T17:54:01.454+0100][1694,617s][854][934][info ] Leaving safepoint region
[2019-11-28T17:54:01.454+0100][1694,617s][854][934][info ] Total time for which application threads were stopped: 0,0007150 seconds, Stopping threads took: 0,0002322 seconds
[2019-11-28T17:54:02.454+0100][1695,617s][854][934][info ] Application time: 1,0001512 seconds
[2019-11-28T17:54:02.454+0100][1695,617s][854][934][info ] Entering safepoint region: Cleanup
[2019-11-28T17:54:02.455+0100][1695,618s][854][934][info ] Leaving safepoint region
[2019-11-28T17:54:02.455+0100][1695,618s][854][934][info ] Total time for which application threads were stopped: 0,0005546 seconds, Stopping threads took: 0,0001500 seconds
[2019-11-28T17:54:03.455+0100][1696,618s][854][934][info ] Application time: 1,0001981 seconds
[2019-11-28T17:54:03.455+0100][1696,618s][854][934][info ] Entering safepoint region: Cleanup
[2019-11-28T17:54:03.456+0100][1696,619s][854][934][info ] Leaving safepoint region
[2019-11-28T17:54:03.456+0100][1696,619s][854][934][info ] Total time for which application threads were stopped: 0,0007113 seconds, Stopping threads took: 0,0001278 seconds
[2019-11-28T17:54:04.456+0100][1697,619s][854][934][info ] Application time: 1,0001901 seconds
[2019-11-28T17:54:04.457+0100][1697,620s][854][934][info ] Entering safepoint region: Cleanup
[2019-11-28T17:54:04.457+0100][1697,620s][854][934][info ] Leaving safepoint region
[2019-11-28T17:54:04.457+0100][1697,620s][854][934][info ] Total time for which application threads were stopped: 0,0005260 seconds, Stopping threads took: 0,0001648 seconds
[2019-11-28T17:54:05.326+0100][1698,489s][854][933][trace] CMS: promo attempt is safe: available(3670073704) >= av_promo(33954128), max_promo(61474120)
[2019-11-28T17:54:05.457+0100][1698,620s][854][934][info ] Application time: 1,0001959 seconds
[2019-11-28T17:54:05.457+0100][1698,620s][854][934][info ] Entering safepoint region: Cleanup
[2019-11-28T17:54:05.458+0100][1698,621s][854][934][info ] Leaving safepoint region
[2019-11-28T17:54:05.458+0100][1698,621s][854][934][info ] Total time for which application threads were stopped: 0,0005349 seconds, Stopping threads took: 0,0001272 seconds
[2019-11-28T17:54:06.458+0100][1699,621s][854][934][info ] Application time: 1,0001497 seconds
[2019-11-28T17:54:06.458+0100][1699,621s][854][934][info ] Entering safepoint region: Cleanup
[2019-11-28T17:54:06.459+0100][1699,622s][854][934][info ] Leaving safepoint region
[2019-11-28T17:54:06.459+0100][1699,622s][854][934][info ] Total time for which application threads were stopped: 0,0005822 seconds, Stopping threads took: 0,0001483 seconds
[2019-11-28T17:54:07.459+0100][1700,622s][854][934][info ] Application time: 1,0001148 seconds
[2019-11-28T17:54:07.459+0100][1700,622s][854][934][info ] Entering safepoint region: Cleanup
[2019-11-28T17:54:07.459+0100][1700,622s][854][934][info ] Leaving safepoint region
[2019-11-28T17:54:07.459+0100][1700,622s][854][934][info ] Total time for which application threads were stopped: 0,0001642 seconds, Stopping threads took: 0,0000429 seconds
[2019-11-28T17:54:08.459+0100][1701,622s][854][934][info ] Application time: 1,0000895 seconds
[2019-11-28T17:54:08.460+0100][1701,623s][854][934][info ] Entering safepoint region: Cleanup
[2019-11-28T17:54:08.460+0100][1701,623s][854][934][info ] Leaving safepoint region
[2019-11-28T17:54:08.460+0100][1701,623s][854][934][info ] Total time for which application threads were stopped: 0,0002379 seconds, Stopping threads took: 0,0000848 seconds
[2019-11-28T17:54:09.460+0100][1702,623s][854][934][info ] Application time: 1,0001070 seconds
[2019-11-28T17:54:09.460+0100][1702,623s][854][934][info ] Entering safepoint region: Cleanup
[2019-11-28T17:54:09.460+0100][1702,623s][854][934][info ] Leaving safepoint region
[2019-11-28T17:54:09.460+0100][1702,623s][854][934][info ] Total time for which application threads were stopped: 0,0003535 seconds, Stopping threads took: 0,0001180 seconds
[2019-11-28T17:54:10.461+0100][1703,624s][854][934][info ] Application time: 1,0001969 seconds
[2019-11-28T17:54:10.461+0100][1703,624s][854][934][info ] Entering safepoint region: Cleanup
[2019-11-28T17:54:10.461+0100][1703,624s][854][934][info ] Leaving safepoint region
[2019-11-28T17:54:10.462+0100][1703,624s][854][934][info ] Total time for which application threads were stopped: 0,0006411 seconds, Stopping threads took: 0,0001777 seconds
[2019-11-28T17:54:11.462+0100][1704,625s][854][934][info ] Application time: 1,0001879 seconds
[2019-11-28T17:54:11.462+0100][1704,625s][854][934][info ] Entering safepoint region: Cleanup
[2019-11-28T17:54:11.462+0100][1704,625s][854][934][info ] Leaving safepoint region
[2019-11-28T17:54:11.463+0100][1704,626s][854][934][info ] Total time for which application threads were stopped: 0,0005688 seconds, Stopping threads took: 0,0001463 seconds
[2019-11-28T17:54:12.463+0100][1705,626s][854][934][info ] Application time: 1,0002166 seconds
[2019-11-28T17:54:12.463+0100][1705,626s][854][934][info ] Entering safepoint region: Cleanup
[2019-11-28T17:54:12.464+0100][1705,627s][854][934][info ] Leaving safepoint region
[2019-11-28T17:54:12.464+0100][1705,627s][854][934][info ] Total time for which application threads were stopped: 0,0008919 seconds, Stopping threads took: 0,0002158 seconds
[2019-11-28T17:54:13.464+0100][1706,627s][854][934][info ] Application time: 1,0001603 seconds
[2019-11-28T17:54:13.464+0100][1706,627s][854][934][info ] Entering safepoint region: Cleanup
[2019-11-28T17:54:13.465+0100][1706,628s][854][934][info ] Leaving safepoint region
[2019-11-28T17:54:13.465+0100][1706,628s][854][934][info ] Total time for which application threads were stopped: 0,0005787 seconds, Stopping threads took: 0,0001448 seconds
[2019-11-28T17:54:14.465+0100][1707,628s][854][934][info ] Application time: 1,0002052 seconds
[2019-11-28T17:54:14.466+0100][1707,629s][854][934][info ] Entering safepoint region: Cleanup
[2019-11-28T17:54:14.466+0100][1707,629s][854][934][info ] Leaving safepoint region
[2019-11-28T17:54:14.466+0100][1707,629s][854][934][info ] Total time for which application threads were stopped: 0,0004388 seconds, Stopping threads took: 0,0001403 seconds
[2019-11-28T17:54:15.326+0100][1708,489s][854][933][trace] CMS: promo attempt is safe: available(3670073704) >= av_promo(33954128), max_promo(64890064)
[2019-11-28T17:54:15.466+0100][1708,629s][854][934][info ] Application time: 1,0001546 seconds
[2019-11-28T17:54:15.466+0100][1708,629s][854][934][info ] Entering safepoint region: Cleanup
[2019-11-28T17:54:15.467+0100][1708,630s][854][934][info ] Leaving safepoint region
[2019-11-28T17:54:15.467+0100][1708,630s][854][934][info ] Total time for which application threads were stopped: 0,0003905 seconds, Stopping threads took: 0,0001246 seconds
[2019-11-28T17:54:16.467+0100][1709,630s][854][934][info ] Application time: 1,0001038 seconds
[2019-11-28T17:54:16.467+0100][1709,630s][854][934][info ] Entering safepoint region: Cleanup
[2019-11-28T17:54:16.467+0100][1709,630s][854][934][info ] Leaving safepoint region
[2019-11-28T17:54:16.467+0100][1709,630s][854][934][info ] Total time for which application threads were stopped: 0,0002079 seconds, Stopping threads took: 0,0000853 seconds
[2019-11-28T17:54:17.467+0100][1710,630s][854][934][info ] Application time: 1,0001849 seconds
[2019-11-28T17:54:17.468+0100][1710,631s][854][934][info ] Entering safepoint region: Cleanup
[2019-11-28T17:54:17.468+0100][1710,631s][854][934][info ] Leaving safepoint region
[2019-11-28T17:54:17.468+0100][1710,631s][854][934][info ] Total time for which application threads were stopped: 0,0005330 seconds, Stopping threads took: 0,0001975 seconds
[2019-11-28T17:54:18.469+0100][1711,631s][854][934][info ] Application time: 1,0001229 seconds
[2019-11-28T17:54:18.469+0100][1711,632s][854][934][info ] Entering safepoint region: Cleanup
[2019-11-28T17:54:18.469+0100][1711,632s][854][934][info ] Leaving safepoint region
[2019-11-28T17:54:18.469+0100][1711,632s][854][934][info ] Total time for which application threads were stopped: 0,0001291 seconds, Stopping threads took: 0,0000446 seconds
[2019-11-28T17:54:19.469+0100][1712,632s][854][934][info ] Application time: 1,0001969 seconds
[2019-11-28T17:54:19.469+0100][1712,632s][854][934][info ] Entering safepoint region: Cleanup
[2019-11-28T17:54:19.469+0100][1712,632s][854][934][info ] Leaving safepoint region
[2019-11-28T17:54:19.469+0100][1712,632s][854][934][info ] Total time for which application threads were stopped: 0,0002172 seconds, Stopping threads took: 0,0000462 seconds
[2019-11-28T17:54:20.469+0100][1713,632s][854][934][info ] Application time: 1,0001030 seconds
[2019-11-28T17:54:20.470+0100][1713,633s][854][934][info ] Entering safepoint region: Cleanup
[2019-11-28T17:54:20.470+0100][1713,633s][854][934][info ] Leaving safepoint region
[2019-11-28T17:54:20.470+0100][1713,633s][854][934][info ] Total time for which application threads were stopped: 0,0005342 seconds, Stopping threads took: 0,0001551 seconds
[2019-11-28T17:54:21.471+0100][1714,633s][854][934][info ] Application time: 1,0004074 seconds
[2019-11-28T17:54:21.471+0100][1714,634s][854][934][info ] Entering safepoint region: Cleanup
[2019-11-28T17:54:21.471+0100][1714,634s][854][934][info ] Leaving safepoint region
[2019-11-28T17:54:21.471+0100][1714,634s][854][934][info ] Total time for which application threads were stopped: 0,0001457 seconds, Stopping threads took: 0,0000403 seconds
[2019-11-28T17:54:22.471+0100][1715,634s][854][934][info ] Application time: 1,0001742 seconds
[2019-11-28T17:54:22.471+0100][1715,634s][854][934][info ] Entering safepoint region: Cleanup
[2019-11-28T17:54:22.472+0100][1715,635s][854][934][info ] Leaving safepoint region
[2019-11-28T17:54:22.472+0100][1715,635s][854][934][info ] Total time for which application threads were stopped: 0,0006069 seconds, Stopping threads took: 0,0001317 seconds
[2019-11-28T17:54:23.472+0100][1716,635s][854][934][info ] Application time: 1,0001217 seconds
[2019-11-28T17:54:23.472+0100][1716,635s][854][934][info ] Entering safepoint region: Cleanup
[2019-11-28T17:54:23.473+0100][1716,636s][854][934][info ] Leaving safepoint region
[2019-11-28T17:54:23.473+0100][1716,636s][854][934][info ] Total time for which application threads were stopped: 0,0005240 seconds, Stopping threads took: 0,0001515 seconds
[2019-11-28T17:54:24.473+0100][1717,636s][854][934][info ] Application time: 1,0001296 seconds
[2019-11-28T17:54:24.473+0100][1717,636s][854][934][info ] Entering safepoint region: Cleanup
[2019-11-28T17:54:24.473+0100][1717,636s][854][934][info ] Leaving safepoint region
[2019-11-28T17:54:24.473+0100][1717,636s][854][934][info ] Total time for which application threads were stopped: 0,0001121 seconds, Stopping threads took: 0,0000336 seconds
[2019-11-28T17:54:25.326+0100][1718,489s][854][933][trace] CMS: promo attempt is safe: available(3670073704) >= av_promo(33954128), max_promo(67723272)
[2019-11-28T17:54:25.473+0100][1718,636s][854][934][info ] Application time: 1,0000663 seconds
[2019-11-28T17:54:25.473+0100][1718,636s][854][934][info ] Entering safepoint region: Cleanup
[2019-11-28T17:54:25.473+0100][1718,636s][854][934][info ] Leaving safepoint region
[2019-11-28T17:54:25.473+0100][1718,636s][854][934][info ] Total time for which application threads were stopped: 0,0001151 seconds, Stopping threads took: 0,0000277 seconds
[2019-11-28T17:54:26.473+0100][1719,636s][854][934][info ] Application time: 1,0001581 seconds
[2019-11-28T17:54:26.474+0100][1719,637s][854][934][info ] Entering safepoint region: Cleanup
[2019-11-28T17:54:26.474+0100][1719,637s][854][934][info ] Leaving safepoint region
[2019-11-28T17:54:26.474+0100][1719,637s][854][934][info ] Total time for which application threads were stopped: 0,0005243 seconds, Stopping threads took: 0,0001610 seconds
[2019-11-28T17:54:27.474+0100][1720,637s][854][934][info ] Application time: 1,0001277 seconds
[2019-11-28T17:54:27.475+0100][1720,638s][854][934][info ] Entering safepoint region: Cleanup
[2019-11-28T17:54:27.475+0100][1720,638s][854][934][info ] Leaving safepoint region
[2019-11-28T17:54:27.475+0100][1720,638s][854][934][info ] Total time for which application threads were stopped: 0,0003336 seconds, Stopping threads took: 0,0000890 seconds
[2019-11-28T17:54:28.475+0100][1721,638s][854][934][info ] Application time: 1,0001702 seconds
[2019-11-28T17:54:28.475+0100][1721,638s][854][934][info ] Entering safepoint region: Cleanup
[2019-11-28T17:54:28.476+0100][1721,639s][854][934][info ] Leaving safepoint region
[2019-11-28T17:54:28.476+0100][1721,639s][854][934][info ] Total time for which application threads were stopped: 0,0004080 seconds, Stopping threads took: 0,0000948 seconds
[2019-11-28T17:54:29.476+0100][1722,639s][854][934][info ] Application time: 1,0004723 seconds
[2019-11-28T17:54:29.476+0100][1722,639s][854][934][info ] Entering safepoint region: Cleanup
[2019-11-28T17:54:29.476+0100][1722,639s][854][934][info ] Leaving safepoint region
[2019-11-28T17:54:29.477+0100][1722,639s][854][934][info ] Total time for which application threads were stopped: 0,0002015 seconds, Stopping threads took: 0,0000531 seconds
[2019-11-28T17:54:30.477+0100][1723,640s][854][934][info ] Application time: 1,0001361 seconds
[2019-11-28T17:54:30.477+0100][1723,640s][854][934][info ] Entering safepoint region: Cleanup
[2019-11-28T17:54:30.477+0100][1723,640s][854][934][info ] Leaving safepoint region
[2019-11-28T17:54:30.477+0100][1723,640s][854][934][info ] Total time for which application threads were stopped: 0,0001153 seconds, Stopping threads took: 0,0000259 seconds
[2019-11-28T17:54:31.477+0100][1724,640s][854][934][info ] Application time: 1,0000770 seconds
[2019-11-28T17:54:31.477+0100][1724,640s][854][934][info ] Entering safepoint region: Cleanup
[2019-11-28T17:54:31.477+0100][1724,640s][854][934][info ] Leaving safepoint region
[2019-11-28T17:54:31.477+0100][1724,640s][854][934][info ] Total time for which application threads were stopped: 0,0003837 seconds, Stopping threads took: 0,0000792 seconds
[2019-11-28T17:54:32.478+0100][1725,641s][854][934][info ] Application time: 1,0001836 seconds
[2019-11-28T17:54:32.478+0100][1725,641s][854][934][info ] Entering safepoint region: Cleanup
[2019-11-28T17:54:32.478+0100][1725,641s][854][934][info ] Leaving safepoint region
[2019-11-28T17:54:32.479+0100][1725,641s][854][934][info ] Total time for which application threads were stopped: 0,0005740 seconds, Stopping threads took: 0,0001839 seconds
[2019-11-28T17:54:33.479+0100][1726,642s][854][934][info ] Application time: 1,0001447 seconds
[2019-11-28T17:54:33.479+0100][1726,642s][854][934][info ] Entering safepoint region: Cleanup
[2019-11-28T17:54:33.479+0100][1726,642s][854][934][info ] Leaving safepoint region
[2019-11-28T17:54:33.479+0100][1726,642s][854][934][info ] Total time for which application threads were stopped: 0,0003669 seconds, Stopping threads took: 0,0001181 seconds
[2019-11-28T17:54:34.479+0100][1727,642s][854][934][info ] Application time: 1,0001192 seconds
[2019-11-28T17:54:34.479+0100][1727,642s][854][934][info ] Entering safepoint region: Cleanup
[2019-11-28T17:54:34.480+0100][1727,643s][854][934][info ] Leaving safepoint region
[2019-11-28T17:54:34.480+0100][1727,643s][854][934][info ] Total time for which application threads were stopped: 0,0001126 seconds, Stopping threads took: 0,0000351 seconds
[2019-11-28T17:54:35.326+0100][1728,489s][854][933][trace] CMS: promo attempt is safe: available(3670073704) >= av_promo(33954128), max_promo(71139216)
[2019-11-28T17:54:35.480+0100][1728,643s][854][934][info ] Application time: 1,0001156 seconds
[2019-11-28T17:54:35.480+0100][1728,643s][854][934][info ] Entering safepoint region: Cleanup
[2019-11-28T17:54:35.480+0100][1728,643s][854][934][info ] Leaving safepoint region
[2019-11-28T17:54:35.480+0100][1728,643s][854][934][info ] Total time for which application threads were stopped: 0,0003799 seconds, Stopping threads took: 0,0001236 seconds
[2019-11-28T17:54:36.481+0100][1729,644s][854][934][info ] Application time: 1,0001813 seconds
[2019-11-28T17:54:36.481+0100][1729,644s][854][934][info ] Entering safepoint region: Cleanup
[2019-11-28T17:54:36.481+0100][1729,644s][854][934][info ] Leaving safepoint region
[2019-11-28T17:54:36.481+0100][1729,644s][854][934][info ] Total time for which application threads were stopped: 0,0005285 seconds, Stopping threads took: 0,0001662 seconds
[2019-11-28T17:54:37.482+0100][1730,645s][854][934][info ] Application time: 1,0003066 seconds
[2019-11-28T17:54:37.482+0100][1730,645s][854][934][info ] Entering safepoint region: Cleanup
[2019-11-28T17:54:37.482+0100][1730,645s][854][934][info ] Leaving safepoint region
[2019-11-28T17:54:37.482+0100][1730,645s][854][934][info ] Total time for which application threads were stopped: 0,0004604 seconds, Stopping threads took: 0,0001215 seconds
[2019-11-28T17:54:38.483+0100][1731,646s][854][934][info ] Application time: 1,0001598 seconds
[2019-11-28T17:54:38.483+0100][1731,646s][854][934][info ] Entering safepoint region: Cleanup
[2019-11-28T17:54:38.483+0100][1731,646s][854][934][info ] Leaving safepoint region
[2019-11-28T17:54:38.483+0100][1731,646s][854][934][info ] Total time for which application threads were stopped: 0,0002955 seconds, Stopping threads took: 0,0000814 seconds
[2019-11-28T17:54:39.483+0100][1732,646s][854][934][info ] Application time: 1,0001350 seconds
[2019-11-28T17:54:39.484+0100][1732,647s][854][934][info ] Entering safepoint region: Cleanup
[2019-11-28T17:54:39.484+0100][1732,647s][854][934][info ] Leaving safepoint region
[2019-11-28T17:54:39.484+0100][1732,647s][854][934][info ] Total time for which application threads were stopped: 0,0006971 seconds, Stopping threads took: 0,0003227 seconds
[2019-11-28T17:54:40.484+0100][1733,647s][854][934][info ] Application time: 1,0000964 seconds
[2019-11-28T17:54:40.484+0100][1733,647s][854][934][info ] Entering safepoint region: Cleanup
[2019-11-28T17:54:40.485+0100][1733,648s][854][934][info ] Leaving safepoint region
[2019-11-28T17:54:40.485+0100][1733,648s][854][934][info ] Total time for which application threads were stopped: 0,0001409 seconds, Stopping threads took: 0,0000380 seconds
[2019-11-28T17:54:41.485+0100][1734,648s][854][934][info ] Application time: 1,0000979 seconds
[2019-11-28T17:54:41.485+0100][1734,648s][854][934][info ] Entering safepoint region: Cleanup
[2019-11-28T17:54:41.485+0100][1734,648s][854][934][info ] Leaving safepoint region
[2019-11-28T17:54:41.486+0100][1734,648s][854][934][info ] Total time for which application threads were stopped: 0,0004181 seconds, Stopping threads took: 0,0001171 seconds
[2019-11-28T17:54:42.486+0100][1735,649s][854][934][info ] Application time: 1,0001411 seconds
[2019-11-28T17:54:42.486+0100][1735,649s][854][934][info ] Entering safepoint region: Cleanup
[2019-11-28T17:54:42.486+0100][1735,649s][854][934][info ] Leaving safepoint region
[2019-11-28T17:54:42.486+0100][1735,649s][854][934][info ] Total time for which application threads were stopped: 0,0001238 seconds, Stopping threads took: 0,0000339 seconds
[2019-11-28T17:54:43.486+0100][1736,649s][854][934][info ] Application time: 1,0001245 seconds
[2019-11-28T17:54:43.486+0100][1736,649s][854][934][info ] Entering safepoint region: Cleanup
[2019-11-28T17:54:43.487+0100][1736,650s][854][934][info ] Leaving safepoint region
[2019-11-28T17:54:43.487+0100][1736,650s][854][934][info ] Total time for which application threads were stopped: 0,0004325 seconds, Stopping threads took: 0,0001380 seconds
[2019-11-28T17:54:44.487+0100][1737,650s][854][934][info ] Application time: 1,0000994 seconds
[2019-11-28T17:54:44.487+0100][1737,650s][854][934][info ] Entering safepoint region: Cleanup
[2019-11-28T17:54:44.487+0100][1737,650s][854][934][info ] Leaving safepoint region
[2019-11-28T17:54:44.487+0100][1737,650s][854][934][info ] Total time for which application threads were stopped: 0,0001517 seconds, Stopping threads took: 0,0000375 seconds
[2019-11-28T17:54:45.325+0100][1738,488s][854][933][trace] CMS: promo attempt is safe: available(3670073704) >= av_promo(33954128), max_promo(73626016)
[2019-11-28T17:54:45.487+0100][1738,650s][854][934][info ] Application time: 1,0001283 seconds
[2019-11-28T17:54:45.487+0100][1738,650s][854][934][info ] Entering safepoint region: Cleanup
[2019-11-28T17:54:45.488+0100][1738,651s][854][934][info ] Leaving safepoint region
[2019-11-28T17:54:45.488+0100][1738,651s][854][934][info ] Total time for which application threads were stopped: 0,0004471 seconds, Stopping threads took: 0,0001120 seconds
[2019-11-28T17:54:46.488+0100][1739,651s][854][934][info ] Application time: 1,0000942 seconds
[2019-11-28T17:54:46.488+0100][1739,651s][854][934][info ] Entering safepoint region: Cleanup
[2019-11-28T17:54:46.488+0100][1739,651s][854][934][info ] Leaving safepoint region
[2019-11-28T17:54:46.488+0100][1739,651s][854][934][info ] Total time for which application threads were stopped: 0,0001502 seconds, Stopping threads took: 0,0000391 seconds
[2019-11-28T17:54:47.488+0100][1740,651s][854][934][info ] Application time: 1,0002669 seconds
[2019-11-28T17:54:47.489+0100][1740,652s][854][934][info ] Entering safepoint region: Cleanup
[2019-11-28T17:54:47.489+0100][1740,652s][854][934][info ] Leaving safepoint region
[2019-11-28T17:54:47.489+0100][1740,652s][854][934][info ] Total time for which application threads were stopped: 0,0001481 seconds, Stopping threads took: 0,0000399 seconds
[2019-11-28T17:54:48.489+0100][1741,652s][854][934][info ] Application time: 1,0000867 seconds
[2019-11-28T17:54:48.489+0100][1741,652s][854][934][info ] Entering safepoint region: Cleanup
[2019-11-28T17:54:48.489+0100][1741,652s][854][934][info ] Leaving safepoint region
[2019-11-28T17:54:48.489+0100][1741,652s][854][934][info ] Total time for which application threads were stopped: 0,0001567 seconds, Stopping threads took: 0,0000410 seconds
[2019-11-28T17:54:49.489+0100][1742,652s][854][934][info ] Application time: 1,0000698 seconds
[2019-11-28T17:54:49.489+0100][1742,652s][854][934][info ] Entering safepoint region: Cleanup
[2019-11-28T17:54:49.489+0100][1742,652s][854][934][info ] Leaving safepoint region
[2019-11-28T17:54:49.489+0100][1742,652s][854][934][info ] Total time for which application threads were stopped: 0,0001121 seconds, Stopping threads took: 0,0000345 seconds
[2019-11-28T17:54:50.489+0100][1743,652s][854][934][info ] Application time: 1,0000944 seconds
[2019-11-28T17:54:50.490+0100][1743,653s][854][934][info ] Entering safepoint region: Cleanup
[2019-11-28T17:54:50.490+0100][1743,653s][854][934][info ] Leaving safepoint region
[2019-11-28T17:54:50.490+0100][1743,653s][854][934][info ] Total time for which application threads were stopped: 0,0003494 seconds, Stopping threads took: 0,0001018 seconds
[2019-11-28T17:54:51.490+0100][1744,653s][854][934][info ] Application time: 1,0000859 seconds
[2019-11-28T17:54:51.490+0100][1744,653s][854][934][info ] Entering safepoint region: Cleanup
[2019-11-28T17:54:51.490+0100][1744,653s][854][934][info ] Leaving safepoint region
[2019-11-28T17:54:51.490+0100][1744,653s][854][934][info ] Total time for which application threads were stopped: 0,0001363 seconds, Stopping threads took: 0,0000415 seconds
[2019-11-28T17:54:52.491+0100][1745,654s][854][934][info ] Application time: 1,0009611 seconds
[2019-11-28T17:54:52.491+0100][1745,654s][854][934][info ] Entering safepoint region: Cleanup
[2019-11-28T17:54:52.491+0100][1745,654s][854][934][info ] Leaving safepoint region
[2019-11-28T17:54:52.491+0100][1745,654s][854][934][info ] Total time for which application threads were stopped: 0,0001471 seconds, Stopping threads took: 0,0000390 seconds
[2019-11-28T17:54:53.492+0100][1746,655s][854][934][info ] Application time: 1,0001886 seconds
[2019-11-28T17:54:53.492+0100][1746,655s][854][934][info ] Entering safepoint region: Cleanup
[2019-11-28T17:54:53.492+0100][1746,655s][854][934][info ] Leaving safepoint region
[2019-11-28T17:54:53.492+0100][1746,655s][854][934][info ] Total time for which application threads were stopped: 0,0004268 seconds, Stopping threads took: 0,0001280 seconds
[2019-11-28T17:54:54.493+0100][1747,656s][854][934][info ] Application time: 1,0002841 seconds
[2019-11-28T17:54:54.493+0100][1747,656s][854][934][info ] Entering safepoint region: Cleanup
[2019-11-28T17:54:54.493+0100][1747,656s][854][934][info ] Leaving safepoint region
[2019-11-28T17:54:54.493+0100][1747,656s][854][934][info ] Total time for which application threads were stopped: 0,0004670 seconds, Stopping threads took: 0,0001191 seconds
[2019-11-28T17:54:55.325+0100][1748,488s][854][933][trace] CMS: promo attempt is safe: available(3670073704) >= av_promo(33954128), max_promo(77271216)
[2019-11-28T17:54:55.494+0100][1748,657s][854][934][info ] Application time: 1,0001986 seconds
[2019-11-28T17:54:55.494+0100][1748,657s][854][934][info ] Entering safepoint region: Cleanup
[2019-11-28T17:54:55.494+0100][1748,657s][854][934][info ] Leaving safepoint region
[2019-11-28T17:54:55.494+0100][1748,657s][854][934][info ] Total time for which application threads were stopped: 0,0005260 seconds, Stopping threads took: 0,0001809 seconds
[2019-11-28T17:54:56.495+0100][1749,658s][854][934][info ] Application time: 1,0001261 seconds
[2019-11-28T17:54:56.495+0100][1749,658s][854][934][info ] Entering safepoint region: Cleanup
[2019-11-28T17:54:56.495+0100][1749,658s][854][934][info ] Leaving safepoint region
[2019-11-28T17:54:56.495+0100][1749,658s][854][934][info ] Total time for which application threads were stopped: 0,0005269 seconds, Stopping threads took: 0,0001581 seconds
[2019-11-28T17:54:57.495+0100][1750,658s][854][934][info ] Application time: 1,0001358 seconds
[2019-11-28T17:54:57.496+0100][1750,659s][854][934][info ] Entering safepoint region: Cleanup
[2019-11-28T17:54:57.496+0100][1750,659s][854][934][info ] Leaving safepoint region
[2019-11-28T17:54:57.496+0100][1750,659s][854][934][info ] Total time for which application threads were stopped: 0,0001636 seconds, Stopping threads took: 0,0000388 seconds
[2019-11-28T17:54:58.496+0100][1751,659s][854][934][info ] Application time: 1,0000934 seconds
[2019-11-28T17:54:58.496+0100][1751,659s][854][934][info ] Entering safepoint region: Cleanup
[2019-11-28T17:54:58.496+0100][1751,659s][854][934][info ] Leaving safepoint region
[2019-11-28T17:54:58.497+0100][1751,660s][854][934][info ] Total time for which application threads were stopped: 0,0005137 seconds, Stopping threads took: 0,0001554 seconds
[2019-11-28T17:54:59.497+0100][1752,660s][854][934][info ] Application time: 1,0001681 seconds
[2019-11-28T17:54:59.497+0100][1752,660s][854][934][info ] Entering safepoint region: Cleanup
[2019-11-28T17:54:59.497+0100][1752,660s][854][934][info ] Leaving safepoint region
[2019-11-28T17:54:59.497+0100][1752,660s][854][934][info ] Total time for which application threads were stopped: 0,0004525 seconds, Stopping threads took: 0,0001405 seconds
[2019-11-28T17:55:00.498+0100][1753,661s][854][934][info ] Application time: 1,0000845 seconds
[2019-11-28T17:55:00.498+0100][1753,661s][854][934][info ] Entering safepoint region: Cleanup
[2019-11-28T17:55:00.498+0100][1753,661s][854][934][info ] Leaving safepoint region
[2019-11-28T17:55:00.498+0100][1753,661s][854][934][info ] Total time for which application threads were stopped: 0,0001276 seconds, Stopping threads took: 0,0000447 seconds
[2019-11-28T17:55:01.498+0100][1754,661s][854][934][info ] Application time: 1,0001301 seconds
[2019-11-28T17:55:01.498+0100][1754,661s][854][934][info ] Entering safepoint region: Cleanup
[2019-11-28T17:55:01.498+0100][1754,661s][854][934][info ] Leaving safepoint region
[2019-11-28T17:55:01.499+0100][1754,661s][854][934][info ] Total time for which application threads were stopped: 0,0004438 seconds, Stopping threads took: 0,0001487 seconds
[2019-11-28T17:55:02.499+0100][1755,662s][854][934][info ] Application time: 1,0001722 seconds
[2019-11-28T17:55:02.499+0100][1755,662s][854][934][info ] Entering safepoint region: Cleanup
[2019-11-28T17:55:02.499+0100][1755,662s][854][934][info ] Leaving safepoint region
[2019-11-28T17:55:02.499+0100][1755,662s][854][934][info ] Total time for which application threads were stopped: 0,0004016 seconds, Stopping threads took: 0,0001085 seconds
[2019-11-28T17:55:03.500+0100][1756,663s][854][934][info ] Application time: 1,0001212 seconds
[2019-11-28T17:55:03.500+0100][1756,663s][854][934][info ] Entering safepoint region: Cleanup
[2019-11-28T17:55:03.500+0100][1756,663s][854][934][info ] Leaving safepoint region
[2019-11-28T17:55:03.500+0100][1756,663s][854][934][info ] Total time for which application threads were stopped: 0,0005947 seconds, Stopping threads took: 0,0001624 seconds
[2019-11-28T17:55:04.501+0100][1757,664s][854][934][info ] Application time: 1,0002381 seconds
[2019-11-28T17:55:04.501+0100][1757,664s][854][934][info ] Entering safepoint region: Cleanup
[2019-11-28T17:55:04.502+0100][1757,664s][854][934][info ] Leaving safepoint region
[2019-11-28T17:55:04.502+0100][1757,665s][854][934][info ] Total time for which application threads were stopped: 0,0006353 seconds, Stopping threads took: 0,0001479 seconds
[2019-11-28T17:55:05.325+0100][1758,488s][854][933][trace] CMS: promo attempt is safe: available(3670073704) >= av_promo(33954128), max_promo(79758016)
[2019-11-28T17:55:05.502+0100][1758,665s][854][934][info ] Application time: 1,0001923 seconds
[2019-11-28T17:55:05.502+0100][1758,665s][854][934][info ] Entering safepoint region: Cleanup
[2019-11-28T17:55:05.502+0100][1758,665s][854][934][info ] Leaving safepoint region
[2019-11-28T17:55:05.503+0100][1758,665s][854][934][info ] Total time for which application threads were stopped: 0,0004567 seconds, Stopping threads took: 0,0001023 seconds
[2019-11-28T17:55:06.503+0100][1759,666s][854][934][info ] Application time: 1,0002818 seconds
[2019-11-28T17:55:06.503+0100][1759,666s][854][934][info ] Entering safepoint region: Cleanup
[2019-11-28T17:55:06.504+0100][1759,666s][854][934][info ] Leaving safepoint region
[2019-11-28T17:55:06.504+0100][1759,667s][854][934][info ] Total time for which application threads were stopped: 0,0006644 seconds, Stopping threads took: 0,0001251 seconds
[2019-11-28T17:55:07.504+0100][1760,667s][854][934][info ] Application time: 1,0001274 seconds
[2019-11-28T17:55:07.504+0100][1760,667s][854][934][info ] Entering safepoint region: Cleanup
[2019-11-28T17:55:07.504+0100][1760,667s][854][934][info ] Leaving safepoint region
[2019-11-28T17:55:07.504+0100][1760,667s][854][934][info ] Total time for which application threads were stopped: 0,0004067 seconds, Stopping threads took: 0,0000910 seconds
[2019-11-28T17:55:08.505+0100][1761,668s][854][934][info ] Application time: 1,0002663 seconds
[2019-11-28T17:55:08.505+0100][1761,668s][854][934][info ] Entering safepoint region: Cleanup
[2019-11-28T17:55:08.505+0100][1761,668s][854][934][info ] Leaving safepoint region
[2019-11-28T17:55:08.506+0100][1761,668s][854][934][info ] Total time for which application threads were stopped: 0,0004962 seconds, Stopping threads took: 0,0001219 seconds
[2019-11-28T17:55:09.506+0100][1762,669s][854][934][info ] Application time: 1,0001489 seconds
[2019-11-28T17:55:09.506+0100][1762,669s][854][934][info ] Entering safepoint region: Cleanup
[2019-11-28T17:55:09.506+0100][1762,669s][854][934][info ] Leaving safepoint region
[2019-11-28T17:55:09.507+0100][1762,670s][854][934][info ] Total time for which application threads were stopped: 0,0005901 seconds, Stopping threads took: 0,0001560 seconds
[2019-11-28T17:55:10.507+0100][1763,670s][854][934][info ] Application time: 1,0001588 seconds
[2019-11-28T17:55:10.507+0100][1763,670s][854][934][info ] Entering safepoint region: Cleanup
[2019-11-28T17:55:10.507+0100][1763,670s][854][934][info ] Leaving safepoint region
[2019-11-28T17:55:10.507+0100][1763,670s][854][934][info ] Total time for which application threads were stopped: 0,0005194 seconds, Stopping threads took: 0,0001342 seconds
[2019-11-28T17:55:11.508+0100][1764,671s][854][934][info ] Application time: 1,0001461 seconds
[2019-11-28T17:55:11.508+0100][1764,671s][854][934][info ] Entering safepoint region: Cleanup
[2019-11-28T17:55:11.508+0100][1764,671s][854][934][info ] Leaving safepoint region
[2019-11-28T17:55:11.514+0100][1764,677s][854][934][info ] Total time for which application threads were stopped: 0,0060241 seconds, Stopping threads took: 0,0001571 seconds
[2019-11-28T17:55:12.514+0100][1765,677s][854][934][info ] Application time: 1,0001533 seconds
[2019-11-28T17:55:12.514+0100][1765,677s][854][934][info ] Entering safepoint region: Cleanup
[2019-11-28T17:55:12.515+0100][1765,678s][854][934][info ] Leaving safepoint region
[2019-11-28T17:55:12.515+0100][1765,678s][854][934][info ] Total time for which application threads were stopped: 0,0006632 seconds, Stopping threads took: 0,0001733 seconds
[2019-11-28T17:55:13.515+0100][1766,678s][854][934][info ] Application time: 1,0000984 seconds
[2019-11-28T17:55:13.515+0100][1766,678s][854][934][info ] Entering safepoint region: Cleanup
[2019-11-28T17:55:13.515+0100][1766,678s][854][934][info ] Leaving safepoint region
[2019-11-28T17:55:13.515+0100][1766,678s][854][934][info ] Total time for which application threads were stopped: 0,0001183 seconds, Stopping threads took: 0,0000292 seconds
[2019-11-28T17:55:14.516+0100][1767,679s][854][934][info ] Application time: 1,0002042 seconds
[2019-11-28T17:55:14.516+0100][1767,679s][854][934][info ] Entering safepoint region: Cleanup
[2019-11-28T17:55:14.516+0100][1767,679s][854][934][info ] Leaving safepoint region
[2019-11-28T17:55:14.516+0100][1767,679s][854][934][info ] Total time for which application threads were stopped: 0,0004087 seconds, Stopping threads took: 0,0000893 seconds
[2019-11-28T17:55:15.324+0100][1768,487s][854][933][trace] CMS: promo attempt is safe: available(3670073704) >= av_promo(33954128), max_promo(84232096)
[2019-11-28T17:55:15.516+0100][1768,679s][854][934][info ] Application time: 1,0001737 seconds
[2019-11-28T17:55:15.517+0100][1768,680s][854][934][info ] Entering safepoint region: Cleanup
[2019-11-28T17:55:15.517+0100][1768,680s][854][934][info ] Leaving safepoint region
[2019-11-28T17:55:15.517+0100][1768,680s][854][934][info ] Total time for which application threads were stopped: 0,0004034 seconds, Stopping threads took: 0,0000920 seconds
[2019-11-28T17:55:16.517+0100][1769,680s][854][934][info ] Application time: 1,0002597 seconds
[2019-11-28T17:55:16.518+0100][1769,681s][854][934][info ] Entering safepoint region: Cleanup
[2019-11-28T17:55:16.518+0100][1769,681s][854][934][info ] Leaving safepoint region
[2019-11-28T17:55:16.518+0100][1769,681s][854][934][info ] Total time for which application threads were stopped: 0,0005011 seconds, Stopping threads took: 0,0001585 seconds
[2019-11-28T17:55:17.518+0100][1770,681s][854][934][info ] Application time: 1,0001247 seconds
[2019-11-28T17:55:17.518+0100][1770,681s][854][934][info ] Entering safepoint region: Cleanup
[2019-11-28T17:55:17.519+0100][1770,682s][854][934][info ] Leaving safepoint region
[2019-11-28T17:55:17.519+0100][1770,682s][854][934][info ] Total time for which application threads were stopped: 0,0005026 seconds, Stopping threads took: 0,0001320 seconds
[2019-11-28T17:55:18.519+0100][1771,682s][854][934][info ] Application time: 1,0002569 seconds
[2019-11-28T17:55:18.519+0100][1771,682s][854][934][info ] Entering safepoint region: Cleanup
[2019-11-28T17:55:18.520+0100][1771,683s][854][934][info ] Leaving safepoint region
[2019-11-28T17:55:18.520+0100][1771,683s][854][934][info ] Total time for which application threads were stopped: 0,0006251 seconds, Stopping threads took: 0,0001491 seconds
[2019-11-28T17:55:19.520+0100][1772,683s][854][934][info ] Application time: 1,0001755 seconds
[2019-11-28T17:55:19.521+0100][1772,684s][854][934][info ] Entering safepoint region: Cleanup
[2019-11-28T17:55:19.521+0100][1772,684s][854][934][info ] Leaving safepoint region
[2019-11-28T17:55:19.521+0100][1772,684s][854][934][info ] Total time for which application threads were stopped: 0,0006599 seconds, Stopping threads took: 0,0001929 seconds
[2019-11-28T17:55:20.521+0100][1773,684s][854][934][info ] Application time: 1,0001425 seconds
[2019-11-28T17:55:20.522+0100][1773,685s][854][934][info ] Entering safepoint region: Cleanup
[2019-11-28T17:55:20.522+0100][1773,685s][854][934][info ] Leaving safepoint region
[2019-11-28T17:55:20.522+0100][1773,685s][854][934][info ] Total time for which application threads were stopped: 0,0005060 seconds, Stopping threads took: 0,0001945 seconds
[2019-11-28T17:55:21.522+0100][1774,685s][854][934][info ] Application time: 1,0003020 seconds
[2019-11-28T17:55:21.523+0100][1774,686s][854][934][info ] Entering safepoint region: Cleanup
[2019-11-28T17:55:21.523+0100][1774,686s][854][934][info ] Leaving safepoint region
[2019-11-28T17:55:21.523+0100][1774,686s][854][934][info ] Total time for which application threads were stopped: 0,0005622 seconds, Stopping threads took: 0,0001439 seconds
[2019-11-28T17:55:22.524+0100][1775,687s][854][934][info ] Application time: 1,0002218 seconds
[2019-11-28T17:55:22.524+0100][1775,687s][854][934][info ] Entering safepoint region: Cleanup
[2019-11-28T17:55:22.524+0100][1775,687s][854][934][info ] Leaving safepoint region
[2019-11-28T17:55:22.524+0100][1775,687s][854][934][info ] Total time for which application threads were stopped: 0,0006045 seconds, Stopping threads took: 0,0001362 seconds
[2019-11-28T17:55:23.525+0100][1776,688s][854][934][info ] Application time: 1,0002096 seconds
[2019-11-28T17:55:23.525+0100][1776,688s][854][934][info ] Entering safepoint region: Cleanup
[2019-11-28T17:55:23.525+0100][1776,688s][854][934][info ] Leaving safepoint region
[2019-11-28T17:55:23.525+0100][1776,688s][854][934][info ] Total time for which application threads were stopped: 0,0004296 seconds, Stopping threads took: 0,0001384 seconds
[2019-11-28T17:55:24.526+0100][1777,689s][854][934][info ] Application time: 1,0008575 seconds
[2019-11-28T17:55:24.527+0100][1777,690s][854][934][info ] Entering safepoint region: Cleanup
[2019-11-28T17:55:24.527+0100][1777,690s][854][934][info ] Leaving safepoint region
[2019-11-28T17:55:24.527+0100][1777,690s][854][934][info ] Total time for which application threads were stopped: 0,0005645 seconds, Stopping threads took: 0,0001474 seconds
[2019-11-28T17:55:25.324+0100][1778,487s][854][933][trace] CMS: promo attempt is safe: available(3670073704) >= av_promo(33954128), max_promo(86718896)
[2019-11-28T17:55:25.527+0100][1778,690s][854][934][info ] Application time: 1,0001181 seconds
[2019-11-28T17:55:25.527+0100][1778,690s][854][934][info ] Entering safepoint region: Cleanup
[2019-11-28T17:55:25.528+0100][1778,691s][854][934][info ] Leaving safepoint region
[2019-11-28T17:55:25.528+0100][1778,691s][854][934][info ] Total time for which application threads were stopped: 0,0005724 seconds, Stopping threads took: 0,0001068 seconds
[2019-11-28T17:55:26.528+0100][1779,691s][854][934][info ] Application time: 1,0001532 seconds
[2019-11-28T17:55:26.528+0100][1779,691s][854][934][info ] Entering safepoint region: Cleanup
[2019-11-28T17:55:26.529+0100][1779,692s][854][934][info ] Leaving safepoint region
[2019-11-28T17:55:26.529+0100][1779,692s][854][934][info ] Total time for which application threads were stopped: 0,0004671 seconds, Stopping threads took: 0,0001075 seconds
[2019-11-28T17:55:27.529+0100][1780,692s][854][934][info ] Application time: 1,0000870 seconds
[2019-11-28T17:55:27.529+0100][1780,692s][854][934][info ] Entering safepoint region: Cleanup
[2019-11-28T17:55:27.529+0100][1780,692s][854][934][info ] Leaving safepoint region
[2019-11-28T17:55:27.529+0100][1780,692s][854][934][info ] Total time for which application threads were stopped: 0,0001576 seconds, Stopping threads took: 0,0000378 seconds
[2019-11-28T17:55:28.529+0100][1781,692s][854][934][info ] Application time: 1,0000912 seconds
[2019-11-28T17:55:28.530+0100][1781,693s][854][934][info ] Entering safepoint region: Cleanup
[2019-11-28T17:55:28.530+0100][1781,693s][854][934][info ] Leaving safepoint region
[2019-11-28T17:55:28.530+0100][1781,693s][854][934][info ] Total time for which application threads were stopped: 0,0003180 seconds, Stopping threads took: 0,0001012 seconds
[2019-11-28T17:55:29.530+0100][1782,693s][854][934][info ] Application time: 1,0001498 seconds
[2019-11-28T17:55:29.530+0100][1782,693s][854][934][info ] Entering safepoint region: Cleanup
[2019-11-28T17:55:29.531+0100][1782,694s][854][934][info ] Leaving safepoint region
[2019-11-28T17:55:29.531+0100][1782,694s][854][934][info ] Total time for which application threads were stopped: 0,0004806 seconds, Stopping threads took: 0,0001114 seconds
[2019-11-28T17:55:30.531+0100][1783,694s][854][934][info ] Application time: 1,0001738 seconds
[2019-11-28T17:55:30.532+0100][1783,695s][854][934][info ] Entering safepoint region: Cleanup
[2019-11-28T17:55:30.532+0100][1783,695s][854][934][info ] Leaving safepoint region
[2019-11-28T17:55:30.532+0100][1783,695s][854][934][info ] Total time for which application threads were stopped: 0,0007885 seconds, Stopping threads took: 0,0004367 seconds
[2019-11-28T17:55:31.533+0100][1784,696s][854][934][info ] Application time: 1,0001859 seconds
[2019-11-28T17:55:31.533+0100][1784,696s][854][934][info ] Entering safepoint region: Cleanup
[2019-11-28T17:55:31.533+0100][1784,696s][854][934][info ] Leaving safepoint region
[2019-11-28T17:55:31.533+0100][1784,696s][854][934][info ] Total time for which application threads were stopped: 0,0005264 seconds, Stopping threads took: 0,0001820 seconds
[2019-11-28T17:55:32.534+0100][1785,697s][854][934][info ] Application time: 1,0001188 seconds
[2019-11-28T17:55:32.534+0100][1785,697s][854][934][info ] Entering safepoint region: Cleanup
[2019-11-28T17:55:32.534+0100][1785,697s][854][934][info ] Leaving safepoint region
[2019-11-28T17:55:32.534+0100][1785,697s][854][934][info ] Total time for which application threads were stopped: 0,0004757 seconds, Stopping threads took: 0,0001280 seconds
[2019-11-28T17:55:33.534+0100][1786,697s][854][934][info ] Application time: 1,0000953 seconds
[2019-11-28T17:55:33.534+0100][1786,697s][854][934][info ] Entering safepoint region: Cleanup
[2019-11-28T17:55:33.534+0100][1786,697s][854][934][info ] Leaving safepoint region
[2019-11-28T17:55:33.534+0100][1786,697s][854][934][info ] Total time for which application threads were stopped: 0,0001619 seconds, Stopping threads took: 0,0000379 seconds
[2019-11-28T17:55:34.535+0100][1787,698s][854][934][info ] Application time: 1,0001333 seconds
[2019-11-28T17:55:34.535+0100][1787,698s][854][934][info ] Entering safepoint region: Cleanup
[2019-11-28T17:55:34.535+0100][1787,698s][854][934][info ] Leaving safepoint region
[2019-11-28T17:55:34.535+0100][1787,698s][854][934][info ] Total time for which application threads were stopped: 0,0005377 seconds, Stopping threads took: 0,0001538 seconds
[2019-11-28T17:55:35.325+0100][1788,488s][854][933][trace] CMS: promo attempt is safe: available(3670073704) >= av_promo(33954128), max_promo(90134840)
[2019-11-28T17:55:35.535+0100][1788,698s][854][934][info ] Application time: 1,0000873 seconds
[2019-11-28T17:55:35.536+0100][1788,699s][854][934][info ] Entering safepoint region: Cleanup
[2019-11-28T17:55:35.536+0100][1788,699s][854][934][info ] Leaving safepoint region
[2019-11-28T17:55:35.536+0100][1788,699s][854][934][info ] Total time for which application threads were stopped: 0,0001311 seconds, Stopping threads took: 0,0000265 seconds
[2019-11-28T17:55:36.536+0100][1789,699s][854][934][info ] Application time: 1,0000705 seconds
[2019-11-28T17:55:36.536+0100][1789,699s][854][934][info ] Entering safepoint region: Cleanup
[2019-11-28T17:55:36.536+0100][1789,699s][854][934][info ] Leaving safepoint region
[2019-11-28T17:55:36.536+0100][1789,699s][854][934][info ] Total time for which application threads were stopped: 0,0001307 seconds, Stopping threads took: 0,0000449 seconds
[2019-11-28T17:55:37.536+0100][1790,699s][854][934][info ] Application time: 1,0000931 seconds
[2019-11-28T17:55:37.536+0100][1790,699s][854][934][info ] Entering safepoint region: Cleanup
[2019-11-28T17:55:37.537+0100][1790,700s][854][934][info ] Leaving safepoint region
[2019-11-28T17:55:37.537+0100][1790,700s][854][934][info ] Total time for which application threads were stopped: 0,0004401 seconds, Stopping threads took: 0,0001134 seconds
[2019-11-28T17:55:38.537+0100][1791,700s][854][934][info ] Application time: 1,0001730 seconds
[2019-11-28T17:55:38.537+0100][1791,700s][854][934][info ] Entering safepoint region: Cleanup
[2019-11-28T17:55:38.538+0100][1791,701s][854][934][info ] Leaving safepoint region
[2019-11-28T17:55:38.538+0100][1791,701s][854][934][info ] Total time for which application threads were stopped: 0,0005451 seconds, Stopping threads took: 0,0001268 seconds
[2019-11-28T17:55:39.538+0100][1792,701s][854][934][info ] Application time: 1,0002840 seconds
[2019-11-28T17:55:39.538+0100][1792,701s][854][934][info ] Entering safepoint region: Cleanup
[2019-11-28T17:55:39.539+0100][1792,702s][854][934][info ] Leaving safepoint region
[2019-11-28T17:55:39.539+0100][1792,702s][854][934][info ] Total time for which application threads were stopped: 0,0005571 seconds, Stopping threads took: 0,0001631 seconds
[2019-11-28T17:55:40.539+0100][1793,702s][854][934][info ] Application time: 1,0000951 seconds
[2019-11-28T17:55:40.539+0100][1793,702s][854][934][info ] Entering safepoint region: Cleanup
[2019-11-28T17:55:40.539+0100][1793,702s][854][934][info ] Leaving safepoint region
[2019-11-28T17:55:40.539+0100][1793,702s][854][934][info ] Total time for which application threads were stopped: 0,0001290 seconds, Stopping threads took: 0,0000323 seconds
[2019-11-28T17:55:41.539+0100][1794,702s][854][934][info ] Application time: 1,0001624 seconds
[2019-11-28T17:55:41.540+0100][1794,703s][854][934][info ] Entering safepoint region: Cleanup
[2019-11-28T17:55:41.540+0100][1794,703s][854][934][info ] Leaving safepoint region
[2019-11-28T17:55:41.540+0100][1794,703s][854][934][info ] Total time for which application threads were stopped: 0,0007016 seconds, Stopping threads took: 0,0003849 seconds
[2019-11-28T17:55:42.541+0100][1795,704s][854][934][info ] Application time: 1,0002194 seconds
[2019-11-28T17:55:42.541+0100][1795,704s][854][934][info ] Entering safepoint region: Cleanup
[2019-11-28T17:55:42.542+0100][1795,705s][854][934][info ] Leaving safepoint region
[2019-11-28T17:55:42.542+0100][1795,705s][854][934][info ] Total time for which application threads were stopped: 0,0006874 seconds, Stopping threads took: 0,0001634 seconds
[2019-11-28T17:55:43.542+0100][1796,705s][854][934][info ] Application time: 1,0001533 seconds
[2019-11-28T17:55:43.542+0100][1796,705s][854][934][info ] Entering safepoint region: Cleanup
[2019-11-28T17:55:43.542+0100][1796,705s][854][934][info ] Leaving safepoint region
[2019-11-28T17:55:43.543+0100][1796,706s][854][934][info ] Total time for which application threads were stopped: 0,0003592 seconds, Stopping threads took: 0,0000962 seconds
[2019-11-28T17:55:44.543+0100][1797,706s][854][934][info ] Application time: 1,0001316 seconds
[2019-11-28T17:55:44.543+0100][1797,706s][854][934][info ] Entering safepoint region: Cleanup
[2019-11-28T17:55:44.543+0100][1797,706s][854][934][info ] Leaving safepoint region
[2019-11-28T17:55:44.543+0100][1797,706s][854][934][info ] Total time for which application threads were stopped: 0,0005554 seconds, Stopping threads took: 0,0001399 seconds
[2019-11-28T17:55:45.325+0100][1798,488s][854][933][trace] CMS: promo attempt is safe: available(3670073704) >= av_promo(33954128), max_promo(92621640)
[2019-11-28T17:55:45.544+0100][1798,707s][854][934][info ] Application time: 1,0001968 seconds
[2019-11-28T17:55:45.544+0100][1798,707s][854][934][info ] Entering safepoint region: Cleanup
[2019-11-28T17:55:45.544+0100][1798,707s][854][934][info ] Leaving safepoint region
[2019-11-28T17:55:45.544+0100][1798,707s][854][934][info ] Total time for which application threads were stopped: 0,0001447 seconds, Stopping threads took: 0,0000368 seconds
[2019-11-28T17:55:46.544+0100][1799,707s][854][934][info ] Application time: 1,0001800 seconds
[2019-11-28T17:55:46.544+0100][1799,707s][854][934][info ] Entering safepoint region: Cleanup
[2019-11-28T17:55:46.545+0100][1799,708s][854][934][info ] Leaving safepoint region
[2019-11-28T17:55:46.545+0100][1799,708s][854][934][info ] Total time for which application threads were stopped: 0,0005319 seconds, Stopping threads took: 0,0001337 seconds
[2019-11-28T17:55:47.545+0100][1800,708s][854][934][info ] Application time: 1,0001153 seconds
[2019-11-28T17:55:47.545+0100][1800,708s][854][934][info ] Entering safepoint region: Cleanup
[2019-11-28T17:55:47.546+0100][1800,709s][854][934][info ] Leaving safepoint region
[2019-11-28T17:55:47.546+0100][1800,709s][854][934][info ] Total time for which application threads were stopped: 0,0004124 seconds, Stopping threads took: 0,0001046 seconds
[2019-11-28T17:55:48.546+0100][1801,709s][854][934][info ] Application time: 1,0001497 seconds
[2019-11-28T17:55:48.546+0100][1801,709s][854][934][info ] Entering safepoint region: Cleanup
[2019-11-28T17:55:48.546+0100][1801,709s][854][934][info ] Leaving safepoint region
[2019-11-28T17:55:48.546+0100][1801,709s][854][934][info ] Total time for which application threads were stopped: 0,0002668 seconds, Stopping threads took: 0,0000744 seconds
[2019-11-28T17:55:49.547+0100][1802,710s][854][934][info ] Application time: 1,0002548 seconds
[2019-11-28T17:55:49.547+0100][1802,710s][854][934][info ] Entering safepoint region: Cleanup
[2019-11-28T17:55:49.547+0100][1802,710s][854][934][info ] Leaving safepoint region
[2019-11-28T17:55:49.547+0100][1802,710s][854][934][info ] Total time for which application threads were stopped: 0,0005518 seconds, Stopping threads took: 0,0001556 seconds
[2019-11-28T17:55:50.548+0100][1803,711s][854][934][info ] Application time: 1,0001326 seconds
[2019-11-28T17:55:50.548+0100][1803,711s][854][934][info ] Entering safepoint region: Cleanup
[2019-11-28T17:55:50.548+0100][1803,711s][854][934][info ] Leaving safepoint region
[2019-11-28T17:55:50.548+0100][1803,711s][854][934][info ] Total time for which application threads were stopped: 0,0001524 seconds, Stopping threads took: 0,0000364 seconds
[2019-11-28T17:55:51.548+0100][1804,711s][854][934][info ] Application time: 1,0000855 seconds
[2019-11-28T17:55:51.548+0100][1804,711s][854][934][info ] Entering safepoint region: Cleanup
[2019-11-28T17:55:51.548+0100][1804,711s][854][934][info ] Leaving safepoint region
[2019-11-28T17:55:51.548+0100][1804,711s][854][934][info ] Total time for which application threads were stopped: 0,0002224 seconds, Stopping threads took: 0,0000481 seconds
[2019-11-28T17:55:52.548+0100][1805,711s][854][934][info ] Application time: 1,0001236 seconds
[2019-11-28T17:55:52.549+0100][1805,712s][854][934][info ] Entering safepoint region: Cleanup
[2019-11-28T17:55:52.549+0100][1805,712s][854][934][info ] Leaving safepoint region
[2019-11-28T17:55:52.549+0100][1805,712s][854][934][info ] Total time for which application threads were stopped: 0,0003249 seconds, Stopping threads took: 0,0000877 seconds
[2019-11-28T17:55:53.549+0100][1806,712s][854][934][info ] Application time: 1,0001375 seconds
[2019-11-28T17:55:53.549+0100][1806,712s][854][934][info ] Entering safepoint region: Cleanup
[2019-11-28T17:55:53.550+0100][1806,713s][854][934][info ] Leaving safepoint region
[2019-11-28T17:55:53.550+0100][1806,713s][854][934][info ] Total time for which application threads were stopped: 0,0004091 seconds, Stopping threads took: 0,0000982 seconds
[2019-11-28T17:55:54.550+0100][1807,713s][854][934][info ] Application time: 1,0001757 seconds
[2019-11-28T17:55:54.550+0100][1807,713s][854][934][info ] Entering safepoint region: Cleanup
[2019-11-28T17:55:54.550+0100][1807,713s][854][934][info ] Leaving safepoint region
[2019-11-28T17:55:54.551+0100][1807,713s][854][934][info ] Total time for which application threads were stopped: 0,0004522 seconds, Stopping threads took: 0,0001336 seconds
[2019-11-28T17:55:55.325+0100][1808,488s][854][933][trace] CMS: promo attempt is safe: available(3670073704) >= av_promo(33954128), max_promo(96324352)
[2019-11-28T17:55:55.551+0100][1808,714s][854][934][info ] Application time: 1,0001677 seconds
[2019-11-28T17:55:55.551+0100][1808,714s][854][934][info ] Entering safepoint region: Cleanup
[2019-11-28T17:55:55.551+0100][1808,714s][854][934][info ] Leaving safepoint region
[2019-11-28T17:55:55.551+0100][1808,714s][854][934][info ] Total time for which application threads were stopped: 0,0004300 seconds, Stopping threads took: 0,0001268 seconds
[2019-11-28T17:55:56.552+0100][1809,715s][854][934][info ] Application time: 1,0001493 seconds
[2019-11-28T17:55:56.552+0100][1809,715s][854][934][info ] Entering safepoint region: Cleanup
[2019-11-28T17:55:56.552+0100][1809,715s][854][934][info ] Leaving safepoint region
[2019-11-28T17:55:56.552+0100][1809,715s][854][934][info ] Total time for which application threads were stopped: 0,0005175 seconds, Stopping threads took: 0,0001701 seconds
[2019-11-28T17:55:57.553+0100][1810,716s][854][934][info ] Application time: 1,0001955 seconds
[2019-11-28T17:55:57.553+0100][1810,716s][854][934][info ] Entering safepoint region: Cleanup
[2019-11-28T17:55:57.553+0100][1810,716s][854][934][info ] Leaving safepoint region
[2019-11-28T17:55:57.553+0100][1810,716s][854][934][info ] Total time for which application threads were stopped: 0,0005615 seconds, Stopping threads took: 0,0001745 seconds
[2019-11-28T17:55:58.554+0100][1811,717s][854][934][info ] Application time: 1,0001119 seconds
[2019-11-28T17:55:58.554+0100][1811,717s][854][934][info ] Entering safepoint region: Cleanup
[2019-11-28T17:55:58.554+0100][1811,717s][854][934][info ] Leaving safepoint region
[2019-11-28T17:55:58.554+0100][1811,717s][854][934][info ] Total time for which application threads were stopped: 0,0004927 seconds, Stopping threads took: 0,0001073 seconds
[2019-11-28T17:55:59.555+0100][1812,718s][854][934][info ] Application time: 1,0001275 seconds
[2019-11-28T17:55:59.555+0100][1812,718s][854][934][info ] Entering safepoint region: Cleanup
[2019-11-28T17:55:59.555+0100][1812,718s][854][934][info ] Leaving safepoint region
[2019-11-28T17:55:59.555+0100][1812,718s][854][934][info ] Total time for which application threads were stopped: 0,0004663 seconds, Stopping threads took: 0,0001085 seconds
[2019-11-28T17:56:00.555+0100][1813,718s][854][934][info ] Application time: 1,0001196 seconds
[2019-11-28T17:56:00.555+0100][1813,718s][854][934][info ] Entering safepoint region: Cleanup
[2019-11-28T17:56:00.556+0100][1813,719s][854][934][info ] Leaving safepoint region
[2019-11-28T17:56:00.556+0100][1813,719s][854][934][info ] Total time for which application threads were stopped: 0,0001446 seconds, Stopping threads took: 0,0000360 seconds
[2019-11-28T17:56:01.556+0100][1814,719s][854][934][info ] Application time: 1,0000574 seconds
[2019-11-28T17:56:01.556+0100][1814,719s][854][934][info ] Entering safepoint region: Cleanup
[2019-11-28T17:56:01.556+0100][1814,719s][854][934][info ] Leaving safepoint region
[2019-11-28T17:56:01.556+0100][1814,719s][854][934][info ] Total time for which application threads were stopped: 0,0002006 seconds, Stopping threads took: 0,0000449 seconds
[2019-11-28T17:56:02.556+0100][1815,719s][854][934][info ] Application time: 1,0000770 seconds
[2019-11-28T17:56:02.556+0100][1815,719s][854][934][info ] Entering safepoint region: Cleanup
[2019-11-28T17:56:02.556+0100][1815,719s][854][934][info ] Leaving safepoint region
[2019-11-28T17:56:02.556+0100][1815,719s][854][934][info ] Total time for which application threads were stopped: 0,0001823 seconds, Stopping threads took: 0,0000473 seconds
[2019-11-28T17:56:03.560+0100][1816,723s][854][934][info ] Application time: 1,0040144 seconds
[2019-11-28T17:56:03.561+0100][1816,724s][854][934][info ] Entering safepoint region: Cleanup
[2019-11-28T17:56:03.561+0100][1816,724s][854][934][info ] Leaving safepoint region
[2019-11-28T17:56:03.561+0100][1816,724s][854][934][info ] Total time for which application threads were stopped: 0,0005882 seconds, Stopping threads took: 0,0001801 seconds
[2019-11-28T17:56:04.561+0100][1817,724s][854][934][info ] Application time: 1,0001046 seconds
[2019-11-28T17:56:04.562+0100][1817,724s][854][934][info ] Entering safepoint region: Cleanup
[2019-11-28T17:56:04.562+0100][1817,725s][854][934][info ] Leaving safepoint region
[2019-11-28T17:56:04.562+0100][1817,725s][854][934][info ] Total time for which application threads were stopped: 0,0003498 seconds, Stopping threads took: 0,0000952 seconds
[2019-11-28T17:56:05.324+0100][1818,487s][854][933][trace] CMS: promo attempt is safe: available(3670073704) >= av_promo(33954128), max_promo(99740296)
[2019-11-28T17:56:05.562+0100][1818,725s][854][934][info ] Application time: 1,0001536 seconds
[2019-11-28T17:56:05.562+0100][1818,725s][854][934][info ] Entering safepoint region: Cleanup
[2019-11-28T17:56:05.563+0100][1818,726s][854][934][info ] Leaving safepoint region
[2019-11-28T17:56:05.563+0100][1818,726s][854][934][info ] Total time for which application threads were stopped: 0,0006426 seconds, Stopping threads took: 0,0002266 seconds
[2019-11-28T17:56:06.563+0100][1819,726s][854][934][info ] Application time: 1,0001793 seconds
[2019-11-28T17:56:06.563+0100][1819,726s][854][934][info ] Entering safepoint region: Cleanup
[2019-11-28T17:56:06.564+0100][1819,726s][854][934][info ] Leaving safepoint region
[2019-11-28T17:56:06.564+0100][1819,726s][854][934][info ] Total time for which application threads were stopped: 0,0001669 seconds, Stopping threads took: 0,0000429 seconds
[2019-11-28T17:56:07.564+0100][1820,727s][854][934][info ] Application time: 1,0001258 seconds
[2019-11-28T17:56:07.564+0100][1820,727s][854][934][info ] Entering safepoint region: Cleanup
[2019-11-28T17:56:07.564+0100][1820,727s][854][934][info ] Leaving safepoint region
[2019-11-28T17:56:07.564+0100][1820,727s][854][934][info ] Total time for which application threads were stopped: 0,0001155 seconds, Stopping threads took: 0,0000267 seconds
[2019-11-28T17:56:08.564+0100][1821,727s][854][934][info ] Application time: 1,0001585 seconds
[2019-11-28T17:56:08.564+0100][1821,727s][854][934][info ] Entering safepoint region: Cleanup
[2019-11-28T17:56:08.565+0100][1821,728s][854][934][info ] Leaving safepoint region
[2019-11-28T17:56:08.565+0100][1821,728s][854][934][info ] Total time for which application threads were stopped: 0,0005005 seconds, Stopping threads took: 0,0001063 seconds
[2019-11-28T17:56:09.565+0100][1822,728s][854][934][info ] Application time: 1,0002520 seconds
[2019-11-28T17:56:09.565+0100][1822,728s][854][934][info ] Entering safepoint region: Cleanup
[2019-11-28T17:56:09.566+0100][1822,729s][854][934][info ] Leaving safepoint region
[2019-11-28T17:56:09.566+0100][1822,729s][854][934][info ] Total time for which application threads were stopped: 0,0005106 seconds, Stopping threads took: 0,0001209 seconds
[2019-11-28T17:56:10.566+0100][1823,729s][854][934][info ] Application time: 1,0001345 seconds
[2019-11-28T17:56:10.566+0100][1823,729s][854][934][info ] Entering safepoint region: Cleanup
[2019-11-28T17:56:10.567+0100][1823,729s][854][934][info ] Leaving safepoint region
[2019-11-28T17:56:10.567+0100][1823,730s][854][934][info ] Total time for which application threads were stopped: 0,0004593 seconds, Stopping threads took: 0,0001161 seconds
[2019-11-28T17:56:11.567+0100][1824,730s][854][934][info ] Application time: 1,0001910 seconds
[2019-11-28T17:56:11.567+0100][1824,730s][854][934][info ] Entering safepoint region: Cleanup
[2019-11-28T17:56:11.568+0100][1824,730s][854][934][info ] Leaving safepoint region
[2019-11-28T17:56:11.568+0100][1824,731s][854][934][info ] Total time for which application threads were stopped: 0,0006281 seconds, Stopping threads took: 0,0001474 seconds
[2019-11-28T17:56:12.568+0100][1825,731s][854][934][info ] Application time: 1,0000945 seconds
[2019-11-28T17:56:12.568+0100][1825,731s][854][934][info ] Entering safepoint region: Cleanup
[2019-11-28T17:56:12.568+0100][1825,731s][854][934][info ] Leaving safepoint region
[2019-11-28T17:56:12.568+0100][1825,731s][854][934][info ] Total time for which application threads were stopped: 0,0001337 seconds, Stopping threads took: 0,0000400 seconds
[2019-11-28T17:56:13.568+0100][1826,731s][854][934][info ] Application time: 1,0000772 seconds
[2019-11-28T17:56:13.568+0100][1826,731s][854][934][info ] Entering safepoint region: Cleanup
[2019-11-28T17:56:13.568+0100][1826,731s][854][934][info ] Leaving safepoint region
[2019-11-28T17:56:13.568+0100][1826,731s][854][934][info ] Total time for which application threads were stopped: 0,0001427 seconds, Stopping threads took: 0,0000346 seconds
[2019-11-28T17:56:14.569+0100][1827,732s][854][934][info ] Application time: 1,0000995 seconds
[2019-11-28T17:56:14.569+0100][1827,732s][854][934][info ] Entering safepoint region: Cleanup
[2019-11-28T17:56:14.569+0100][1827,732s][854][934][info ] Leaving safepoint region
[2019-11-28T17:56:14.569+0100][1827,732s][854][934][info ] Total time for which application threads were stopped: 0,0005010 seconds, Stopping threads took: 0,0001638 seconds
[2019-11-28T17:56:15.324+0100][1828,487s][854][933][trace] CMS: promo attempt is safe: available(3670073704) >= av_promo(33954128), max_promo(102475672)
[2019-11-28T17:56:15.569+0100][1828,732s][854][934][info ] Application time: 1,0001801 seconds
[2019-11-28T17:56:15.570+0100][1828,733s][854][934][info ] Entering safepoint region: Cleanup
[2019-11-28T17:56:15.570+0100][1828,733s][854][934][info ] Leaving safepoint region
[2019-11-28T17:56:15.570+0100][1828,733s][854][934][info ] Total time for which application threads were stopped: 0,0004999 seconds, Stopping threads took: 0,0001529 seconds
[2019-11-28T17:56:16.571+0100][1829,733s][854][934][info ] Application time: 1,0002880 seconds
[2019-11-28T17:56:16.571+0100][1829,734s][854][934][info ] Entering safepoint region: Cleanup
[2019-11-28T17:56:16.571+0100][1829,734s][854][934][info ] Leaving safepoint region
[2019-11-28T17:56:16.571+0100][1829,734s][854][934][info ] Total time for which application threads were stopped: 0,0005627 seconds, Stopping threads took: 0,0001219 seconds
[2019-11-28T17:56:17.571+0100][1830,734s][854][934][info ] Application time: 1,0001489 seconds
[2019-11-28T17:56:17.572+0100][1830,735s][854][934][info ] Entering safepoint region: Cleanup
[2019-11-28T17:56:17.572+0100][1830,735s][854][934][info ] Leaving safepoint region
[2019-11-28T17:56:17.572+0100][1830,735s][854][934][info ] Total time for which application threads were stopped: 0,0007551 seconds, Stopping threads took: 0,0001217 seconds
[2019-11-28T17:56:18.573+0100][1831,736s][854][934][info ] Application time: 1,0001587 seconds
[2019-11-28T17:56:18.573+0100][1831,736s][854][934][info ] Entering safepoint region: Cleanup
[2019-11-28T17:56:18.573+0100][1831,736s][854][934][info ] Leaving safepoint region
[2019-11-28T17:56:18.573+0100][1831,736s][854][934][info ] Total time for which application threads were stopped: 0,0001354 seconds, Stopping threads took: 0,0000307 seconds
[2019-11-28T17:56:19.573+0100][1832,736s][854][934][info ] Application time: 1,0001377 seconds
[2019-11-28T17:56:19.573+0100][1832,736s][854][934][info ] Entering safepoint region: Cleanup
[2019-11-28T17:56:19.574+0100][1832,737s][854][934][info ] Leaving safepoint region
[2019-11-28T17:56:19.574+0100][1832,737s][854][934][info ] Total time for which application threads were stopped: 0,0005429 seconds, Stopping threads took: 0,0001601 seconds
[2019-11-28T17:56:20.574+0100][1833,737s][854][934][info ] Application time: 1,0001323 seconds
[2019-11-28T17:56:20.574+0100][1833,737s][854][934][info ] Entering safepoint region: Cleanup
[2019-11-28T17:56:20.575+0100][1833,738s][854][934][info ] Leaving safepoint region
[2019-11-28T17:56:20.575+0100][1833,738s][854][934][info ] Total time for which application threads were stopped: 0,0004634 seconds, Stopping threads took: 0,0001438 seconds
[2019-11-28T17:56:21.575+0100][1834,738s][854][934][info ] Application time: 1,0001563 seconds
[2019-11-28T17:56:21.575+0100][1834,738s][854][934][info ] Entering safepoint region: Cleanup
[2019-11-28T17:56:21.575+0100][1834,738s][854][934][info ] Leaving safepoint region
[2019-11-28T17:56:21.576+0100][1834,739s][854][934][info ] Total time for which application threads were stopped: 0,0004545 seconds, Stopping threads took: 0,0001366 seconds
[2019-11-28T17:56:22.581+0100][1835,744s][854][934][info ] Application time: 1,0002051 seconds
[2019-11-28T17:56:22.581+0100][1835,744s][854][934][info ] Entering safepoint region: Cleanup
[2019-11-28T17:56:22.582+0100][1835,745s][854][934][info ] Leaving safepoint region
[2019-11-28T17:56:22.582+0100][1835,745s][854][934][info ] Total time for which application threads were stopped: 0,0009374 seconds, Stopping threads took: 0,0001896 seconds
[2019-11-28T17:56:23.583+0100][1836,746s][854][934][info ] Application time: 1,0001195 seconds
[2019-11-28T17:56:23.583+0100][1836,746s][854][934][info ] Entering safepoint region: Cleanup
[2019-11-28T17:56:23.583+0100][1836,746s][854][934][info ] Leaving safepoint region
[2019-11-28T17:56:23.583+0100][1836,746s][854][934][info ] Total time for which application threads were stopped: 0,0003409 seconds, Stopping threads took: 0,0000771 seconds
[2019-11-28T17:56:24.583+0100][1837,746s][854][934][info ] Application time: 1,0001557 seconds
[2019-11-28T17:56:24.583+0100][1837,746s][854][934][info ] Entering safepoint region: Cleanup
[2019-11-28T17:56:24.584+0100][1837,747s][854][934][info ] Leaving safepoint region
[2019-11-28T17:56:24.584+0100][1837,747s][854][934][info ] Total time for which application threads were stopped: 0,0006123 seconds, Stopping threads took: 0,0001348 seconds
[2019-11-28T17:56:25.323+0100][1838,486s][854][933][trace] CMS: promo attempt is safe: available(3670073704) >= av_promo(33954128), max_promo(106949752)
[2019-11-28T17:56:25.584+0100][1838,747s][854][934][info ] Application time: 1,0000893 seconds
[2019-11-28T17:56:25.584+0100][1838,747s][854][934][info ] Entering safepoint region: Cleanup
[2019-11-28T17:56:25.584+0100][1838,747s][854][934][info ] Leaving safepoint region
[2019-11-28T17:56:25.584+0100][1838,747s][854][934][info ] Total time for which application threads were stopped: 0,0001189 seconds, Stopping threads took: 0,0000423 seconds
[2019-11-28T17:56:26.585+0100][1839,748s][854][934][info ] Application time: 1,0001342 seconds
[2019-11-28T17:56:26.585+0100][1839,748s][854][934][info ] Entering safepoint region: Cleanup
[2019-11-28T17:56:26.585+0100][1839,748s][854][934][info ] Leaving safepoint region
[2019-11-28T17:56:26.585+0100][1839,748s][854][934][info ] Total time for which application threads were stopped: 0,0001168 seconds, Stopping threads took: 0,0000257 seconds
[2019-11-28T17:56:27.585+0100][1840,748s][854][934][info ] Application time: 1,0000590 seconds
[2019-11-28T17:56:27.585+0100][1840,748s][854][934][info ] Entering safepoint region: Cleanup
[2019-11-28T17:56:27.585+0100][1840,748s][854][934][info ] Leaving safepoint region
[2019-11-28T17:56:27.585+0100][1840,748s][854][934][info ] Total time for which application threads were stopped: 0,0001255 seconds, Stopping threads took: 0,0000346 seconds
[2019-11-28T17:56:28.585+0100][1841,748s][854][934][info ] Application time: 1,0001154 seconds
[2019-11-28T17:56:28.585+0100][1841,748s][854][934][info ] Entering safepoint region: Cleanup
[2019-11-28T17:56:28.586+0100][1841,748s][854][934][info ] Leaving safepoint region
[2019-11-28T17:56:28.586+0100][1841,749s][854][934][info ] Total time for which application threads were stopped: 0,0003200 seconds, Stopping threads took: 0,0000776 seconds
[2019-11-28T17:56:29.586+0100][1842,749s][854][934][info ] Application time: 1,0001024 seconds
[2019-11-28T17:56:29.586+0100][1842,749s][854][934][info ] Entering safepoint region: Cleanup
[2019-11-28T17:56:29.586+0100][1842,749s][854][934][info ] Leaving safepoint region
[2019-11-28T17:56:29.586+0100][1842,749s][854][934][info ] Total time for which application threads were stopped: 0,0001391 seconds, Stopping threads took: 0,0000422 seconds
[2019-11-28T17:56:30.586+0100][1843,749s][854][934][info ] Application time: 1,0000988 seconds
[2019-11-28T17:56:30.586+0100][1843,749s][854][934][info ] Entering safepoint region: Cleanup
[2019-11-28T17:56:30.586+0100][1843,749s][854][934][info ] Leaving safepoint region
[2019-11-28T17:56:30.587+0100][1843,749s][854][934][info ] Total time for which application threads were stopped: 0,0003672 seconds, Stopping threads took: 0,0001016 seconds
[2019-11-28T17:56:31.587+0100][1844,750s][854][934][info ] Application time: 1,0001277 seconds
[2019-11-28T17:56:31.587+0100][1844,750s][854][934][info ] Entering safepoint region: Cleanup
[2019-11-28T17:56:31.587+0100][1844,750s][854][934][info ] Leaving safepoint region
[2019-11-28T17:56:31.587+0100][1844,750s][854][934][info ] Total time for which application threads were stopped: 0,0005895 seconds, Stopping threads took: 0,0002162 seconds
[2019-11-28T17:56:32.588+0100][1845,751s][854][934][info ] Application time: 1,0000951 seconds
[2019-11-28T17:56:32.588+0100][1845,751s][854][934][info ] Entering safepoint region: Cleanup
[2019-11-28T17:56:32.588+0100][1845,751s][854][934][info ] Leaving safepoint region
[2019-11-28T17:56:32.588+0100][1845,751s][854][934][info ] Total time for which application threads were stopped: 0,0002067 seconds, Stopping threads took: 0,0000622 seconds
[2019-11-28T17:56:33.588+0100][1846,751s][854][934][info ] Application time: 1,0000754 seconds
[2019-11-28T17:56:33.588+0100][1846,751s][854][934][info ] Entering safepoint region: Cleanup
[2019-11-28T17:56:33.588+0100][1846,751s][854][934][info ] Leaving safepoint region
[2019-11-28T17:56:33.588+0100][1846,751s][854][934][info ] Total time for which application threads were stopped: 0,0001657 seconds, Stopping threads took: 0,0000384 seconds
[2019-11-28T17:56:34.589+0100][1847,752s][854][934][info ] Application time: 1,0002618 seconds
[2019-11-28T17:56:34.589+0100][1847,752s][854][934][info ] Entering safepoint region: Cleanup
[2019-11-28T17:56:34.589+0100][1847,752s][854][934][info ] Leaving safepoint region
[2019-11-28T17:56:34.589+0100][1847,752s][854][934][info ] Total time for which application threads were stopped: 0,0005315 seconds, Stopping threads took: 0,0001267 seconds
[2019-11-28T17:56:35.323+0100][1848,486s][854][933][trace] CMS: promo attempt is safe: available(3670073704) >= av_promo(33954128), max_promo(118714976)
[2019-11-28T17:56:35.590+0100][1848,752s][854][934][info ] Application time: 1,0001519 seconds
[2019-11-28T17:56:35.590+0100][1848,753s][854][934][info ] Entering safepoint region: Cleanup
[2019-11-28T17:56:35.590+0100][1848,753s][854][934][info ] Leaving safepoint region
[2019-11-28T17:56:35.590+0100][1848,753s][854][934][info ] Total time for which application threads were stopped: 0,0002350 seconds, Stopping threads took: 0,0000537 seconds
[2019-11-28T17:56:36.590+0100][1849,753s][854][934][info ] Application time: 1,0001146 seconds
[2019-11-28T17:56:36.590+0100][1849,753s][854][934][info ] Entering safepoint region: Cleanup
[2019-11-28T17:56:36.591+0100][1849,754s][854][934][info ] Leaving safepoint region
[2019-11-28T17:56:36.591+0100][1849,754s][854][934][info ] Total time for which application threads were stopped: 0,0005586 seconds, Stopping threads took: 0,0001233 seconds
[2019-11-28T17:56:37.591+0100][1850,754s][854][934][info ] Application time: 1,0001956 seconds
[2019-11-28T17:56:37.591+0100][1850,754s][854][934][info ] Entering safepoint region: Cleanup
[2019-11-28T17:56:37.592+0100][1850,755s][854][934][info ] Leaving safepoint region
[2019-11-28T17:56:37.592+0100][1850,755s][854][934][info ] Total time for which application threads were stopped: 0,0006810 seconds, Stopping threads took: 0,0001818 seconds
[2019-11-28T17:56:38.592+0100][1851,755s][854][934][info ] Application time: 1,0001631 seconds
[2019-11-28T17:56:38.592+0100][1851,755s][854][934][info ] Entering safepoint region: Cleanup
[2019-11-28T17:56:38.593+0100][1851,756s][854][934][info ] Leaving safepoint region
[2019-11-28T17:56:38.593+0100][1851,756s][854][934][info ] Total time for which application threads were stopped: 0,0006330 seconds, Stopping threads took: 0,0001383 seconds
[2019-11-28T17:56:39.593+0100][1852,756s][854][934][info ] Application time: 1,0002123 seconds
[2019-11-28T17:56:39.593+0100][1852,756s][854][934][info ] Entering safepoint region: Cleanup
[2019-11-28T17:56:39.594+0100][1852,757s][854][934][info ] Leaving safepoint region
[2019-11-28T17:56:39.594+0100][1852,757s][854][934][info ] Total time for which application threads were stopped: 0,0004746 seconds, Stopping threads took: 0,0001172 seconds
[2019-11-28T17:56:40.594+0100][1853,757s][854][934][info ] Application time: 1,0001460 seconds
[2019-11-28T17:56:40.595+0100][1853,758s][854][934][info ] Entering safepoint region: Cleanup
[2019-11-28T17:56:40.595+0100][1853,758s][854][934][info ] Leaving safepoint region
[2019-11-28T17:56:40.595+0100][1853,758s][854][934][info ] Total time for which application threads were stopped: 0,0007387 seconds, Stopping threads took: 0,0001813 seconds
[2019-11-28T17:56:41.596+0100][1854,759s][854][934][info ] Application time: 1,0002182 seconds
[2019-11-28T17:56:41.596+0100][1854,759s][854][934][info ] Entering safepoint region: Cleanup
[2019-11-28T17:56:41.596+0100][1854,759s][854][934][info ] Leaving safepoint region
[2019-11-28T17:56:41.596+0100][1854,759s][854][934][info ] Total time for which application threads were stopped: 0,0002997 seconds, Stopping threads took: 0,0000944 seconds
[2019-11-28T17:56:42.596+0100][1855,759s][854][934][info ] Application time: 1,0001461 seconds
[2019-11-28T17:56:42.596+0100][1855,759s][854][934][info ] Entering safepoint region: Cleanup
[2019-11-28T17:56:42.597+0100][1855,760s][854][934][info ] Leaving safepoint region
[2019-11-28T17:56:42.597+0100][1855,760s][854][934][info ] Total time for which application threads were stopped: 0,0003361 seconds, Stopping threads took: 0,0001045 seconds
[2019-11-28T17:56:43.597+0100][1856,760s][854][934][info ] Application time: 1,0001972 seconds
[2019-11-28T17:56:43.597+0100][1856,760s][854][934][info ] Entering safepoint region: Cleanup
[2019-11-28T17:56:43.598+0100][1856,761s][854][934][info ] Leaving safepoint region
[2019-11-28T17:56:43.598+0100][1856,761s][854][934][info ] Total time for which application threads were stopped: 0,0004676 seconds, Stopping threads took: 0,0001317 seconds
[2019-11-28T17:56:44.598+0100][1857,761s][854][934][info ] Application time: 1,0002210 seconds
[2019-11-28T17:56:44.598+0100][1857,761s][854][934][info ] Entering safepoint region: Cleanup
[2019-11-28T17:56:44.599+0100][1857,762s][854][934][info ] Leaving safepoint region
[2019-11-28T17:56:44.599+0100][1857,762s][854][934][info ] Total time for which application threads were stopped: 0,0005586 seconds, Stopping threads took: 0,0001328 seconds
[2019-11-28T17:56:45.323+0100][1858,486s][854][933][trace] CMS: promo attempt is safe: available(3670073704) >= av_promo(33954128), max_promo(121201776)
[2019-11-28T17:56:45.599+0100][1858,762s][854][934][info ] Application time: 1,0002167 seconds
[2019-11-28T17:56:45.599+0100][1858,762s][854][934][info ] Entering safepoint region: Cleanup
[2019-11-28T17:56:45.600+0100][1858,763s][854][934][info ] Leaving safepoint region
[2019-11-28T17:56:45.600+0100][1858,763s][854][934][info ] Total time for which application threads were stopped: 0,0006372 seconds, Stopping threads took: 0,0001398 seconds
[2019-11-28T17:56:46.600+0100][1859,763s][854][934][info ] Application time: 1,0001420 seconds
[2019-11-28T17:56:46.600+0100][1859,763s][854][934][info ] Entering safepoint region: Cleanup
[2019-11-28T17:56:46.601+0100][1859,764s][854][934][info ] Leaving safepoint region
[2019-11-28T17:56:46.601+0100][1859,764s][854][934][info ] Total time for which application threads were stopped: 0,0005369 seconds, Stopping threads took: 0,0001426 seconds
[2019-11-28T17:56:47.601+0100][1860,764s][854][934][info ] Application time: 1,0001531 seconds
[2019-11-28T17:56:47.601+0100][1860,764s][854][934][info ] Entering safepoint region: Cleanup
[2019-11-28T17:56:47.601+0100][1860,764s][854][934][info ] Leaving safepoint region
[2019-11-28T17:56:47.601+0100][1860,764s][854][934][info ] Total time for which application threads were stopped: 0,0001466 seconds, Stopping threads took: 0,0000278 seconds
[2019-11-28T17:56:48.602+0100][1861,765s][854][934][info ] Application time: 1,0001895 seconds
[2019-11-28T17:56:48.602+0100][1861,765s][854][934][info ] Entering safepoint region: Cleanup
[2019-11-28T17:56:48.602+0100][1861,765s][854][934][info ] Leaving safepoint region
[2019-11-28T17:56:48.602+0100][1861,765s][854][934][info ] Total time for which application threads were stopped: 0,0006604 seconds, Stopping threads took: 0,0001442 seconds
[2019-11-28T17:56:49.603+0100][1862,766s][854][934][info ] Application time: 1,0001209 seconds
[2019-11-28T17:56:49.603+0100][1862,766s][854][934][info ] Entering safepoint region: Cleanup
[2019-11-28T17:56:49.603+0100][1862,766s][854][934][info ] Leaving safepoint region
[2019-11-28T17:56:49.603+0100][1862,766s][854][934][info ] Total time for which application threads were stopped: 0,0002791 seconds, Stopping threads took: 0,0000664 seconds
[2019-11-28T17:56:50.603+0100][1863,766s][854][934][info ] Application time: 1,0002738 seconds
[2019-11-28T17:56:50.604+0100][1863,767s][854][934][info ] Entering safepoint region: Cleanup
[2019-11-28T17:56:50.604+0100][1863,767s][854][934][info ] Leaving safepoint region
[2019-11-28T17:56:50.604+0100][1863,767s][854][934][info ] Total time for which application threads were stopped: 0,0005840 seconds, Stopping threads took: 0,0002028 seconds
[2019-11-28T17:56:51.605+0100][1864,768s][854][934][info ] Application time: 1,0002378 seconds
[2019-11-28T17:56:51.605+0100][1864,768s][854][934][info ] Entering safepoint region: Cleanup
[2019-11-28T17:56:51.605+0100][1864,768s][854][934][info ] Leaving safepoint region
[2019-11-28T17:56:51.605+0100][1864,768s][854][934][info ] Total time for which application threads were stopped: 0,0004543 seconds, Stopping threads took: 0,0001541 seconds
[2019-11-28T17:56:52.606+0100][1865,769s][854][934][info ] Application time: 1,0002884 seconds
[2019-11-28T17:56:52.606+0100][1865,769s][854][934][info ] Entering safepoint region: Cleanup
[2019-11-28T17:56:52.606+0100][1865,769s][854][934][info ] Leaving safepoint region
[2019-11-28T17:56:52.607+0100][1865,770s][854][934][info ] Total time for which application threads were stopped: 0,0006033 seconds, Stopping threads took: 0,0001734 seconds
[2019-11-28T17:56:53.607+0100][1866,770s][854][934][info ] Application time: 1,0003015 seconds
[2019-11-28T17:56:53.607+0100][1866,770s][854][934][info ] Entering safepoint region: Cleanup
[2019-11-28T17:56:53.608+0100][1866,771s][854][934][info ] Leaving safepoint region
[2019-11-28T17:56:53.608+0100][1866,771s][854][934][info ] Total time for which application threads were stopped: 0,0006918 seconds, Stopping threads took: 0,0001632 seconds
[2019-11-28T17:56:54.608+0100][1867,771s][854][934][info ] Application time: 1,0002042 seconds
[2019-11-28T17:56:54.608+0100][1867,771s][854][934][info ] Entering safepoint region: Cleanup
[2019-11-28T17:56:54.609+0100][1867,772s][854][934][info ] Leaving safepoint region
[2019-11-28T17:56:54.609+0100][1867,772s][854][934][info ] Total time for which application threads were stopped: 0,0005059 seconds, Stopping threads took: 0,0001099 seconds
[2019-11-28T17:56:55.323+0100][1868,486s][854][933][trace] CMS: promo attempt is safe: available(3670073704) >= av_promo(33954128), max_promo(124726800)
[2019-11-28T17:56:55.609+0100][1868,772s][854][934][info ] Application time: 1,0001031 seconds
[2019-11-28T17:56:55.609+0100][1868,772s][854][934][info ] Entering safepoint region: Cleanup
[2019-11-28T17:56:55.609+0100][1868,772s][854][934][info ] Leaving safepoint region
[2019-11-28T17:56:55.609+0100][1868,772s][854][934][info ] Total time for which application threads were stopped: 0,0001506 seconds, Stopping threads took: 0,0000378 seconds
[2019-11-28T17:56:56.609+0100][1869,772s][854][934][info ] Application time: 1,0001018 seconds
[2019-11-28T17:56:56.610+0100][1869,772s][854][934][info ] Entering safepoint region: Cleanup
[2019-11-28T17:56:56.610+0100][1869,773s][854][934][info ] Leaving safepoint region
[2019-11-28T17:56:56.610+0100][1869,773s][854][934][info ] Total time for which application threads were stopped: 0,0001264 seconds, Stopping threads took: 0,0000383 seconds
[2019-11-28T17:56:57.610+0100][1870,773s][854][934][info ] Application time: 1,0000759 seconds
[2019-11-28T17:56:57.610+0100][1870,773s][854][934][info ] Entering safepoint region: Cleanup
[2019-11-28T17:56:57.610+0100][1870,773s][854][934][info ] Leaving safepoint region
[2019-11-28T17:56:57.610+0100][1870,773s][854][934][info ] Total time for which application threads were stopped: 0,0001556 seconds, Stopping threads took: 0,0000382 seconds
[2019-11-28T17:56:58.610+0100][1871,773s][854][934][info ] Application time: 1,0001179 seconds
[2019-11-28T17:56:58.610+0100][1871,773s][854][934][info ] Entering safepoint region: Cleanup
[2019-11-28T17:56:58.611+0100][1871,774s][854][934][info ] Leaving safepoint region
[2019-11-28T17:56:58.611+0100][1871,774s][854][934][info ] Total time for which application threads were stopped: 0,0005886 seconds, Stopping threads took: 0,0001316 seconds
[2019-11-28T17:56:59.611+0100][1872,774s][854][934][info ] Application time: 1,0001336 seconds
[2019-11-28T17:56:59.611+0100][1872,774s][854][934][info ] Entering safepoint region: Cleanup
[2019-11-28T17:56:59.612+0100][1872,775s][854][934][info ] Leaving safepoint region
[2019-11-28T17:56:59.612+0100][1872,775s][854][934][info ] Total time for which application threads were stopped: 0,0005842 seconds, Stopping threads took: 0,0001155 seconds
[2019-11-28T17:57:00.612+0100][1873,775s][854][934][info ] Application time: 1,0001251 seconds
[2019-11-28T17:57:00.612+0100][1873,775s][854][934][info ] Entering safepoint region: Cleanup
[2019-11-28T17:57:00.613+0100][1873,776s][854][934][info ] Leaving safepoint region
[2019-11-28T17:57:00.613+0100][1873,776s][854][934][info ] Total time for which application threads were stopped: 0,0005010 seconds, Stopping threads took: 0,0001358 seconds
[2019-11-28T17:57:01.613+0100][1874,776s][854][934][info ] Application time: 1,0001647 seconds
[2019-11-28T17:57:01.613+0100][1874,776s][854][934][info ] Entering safepoint region: Cleanup
[2019-11-28T17:57:01.613+0100][1874,776s][854][934][info ] Leaving safepoint region
[2019-11-28T17:57:01.614+0100][1874,777s][854][934][info ] Total time for which application threads were stopped: 0,0003628 seconds, Stopping threads took: 0,0001160 seconds
[2019-11-28T17:57:02.614+0100][1875,777s][854][934][info ] Application time: 1,0001111 seconds
[2019-11-28T17:57:02.614+0100][1875,777s][854][934][info ] Entering safepoint region: Cleanup
[2019-11-28T17:57:02.614+0100][1875,777s][854][934][info ] Leaving safepoint region
[2019-11-28T17:57:02.614+0100][1875,777s][854][934][info ] Total time for which application threads were stopped: 0,0001342 seconds, Stopping threads took: 0,0000388 seconds
[2019-11-28T17:57:03.614+0100][1876,777s][854][934][info ] Application time: 1,0000468 seconds
[2019-11-28T17:57:03.614+0100][1876,777s][854][934][info ] Entering safepoint region: Cleanup
[2019-11-28T17:57:03.614+0100][1876,777s][854][934][info ] Leaving safepoint region
[2019-11-28T17:57:03.614+0100][1876,777s][854][934][info ] Total time for which application threads were stopped: 0,0002143 seconds, Stopping threads took: 0,0000563 seconds
[2019-11-28T17:57:04.614+0100][1877,777s][854][934][info ] Application time: 1,0001386 seconds
[2019-11-28T17:57:04.614+0100][1877,777s][854][934][info ] Entering safepoint region: Cleanup
[2019-11-28T17:57:04.615+0100][1877,778s][854][934][info ] Leaving safepoint region
[2019-11-28T17:57:04.615+0100][1877,778s][854][934][info ] Total time for which application threads were stopped: 0,0001014 seconds, Stopping threads took: 0,0000253 seconds
[2019-11-28T17:57:05.323+0100][1878,486s][854][933][trace] CMS: promo attempt is safe: available(3670073704) >= av_promo(33954128), max_promo(127213600)
[2019-11-28T17:57:05.615+0100][1878,778s][854][934][info ] Application time: 1,0000748 seconds
[2019-11-28T17:57:05.615+0100][1878,778s][854][934][info ] Entering safepoint region: Cleanup
[2019-11-28T17:57:05.615+0100][1878,778s][854][934][info ] Leaving safepoint region
[2019-11-28T17:57:05.615+0100][1878,778s][854][934][info ] Total time for which application threads were stopped: 0,0001790 seconds, Stopping threads took: 0,0000470 seconds
[2019-11-28T17:57:06.615+0100][1879,778s][854][934][info ] Application time: 1,0000839 seconds
[2019-11-28T17:57:06.615+0100][1879,778s][854][934][info ] Entering safepoint region: Cleanup
[2019-11-28T17:57:06.615+0100][1879,778s][854][934][info ] Leaving safepoint region
[2019-11-28T17:57:06.616+0100][1879,779s][854][934][info ] Total time for which application threads were stopped: 0,0003907 seconds, Stopping threads took: 0,0000842 seconds
[2019-11-28T17:57:07.616+0100][1880,779s][854][934][info ] Application time: 1,0000851 seconds
[2019-11-28T17:57:07.616+0100][1880,779s][854][934][info ] Entering safepoint region: Cleanup
[2019-11-28T17:57:07.616+0100][1880,779s][854][934][info ] Leaving safepoint region
[2019-11-28T17:57:07.616+0100][1880,779s][854][934][info ] Total time for which application threads were stopped: 0,0002067 seconds, Stopping threads took: 0,0000473 seconds
[2019-11-28T17:57:08.616+0100][1881,779s][854][934][info ] Application time: 1,0000697 seconds
[2019-11-28T17:57:08.616+0100][1881,779s][854][934][info ] Entering safepoint region: Cleanup
[2019-11-28T17:57:08.616+0100][1881,779s][854][934][info ] Leaving safepoint region
[2019-11-28T17:57:08.616+0100][1881,779s][854][934][info ] Total time for which application threads were stopped: 0,0001045 seconds, Stopping threads took: 0,0000246 seconds
[2019-11-28T17:57:09.616+0100][1882,779s][854][934][info ] Application time: 1,0000739 seconds
[2019-11-28T17:57:09.616+0100][1882,779s][854][934][info ] Entering safepoint region: Cleanup
[2019-11-28T17:57:09.617+0100][1882,780s][854][934][info ] Leaving safepoint region
[2019-11-28T17:57:09.617+0100][1882,780s][854][934][info ] Total time for which application threads were stopped: 0,0001561 seconds, Stopping threads took: 0,0000386 seconds
[2019-11-28T17:57:10.617+0100][1883,780s][854][934][info ] Application time: 1,0001015 seconds
[2019-11-28T17:57:10.617+0100][1883,780s][854][934][info ] Entering safepoint region: Cleanup
[2019-11-28T17:57:10.617+0100][1883,780s][854][934][info ] Leaving safepoint region
[2019-11-28T17:57:10.617+0100][1883,780s][854][934][info ] Total time for which application threads were stopped: 0,0002114 seconds, Stopping threads took: 0,0000441 seconds
[2019-11-28T17:57:11.617+0100][1884,780s][854][934][info ] Application time: 1,0001834 seconds
[2019-11-28T17:57:11.617+0100][1884,780s][854][934][info ] Entering safepoint region: Cleanup
[2019-11-28T17:57:11.618+0100][1884,781s][854][934][info ] Leaving safepoint region
[2019-11-28T17:57:11.618+0100][1884,781s][854][934][info ] Total time for which application threads were stopped: 0,0004477 seconds, Stopping threads took: 0,0001480 seconds
[2019-11-28T17:57:12.618+0100][1885,781s][854][934][info ] Application time: 1,0002825 seconds
[2019-11-28T17:57:12.618+0100][1885,781s][854][934][info ] Entering safepoint region: Cleanup
[2019-11-28T17:57:12.619+0100][1885,782s][854][934][info ] Leaving safepoint region
[2019-11-28T17:57:12.619+0100][1885,782s][854][934][info ] Total time for which application threads were stopped: 0,0005557 seconds, Stopping threads took: 0,0001525 seconds
[2019-11-28T17:57:13.619+0100][1886,782s][854][934][info ] Application time: 1,0001707 seconds
[2019-11-28T17:57:13.619+0100][1886,782s][854][934][info ] Entering safepoint region: Cleanup
[2019-11-28T17:57:13.620+0100][1886,783s][854][934][info ] Leaving safepoint region
[2019-11-28T17:57:13.620+0100][1886,783s][854][934][info ] Total time for which application threads were stopped: 0,0003220 seconds, Stopping threads took: 0,0000770 seconds
[2019-11-28T17:57:14.620+0100][1887,783s][854][934][info ] Application time: 1,0000829 seconds
[2019-11-28T17:57:14.620+0100][1887,783s][854][934][info ] Entering safepoint region: Cleanup
[2019-11-28T17:57:14.620+0100][1887,783s][854][934][info ] Leaving safepoint region
[2019-11-28T17:57:14.620+0100][1887,783s][854][934][info ] Total time for which application threads were stopped: 0,0001531 seconds, Stopping threads took: 0,0000341 seconds
[2019-11-28T17:57:15.323+0100][1888,486s][854][933][trace] CMS: promo attempt is safe: available(3670073704) >= av_promo(33954128), max_promo(131385632)
[2019-11-28T17:57:15.620+0100][1888,783s][854][934][info ] Application time: 1,0000684 seconds
[2019-11-28T17:57:15.620+0100][1888,783s][854][934][info ] Entering safepoint region: Cleanup
[2019-11-28T17:57:15.620+0100][1888,783s][854][934][info ] Leaving safepoint region
[2019-11-28T17:57:15.620+0100][1888,783s][854][934][info ] Total time for which application threads were stopped: 0,0001322 seconds, Stopping threads took: 0,0000489 seconds
[2019-11-28T17:57:16.620+0100][1889,783s][854][934][info ] Application time: 1,0000851 seconds
[2019-11-28T17:57:16.621+0100][1889,783s][854][934][info ] Entering safepoint region: Cleanup
[2019-11-28T17:57:16.621+0100][1889,784s][854][934][info ] Leaving safepoint region
[2019-11-28T17:57:16.621+0100][1889,784s][854][934][info ] Total time for which application threads were stopped: 0,0002476 seconds, Stopping threads took: 0,0000708 seconds
[2019-11-28T17:57:17.621+0100][1890,784s][854][934][info ] Application time: 1,0001059 seconds
[2019-11-28T17:57:17.621+0100][1890,784s][854][934][info ] Entering safepoint region: Cleanup
[2019-11-28T17:57:17.621+0100][1890,784s][854][934][info ] Leaving safepoint region
[2019-11-28T17:57:17.621+0100][1890,784s][854][934][info ] Total time for which application threads were stopped: 0,0004236 seconds, Stopping threads took: 0,0001327 seconds
[2019-11-28T17:57:18.622+0100][1891,785s][854][934][info ] Application time: 1,0001922 seconds
[2019-11-28T17:57:18.622+0100][1891,785s][854][934][info ] Entering safepoint region: Cleanup
[2019-11-28T17:57:18.622+0100][1891,785s][854][934][info ] Leaving safepoint region
[2019-11-28T17:57:18.622+0100][1891,785s][854][934][info ] Total time for which application threads were stopped: 0,0005521 seconds, Stopping threads took: 0,0001688 seconds
[2019-11-28T17:57:19.623+0100][1892,786s][854][934][info ] Application time: 1,0001073 seconds
[2019-11-28T17:57:19.623+0100][1892,786s][854][934][info ] Entering safepoint region: Cleanup
[2019-11-28T17:57:19.623+0100][1892,786s][854][934][info ] Leaving safepoint region
[2019-11-28T17:57:19.623+0100][1892,786s][854][934][info ] Total time for which application threads were stopped: 0,0001542 seconds, Stopping threads took: 0,0000371 seconds
[2019-11-28T17:57:20.624+0100][1893,787s][854][934][info ] Application time: 1,0008358 seconds
[2019-11-28T17:57:20.624+0100][1893,787s][854][934][info ] Entering safepoint region: Cleanup
[2019-11-28T17:57:20.624+0100][1893,787s][854][934][info ] Leaving safepoint region
[2019-11-28T17:57:20.624+0100][1893,787s][854][934][info ] Total time for which application threads were stopped: 0,0001436 seconds, Stopping threads took: 0,0000372 seconds
[2019-11-28T17:57:21.624+0100][1894,787s][854][934][info ] Application time: 1,0001740 seconds
[2019-11-28T17:57:21.624+0100][1894,787s][854][934][info ] Entering safepoint region: Cleanup
[2019-11-28T17:57:21.625+0100][1894,788s][854][934][info ] Leaving safepoint region
[2019-11-28T17:57:21.625+0100][1894,788s][854][934][info ] Total time for which application threads were stopped: 0,0004401 seconds, Stopping threads took: 0,0001323 seconds
[2019-11-28T17:57:22.625+0100][1895,788s][854][934][info ] Application time: 1,0003386 seconds
[2019-11-28T17:57:22.625+0100][1895,788s][854][934][info ] Entering safepoint region: Cleanup
[2019-11-28T17:57:22.626+0100][1895,789s][854][934][info ] Leaving safepoint region
[2019-11-28T17:57:22.626+0100][1895,789s][854][934][info ] Total time for which application threads were stopped: 0,0005162 seconds, Stopping threads took: 0,0001308 seconds
[2019-11-28T17:57:23.626+0100][1896,789s][854][934][info ] Application time: 1,0001137 seconds
[2019-11-28T17:57:23.626+0100][1896,789s][854][934][info ] Entering safepoint region: Cleanup
[2019-11-28T17:57:23.626+0100][1896,789s][854][934][info ] Leaving safepoint region
[2019-11-28T17:57:23.627+0100][1896,789s][854][934][info ] Total time for which application threads were stopped: 0,0003358 seconds, Stopping threads took: 0,0000577 seconds
[2019-11-28T17:57:24.627+0100][1897,790s][854][934][info ] Application time: 1,0001038 seconds
[2019-11-28T17:57:24.627+0100][1897,790s][854][934][info ] Entering safepoint region: Cleanup
[2019-11-28T17:57:24.627+0100][1897,790s][854][934][info ] Leaving safepoint region
[2019-11-28T17:57:24.627+0100][1897,790s][854][934][info ] Total time for which application threads were stopped: 0,0001627 seconds, Stopping threads took: 0,0000351 seconds
[2019-11-28T17:57:25.323+0100][1898,486s][854][933][trace] CMS: promo attempt is safe: available(3670073704) >= av_promo(33954128), max_promo(133872432)
[2019-11-28T17:57:25.627+0100][1898,790s][854][934][info ] Application time: 1,0000757 seconds
[2019-11-28T17:57:25.627+0100][1898,790s][854][934][info ] Entering safepoint region: Cleanup
[2019-11-28T17:57:25.627+0100][1898,790s][854][934][info ] Leaving safepoint region
[2019-11-28T17:57:25.627+0100][1898,790s][854][934][info ] Total time for which application threads were stopped: 0,0001469 seconds, Stopping threads took: 0,0000373 seconds
[2019-11-28T17:57:26.627+0100][1899,790s][854][934][info ] Application time: 1,0000791 seconds
[2019-11-28T17:57:26.627+0100][1899,790s][854][934][info ] Entering safepoint region: Cleanup
[2019-11-28T17:57:26.627+0100][1899,790s][854][934][info ] Leaving safepoint region
[2019-11-28T17:57:26.628+0100][1899,790s][854][934][info ] Total time for which application threads were stopped: 0,0001436 seconds, Stopping threads took: 0,0000397 seconds
[2019-11-28T17:57:27.628+0100][1900,791s][854][934][info ] Application time: 1,0000886 seconds
[2019-11-28T17:57:27.628+0100][1900,791s][854][934][info ] Entering safepoint region: Cleanup
[2019-11-28T17:57:27.628+0100][1900,791s][854][934][info ] Leaving safepoint region
[2019-11-28T17:57:27.628+0100][1900,791s][854][934][info ] Total time for which application threads were stopped: 0,0001417 seconds, Stopping threads took: 0,0000364 seconds
[2019-11-28T17:57:28.628+0100][1901,791s][854][934][info ] Application time: 1,0001798 seconds
[2019-11-28T17:57:28.628+0100][1901,791s][854][934][info ] Entering safepoint region: Cleanup
[2019-11-28T17:57:28.628+0100][1901,791s][854][934][info ] Leaving safepoint region
[2019-11-28T17:57:28.628+0100][1901,791s][854][934][info ] Total time for which application threads were stopped: 0,0003226 seconds, Stopping threads took: 0,0000713 seconds
[2019-11-28T17:57:29.629+0100][1902,792s][854][934][info ] Application time: 1,0000981 seconds
[2019-11-28T17:57:29.629+0100][1902,792s][854][934][info ] Entering safepoint region: Cleanup
[2019-11-28T17:57:29.629+0100][1902,792s][854][934][info ] Leaving safepoint region
[2019-11-28T17:57:29.629+0100][1902,792s][854][934][info ] Total time for which application threads were stopped: 0,0001645 seconds, Stopping threads took: 0,0000409 seconds
[2019-11-28T17:57:30.629+0100][1903,792s][854][934][info ] Application time: 1,0001728 seconds
[2019-11-28T17:57:30.629+0100][1903,792s][854][934][info ] Entering safepoint region: Cleanup
[2019-11-28T17:57:30.630+0100][1903,793s][854][934][info ] Leaving safepoint region
[2019-11-28T17:57:30.630+0100][1903,793s][854][934][info ] Total time for which application threads were stopped: 0,0004657 seconds, Stopping threads took: 0,0001679 seconds
[2019-11-28T17:57:31.630+0100][1904,793s][854][934][info ] Application time: 1,0002084 seconds
[2019-11-28T17:57:31.630+0100][1904,793s][854][934][info ] Entering safepoint region: Cleanup
[2019-11-28T17:57:31.631+0100][1904,794s][854][934][info ] Leaving safepoint region
[2019-11-28T17:57:31.631+0100][1904,794s][854][934][info ] Total time for which application threads were stopped: 0,0006002 seconds, Stopping threads took: 0,0001738 seconds
[2019-11-28T17:57:32.631+0100][1905,794s][854][934][info ] Application time: 1,0002057 seconds
[2019-11-28T17:57:32.631+0100][1905,794s][854][934][info ] Entering safepoint region: Cleanup
[2019-11-28T17:57:32.632+0100][1905,795s][854][934][info ] Leaving safepoint region
[2019-11-28T17:57:32.632+0100][1905,795s][854][934][info ] Total time for which application threads were stopped: 0,0006769 seconds, Stopping threads took: 0,0001254 seconds
[2019-11-28T17:57:33.632+0100][1906,795s][854][934][info ] Application time: 1,0001442 seconds
[2019-11-28T17:57:33.632+0100][1906,795s][854][934][info ] Entering safepoint region: Cleanup
[2019-11-28T17:57:33.633+0100][1906,796s][854][934][info ] Leaving safepoint region
[2019-11-28T17:57:33.633+0100][1906,796s][854][934][info ] Total time for which application threads were stopped: 0,0007539 seconds, Stopping threads took: 0,0002200 seconds
[2019-11-28T17:57:34.633+0100][1907,796s][854][934][info ] Application time: 1,0000907 seconds
[2019-11-28T17:57:34.633+0100][1907,796s][854][934][info ] Entering safepoint region: Cleanup
[2019-11-28T17:57:34.634+0100][1907,796s][854][934][info ] Leaving safepoint region
[2019-11-28T17:57:34.634+0100][1907,797s][854][934][info ] Total time for which application threads were stopped: 0,0002098 seconds, Stopping threads took: 0,0000524 seconds
[2019-11-28T17:57:35.323+0100][1908,486s][854][933][trace] CMS: promo attempt is safe: available(3670073704) >= av_promo(33954128), max_promo(138346512)
[2019-11-28T17:57:35.634+0100][1908,797s][854][934][info ] Application time: 1,0000776 seconds
[2019-11-28T17:57:35.634+0100][1908,797s][854][934][info ] Entering safepoint region: Cleanup
[2019-11-28T17:57:35.634+0100][1908,797s][854][934][info ] Leaving safepoint region
[2019-11-28T17:57:35.634+0100][1908,797s][854][934][info ] Total time for which application threads were stopped: 0,0001559 seconds, Stopping threads took: 0,0000391 seconds
[2019-11-28T17:57:36.634+0100][1909,797s][854][934][info ] Application time: 1,0001143 seconds
[2019-11-28T17:57:36.634+0100][1909,797s][854][934][info ] Entering safepoint region: Cleanup
[2019-11-28T17:57:36.635+0100][1909,798s][854][934][info ] Leaving safepoint region
[2019-11-28T17:57:36.635+0100][1909,798s][854][934][info ] Total time for which application threads were stopped: 0,0004682 seconds, Stopping threads took: 0,0001217 seconds
[2019-11-28T17:57:37.635+0100][1910,798s][854][934][info ] Application time: 1,0001930 seconds
[2019-11-28T17:57:37.635+0100][1910,798s][854][934][info ] Entering safepoint region: Cleanup
[2019-11-28T17:57:37.636+0100][1910,799s][854][934][info ] Leaving safepoint region
[2019-11-28T17:57:37.636+0100][1910,799s][854][934][info ] Total time for which application threads were stopped: 0,0007197 seconds, Stopping threads took: 0,0001733 seconds
[2019-11-28T17:57:38.636+0100][1911,799s][854][934][info ] Application time: 1,0001987 seconds
[2019-11-28T17:57:38.636+0100][1911,799s][854][934][info ] Entering safepoint region: Cleanup
[2019-11-28T17:57:38.637+0100][1911,800s][854][934][info ] Leaving safepoint region
[2019-11-28T17:57:38.637+0100][1911,800s][854][934][info ] Total time for which application threads were stopped: 0,0005470 seconds, Stopping threads took: 0,0001339 seconds
[2019-11-28T17:57:39.637+0100][1912,800s][854][934][info ] Application time: 1,0001554 seconds
[2019-11-28T17:57:39.637+0100][1912,800s][854][934][info ] Entering safepoint region: Cleanup
[2019-11-28T17:57:39.638+0100][1912,801s][854][934][info ] Leaving safepoint region
[2019-11-28T17:57:39.638+0100][1912,801s][854][934][info ] Total time for which application threads were stopped: 0,0005340 seconds, Stopping threads took: 0,0001279 seconds
[2019-11-28T17:57:40.638+0100][1913,801s][854][934][info ] Application time: 1,0000900 seconds
[2019-11-28T17:57:40.638+0100][1913,801s][854][934][info ] Entering safepoint region: Cleanup
[2019-11-28T17:57:40.638+0100][1913,801s][854][934][info ] Leaving safepoint region
[2019-11-28T17:57:40.638+0100][1913,801s][854][934][info ] Total time for which application threads were stopped: 0,0001378 seconds, Stopping threads took: 0,0000358 seconds
[2019-11-28T17:57:41.638+0100][1914,801s][854][934][info ] Application time: 1,0000989 seconds
[2019-11-28T17:57:41.638+0100][1914,801s][854][934][info ] Entering safepoint region: Cleanup
[2019-11-28T17:57:41.639+0100][1914,802s][854][934][info ] Leaving safepoint region
[2019-11-28T17:57:41.639+0100][1914,802s][854][934][info ] Total time for which application threads were stopped: 0,0003931 seconds, Stopping threads took: 0,0000595 seconds
[2019-11-28T17:57:42.639+0100][1915,802s][854][934][info ] Application time: 1,0002553 seconds
[2019-11-28T17:57:42.639+0100][1915,802s][854][934][info ] Entering safepoint region: Cleanup
[2019-11-28T17:57:42.640+0100][1915,803s][854][934][info ] Leaving safepoint region
[2019-11-28T17:57:42.640+0100][1915,803s][854][934][info ] Total time for which application threads were stopped: 0,0004571 seconds, Stopping threads took: 0,0001259 seconds
[2019-11-28T17:57:43.641+0100][1916,804s][854][934][info ] Application time: 1,0009353 seconds
[2019-11-28T17:57:43.641+0100][1916,804s][854][934][info ] Entering safepoint region: Cleanup
[2019-11-28T17:57:43.641+0100][1916,804s][854][934][info ] Leaving safepoint region
[2019-11-28T17:57:43.641+0100][1916,804s][854][934][info ] Total time for which application threads were stopped: 0,0003125 seconds, Stopping threads took: 0,0000680 seconds
[2019-11-28T17:57:44.641+0100][1917,804s][854][934][info ] Application time: 1,0001720 seconds
[2019-11-28T17:57:44.642+0100][1917,805s][854][934][info ] Entering safepoint region: Cleanup
[2019-11-28T17:57:44.642+0100][1917,805s][854][934][info ] Leaving safepoint region
[2019-11-28T17:57:44.642+0100][1917,805s][854][934][info ] Total time for which application threads were stopped: 0,0006708 seconds, Stopping threads took: 0,0001725 seconds
[2019-11-28T17:57:45.323+0100][1918,486s][854][933][trace] CMS: promo attempt is safe: available(3670073704) >= av_promo(33954128), max_promo(140833312)
[2019-11-28T17:57:45.643+0100][1918,806s][854][934][info ] Application time: 1,0001528 seconds
[2019-11-28T17:57:45.643+0100][1918,806s][854][934][info ] Entering safepoint region: Cleanup
[2019-11-28T17:57:45.643+0100][1918,806s][854][934][info ] Leaving safepoint region
[2019-11-28T17:57:45.643+0100][1918,806s][854][934][info ] Total time for which application threads were stopped: 0,0004177 seconds, Stopping threads took: 0,0001185 seconds
[2019-11-28T17:57:46.643+0100][1919,806s][854][934][info ] Application time: 1,0002003 seconds
[2019-11-28T17:57:46.644+0100][1919,807s][854][934][info ] Entering safepoint region: Cleanup
[2019-11-28T17:57:46.644+0100][1919,807s][854][934][info ] Leaving safepoint region
[2019-11-28T17:57:46.644+0100][1919,807s][854][934][info ] Total time for which application threads were stopped: 0,0005340 seconds, Stopping threads took: 0,0001490 seconds
[2019-11-28T17:57:47.645+0100][1920,808s][854][934][info ] Application time: 1,0002045 seconds
[2019-11-28T17:57:47.645+0100][1920,808s][854][934][info ] Entering safepoint region: Cleanup
[2019-11-28T17:57:47.645+0100][1920,808s][854][934][info ] Leaving safepoint region
[2019-11-28T17:57:47.645+0100][1920,808s][854][934][info ] Total time for which application threads were stopped: 0,0005071 seconds, Stopping threads took: 0,0001539 seconds
[2019-11-28T17:57:48.645+0100][1921,808s][854][934][info ] Application time: 1,0001374 seconds
[2019-11-28T17:57:48.646+0100][1921,809s][854][934][info ] Entering safepoint region: Cleanup
[2019-11-28T17:57:48.646+0100][1921,809s][854][934][info ] Leaving safepoint region
[2019-11-28T17:57:48.646+0100][1921,809s][854][934][info ] Total time for which application threads were stopped: 0,0005837 seconds, Stopping threads took: 0,0001354 seconds
[2019-11-28T17:57:49.647+0100][1922,810s][854][934][info ] Application time: 1,0001961 seconds
[2019-11-28T17:57:49.647+0100][1922,810s][854][934][info ] Entering safepoint region: Cleanup
[2019-11-28T17:57:49.647+0100][1922,810s][854][934][info ] Leaving safepoint region
[2019-11-28T17:57:49.647+0100][1922,810s][854][934][info ] Total time for which application threads were stopped: 0,0006903 seconds, Stopping threads took: 0,0001711 seconds
[2019-11-28T17:57:50.648+0100][1923,811s][854][934][info ] Application time: 1,0001465 seconds
[2019-11-28T17:57:50.648+0100][1923,811s][854][934][info ] Entering safepoint region: Cleanup
[2019-11-28T17:57:50.648+0100][1923,811s][854][934][info ] Leaving safepoint region
[2019-11-28T17:57:50.648+0100][1923,811s][854][934][info ] Total time for which application threads were stopped: 0,0004452 seconds, Stopping threads took: 0,0001129 seconds
[2019-11-28T17:57:51.648+0100][1924,811s][854][934][info ] Application time: 1,0001391 seconds
[2019-11-28T17:57:51.650+0100][1924,813s][854][934][info ] Entering safepoint region: Cleanup
[2019-11-28T17:57:51.651+0100][1924,814s][854][934][info ] Leaving safepoint region
[2019-11-28T17:57:51.651+0100][1924,814s][854][934][info ] Total time for which application threads were stopped: 0,0004494 seconds, Stopping threads took: 0,0001615 seconds
[2019-11-28T17:57:52.651+0100][1925,814s][854][934][info ] Application time: 1,0001213 seconds
[2019-11-28T17:57:52.651+0100][1925,814s][854][934][info ] Entering safepoint region: Cleanup
[2019-11-28T17:57:52.651+0100][1925,814s][854][934][info ] Leaving safepoint region
[2019-11-28T17:57:52.651+0100][1925,814s][854][934][info ] Total time for which application threads were stopped: 0,0003405 seconds, Stopping threads took: 0,0001044 seconds
[2019-11-28T17:57:53.652+0100][1926,814s][854][934][info ] Application time: 1,0000970 seconds
[2019-11-28T17:57:53.652+0100][1926,815s][854][934][info ] Entering safepoint region: Cleanup
[2019-11-28T17:57:53.652+0100][1926,815s][854][934][info ] Leaving safepoint region
[2019-11-28T17:57:53.652+0100][1926,815s][854][934][info ] Total time for which application threads were stopped: 0,0002036 seconds, Stopping threads took: 0,0000785 seconds
[2019-11-28T17:57:54.652+0100][1927,815s][854][934][info ] Application time: 1,0001122 seconds
[2019-11-28T17:57:54.652+0100][1927,815s][854][934][info ] Entering safepoint region: Cleanup
[2019-11-28T17:57:54.652+0100][1927,815s][854][934][info ] Leaving safepoint region
[2019-11-28T17:57:54.652+0100][1927,815s][854][934][info ] Total time for which application threads were stopped: 0,0001347 seconds, Stopping threads took: 0,0000357 seconds
[2019-11-28T17:57:55.322+0100][1928,485s][854][933][trace] CMS: promo attempt is safe: available(3670073704) >= av_promo(33954128), max_promo(144358360)
[2019-11-28T17:57:55.652+0100][1928,815s][854][934][info ] Application time: 1,0001298 seconds
[2019-11-28T17:57:55.652+0100][1928,815s][854][934][info ] Entering safepoint region: Cleanup
[2019-11-28T17:57:55.653+0100][1928,816s][854][934][info ] Leaving safepoint region
[2019-11-28T17:57:55.653+0100][1928,816s][854][934][info ] Total time for which application threads were stopped: 0,0004359 seconds, Stopping threads took: 0,0001096 seconds
[2019-11-28T17:57:56.653+0100][1929,816s][854][934][info ] Application time: 1,0001630 seconds
[2019-11-28T17:57:56.653+0100][1929,816s][854][934][info ] Entering safepoint region: Cleanup
[2019-11-28T17:57:56.654+0100][1929,817s][854][934][info ] Leaving safepoint region
[2019-11-28T17:57:56.654+0100][1929,817s][854][934][info ] Total time for which application threads were stopped: 0,0004930 seconds, Stopping threads took: 0,0001338 seconds
[2019-11-28T17:57:57.654+0100][1930,817s][854][934][info ] Application time: 1,0003116 seconds
[2019-11-28T17:57:57.655+0100][1930,818s][854][934][info ] Entering safepoint region: Cleanup
[2019-11-28T17:57:57.655+0100][1930,818s][854][934][info ] Leaving safepoint region
[2019-11-28T17:57:57.655+0100][1930,818s][854][934][info ] Total time for which application threads were stopped: 0,0006034 seconds, Stopping threads took: 0,0002098 seconds
[2019-11-28T17:57:58.655+0100][1931,818s][854][934][info ] Application time: 1,0001864 seconds
[2019-11-28T17:57:58.656+0100][1931,819s][854][934][info ] Entering safepoint region: Cleanup
[2019-11-28T17:57:58.656+0100][1931,819s][854][934][info ] Leaving safepoint region
[2019-11-28T17:57:58.656+0100][1931,819s][854][934][info ] Total time for which application threads were stopped: 0,0005994 seconds, Stopping threads took: 0,0002505 seconds
[2019-11-28T17:57:59.656+0100][1932,819s][854][934][info ] Application time: 1,0001310 seconds
[2019-11-28T17:57:59.657+0100][1932,820s][854][934][info ] Entering safepoint region: Cleanup
[2019-11-28T17:57:59.657+0100][1932,820s][854][934][info ] Leaving safepoint region
[2019-11-28T17:57:59.657+0100][1932,820s][854][934][info ] Total time for which application threads were stopped: 0,0005513 seconds, Stopping threads took: 0,0001429 seconds
[2019-11-28T17:58:00.658+0100][1933,821s][854][934][info ] Application time: 1,0002022 seconds
[2019-11-28T17:58:00.658+0100][1933,821s][854][934][info ] Entering safepoint region: Cleanup
[2019-11-28T17:58:00.658+0100][1933,821s][854][934][info ] Leaving safepoint region
[2019-11-28T17:58:00.658+0100][1933,821s][854][934][info ] Total time for which application threads were stopped: 0,0005373 seconds, Stopping threads took: 0,0001693 seconds
[2019-11-28T17:58:01.659+0100][1934,822s][854][934][info ] Application time: 1,0001996 seconds
[2019-11-28T17:58:01.659+0100][1934,822s][854][934][info ] Entering safepoint region: Cleanup
[2019-11-28T17:58:01.659+0100][1934,822s][854][934][info ] Leaving safepoint region
[2019-11-28T17:58:01.659+0100][1934,822s][854][934][info ] Total time for which application threads were stopped: 0,0004759 seconds, Stopping threads took: 0,0001351 seconds
[2019-11-28T17:58:02.660+0100][1935,823s][854][934][info ] Application time: 1,0002628 seconds
[2019-11-28T17:58:02.660+0100][1935,823s][854][934][info ] Entering safepoint region: Cleanup
[2019-11-28T17:58:02.660+0100][1935,823s][854][934][info ] Leaving safepoint region
[2019-11-28T17:58:02.660+0100][1935,823s][854][934][info ] Total time for which application threads were stopped: 0,0004664 seconds, Stopping threads took: 0,0001157 seconds
[2019-11-28T17:58:03.661+0100][1936,824s][854][934][info ] Application time: 1,0001436 seconds
[2019-11-28T17:58:03.661+0100][1936,824s][854][934][info ] Entering safepoint region: Cleanup
[2019-11-28T17:58:03.662+0100][1936,825s][854][934][info ] Leaving safepoint region
[2019-11-28T17:58:03.662+0100][1936,825s][854][934][info ] Total time for which application threads were stopped: 0,0011898 seconds, Stopping threads took: 0,0001568 seconds
[2019-11-28T17:58:04.662+0100][1937,825s][854][934][info ] Application time: 1,0001913 seconds
[2019-11-28T17:58:04.663+0100][1937,826s][854][934][info ] Entering safepoint region: Cleanup
[2019-11-28T17:58:04.663+0100][1937,826s][854][934][info ] Leaving safepoint region
[2019-11-28T17:58:04.663+0100][1937,826s][854][934][info ] Total time for which application threads were stopped: 0,0005180 seconds, Stopping threads took: 0,0001605 seconds
[2019-11-28T17:58:05.322+0100][1938,485s][854][933][trace] CMS: promo attempt is safe: available(3670073704) >= av_promo(33954128), max_promo(146845160)
[2019-11-28T17:58:05.663+0100][1938,826s][854][934][info ] Application time: 1,0000980 seconds
[2019-11-28T17:58:05.663+0100][1938,826s][854][934][info ] Entering safepoint region: Cleanup
[2019-11-28T17:58:05.663+0100][1938,826s][854][934][info ] Leaving safepoint region
[2019-11-28T17:58:05.663+0100][1938,826s][854][934][info ] Total time for which application threads were stopped: 0,0001439 seconds, Stopping threads took: 0,0000393 seconds
[2019-11-28T17:58:06.664+0100][1939,827s][854][934][info ] Application time: 1,0001700 seconds
[2019-11-28T17:58:06.664+0100][1939,827s][854][934][info ] Entering safepoint region: Cleanup
[2019-11-28T17:58:06.665+0100][1939,828s][854][934][info ] Leaving safepoint region
[2019-11-28T17:58:06.665+0100][1939,828s][854][934][info ] Total time for which application threads were stopped: 0,0008635 seconds, Stopping threads took: 0,0003361 seconds
[2019-11-28T17:58:07.665+0100][1940,828s][854][934][info ] Application time: 1,0002184 seconds
[2019-11-28T17:58:07.666+0100][1940,829s][854][934][info ] Entering safepoint region: Cleanup
[2019-11-28T17:58:07.666+0100][1940,829s][854][934][info ] Leaving safepoint region
[2019-11-28T17:58:07.666+0100][1940,829s][854][934][info ] Total time for which application threads were stopped: 0,0005987 seconds, Stopping threads took: 0,0001412 seconds
[2019-11-28T17:58:08.666+0100][1941,829s][854][934][info ] Application time: 1,0001580 seconds
[2019-11-28T17:58:08.667+0100][1941,830s][854][934][info ] Entering safepoint region: Cleanup
[2019-11-28T17:58:08.667+0100][1941,830s][854][934][info ] Leaving safepoint region
[2019-11-28T17:58:08.667+0100][1941,830s][854][934][info ] Total time for which application threads were stopped: 0,0005975 seconds, Stopping threads took: 0,0001647 seconds
[2019-11-28T17:58:09.668+0100][1942,831s][854][934][info ] Application time: 1,0001776 seconds
[2019-11-28T17:58:09.668+0100][1942,831s][854][934][info ] Entering safepoint region: Cleanup
[2019-11-28T17:58:09.668+0100][1942,831s][854][934][info ] Leaving safepoint region
[2019-11-28T17:58:09.669+0100][1942,832s][854][934][info ] Total time for which application threads were stopped: 0,0006790 seconds, Stopping threads took: 0,0002780 seconds
[2019-11-28T17:58:10.669+0100][1943,832s][854][934][info ] Application time: 1,0002442 seconds
[2019-11-28T17:58:10.669+0100][1943,832s][854][934][info ] Entering safepoint region: Cleanup
[2019-11-28T17:58:10.670+0100][1943,832s][854][934][info ] Leaving safepoint region
[2019-11-28T17:58:10.670+0100][1943,833s][854][934][info ] Total time for which application threads were stopped: 0,0005354 seconds, Stopping threads took: 0,0001366 seconds
[2019-11-28T17:58:11.670+0100][1944,833s][854][934][info ] Application time: 1,0001650 seconds
[2019-11-28T17:58:11.670+0100][1944,833s][854][934][info ] Entering safepoint region: Cleanup
[2019-11-28T17:58:11.671+0100][1944,834s][854][934][info ] Leaving safepoint region
[2019-11-28T17:58:11.671+0100][1944,834s][854][934][info ] Total time for which application threads were stopped: 0,0006028 seconds, Stopping threads took: 0,0001769 seconds
[2019-11-28T17:58:12.671+0100][1945,834s][854][934][info ] Application time: 1,0003178 seconds
[2019-11-28T17:58:12.671+0100][1945,834s][854][934][info ] Entering safepoint region: Cleanup
[2019-11-28T17:58:12.672+0100][1945,835s][854][934][info ] Leaving safepoint region
[2019-11-28T17:58:12.672+0100][1945,835s][854][934][info ] Total time for which application threads were stopped: 0,0007970 seconds, Stopping threads took: 0,0001923 seconds
[2019-11-28T17:58:13.673+0100][1946,836s][854][934][info ] Application time: 1,0003152 seconds
[2019-11-28T17:58:13.673+0100][1946,836s][854][934][info ] Entering safepoint region: Cleanup
[2019-11-28T17:58:13.673+0100][1946,836s][854][934][info ] Leaving safepoint region
[2019-11-28T17:58:13.673+0100][1946,836s][854][934][info ] Total time for which application threads were stopped: 0,0005765 seconds, Stopping threads took: 0,0001999 seconds
[2019-11-28T17:58:14.674+0100][1947,837s][854][934][info ] Application time: 1,0001290 seconds
[2019-11-28T17:58:14.674+0100][1947,837s][854][934][info ] Entering safepoint region: Cleanup
[2019-11-28T17:58:14.674+0100][1947,837s][854][934][info ] Leaving safepoint region
[2019-11-28T17:58:14.674+0100][1947,837s][854][934][info ] Total time for which application threads were stopped: 0,0005105 seconds, Stopping threads took: 0,0001363 seconds
[2019-11-28T17:58:15.322+0100][1948,485s][854][933][trace] CMS: promo attempt is safe: available(3670073704) >= av_promo(33954128), max_promo(149331960)
[2019-11-28T17:58:15.675+0100][1948,838s][854][934][info ] Application time: 1,0002934 seconds
[2019-11-28T17:58:15.675+0100][1948,838s][854][934][info ] Entering safepoint region: Cleanup
[2019-11-28T17:58:15.675+0100][1948,838s][854][934][info ] Leaving safepoint region
[2019-11-28T17:58:15.675+0100][1948,838s][854][934][info ] Total time for which application threads were stopped: 0,0005409 seconds, Stopping threads took: 0,0001313 seconds
[2019-11-28T17:58:16.676+0100][1949,839s][854][934][info ] Application time: 1,0001512 seconds
[2019-11-28T17:58:16.676+0100][1949,839s][854][934][info ] Entering safepoint region: Cleanup
[2019-11-28T17:58:16.676+0100][1949,839s][854][934][info ] Leaving safepoint region
[2019-11-28T17:58:16.676+0100][1949,839s][854][934][info ] Total time for which application threads were stopped: 0,0004120 seconds, Stopping threads took: 0,0001152 seconds
[2019-11-28T17:58:17.677+0100][1950,839s][854][934][info ] Application time: 1,0001404 seconds
[2019-11-28T17:58:17.677+0100][1950,840s][854][934][info ] Entering safepoint region: Cleanup
[2019-11-28T17:58:17.677+0100][1950,840s][854][934][info ] Leaving safepoint region
[2019-11-28T17:58:17.677+0100][1950,840s][854][934][info ] Total time for which application threads were stopped: 0,0006077 seconds, Stopping threads took: 0,0001230 seconds
[2019-11-28T17:58:18.678+0100][1951,841s][854][934][info ] Application time: 1,0001513 seconds
[2019-11-28T17:58:18.678+0100][1951,841s][854][934][info ] Entering safepoint region: Cleanup
[2019-11-28T17:58:18.678+0100][1951,841s][854][934][info ] Leaving safepoint region
[2019-11-28T17:58:18.678+0100][1951,841s][854][934][info ] Total time for which application threads were stopped: 0,0006643 seconds, Stopping threads took: 0,0001521 seconds
[2019-11-28T17:58:19.679+0100][1952,842s][854][934][info ] Application time: 1,0002099 seconds
[2019-11-28T17:58:19.679+0100][1952,842s][854][934][info ] Entering safepoint region: Cleanup
[2019-11-28T17:58:19.679+0100][1952,842s][854][934][info ] Leaving safepoint region
[2019-11-28T17:58:19.680+0100][1952,843s][854][934][info ] Total time for which application threads were stopped: 0,0005924 seconds, Stopping threads took: 0,0001433 seconds
[2019-11-28T17:58:20.680+0100][1953,843s][854][934][info ] Application time: 1,0002941 seconds
[2019-11-28T17:58:20.680+0100][1953,843s][854][934][info ] Entering safepoint region: Cleanup
[2019-11-28T17:58:20.681+0100][1953,844s][854][934][info ] Leaving safepoint region
[2019-11-28T17:58:20.681+0100][1953,844s][854][934][info ] Total time for which application threads were stopped: 0,0005935 seconds, Stopping threads took: 0,0002015 seconds
[2019-11-28T17:58:21.681+0100][1954,844s][854][934][info ] Application time: 1,0002184 seconds
[2019-11-28T17:58:21.681+0100][1954,844s][854][934][info ] Entering safepoint region: Cleanup
[2019-11-28T17:58:21.682+0100][1954,845s][854][934][info ] Leaving safepoint region
[2019-11-28T17:58:21.682+0100][1954,845s][854][934][info ] Total time for which application threads were stopped: 0,0004570 seconds, Stopping threads took: 0,0001498 seconds
[2019-11-28T17:58:22.682+0100][1955,845s][854][934][info ] Application time: 1,0001858 seconds
[2019-11-28T17:58:22.682+0100][1955,845s][854][934][info ] Entering safepoint region: Cleanup
[2019-11-28T17:58:22.683+0100][1955,846s][854][934][info ] Leaving safepoint region
[2019-11-28T17:58:22.683+0100][1955,846s][854][934][info ] Total time for which application threads were stopped: 0,0005056 seconds, Stopping threads took: 0,0001673 seconds
[2019-11-28T17:58:23.683+0100][1956,846s][854][934][info ] Application time: 1,0001196 seconds
[2019-11-28T17:58:23.683+0100][1956,846s][854][934][info ] Entering safepoint region: Cleanup
[2019-11-28T17:58:23.684+0100][1956,847s][854][934][info ] Leaving safepoint region
[2019-11-28T17:58:23.684+0100][1956,847s][854][934][info ] Total time for which application threads were stopped: 0,0005646 seconds, Stopping threads took: 0,0001153 seconds
[2019-11-28T17:58:24.684+0100][1957,847s][854][934][info ] Application time: 1,0001329 seconds
[2019-11-28T17:58:24.684+0100][1957,847s][854][934][info ] Entering safepoint region: Cleanup
[2019-11-28T17:58:24.685+0100][1957,848s][854][934][info ] Leaving safepoint region
[2019-11-28T17:58:24.685+0100][1957,848s][854][934][info ] Total time for which application threads were stopped: 0,0005606 seconds, Stopping threads took: 0,0001290 seconds
[2019-11-28T17:58:25.322+0100][1958,485s][854][933][trace] CMS: promo attempt is safe: available(3670073704) >= av_promo(33954128), max_promo(152747904)
[2019-11-28T17:58:25.685+0100][1958,848s][854][934][info ] Application time: 1,0001936 seconds
[2019-11-28T17:58:25.685+0100][1958,848s][854][934][info ] Entering safepoint region: Cleanup
[2019-11-28T17:58:25.686+0100][1958,849s][854][934][info ] Leaving safepoint region
[2019-11-28T17:58:25.686+0100][1958,849s][854][934][info ] Total time for which application threads were stopped: 0,0005193 seconds, Stopping threads took: 0,0001418 seconds
[2019-11-28T17:58:26.686+0100][1959,849s][854][934][info ] Application time: 1,0002916 seconds
[2019-11-28T17:58:26.686+0100][1959,849s][854][934][info ] Entering safepoint region: Cleanup
[2019-11-28T17:58:26.687+0100][1959,850s][854][934][info ] Leaving safepoint region
[2019-11-28T17:58:26.687+0100][1959,850s][854][934][info ] Total time for which application threads were stopped: 0,0007513 seconds, Stopping threads took: 0,0002742 seconds
[2019-11-28T17:58:27.687+0100][1960,850s][854][934][info ] Application time: 1,0000958 seconds
[2019-11-28T17:58:27.687+0100][1960,850s][854][934][info ] Entering safepoint region: Cleanup
[2019-11-28T17:58:27.687+0100][1960,850s][854][934][info ] Leaving safepoint region
[2019-11-28T17:58:27.688+0100][1960,850s][854][934][info ] Total time for which application threads were stopped: 0,0001492 seconds, Stopping threads took: 0,0000348 seconds
[2019-11-28T17:58:28.688+0100][1961,851s][854][934][info ] Application time: 1,0001400 seconds
[2019-11-28T17:58:28.688+0100][1961,851s][854][934][info ] Entering safepoint region: Cleanup
[2019-11-28T17:58:28.688+0100][1961,851s][854][934][info ] Leaving safepoint region
[2019-11-28T17:58:28.688+0100][1961,851s][854][934][info ] Total time for which application threads were stopped: 0,0003786 seconds, Stopping threads took: 0,0000846 seconds
[2019-11-28T17:58:29.688+0100][1962,851s][854][934][info ] Application time: 1,0001177 seconds
[2019-11-28T17:58:29.688+0100][1962,851s][854][934][info ] Entering safepoint region: Cleanup
[2019-11-28T17:58:29.689+0100][1962,851s][854][934][info ] Leaving safepoint region
[2019-11-28T17:58:29.689+0100][1962,852s][854][934][info ] Total time for which application threads were stopped: 0,0001253 seconds, Stopping threads took: 0,0000341 seconds
[2019-11-28T17:58:30.689+0100][1963,852s][854][934][info ] Application time: 1,0001006 seconds
[2019-11-28T17:58:30.689+0100][1963,852s][854][934][info ] Entering safepoint region: Cleanup
[2019-11-28T17:58:30.689+0100][1963,852s][854][934][info ] Leaving safepoint region
[2019-11-28T17:58:30.689+0100][1963,852s][854][934][info ] Total time for which application threads were stopped: 0,0001446 seconds, Stopping threads took: 0,0000331 seconds
[2019-11-28T17:58:31.689+0100][1964,852s][854][934][info ] Application time: 1,0001141 seconds
[2019-11-28T17:58:31.689+0100][1964,852s][854][934][info ] Entering safepoint region: Cleanup
[2019-11-28T17:58:31.690+0100][1964,853s][854][934][info ] Leaving safepoint region
[2019-11-28T17:58:31.690+0100][1964,853s][854][934][info ] Total time for which application threads were stopped: 0,0005720 seconds, Stopping threads took: 0,0001826 seconds
[2019-11-28T17:58:32.690+0100][1965,853s][854][934][info ] Application time: 1,0001574 seconds
[2019-11-28T17:58:32.690+0100][1965,853s][854][934][info ] Entering safepoint region: Cleanup
[2019-11-28T17:58:32.691+0100][1965,854s][854][934][info ] Leaving safepoint region
[2019-11-28T17:58:32.691+0100][1965,854s][854][934][info ] Total time for which application threads were stopped: 0,0004722 seconds, Stopping threads took: 0,0001383 seconds
[2019-11-28T17:58:33.691+0100][1966,854s][854][934][info ] Application time: 1,0001624 seconds
[2019-11-28T17:58:33.691+0100][1966,854s][854][934][info ] Entering safepoint region: Cleanup
[2019-11-28T17:58:33.692+0100][1966,855s][854][934][info ] Leaving safepoint region
[2019-11-28T17:58:33.692+0100][1966,855s][854][934][info ] Total time for which application threads were stopped: 0,0008058 seconds, Stopping threads took: 0,0001902 seconds
[2019-11-28T17:58:34.692+0100][1967,855s][854][934][info ] Application time: 1,0002207 seconds
[2019-11-28T17:58:34.693+0100][1967,856s][854][934][info ] Entering safepoint region: Cleanup
[2019-11-28T17:58:34.693+0100][1967,856s][854][934][info ] Leaving safepoint region
[2019-11-28T17:58:34.693+0100][1967,856s][854][934][info ] Total time for which application threads were stopped: 0,0006182 seconds, Stopping threads took: 0,0002337 seconds
[2019-11-28T17:58:35.322+0100][1968,485s][854][933][trace] CMS: promo attempt is safe: available(3670073704) >= av_promo(33954128), max_promo(155234704)
[2019-11-28T17:58:35.693+0100][1968,856s][854][934][info ] Application time: 1,0001543 seconds
[2019-11-28T17:58:35.694+0100][1968,857s][854][934][info ] Entering safepoint region: Cleanup
[2019-11-28T17:58:35.694+0100][1968,857s][854][934][info ] Leaving safepoint region
[2019-11-28T17:58:35.694+0100][1968,857s][854][934][info ] Total time for which application threads were stopped: 0,0003485 seconds, Stopping threads took: 0,0000935 seconds
[2019-11-28T17:58:36.694+0100][1969,857s][854][934][info ] Application time: 1,0000911 seconds
[2019-11-28T17:58:36.694+0100][1969,857s][854][934][info ] Entering safepoint region: Cleanup
[2019-11-28T17:58:36.694+0100][1969,857s][854][934][info ] Leaving safepoint region
[2019-11-28T17:58:36.694+0100][1969,857s][854][934][info ] Total time for which application threads were stopped: 0,0001404 seconds, Stopping threads took: 0,0000405 seconds
[2019-11-28T17:58:37.695+0100][1970,858s][854][934][info ] Application time: 1,0001751 seconds
[2019-11-28T17:58:37.695+0100][1970,858s][854][934][info ] Entering safepoint region: Cleanup
[2019-11-28T17:58:37.695+0100][1970,858s][854][934][info ] Leaving safepoint region
[2019-11-28T17:58:37.695+0100][1970,858s][854][934][info ] Total time for which application threads were stopped: 0,0004337 seconds, Stopping threads took: 0,0001391 seconds
[2019-11-28T17:58:38.695+0100][1971,858s][854][934][info ] Application time: 1,0001926 seconds
[2019-11-28T17:58:38.696+0100][1971,859s][854][934][info ] Entering safepoint region: Cleanup
[2019-11-28T17:58:38.696+0100][1971,859s][854][934][info ] Leaving safepoint region
[2019-11-28T17:58:38.696+0100][1971,859s][854][934][info ] Total time for which application threads were stopped: 0,0005502 seconds, Stopping threads took: 0,0001669 seconds
[2019-11-28T17:58:39.697+0100][1972,860s][854][934][info ] Application time: 1,0001613 seconds
[2019-11-28T17:58:39.697+0100][1972,860s][854][934][info ] Entering safepoint region: Cleanup
[2019-11-28T17:58:39.697+0100][1972,860s][854][934][info ] Leaving safepoint region
[2019-11-28T17:58:39.697+0100][1972,860s][854][934][info ] Total time for which application threads were stopped: 0,0005315 seconds, Stopping threads took: 0,0001360 seconds
[2019-11-28T17:58:40.698+0100][1973,861s][854][934][info ] Application time: 1,0003049 seconds
[2019-11-28T17:58:40.698+0100][1973,861s][854][934][info ] Entering safepoint region: Cleanup
[2019-11-28T17:58:40.698+0100][1973,861s][854][934][info ] Leaving safepoint region
[2019-11-28T17:58:40.698+0100][1973,861s][854][934][info ] Total time for which application threads were stopped: 0,0005344 seconds, Stopping threads took: 0,0001315 seconds
[2019-11-28T17:58:41.699+0100][1974,862s][854][934][info ] Application time: 1,0001396 seconds
[2019-11-28T17:58:41.699+0100][1974,862s][854][934][info ] Entering safepoint region: Cleanup
[2019-11-28T17:58:41.700+0100][1974,863s][854][934][info ] Leaving safepoint region
[2019-11-28T17:58:41.708+0100][1974,871s][854][934][info ] Total time for which application threads were stopped: 0,0087770 seconds, Stopping threads took: 0,0001807 seconds
[2019-11-28T17:58:42.708+0100][1975,871s][854][934][info ] Application time: 1,0001708 seconds
[2019-11-28T17:58:42.708+0100][1975,871s][854][934][info ] Entering safepoint region: Cleanup
[2019-11-28T17:58:42.708+0100][1975,871s][854][934][info ] Leaving safepoint region
[2019-11-28T17:58:42.708+0100][1975,871s][854][934][info ] Total time for which application threads were stopped: 0,0001547 seconds, Stopping threads took: 0,0000305 seconds
[2019-11-28T17:58:43.709+0100][1976,872s][854][934][info ] Application time: 1,0001106 seconds
[2019-11-28T17:58:43.709+0100][1976,872s][854][934][info ] Entering safepoint region: Cleanup
[2019-11-28T17:58:43.709+0100][1976,872s][854][934][info ] Leaving safepoint region
[2019-11-28T17:58:43.709+0100][1976,872s][854][934][info ] Total time for which application threads were stopped: 0,0002718 seconds, Stopping threads took: 0,0001117 seconds
[2019-11-28T17:58:44.709+0100][1977,872s][854][934][info ] Application time: 1,0001003 seconds
[2019-11-28T17:58:44.709+0100][1977,872s][854][934][info ] Entering safepoint region: Cleanup
[2019-11-28T17:58:44.710+0100][1977,873s][854][934][info ] Leaving safepoint region
[2019-11-28T17:58:44.710+0100][1977,873s][854][934][info ] Total time for which application threads were stopped: 0,0005890 seconds, Stopping threads took: 0,0001207 seconds
[2019-11-28T17:58:45.321+0100][1978,484s][854][933][trace] CMS: promo attempt is safe: available(3670073704) >= av_promo(33954128), max_promo(159885856)
[2019-11-28T17:58:45.710+0100][1978,873s][854][934][info ] Application time: 1,0001112 seconds
[2019-11-28T17:58:45.710+0100][1978,873s][854][934][info ] Entering safepoint region: Cleanup
[2019-11-28T17:58:45.711+0100][1978,874s][854][934][info ] Leaving safepoint region
[2019-11-28T17:58:45.711+0100][1978,874s][854][934][info ] Total time for which application threads were stopped: 0,0004743 seconds, Stopping threads took: 0,0001206 seconds
[2019-11-28T17:58:46.711+0100][1979,874s][854][934][info ] Application time: 1,0001522 seconds
[2019-11-28T17:58:46.711+0100][1979,874s][854][934][info ] Entering safepoint region: Cleanup
[2019-11-28T17:58:46.711+0100][1979,874s][854][934][info ] Leaving safepoint region
[2019-11-28T17:58:46.711+0100][1979,874s][854][934][info ] Total time for which application threads were stopped: 0,0003942 seconds, Stopping threads took: 0,0001521 seconds
[2019-11-28T17:58:47.712+0100][1980,875s][854][934][info ] Application time: 1,0001254 seconds
[2019-11-28T17:58:47.712+0100][1980,875s][854][934][info ] Entering safepoint region: Cleanup
[2019-11-28T17:58:47.712+0100][1980,875s][854][934][info ] Leaving safepoint region
[2019-11-28T17:58:47.712+0100][1980,875s][854][934][info ] Total time for which application threads were stopped: 0,0005737 seconds, Stopping threads took: 0,0001565 seconds
[2019-11-28T17:58:48.713+0100][1981,876s][854][934][info ] Application time: 1,0001141 seconds
[2019-11-28T17:58:48.713+0100][1981,876s][854][934][info ] Entering safepoint region: Cleanup
[2019-11-28T17:58:48.713+0100][1981,876s][854][934][info ] Leaving safepoint region
[2019-11-28T17:58:48.713+0100][1981,876s][854][934][info ] Total time for which application threads were stopped: 0,0002121 seconds, Stopping threads took: 0,0001130 seconds
[2019-11-28T17:58:49.713+0100][1982,876s][854][934][info ] Application time: 1,0000734 seconds
[2019-11-28T17:58:49.713+0100][1982,876s][854][934][info ] Entering safepoint region: Cleanup
[2019-11-28T17:58:49.713+0100][1982,876s][854][934][info ] Leaving safepoint region
[2019-11-28T17:58:49.713+0100][1982,876s][854][934][info ] Total time for which application threads were stopped: 0,0001490 seconds, Stopping threads took: 0,0000360 seconds
[2019-11-28T17:58:50.713+0100][1983,876s][854][934][info ] Application time: 1,0000679 seconds
[2019-11-28T17:58:50.713+0100][1983,876s][854][934][info ] Entering safepoint region: Cleanup
[2019-11-28T17:58:50.714+0100][1983,877s][854][934][info ] Leaving safepoint region
[2019-11-28T17:58:50.714+0100][1983,877s][854][934][info ] Total time for which application threads were stopped: 0,0001119 seconds, Stopping threads took: 0,0000249 seconds
[2019-11-28T17:58:51.714+0100][1984,877s][854][934][info ] Application time: 1,0001453 seconds
[2019-11-28T17:58:51.714+0100][1984,877s][854][934][info ] Entering safepoint region: Cleanup
[2019-11-28T17:58:51.714+0100][1984,877s][854][934][info ] Leaving safepoint region
[2019-11-28T17:58:51.714+0100][1984,877s][854][934][info ] Total time for which application threads were stopped: 0,0004364 seconds, Stopping threads took: 0,0001012 seconds
[2019-11-28T17:58:52.715+0100][1985,878s][854][934][info ] Application time: 1,0001371 seconds
[2019-11-28T17:58:52.715+0100][1985,878s][854][934][info ] Entering safepoint region: Cleanup
[2019-11-28T17:58:52.715+0100][1985,878s][854][934][info ] Leaving safepoint region
[2019-11-28T17:58:52.715+0100][1985,878s][854][934][info ] Total time for which application threads were stopped: 0,0004936 seconds, Stopping threads took: 0,0001291 seconds
[2019-11-28T17:58:53.715+0100][1986,878s][854][934][info ] Application time: 1,0001234 seconds
[2019-11-28T17:58:53.715+0100][1986,878s][854][934][info ] Entering safepoint region: Cleanup
[2019-11-28T17:58:53.716+0100][1986,879s][854][934][info ] Leaving safepoint region
[2019-11-28T17:58:53.716+0100][1986,879s][854][934][info ] Total time for which application threads were stopped: 0,0001164 seconds, Stopping threads took: 0,0000273 seconds
[2019-11-28T17:58:54.716+0100][1987,879s][854][934][info ] Application time: 1,0001092 seconds
[2019-11-28T17:58:54.716+0100][1987,879s][854][934][info ] Entering safepoint region: Cleanup
[2019-11-28T17:58:54.716+0100][1987,879s][854][934][info ] Leaving safepoint region
[2019-11-28T17:58:54.716+0100][1987,879s][854][934][info ] Total time for which application threads were stopped: 0,0005255 seconds, Stopping threads took: 0,0001391 seconds
[2019-11-28T17:58:55.321+0100][1988,484s][854][933][trace] CMS: promo attempt is safe: available(3670073704) >= av_promo(33954128), max_promo(162492880)
[2019-11-28T17:58:55.717+0100][1988,880s][854][934][info ] Application time: 1,0001493 seconds
[2019-11-28T17:58:55.717+0100][1988,880s][854][934][info ] Entering safepoint region: Cleanup
[2019-11-28T17:58:55.717+0100][1988,880s][854][934][info ] Leaving safepoint region
[2019-11-28T17:58:55.717+0100][1988,880s][854][934][info ] Total time for which application threads were stopped: 0,0001199 seconds, Stopping threads took: 0,0000282 seconds
[2019-11-28T17:58:56.717+0100][1989,880s][854][934][info ] Application time: 1,0001368 seconds
[2019-11-28T17:58:56.717+0100][1989,880s][854][934][info ] Entering safepoint region: Cleanup
[2019-11-28T17:58:56.718+0100][1989,881s][854][934][info ] Leaving safepoint region
[2019-11-28T17:58:56.718+0100][1989,881s][854][934][info ] Total time for which application threads were stopped: 0,0005221 seconds, Stopping threads took: 0,0002469 seconds
[2019-11-28T17:58:57.718+0100][1990,881s][854][934][info ] Application time: 1,0001551 seconds
[2019-11-28T17:58:57.718+0100][1990,881s][854][934][info ] Entering safepoint region: Cleanup
[2019-11-28T17:58:57.718+0100][1990,881s][854][934][info ] Leaving safepoint region
[2019-11-28T17:58:57.718+0100][1990,881s][854][934][info ] Total time for which application threads were stopped: 0,0003704 seconds, Stopping threads took: 0,0001193 seconds
[2019-11-28T17:58:58.719+0100][1991,882s][854][934][info ] Application time: 1,0001541 seconds
[2019-11-28T17:58:58.719+0100][1991,882s][854][934][info ] Entering safepoint region: Cleanup
[2019-11-28T17:58:58.719+0100][1991,882s][854][934][info ] Leaving safepoint region
[2019-11-28T17:58:58.719+0100][1991,882s][854][934][info ] Total time for which application threads were stopped: 0,0003991 seconds, Stopping threads took: 0,0001092 seconds
[2019-11-28T17:58:59.719+0100][1992,882s][854][934][info ] Application time: 1,0001156 seconds
[2019-11-28T17:58:59.720+0100][1992,883s][854][934][info ] Entering safepoint region: Cleanup
[2019-11-28T17:58:59.720+0100][1992,883s][854][934][info ] Leaving safepoint region
[2019-11-28T17:58:59.720+0100][1992,883s][854][934][info ] Total time for which application threads were stopped: 0,0004315 seconds, Stopping threads took: 0,0001684 seconds
[2019-11-28T17:59:00.720+0100][1993,883s][854][934][info ] Application time: 1,0001562 seconds
[2019-11-28T17:59:00.721+0100][1993,884s][854][934][info ] Entering safepoint region: Cleanup
[2019-11-28T17:59:00.721+0100][1993,884s][854][934][info ] Leaving safepoint region
[2019-11-28T17:59:00.721+0100][1993,884s][854][934][info ] Total time for which application threads were stopped: 0,0005734 seconds, Stopping threads took: 0,0001607 seconds
[2019-11-28T17:59:01.721+0100][1994,884s][854][934][info ] Application time: 1,0001909 seconds
[2019-11-28T17:59:01.724+0100][1994,887s][854][934][info ] Entering safepoint region: Cleanup
[2019-11-28T17:59:01.724+0100][1994,887s][854][934][info ] Leaving safepoint region
[2019-11-28T17:59:01.724+0100][1994,887s][854][934][info ] Total time for which application threads were stopped: 0,0017923 seconds, Stopping threads took: 0,0016730 seconds
[2019-11-28T17:59:02.724+0100][1995,887s][854][934][info ] Application time: 1,0000948 seconds
[2019-11-28T17:59:02.725+0100][1995,888s][854][934][info ] Entering safepoint region: Cleanup
[2019-11-28T17:59:02.725+0100][1995,888s][854][934][info ] Leaving safepoint region
[2019-11-28T17:59:02.725+0100][1995,888s][854][934][info ] Total time for which application threads were stopped: 0,0004487 seconds, Stopping threads took: 0,0000991 seconds
[2019-11-28T17:59:03.725+0100][1996,888s][854][934][info ] Application time: 1,0001760 seconds
[2019-11-28T17:59:03.725+0100][1996,888s][854][934][info ] Entering safepoint region: Cleanup
[2019-11-28T17:59:03.726+0100][1996,889s][854][934][info ] Leaving safepoint region
[2019-11-28T17:59:03.726+0100][1996,889s][854][934][info ] Total time for which application threads were stopped: 0,0004333 seconds, Stopping threads took: 0,0001370 seconds
[2019-11-28T17:59:04.726+0100][1997,889s][854][934][info ] Application time: 1,0001954 seconds
[2019-11-28T17:59:04.726+0100][1997,889s][854][934][info ] Entering safepoint region: Cleanup
[2019-11-28T17:59:04.727+0100][1997,890s][854][934][info ] Leaving safepoint region
[2019-11-28T17:59:04.727+0100][1997,890s][854][934][info ] Total time for which application threads were stopped: 0,0003707 seconds, Stopping threads took: 0,0001210 seconds
[2019-11-28T17:59:05.320+0100][1998,483s][854][933][trace] CMS: promo attempt is safe: available(3670073704) >= av_promo(33954128), max_promo(165908824)
[2019-11-28T17:59:05.727+0100][1998,890s][854][934][info ] Application time: 1,0002784 seconds
[2019-11-28T17:59:05.727+0100][1998,890s][854][934][info ] Entering safepoint region: Cleanup
[2019-11-28T17:59:05.728+0100][1998,891s][854][934][info ] Leaving safepoint region
[2019-11-28T17:59:05.728+0100][1998,891s][854][934][info ] Total time for which application threads were stopped: 0,0007048 seconds, Stopping threads took: 0,0001351 seconds
[2019-11-28T17:59:06.728+0100][1999,891s][854][934][info ] Application time: 1,0002992 seconds
[2019-11-28T17:59:06.729+0100][1999,892s][854][934][info ] Entering safepoint region: Cleanup
[2019-11-28T17:59:06.729+0100][1999,892s][854][934][info ] Leaving safepoint region
[2019-11-28T17:59:06.729+0100][1999,892s][854][934][info ] Total time for which application threads were stopped: 0,0004656 seconds, Stopping threads took: 0,0001218 seconds
[2019-11-28T17:59:07.729+0100][2000,892s][854][934][info ] Application time: 1,0000960 seconds
[2019-11-28T17:59:07.729+0100][2000,892s][854][934][info ] Entering safepoint region: Cleanup
[2019-11-28T17:59:07.729+0100][2000,892s][854][934][info ] Leaving safepoint region
[2019-11-28T17:59:07.729+0100][2000,892s][854][934][info ] Total time for which application threads were stopped: 0,0001563 seconds, Stopping threads took: 0,0000377 seconds
[2019-11-28T17:59:08.730+0100][2001,893s][854][934][info ] Application time: 1,0001227 seconds
[2019-11-28T17:59:08.730+0100][2001,893s][854][934][info ] Entering safepoint region: Cleanup
[2019-11-28T17:59:08.730+0100][2001,893s][854][934][info ] Leaving safepoint region
[2019-11-28T17:59:08.730+0100][2001,893s][854][934][info ] Total time for which application threads were stopped: 0,0002285 seconds, Stopping threads took: 0,0000737 seconds
[2019-11-28T17:59:09.730+0100][2002,893s][854][934][info ] Application time: 1,0001009 seconds
[2019-11-28T17:59:09.730+0100][2002,893s][854][934][info ] Entering safepoint region: Cleanup
[2019-11-28T17:59:09.731+0100][2002,894s][854][934][info ] Leaving safepoint region
[2019-11-28T17:59:09.731+0100][2002,894s][854][934][info ] Total time for which application threads were stopped: 0,0005971 seconds, Stopping threads took: 0,0001664 seconds
[2019-11-28T17:59:10.731+0100][2003,894s][854][934][info ] Application time: 1,0001529 seconds
[2019-11-28T17:59:10.731+0100][2003,894s][854][934][info ] Entering safepoint region: Cleanup
[2019-11-28T17:59:10.732+0100][2003,895s][854][934][info ] Leaving safepoint region
[2019-11-28T17:59:10.732+0100][2003,895s][854][934][info ] Total time for which application threads were stopped: 0,0004602 seconds, Stopping threads took: 0,0001210 seconds
[2019-11-28T17:59:11.732+0100][2004,895s][854][934][info ] Application time: 1,0002660 seconds
[2019-11-28T17:59:11.732+0100][2004,895s][854][934][info ] Entering safepoint region: Cleanup
[2019-11-28T17:59:11.733+0100][2004,896s][854][934][info ] Leaving safepoint region
[2019-11-28T17:59:11.733+0100][2004,896s][854][934][info ] Total time for which application threads were stopped: 0,0004824 seconds, Stopping threads took: 0,0001839 seconds
[2019-11-28T17:59:12.733+0100][2005,896s][854][934][info ] Application time: 1,0001603 seconds
[2019-11-28T17:59:12.733+0100][2005,896s][854][934][info ] Entering safepoint region: Cleanup
[2019-11-28T17:59:12.733+0100][2005,896s][854][934][info ] Leaving safepoint region
[2019-11-28T17:59:12.733+0100][2005,896s][854][934][info ] Total time for which application threads were stopped: 0,0003200 seconds, Stopping threads took: 0,0000787 seconds
[2019-11-28T17:59:13.734+0100][2006,897s][854][934][info ] Application time: 1,0001576 seconds
[2019-11-28T17:59:13.734+0100][2006,897s][854][934][info ] Entering safepoint region: Cleanup
[2019-11-28T17:59:13.734+0100][2006,897s][854][934][info ] Leaving safepoint region
[2019-11-28T17:59:13.734+0100][2006,897s][854][934][info ] Total time for which application threads were stopped: 0,0004028 seconds, Stopping threads took: 0,0001337 seconds
[2019-11-28T17:59:14.734+0100][2007,897s][854][934][info ] Application time: 1,0001769 seconds
[2019-11-28T17:59:14.735+0100][2007,898s][854][934][info ] Entering safepoint region: Cleanup
[2019-11-28T17:59:14.735+0100][2007,898s][854][934][info ] Leaving safepoint region
[2019-11-28T17:59:14.735+0100][2007,898s][854][934][info ] Total time for which application threads were stopped: 0,0005038 seconds, Stopping threads took: 0,0001731 seconds
[2019-11-28T17:59:15.319+0100][2008,482s][854][933][trace] CMS: promo attempt is safe: available(3670073704) >= av_promo(33954128), max_promo(168644192)
[2019-11-28T17:59:15.735+0100][2008,898s][854][934][info ] Application time: 1,0002736 seconds
[2019-11-28T17:59:15.736+0100][2008,899s][854][934][info ] Entering safepoint region: Cleanup
[2019-11-28T17:59:15.736+0100][2008,899s][854][934][info ] Leaving safepoint region
[2019-11-28T17:59:15.736+0100][2008,899s][854][934][info ] Total time for which application threads were stopped: 0,0005269 seconds, Stopping threads took: 0,0001318 seconds
[2019-11-28T17:59:16.737+0100][2009,900s][854][934][info ] Application time: 1,0001870 seconds
[2019-11-28T17:59:16.737+0100][2009,900s][854][934][info ] Entering safepoint region: Cleanup
[2019-11-28T17:59:16.737+0100][2009,900s][854][934][info ] Leaving safepoint region
[2019-11-28T17:59:16.737+0100][2009,900s][854][934][info ] Total time for which application threads were stopped: 0,0005423 seconds, Stopping threads took: 0,0001343 seconds
[2019-11-28T17:59:17.737+0100][2010,900s][854][934][info ] Application time: 1,0000987 seconds
[2019-11-28T17:59:17.738+0100][2010,901s][854][934][info ] Entering safepoint region: Cleanup
[2019-11-28T17:59:17.738+0100][2010,901s][854][934][info ] Leaving safepoint region
[2019-11-28T17:59:17.738+0100][2010,901s][854][934][info ] Total time for which application threads were stopped: 0,0001422 seconds, Stopping threads took: 0,0000368 seconds
[2019-11-28T17:59:18.738+0100][2011,901s][854][934][info ] Application time: 1,0001880 seconds
[2019-11-28T17:59:18.738+0100][2011,901s][854][934][info ] Entering safepoint region: Cleanup
[2019-11-28T17:59:18.738+0100][2011,901s][854][934][info ] Leaving safepoint region
[2019-11-28T17:59:18.738+0100][2011,901s][854][934][info ] Total time for which application threads were stopped: 0,0004395 seconds, Stopping threads took: 0,0001119 seconds
[2019-11-28T17:59:19.739+0100][2012,902s][854][934][info ] Application time: 1,0000933 seconds
[2019-11-28T17:59:19.739+0100][2012,902s][854][934][info ] Entering safepoint region: Cleanup
[2019-11-28T17:59:19.739+0100][2012,902s][854][934][info ] Leaving safepoint region
[2019-11-28T17:59:19.739+0100][2012,902s][854][934][info ] Total time for which application threads were stopped: 0,0001558 seconds, Stopping threads took: 0,0000340 seconds
[2019-11-28T17:59:20.739+0100][2013,902s][854][934][info ] Application time: 1,0000890 seconds
[2019-11-28T17:59:20.739+0100][2013,902s][854][934][info ] Entering safepoint region: Cleanup
[2019-11-28T17:59:20.739+0100][2013,902s][854][934][info ] Leaving safepoint region
[2019-11-28T17:59:20.739+0100][2013,902s][854][934][info ] Total time for which application threads were stopped: 0,0001179 seconds, Stopping threads took: 0,0000281 seconds
[2019-11-28T17:59:21.739+0100][2014,902s][854][934][info ] Application time: 1,0001306 seconds
[2019-11-28T17:59:21.739+0100][2014,902s][854][934][info ] Entering safepoint region: Cleanup
[2019-11-28T17:59:21.740+0100][2014,903s][854][934][info ] Leaving safepoint region
[2019-11-28T17:59:21.742+0100][2014,905s][854][934][info ] Total time for which application threads were stopped: 0,0024776 seconds, Stopping threads took: 0,0001113 seconds
[2019-11-28T17:59:22.742+0100][2015,905s][854][934][info ] Application time: 1,0001862 seconds
[2019-11-28T17:59:22.742+0100][2015,905s][854][934][info ] Entering safepoint region: Cleanup
[2019-11-28T17:59:22.743+0100][2015,906s][854][934][info ] Leaving safepoint region
[2019-11-28T17:59:22.743+0100][2015,906s][854][934][info ] Total time for which application threads were stopped: 0,0003244 seconds, Stopping threads took: 0,0001031 seconds
[2019-11-28T17:59:23.743+0100][2016,906s][854][934][info ] Application time: 1,0002451 seconds
[2019-11-28T17:59:23.743+0100][2016,906s][854][934][info ] Entering safepoint region: Cleanup
[2019-11-28T17:59:23.744+0100][2016,906s][854][934][info ] Leaving safepoint region
[2019-11-28T17:59:23.744+0100][2016,907s][854][934][info ] Total time for which application threads were stopped: 0,0004867 seconds, Stopping threads took: 0,0001548 seconds
[2019-11-28T17:59:24.744+0100][2017,907s][854][934][info ] Application time: 1,0001226 seconds
[2019-11-28T17:59:24.744+0100][2017,907s][854][934][info ] Entering safepoint region: Cleanup
[2019-11-28T17:59:24.744+0100][2017,907s][854][934][info ] Leaving safepoint region
[2019-11-28T17:59:24.744+0100][2017,907s][854][934][info ] Total time for which application threads were stopped: 0,0004347 seconds, Stopping threads took: 0,0001409 seconds
[2019-11-28T17:59:25.319+0100][2018,482s][854][933][trace] CMS: promo attempt is safe: available(3670073704) >= av_promo(33954128), max_promo(172331704)
[2019-11-28T17:59:25.745+0100][2018,908s][854][934][info ] Application time: 1,0000912 seconds
[2019-11-28T17:59:25.745+0100][2018,908s][854][934][info ] Entering safepoint region: Cleanup
[2019-11-28T17:59:25.745+0100][2018,908s][854][934][info ] Leaving safepoint region
[2019-11-28T17:59:25.745+0100][2018,908s][854][934][info ] Total time for which application threads were stopped: 0,0001403 seconds, Stopping threads took: 0,0000348 seconds
[2019-11-28T17:59:26.745+0100][2019,908s][854][934][info ] Application time: 1,0001106 seconds
[2019-11-28T17:59:26.745+0100][2019,908s][854][934][info ] Entering safepoint region: Cleanup
[2019-11-28T17:59:26.746+0100][2019,909s][854][934][info ] Leaving safepoint region
[2019-11-28T17:59:26.746+0100][2019,909s][854][934][info ] Total time for which application threads were stopped: 0,0004757 seconds, Stopping threads took: 0,0001481 seconds
[2019-11-28T17:59:27.746+0100][2020,909s][854][934][info ] Application time: 1,0001213 seconds
[2019-11-28T17:59:27.746+0100][2020,909s][854][934][info ] Entering safepoint region: Cleanup
[2019-11-28T17:59:27.746+0100][2020,909s][854][934][info ] Leaving safepoint region
[2019-11-28T17:59:27.746+0100][2020,909s][854][934][info ] Total time for which application threads were stopped: 0,0002754 seconds, Stopping threads took: 0,0000854 seconds
[2019-11-28T17:59:28.747+0100][2021,910s][854][934][info ] Application time: 1,0002820 seconds
[2019-11-28T17:59:28.747+0100][2021,910s][854][934][info ] Entering safepoint region: Cleanup
[2019-11-28T17:59:28.747+0100][2021,910s][854][934][info ] Leaving safepoint region
[2019-11-28T17:59:28.747+0100][2021,910s][854][934][info ] Total time for which application threads were stopped: 0,0006667 seconds, Stopping threads took: 0,0002237 seconds
[2019-11-28T17:59:29.748+0100][2022,911s][854][934][info ] Application time: 1,0002144 seconds
[2019-11-28T17:59:29.748+0100][2022,911s][854][934][info ] Entering safepoint region: Cleanup
[2019-11-28T17:59:29.748+0100][2022,911s][854][934][info ] Leaving safepoint region
[2019-11-28T17:59:29.748+0100][2022,911s][854][934][info ] Total time for which application threads were stopped: 0,0004898 seconds, Stopping threads took: 0,0001529 seconds
[2019-11-28T17:59:30.749+0100][2023,912s][854][934][info ] Application time: 1,0000992 seconds
[2019-11-28T17:59:30.749+0100][2023,912s][854][934][info ] Entering safepoint region: Cleanup
[2019-11-28T17:59:30.749+0100][2023,912s][854][934][info ] Leaving safepoint region
[2019-11-28T17:59:30.749+0100][2023,912s][854][934][info ] Total time for which application threads were stopped: 0,0001449 seconds, Stopping threads took: 0,0000385 seconds
[2019-11-28T17:59:31.749+0100][2024,912s][854][934][info ] Application time: 1,0001393 seconds
[2019-11-28T17:59:31.749+0100][2024,912s][854][934][info ] Entering safepoint region: Cleanup
[2019-11-28T17:59:31.750+0100][2024,912s][854][934][info ] Leaving safepoint region
[2019-11-28T17:59:31.750+0100][2024,913s][854][934][info ] Total time for which application threads were stopped: 0,0004592 seconds, Stopping threads took: 0,0001304 seconds
[2019-11-28T17:59:32.750+0100][2025,913s][854][934][info ] Application time: 1,0001858 seconds
[2019-11-28T17:59:32.750+0100][2025,913s][854][934][info ] Entering safepoint region: Cleanup
[2019-11-28T17:59:32.751+0100][2025,914s][854][934][info ] Leaving safepoint region
[2019-11-28T17:59:32.751+0100][2025,914s][854][934][info ] Total time for which application threads were stopped: 0,0007352 seconds, Stopping threads took: 0,0001703 seconds
[2019-11-28T17:59:33.751+0100][2026,914s][854][934][info ] Application time: 1,0001044 seconds
[2019-11-28T17:59:33.751+0100][2026,914s][854][934][info ] Entering safepoint region: Cleanup
[2019-11-28T17:59:33.751+0100][2026,914s][854][934][info ] Leaving safepoint region
[2019-11-28T17:59:33.751+0100][2026,914s][854][934][info ] Total time for which application threads were stopped: 0,0001281 seconds, Stopping threads took: 0,0000266 seconds
[2019-11-28T17:59:34.751+0100][2027,914s][854][934][info ] Application time: 1,0001011 seconds
[2019-11-28T17:59:34.752+0100][2027,914s][854][934][info ] Entering safepoint region: Cleanup
[2019-11-28T17:59:34.752+0100][2027,915s][854][934][info ] Leaving safepoint region
[2019-11-28T17:59:34.752+0100][2027,915s][854][934][info ] Total time for which application threads were stopped: 0,0005855 seconds, Stopping threads took: 0,0001976 seconds
[2019-11-28T17:59:35.318+0100][2028,481s][854][933][trace] CMS: promo attempt is safe: available(3670073704) >= av_promo(33954128), max_promo(174818504)
[2019-11-28T17:59:35.752+0100][2028,915s][854][934][info ] Application time: 1,0001794 seconds
[2019-11-28T17:59:35.753+0100][2028,916s][854][934][info ] Entering safepoint region: Cleanup
[2019-11-28T17:59:35.753+0100][2028,916s][854][934][info ] Leaving safepoint region
[2019-11-28T17:59:35.753+0100][2028,916s][854][934][info ] Total time for which application threads were stopped: 0,0004900 seconds, Stopping threads took: 0,0001241 seconds
[2019-11-28T17:59:36.753+0100][2029,916s][854][934][info ] Application time: 1,0002808 seconds
[2019-11-28T17:59:36.754+0100][2029,917s][854][934][info ] Entering safepoint region: Cleanup
[2019-11-28T17:59:36.754+0100][2029,917s][854][934][info ] Leaving safepoint region
[2019-11-28T17:59:36.754+0100][2029,917s][854][934][info ] Total time for which application threads were stopped: 0,0006270 seconds, Stopping threads took: 0,0001334 seconds
[2019-11-28T17:59:37.754+0100][2030,917s][854][934][info ] Application time: 1,0001266 seconds
[2019-11-28T17:59:37.755+0100][2030,918s][854][934][info ] Entering safepoint region: Cleanup
[2019-11-28T17:59:37.755+0100][2030,918s][854][934][info ] Leaving safepoint region
[2019-11-28T17:59:37.755+0100][2030,918s][854][934][info ] Total time for which application threads were stopped: 0,0004678 seconds, Stopping threads took: 0,0001220 seconds
[2019-11-28T17:59:38.755+0100][2031,918s][854][934][info ] Application time: 1,0001572 seconds
[2019-11-28T17:59:38.755+0100][2031,918s][854][934][info ] Entering safepoint region: Cleanup
[2019-11-28T17:59:38.756+0100][2031,919s][854][934][info ] Leaving safepoint region
[2019-11-28T17:59:38.756+0100][2031,919s][854][934][info ] Total time for which application threads were stopped: 0,0004968 seconds, Stopping threads took: 0,0001011 seconds
[2019-11-28T17:59:39.756+0100][2032,919s][854][934][info ] Application time: 1,0001201 seconds
[2019-11-28T17:59:39.756+0100][2032,919s][854][934][info ] Entering safepoint region: Cleanup
[2019-11-28T17:59:39.757+0100][2032,920s][854][934][info ] Leaving safepoint region
[2019-11-28T17:59:39.757+0100][2032,920s][854][934][info ] Total time for which application threads were stopped: 0,0005249 seconds, Stopping threads took: 0,0001185 seconds
[2019-11-28T17:59:40.757+0100][2033,920s][854][934][info ] Application time: 1,0001038 seconds
[2019-11-28T17:59:40.757+0100][2033,920s][854][934][info ] Entering safepoint region: Cleanup
[2019-11-28T17:59:40.757+0100][2033,920s][854][934][info ] Leaving safepoint region
[2019-11-28T17:59:40.757+0100][2033,920s][854][934][info ] Total time for which application threads were stopped: 0,0002962 seconds, Stopping threads took: 0,0000887 seconds
[2019-11-28T17:59:41.758+0100][2034,921s][854][934][info ] Application time: 1,0000941 seconds
[2019-11-28T17:59:41.758+0100][2034,921s][854][934][info ] Entering safepoint region: Cleanup
[2019-11-28T17:59:41.758+0100][2034,921s][854][934][info ] Leaving safepoint region
[2019-11-28T17:59:41.759+0100][2034,921s][854][934][info ] Total time for which application threads were stopped: 0,0007889 seconds, Stopping threads took: 0,0001687 seconds
[2019-11-28T17:59:42.759+0100][2035,922s][854][934][info ] Application time: 1,0001563 seconds
[2019-11-28T17:59:42.759+0100][2035,922s][854][934][info ] Entering safepoint region: Cleanup
[2019-11-28T17:59:42.760+0100][2035,923s][854][934][info ] Leaving safepoint region
[2019-11-28T17:59:42.760+0100][2035,923s][854][934][info ] Total time for which application threads were stopped: 0,0008201 seconds, Stopping threads took: 0,0001456 seconds
[2019-11-28T17:59:43.760+0100][2036,923s][854][934][info ] Application time: 1,0001544 seconds
[2019-11-28T17:59:43.760+0100][2036,923s][854][934][info ] Entering safepoint region: Cleanup
[2019-11-28T17:59:43.760+0100][2036,923s][854][934][info ] Leaving safepoint region
[2019-11-28T17:59:43.761+0100][2036,923s][854][934][info ] Total time for which application threads were stopped: 0,0003989 seconds, Stopping threads took: 0,0001198 seconds
[2019-11-28T17:59:44.761+0100][2037,924s][854][934][info ] Application time: 1,0001824 seconds
[2019-11-28T17:59:44.761+0100][2037,924s][854][934][info ] Entering safepoint region: Cleanup
[2019-11-28T17:59:44.761+0100][2037,924s][854][934][info ] Leaving safepoint region
[2019-11-28T17:59:44.761+0100][2037,924s][854][934][info ] Total time for which application threads were stopped: 0,0004986 seconds, Stopping threads took: 0,0001537 seconds
[2019-11-28T17:59:45.319+0100][2038,482s][854][933][trace] CMS: promo attempt is safe: available(3670073704) >= av_promo(33954128), max_promo(178234448)
[2019-11-28T17:59:45.762+0100][2038,925s][854][934][info ] Application time: 1,0001836 seconds
[2019-11-28T17:59:45.762+0100][2038,925s][854][934][info ] Entering safepoint region: Cleanup
[2019-11-28T17:59:45.762+0100][2038,925s][854][934][info ] Leaving safepoint region
[2019-11-28T17:59:45.762+0100][2038,925s][854][934][info ] Total time for which application threads were stopped: 0,0006048 seconds, Stopping threads took: 0,0002758 seconds
[2019-11-28T17:59:46.763+0100][2039,926s][854][934][info ] Application time: 1,0001484 seconds
[2019-11-28T17:59:46.763+0100][2039,926s][854][934][info ] Entering safepoint region: Cleanup
[2019-11-28T17:59:46.763+0100][2039,926s][854][934][info ] Leaving safepoint region
[2019-11-28T17:59:46.763+0100][2039,926s][854][934][info ] Total time for which application threads were stopped: 0,0005309 seconds, Stopping threads took: 0,0001436 seconds
[2019-11-28T17:59:47.764+0100][2040,927s][854][934][info ] Application time: 1,0002906 seconds
[2019-11-28T17:59:47.764+0100][2040,927s][854][934][info ] Entering safepoint region: Cleanup
[2019-11-28T17:59:47.765+0100][2040,928s][854][934][info ] Leaving safepoint region
[2019-11-28T17:59:47.765+0100][2040,928s][854][934][info ] Total time for which application threads were stopped: 0,0006791 seconds, Stopping threads took: 0,0002036 seconds
[2019-11-28T17:59:48.765+0100][2041,928s][854][934][info ] Application time: 1,0002136 seconds
[2019-11-28T17:59:48.765+0100][2041,928s][854][934][info ] Entering safepoint region: Cleanup
[2019-11-28T17:59:48.766+0100][2041,929s][854][934][info ] Leaving safepoint region
[2019-11-28T17:59:48.766+0100][2041,929s][854][934][info ] Total time for which application threads were stopped: 0,0005231 seconds, Stopping threads took: 0,0001720 seconds
[2019-11-28T17:59:49.766+0100][2042,929s][854][934][info ] Application time: 1,0000810 seconds
[2019-11-28T17:59:49.766+0100][2042,929s][854][934][info ] Entering safepoint region: Cleanup
[2019-11-28T17:59:49.766+0100][2042,929s][854][934][info ] Leaving safepoint region
[2019-11-28T17:59:49.766+0100][2042,929s][854][934][info ] Total time for which application threads were stopped: 0,0001295 seconds, Stopping threads took: 0,0000322 seconds
[2019-11-28T17:59:50.766+0100][2043,929s][854][934][info ] Application time: 1,0001460 seconds
[2019-11-28T17:59:50.766+0100][2043,929s][854][934][info ] Entering safepoint region: Cleanup
[2019-11-28T17:59:50.767+0100][2043,930s][854][934][info ] Leaving safepoint region
[2019-11-28T17:59:50.767+0100][2043,930s][854][934][info ] Total time for which application threads were stopped: 0,0004358 seconds, Stopping threads took: 0,0000880 seconds
[2019-11-28T17:59:51.767+0100][2044,930s][854][934][info ] Application time: 1,0001288 seconds
[2019-11-28T17:59:51.767+0100][2044,930s][854][934][info ] Entering safepoint region: Cleanup
[2019-11-28T17:59:51.768+0100][2044,931s][854][934][info ] Leaving safepoint region
[2019-11-28T17:59:51.768+0100][2044,931s][854][934][info ] Total time for which application threads were stopped: 0,0005245 seconds, Stopping threads took: 0,0001200 seconds
[2019-11-28T17:59:52.768+0100][2045,931s][854][934][info ] Application time: 1,0001789 seconds
[2019-11-28T17:59:52.768+0100][2045,931s][854][934][info ] Entering safepoint region: Cleanup
[2019-11-28T17:59:52.769+0100][2045,932s][854][934][info ] Leaving safepoint region
[2019-11-28T17:59:52.769+0100][2045,932s][854][934][info ] Total time for which application threads were stopped: 0,0005467 seconds, Stopping threads took: 0,0001256 seconds
[2019-11-28T17:59:53.769+0100][2046,932s][854][934][info ] Application time: 1,0001093 seconds
[2019-11-28T17:59:53.769+0100][2046,932s][854][934][info ] Entering safepoint region: Cleanup
[2019-11-28T17:59:53.769+0100][2046,932s][854][934][info ] Leaving safepoint region
[2019-11-28T17:59:53.769+0100][2046,932s][854][934][info ] Total time for which application threads were stopped: 0,0001858 seconds, Stopping threads took: 0,0000496 seconds
[2019-11-28T17:59:54.769+0100][2047,932s][854][934][info ] Application time: 1,0002563 seconds
[2019-11-28T17:59:54.770+0100][2047,933s][854][934][info ] Entering safepoint region: Cleanup
[2019-11-28T17:59:54.770+0100][2047,933s][854][934][info ] Leaving safepoint region
[2019-11-28T17:59:54.770+0100][2047,933s][854][934][info ] Total time for which application threads were stopped: 0,0005102 seconds, Stopping threads took: 0,0001309 seconds
[2019-11-28T17:59:55.318+0100][2048,481s][854][933][trace] CMS: promo attempt is safe: available(3670073704) >= av_promo(33954128), max_promo(180721248)
[2019-11-28T17:59:55.770+0100][2048,933s][854][934][info ] Application time: 1,0001401 seconds
[2019-11-28T17:59:55.771+0100][2048,934s][854][934][info ] Entering safepoint region: Cleanup
[2019-11-28T17:59:55.771+0100][2048,934s][854][934][info ] Leaving safepoint region
[2019-11-28T17:59:55.771+0100][2048,934s][854][934][info ] Total time for which application threads were stopped: 0,0003405 seconds, Stopping threads took: 0,0001052 seconds
[2019-11-28T17:59:56.771+0100][2049,934s][854][934][info ] Application time: 1,0001255 seconds
[2019-11-28T17:59:56.771+0100][2049,934s][854][934][info ] Entering safepoint region: Cleanup
[2019-11-28T17:59:56.771+0100][2049,934s][854][934][info ] Leaving safepoint region
[2019-11-28T17:59:56.771+0100][2049,934s][854][934][info ] Total time for which application threads were stopped: 0,0001470 seconds, Stopping threads took: 0,0000380 seconds
[2019-11-28T17:59:57.771+0100][2050,934s][854][934][info ] Application time: 1,0001420 seconds
[2019-11-28T17:59:57.772+0100][2050,935s][854][934][info ] Entering safepoint region: Cleanup
[2019-11-28T17:59:57.772+0100][2050,935s][854][934][info ] Leaving safepoint region
[2019-11-28T17:59:57.772+0100][2050,935s][854][934][info ] Total time for which application threads were stopped: 0,0004359 seconds, Stopping threads took: 0,0001788 seconds
[2019-11-28T17:59:58.772+0100][2051,935s][854][934][info ] Application time: 1,0001197 seconds
[2019-11-28T17:59:58.772+0100][2051,935s][854][934][info ] Entering safepoint region: Cleanup
[2019-11-28T17:59:58.773+0100][2051,936s][854][934][info ] Leaving safepoint region
[2019-11-28T17:59:58.773+0100][2051,936s][854][934][info ] Total time for which application threads were stopped: 0,0004944 seconds, Stopping threads took: 0,0001267 seconds
[2019-11-28T17:59:59.773+0100][2052,936s][854][934][info ] Application time: 1,0001373 seconds
[2019-11-28T17:59:59.773+0100][2052,936s][854][934][info ] Entering safepoint region: Cleanup
[2019-11-28T17:59:59.774+0100][2052,937s][854][934][info ] Leaving safepoint region
[2019-11-28T17:59:59.774+0100][2052,937s][854][934][info ] Total time for which application threads were stopped: 0,0005897 seconds, Stopping threads took: 0,0001548 seconds
[2019-11-28T18:00:00.774+0100][2053,937s][854][934][info ] Application time: 1,0001967 seconds
[2019-11-28T18:00:00.774+0100][2053,937s][854][934][info ] Entering safepoint region: Cleanup
[2019-11-28T18:00:00.775+0100][2053,938s][854][934][info ] Leaving safepoint region
[2019-11-28T18:00:00.775+0100][2053,938s][854][934][info ] Total time for which application threads were stopped: 0,0006084 seconds, Stopping threads took: 0,0001395 seconds
[2019-11-28T18:00:01.775+0100][2054,938s][854][934][info ] Application time: 1,0001252 seconds
[2019-11-28T18:00:01.775+0100][2054,938s][854][934][info ] Entering safepoint region: Cleanup
[2019-11-28T18:00:01.775+0100][2054,938s][854][934][info ] Leaving safepoint region
[2019-11-28T18:00:01.775+0100][2054,938s][854][934][info ] Total time for which application threads were stopped: 0,0001100 seconds, Stopping threads took: 0,0000333 seconds
[2019-11-28T18:00:02.775+0100][2055,938s][854][934][info ] Application time: 1,0000675 seconds
[2019-11-28T18:00:02.775+0100][2055,938s][854][934][info ] Entering safepoint region: Cleanup
[2019-11-28T18:00:02.776+0100][2055,939s][854][934][info ] Leaving safepoint region
[2019-11-28T18:00:02.776+0100][2055,939s][854][934][info ] Total time for which application threads were stopped: 0,0001440 seconds, Stopping threads took: 0,0000331 seconds
[2019-11-28T18:00:03.776+0100][2056,939s][854][934][info ] Application time: 1,0000800 seconds
[2019-11-28T18:00:03.776+0100][2056,939s][854][934][info ] Entering safepoint region: Cleanup
[2019-11-28T18:00:03.776+0100][2056,939s][854][934][info ] Leaving safepoint region
[2019-11-28T18:00:03.776+0100][2056,939s][854][934][info ] Total time for which application threads were stopped: 0,0001409 seconds, Stopping threads took: 0,0000346 seconds
[2019-11-28T18:00:04.776+0100][2057,939s][854][934][info ] Application time: 1,0001017 seconds
[2019-11-28T18:00:04.776+0100][2057,939s][854][934][info ] Entering safepoint region: Cleanup
[2019-11-28T18:00:04.776+0100][2057,939s][854][934][info ] Leaving safepoint region
[2019-11-28T18:00:04.776+0100][2057,939s][854][934][info ] Total time for which application threads were stopped: 0,0001206 seconds, Stopping threads took: 0,0000434 seconds
[2019-11-28T18:00:05.320+0100][2058,483s][854][933][trace] CMS: promo attempt is safe: available(3670073704) >= av_promo(33954128), max_promo(184612216)
[2019-11-28T18:00:05.776+0100][2058,939s][854][934][info ] Application time: 1,0000996 seconds
[2019-11-28T18:00:05.776+0100][2058,939s][854][934][info ] Entering safepoint region: Cleanup
[2019-11-28T18:00:05.777+0100][2058,939s][854][934][info ] Leaving safepoint region
[2019-11-28T18:00:05.777+0100][2058,940s][854][934][info ] Total time for which application threads were stopped: 0,0001432 seconds, Stopping threads took: 0,0000353 seconds
[2019-11-28T18:00:06.777+0100][2059,940s][854][934][info ] Application time: 1,0000735 seconds
[2019-11-28T18:00:06.777+0100][2059,940s][854][934][info ] Entering safepoint region: Cleanup
[2019-11-28T18:00:06.777+0100][2059,940s][854][934][info ] Leaving safepoint region
[2019-11-28T18:00:06.777+0100][2059,940s][854][934][info ] Total time for which application threads were stopped: 0,0001432 seconds, Stopping threads took: 0,0000329 seconds
[2019-11-28T18:00:07.777+0100][2060,940s][854][934][info ] Application time: 1,0001233 seconds
[2019-11-28T18:00:07.777+0100][2060,940s][854][934][info ] Entering safepoint region: Cleanup
[2019-11-28T18:00:07.778+0100][2060,940s][854][934][info ] Leaving safepoint region
[2019-11-28T18:00:07.778+0100][2060,941s][854][934][info ] Total time for which application threads were stopped: 0,0004639 seconds, Stopping threads took: 0,0001341 seconds
[2019-11-28T18:00:08.778+0100][2061,941s][854][934][info ] Application time: 1,0000871 seconds
[2019-11-28T18:00:08.778+0100][2061,941s][854][934][info ] Entering safepoint region: Cleanup
[2019-11-28T18:00:08.778+0100][2061,941s][854][934][info ] Leaving safepoint region
[2019-11-28T18:00:08.778+0100][2061,941s][854][934][info ] Total time for which application threads were stopped: 0,0001346 seconds, Stopping threads took: 0,0000345 seconds
[2019-11-28T18:00:09.778+0100][2062,941s][854][934][info ] Application time: 1,0000975 seconds
[2019-11-28T18:00:09.778+0100][2062,941s][854][934][info ] Entering safepoint region: Cleanup
[2019-11-28T18:00:09.779+0100][2062,942s][854][934][info ] Leaving safepoint region
[2019-11-28T18:00:09.779+0100][2062,942s][854][934][info ] Total time for which application threads were stopped: 0,0004951 seconds, Stopping threads took: 0,0001233 seconds
[2019-11-28T18:00:10.779+0100][2063,942s][854][934][info ] Application time: 1,0000942 seconds
[2019-11-28T18:00:10.779+0100][2063,942s][854][934][info ] Entering safepoint region: Cleanup
[2019-11-28T18:00:10.779+0100][2063,942s][854][934][info ] Leaving safepoint region
[2019-11-28T18:00:10.779+0100][2063,942s][854][934][info ] Total time for which application threads were stopped: 0,0001488 seconds, Stopping threads took: 0,0000358 seconds
[2019-11-28T18:00:11.779+0100][2064,942s][854][934][info ] Application time: 1,0000775 seconds
[2019-11-28T18:00:11.779+0100][2064,942s][854][934][info ] Entering safepoint region: Cleanup
[2019-11-28T18:00:11.779+0100][2064,942s][854][934][info ] Leaving safepoint region
[2019-11-28T18:00:11.779+0100][2064,942s][854][934][info ] Total time for which application threads were stopped: 0,0001585 seconds, Stopping threads took: 0,0000482 seconds
[2019-11-28T18:00:12.779+0100][2065,942s][854][934][info ] Application time: 1,0000671 seconds
[2019-11-28T18:00:12.780+0100][2065,942s][854][934][info ] Entering safepoint region: Cleanup
[2019-11-28T18:00:12.780+0100][2065,943s][854][934][info ] Leaving safepoint region
[2019-11-28T18:00:12.780+0100][2065,943s][854][934][info ] Total time for which application threads were stopped: 0,0001416 seconds, Stopping threads took: 0,0000373 seconds
[2019-11-28T18:00:13.780+0100][2066,943s][854][934][info ] Application time: 1,0000695 seconds
[2019-11-28T18:00:13.780+0100][2066,943s][854][934][info ] Entering safepoint region: Cleanup
[2019-11-28T18:00:13.780+0100][2066,943s][854][934][info ] Leaving safepoint region
[2019-11-28T18:00:13.780+0100][2066,943s][854][934][info ] Total time for which application threads were stopped: 0,0001500 seconds, Stopping threads took: 0,0000448 seconds
[2019-11-28T18:00:14.780+0100][2067,943s][854][934][info ] Application time: 1,0001035 seconds
[2019-11-28T18:00:14.780+0100][2067,943s][854][934][info ] Entering safepoint region: Cleanup
[2019-11-28T18:00:14.780+0100][2067,943s][854][934][info ] Leaving safepoint region
[2019-11-28T18:00:14.780+0100][2067,943s][854][934][info ] Total time for which application threads were stopped: 0,0001166 seconds, Stopping threads took: 0,0000337 seconds
[2019-11-28T18:00:15.319+0100][2068,482s][854][933][trace] CMS: promo attempt is safe: available(3670073704) >= av_promo(33954128), max_promo(188028160)
[2019-11-28T18:00:15.780+0100][2068,943s][854][934][info ] Application time: 1,0000982 seconds
[2019-11-28T18:00:15.780+0100][2068,943s][854][934][info ] Entering safepoint region: Cleanup
[2019-11-28T18:00:15.781+0100][2068,943s][854][934][info ] Leaving safepoint region
[2019-11-28T18:00:15.781+0100][2068,943s][854][934][info ] Total time for which application threads were stopped: 0,0001077 seconds, Stopping threads took: 0,0000332 seconds
[2019-11-28T18:00:16.781+0100][2069,944s][854][934][info ] Application time: 1,0000996 seconds
[2019-11-28T18:00:16.781+0100][2069,944s][854][934][info ] Entering safepoint region: Cleanup
[2019-11-28T18:00:16.781+0100][2069,944s][854][934][info ] Leaving safepoint region
[2019-11-28T18:00:16.781+0100][2069,944s][854][934][info ] Total time for which application threads were stopped: 0,0001100 seconds, Stopping threads took: 0,0000342 seconds
[2019-11-28T18:00:17.781+0100][2070,944s][854][934][info ] Application time: 1,0000680 seconds
[2019-11-28T18:00:17.781+0100][2070,944s][854][934][info ] Entering safepoint region: Cleanup
[2019-11-28T18:00:17.781+0100][2070,944s][854][934][info ] Leaving safepoint region
[2019-11-28T18:00:17.781+0100][2070,944s][854][934][info ] Total time for which application threads were stopped: 0,0001465 seconds, Stopping threads took: 0,0000341 seconds
[2019-11-28T18:00:18.781+0100][2071,944s][854][934][info ] Application time: 1,0001170 seconds
[2019-11-28T18:00:18.781+0100][2071,944s][854][934][info ] Entering safepoint region: Cleanup
[2019-11-28T18:00:18.781+0100][2071,944s][854][934][info ] Leaving safepoint region
[2019-11-28T18:00:18.781+0100][2071,944s][854][934][info ] Total time for which application threads were stopped: 0,0001381 seconds, Stopping threads took: 0,0000364 seconds
[2019-11-28T18:00:19.782+0100][2072,945s][854][934][info ] Application time: 1,0001134 seconds
[2019-11-28T18:00:19.782+0100][2072,945s][854][934][info ] Entering safepoint region: Cleanup
[2019-11-28T18:00:19.782+0100][2072,945s][854][934][info ] Leaving safepoint region
[2019-11-28T18:00:19.782+0100][2072,945s][854][934][info ] Total time for which application threads were stopped: 0,0001341 seconds, Stopping threads took: 0,0000372 seconds
[2019-11-28T18:00:20.782+0100][2073,945s][854][934][info ] Application time: 1,0000663 seconds
[2019-11-28T18:00:20.782+0100][2073,945s][854][934][info ] Entering safepoint region: Cleanup
[2019-11-28T18:00:20.782+0100][2073,945s][854][934][info ] Leaving safepoint region
[2019-11-28T18:00:20.782+0100][2073,945s][854][934][info ] Total time for which application threads were stopped: 0,0001363 seconds, Stopping threads took: 0,0000350 seconds
[2019-11-28T18:00:21.782+0100][2074,945s][854][934][info ] Application time: 1,0000997 seconds
[2019-11-28T18:00:21.782+0100][2074,945s][854][934][info ] Entering safepoint region: Cleanup
[2019-11-28T18:00:21.782+0100][2074,945s][854][934][info ] Leaving safepoint region
[2019-11-28T18:00:21.782+0100][2074,945s][854][934][info ] Total time for which application threads were stopped: 0,0001244 seconds, Stopping threads took: 0,0000343 seconds
[2019-11-28T18:00:22.788+0100][2075,951s][854][934][info ] Application time: 1,0000675 seconds
[2019-11-28T18:00:22.788+0100][2075,951s][854][934][info ] Entering safepoint region: Cleanup
[2019-11-28T18:00:22.788+0100][2075,951s][854][934][info ] Leaving safepoint region
[2019-11-28T18:00:22.788+0100][2075,951s][854][934][info ] Total time for which application threads were stopped: 0,0001146 seconds, Stopping threads took: 0,0000335 seconds
[2019-11-28T18:00:23.788+0100][2076,951s][854][934][info ] Application time: 1,0000654 seconds
[2019-11-28T18:00:23.788+0100][2076,951s][854][934][info ] Entering safepoint region: Cleanup
[2019-11-28T18:00:23.788+0100][2076,951s][854][934][info ] Leaving safepoint region
[2019-11-28T18:00:23.788+0100][2076,951s][854][934][info ] Total time for which application threads were stopped: 0,0001371 seconds, Stopping threads took: 0,0000339 seconds
[2019-11-28T18:00:24.789+0100][2077,952s][854][934][info ] Application time: 1,0000739 seconds
[2019-11-28T18:00:24.789+0100][2077,952s][854][934][info ] Entering safepoint region: Cleanup
[2019-11-28T18:00:24.789+0100][2077,952s][854][934][info ] Leaving safepoint region
[2019-11-28T18:00:24.789+0100][2077,952s][854][934][info ] Total time for which application threads were stopped: 0,0001395 seconds, Stopping threads took: 0,0000352 seconds
[2019-11-28T18:00:25.319+0100][2078,482s][854][933][trace] CMS: promo attempt is safe: available(3670073704) >= av_promo(33954128), max_promo(190514960)
[2019-11-28T18:00:25.789+0100][2078,952s][854][934][info ] Application time: 1,0001393 seconds
[2019-11-28T18:00:25.789+0100][2078,952s][854][934][info ] Entering safepoint region: Cleanup
[2019-11-28T18:00:25.789+0100][2078,952s][854][934][info ] Leaving safepoint region
[2019-11-28T18:00:25.790+0100][2078,953s][854][934][info ] Total time for which application threads were stopped: 0,0005065 seconds, Stopping threads took: 0,0000650 seconds
[2019-11-28T18:00:26.790+0100][2079,953s][854][934][info ] Application time: 1,0001586 seconds
[2019-11-28T18:00:26.790+0100][2079,953s][854][934][info ] Entering safepoint region: Cleanup
[2019-11-28T18:00:26.790+0100][2079,953s][854][934][info ] Leaving safepoint region
[2019-11-28T18:00:26.790+0100][2079,953s][854][934][info ] Total time for which application threads were stopped: 0,0004628 seconds, Stopping threads took: 0,0001305 seconds
[2019-11-28T18:00:27.791+0100][2080,954s][854][934][info ] Application time: 1,0000940 seconds
[2019-11-28T18:00:27.791+0100][2080,954s][854][934][info ] Entering safepoint region: Cleanup
[2019-11-28T18:00:27.791+0100][2080,954s][854][934][info ] Leaving safepoint region
[2019-11-28T18:00:27.791+0100][2080,954s][854][934][info ] Total time for which application threads were stopped: 0,0001643 seconds, Stopping threads took: 0,0000427 seconds
[2019-11-28T18:00:28.791+0100][2081,954s][854][934][info ] Application time: 1,0000733 seconds
[2019-11-28T18:00:28.791+0100][2081,954s][854][934][info ] Entering safepoint region: Cleanup
[2019-11-28T18:00:28.791+0100][2081,954s][854][934][info ] Leaving safepoint region
[2019-11-28T18:00:28.791+0100][2081,954s][854][934][info ] Total time for which application threads were stopped: 0,0001183 seconds, Stopping threads took: 0,0000288 seconds
[2019-11-28T18:00:29.791+0100][2082,954s][854][934][info ] Application time: 1,0000688 seconds
[2019-11-28T18:00:29.791+0100][2082,954s][854][934][info ] Entering safepoint region: Cleanup
[2019-11-28T18:00:29.791+0100][2082,954s][854][934][info ] Leaving safepoint region
[2019-11-28T18:00:29.791+0100][2082,954s][854][934][info ] Total time for which application threads were stopped: 0,0001344 seconds, Stopping threads took: 0,0000324 seconds
[2019-11-28T18:00:30.791+0100][2083,954s][854][934][info ] Application time: 1,0000705 seconds
[2019-11-28T18:00:30.792+0100][2083,954s][854][934][info ] Entering safepoint region: Cleanup
[2019-11-28T18:00:30.792+0100][2083,955s][854][934][info ] Leaving safepoint region
[2019-11-28T18:00:30.792+0100][2083,955s][854][934][info ] Total time for which application threads were stopped: 0,0002002 seconds, Stopping threads took: 0,0000369 seconds
[2019-11-28T18:00:31.792+0100][2084,955s][854][934][info ] Application time: 1,0001495 seconds
[2019-11-28T18:00:31.792+0100][2084,955s][854][934][info ] Entering safepoint region: Cleanup
[2019-11-28T18:00:31.793+0100][2084,956s][854][934][info ] Leaving safepoint region
[2019-11-28T18:00:31.793+0100][2084,956s][854][934][info ] Total time for which application threads were stopped: 0,0006753 seconds, Stopping threads took: 0,0002377 seconds
[2019-11-28T18:00:32.793+0100][2085,956s][854][934][info ] Application time: 1,0000727 seconds
[2019-11-28T18:00:32.793+0100][2085,956s][854][934][info ] Entering safepoint region: Cleanup
[2019-11-28T18:00:32.793+0100][2085,956s][854][934][info ] Leaving safepoint region
[2019-11-28T18:00:32.793+0100][2085,956s][854][934][info ] Total time for which application threads were stopped: 0,0001271 seconds, Stopping threads took: 0,0000270 seconds
[2019-11-28T18:00:33.793+0100][2086,956s][854][934][info ] Application time: 1,0000733 seconds
[2019-11-28T18:00:33.793+0100][2086,956s][854][934][info ] Entering safepoint region: Cleanup
[2019-11-28T18:00:33.793+0100][2086,956s][854][934][info ] Leaving safepoint region
[2019-11-28T18:00:33.793+0100][2086,956s][854][934][info ] Total time for which application threads were stopped: 0,0001489 seconds, Stopping threads took: 0,0000416 seconds
[2019-11-28T18:00:34.794+0100][2087,957s][854][934][info ] Application time: 1,0001201 seconds
[2019-11-28T18:00:34.794+0100][2087,957s][854][934][info ] Entering safepoint region: Cleanup
[2019-11-28T18:00:34.794+0100][2087,957s][854][934][info ] Leaving safepoint region
[2019-11-28T18:00:34.794+0100][2087,957s][854][934][info ] Total time for which application threads were stopped: 0,0002125 seconds, Stopping threads took: 0,0000465 seconds
[2019-11-28T18:00:35.319+0100][2088,482s][854][933][trace] CMS: promo attempt is safe: available(3670073704) >= av_promo(33954128), max_promo(194917248)
[2019-11-28T18:00:35.794+0100][2088,957s][854][934][info ] Application time: 1,0000787 seconds
[2019-11-28T18:00:35.794+0100][2088,957s][854][934][info ] Entering safepoint region: Cleanup
[2019-11-28T18:00:35.794+0100][2088,957s][854][934][info ] Leaving safepoint region
[2019-11-28T18:00:35.794+0100][2088,957s][854][934][info ] Total time for which application threads were stopped: 0,0001778 seconds, Stopping threads took: 0,0000460 seconds
[2019-11-28T18:00:36.794+0100][2089,957s][854][934][info ] Application time: 1,0001165 seconds
[2019-11-28T18:00:36.794+0100][2089,957s][854][934][info ] Entering safepoint region: Cleanup
[2019-11-28T18:00:36.795+0100][2089,958s][854][934][info ] Leaving safepoint region
[2019-11-28T18:00:36.795+0100][2089,958s][854][934][info ] Total time for which application threads were stopped: 0,0001963 seconds, Stopping threads took: 0,0000537 seconds
[2019-11-28T18:00:37.795+0100][2090,958s][854][934][info ] Application time: 1,0001339 seconds
[2019-11-28T18:00:37.795+0100][2090,958s][854][934][info ] Entering safepoint region: Cleanup
[2019-11-28T18:00:37.795+0100][2090,958s][854][934][info ] Leaving safepoint region
[2019-11-28T18:00:37.795+0100][2090,958s][854][934][info ] Total time for which application threads were stopped: 0,0003112 seconds, Stopping threads took: 0,0000786 seconds
[2019-11-28T18:00:38.795+0100][2091,958s][854][934][info ] Application time: 1,0001086 seconds
[2019-11-28T18:00:38.795+0100][2091,958s][854][934][info ] Entering safepoint region: Cleanup
[2019-11-28T18:00:38.796+0100][2091,958s][854][934][info ] Leaving safepoint region
[2019-11-28T18:00:38.796+0100][2091,958s][854][934][info ] Total time for which application threads were stopped: 0,0001123 seconds, Stopping threads took: 0,0000286 seconds
[2019-11-28T18:00:39.796+0100][2092,959s][854][934][info ] Application time: 1,0000677 seconds
[2019-11-28T18:00:39.796+0100][2092,959s][854][934][info ] Entering safepoint region: Cleanup
[2019-11-28T18:00:39.796+0100][2092,959s][854][934][info ] Leaving safepoint region
[2019-11-28T18:00:39.796+0100][2092,959s][854][934][info ] Total time for which application threads were stopped: 0,0001451 seconds, Stopping threads took: 0,0000541 seconds
[2019-11-28T18:00:40.796+0100][2093,959s][854][934][info ] Application time: 1,0000994 seconds
[2019-11-28T18:00:40.796+0100][2093,959s][854][934][info ] Entering safepoint region: Cleanup
[2019-11-28T18:00:40.796+0100][2093,959s][854][934][info ] Leaving safepoint region
[2019-11-28T18:00:40.796+0100][2093,959s][854][934][info ] Total time for which application threads were stopped: 0,0001764 seconds, Stopping threads took: 0,0000460 seconds
[2019-11-28T18:00:41.796+0100][2094,959s][854][934][info ] Application time: 1,0001062 seconds
[2019-11-28T18:00:41.796+0100][2094,959s][854][934][info ] Entering safepoint region: Cleanup
[2019-11-28T18:00:41.797+0100][2094,959s][854][934][info ] Leaving safepoint region
[2019-11-28T18:00:41.797+0100][2094,960s][854][934][info ] Total time for which application threads were stopped: 0,0001723 seconds, Stopping threads took: 0,0000412 seconds
[2019-11-28T18:00:42.797+0100][2095,960s][854][934][info ] Application time: 1,0002273 seconds
[2019-11-28T18:00:42.797+0100][2095,960s][854][934][info ] Entering safepoint region: Cleanup
[2019-11-28T18:00:42.797+0100][2095,960s][854][934][info ] Leaving safepoint region
[2019-11-28T18:00:42.797+0100][2095,960s][854][934][info ] Total time for which application threads were stopped: 0,0001576 seconds, Stopping threads took: 0,0000413 seconds
[2019-11-28T18:00:43.797+0100][2096,960s][854][934][info ] Application time: 1,0000862 seconds
[2019-11-28T18:00:43.797+0100][2096,960s][854][934][info ] Entering safepoint region: Cleanup
[2019-11-28T18:00:43.798+0100][2096,960s][854][934][info ] Leaving safepoint region
[2019-11-28T18:00:43.798+0100][2096,961s][854][934][info ] Total time for which application threads were stopped: 0,0003316 seconds, Stopping threads took: 0,0000779 seconds
[2019-11-28T18:00:44.798+0100][2097,961s][854][934][info ] Application time: 1,0000749 seconds
[2019-11-28T18:00:44.798+0100][2097,961s][854][934][info ] Entering safepoint region: Cleanup
[2019-11-28T18:00:44.798+0100][2097,961s][854][934][info ] Leaving safepoint region
[2019-11-28T18:00:44.798+0100][2097,961s][854][934][info ] Total time for which application threads were stopped: 0,0001097 seconds, Stopping threads took: 0,0000270 seconds
[2019-11-28T18:00:45.319+0100][2098,482s][854][933][trace] CMS: promo attempt is safe: available(3670073704) >= av_promo(33954128), max_promo(197404048)
[2019-11-28T18:00:45.798+0100][2098,961s][854][934][info ] Application time: 1,0000846 seconds
[2019-11-28T18:00:45.798+0100][2098,961s][854][934][info ] Entering safepoint region: Cleanup
[2019-11-28T18:00:45.798+0100][2098,961s][854][934][info ] Leaving safepoint region
[2019-11-28T18:00:45.798+0100][2098,961s][854][934][info ] Total time for which application threads were stopped: 0,0003868 seconds, Stopping threads took: 0,0000795 seconds
[2019-11-28T18:00:46.799+0100][2099,962s][854][934][info ] Application time: 1,0001090 seconds
[2019-11-28T18:00:46.799+0100][2099,962s][854][934][info ] Entering safepoint region: Cleanup
[2019-11-28T18:00:46.799+0100][2099,962s][854][934][info ] Leaving safepoint region
[2019-11-28T18:00:46.799+0100][2099,962s][854][934][info ] Total time for which application threads were stopped: 0,0002512 seconds, Stopping threads took: 0,0000652 seconds
[2019-11-28T18:00:47.799+0100][2100,962s][854][934][info ] Application time: 1,0003524 seconds
[2019-11-28T18:00:47.799+0100][2100,962s][854][934][info ] Entering safepoint region: Cleanup
[2019-11-28T18:00:47.799+0100][2100,962s][854][934][info ] Leaving safepoint region
[2019-11-28T18:00:47.800+0100][2100,962s][854][934][info ] Total time for which application threads were stopped: 0,0001611 seconds, Stopping threads took: 0,0000478 seconds
[2019-11-28T18:00:48.800+0100][2101,963s][854][934][info ] Application time: 1,0001802 seconds
[2019-11-28T18:00:48.800+0100][2101,963s][854][934][info ] Entering safepoint region: Cleanup
[2019-11-28T18:00:48.801+0100][2101,964s][854][934][info ] Leaving safepoint region
[2019-11-28T18:00:48.801+0100][2101,964s][854][934][info ] Total time for which application threads were stopped: 0,0005657 seconds, Stopping threads took: 0,0001488 seconds
[2019-11-28T18:00:49.801+0100][2102,964s][854][934][info ] Application time: 1,0000880 seconds
[2019-11-28T18:00:49.801+0100][2102,964s][854][934][info ] Entering safepoint region: Cleanup
[2019-11-28T18:00:49.801+0100][2102,964s][854][934][info ] Leaving safepoint region
[2019-11-28T18:00:49.801+0100][2102,964s][854][934][info ] Total time for which application threads were stopped: 0,0001861 seconds, Stopping threads took: 0,0000465 seconds
[2019-11-28T18:00:50.801+0100][2103,964s][854][934][info ] Application time: 1,0000784 seconds
[2019-11-28T18:00:50.801+0100][2103,964s][854][934][info ] Entering safepoint region: Cleanup
[2019-11-28T18:00:50.801+0100][2103,964s][854][934][info ] Leaving safepoint region
[2019-11-28T18:00:50.801+0100][2103,964s][854][934][info ] Total time for which application threads were stopped: 0,0001178 seconds, Stopping threads took: 0,0000356 seconds
[2019-11-28T18:00:51.801+0100][2104,964s][854][934][info ] Application time: 1,0000670 seconds
[2019-11-28T18:00:51.801+0100][2104,964s][854][934][info ] Entering safepoint region: Cleanup
[2019-11-28T18:00:51.802+0100][2104,965s][854][934][info ] Leaving safepoint region
[2019-11-28T18:00:51.802+0100][2104,965s][854][934][info ] Total time for which application threads were stopped: 0,0001345 seconds, Stopping threads took: 0,0000350 seconds
[2019-11-28T18:00:52.802+0100][2105,965s][854][934][info ] Application time: 1,0000730 seconds
[2019-11-28T18:00:52.802+0100][2105,965s][854][934][info ] Entering safepoint region: Cleanup
[2019-11-28T18:00:52.802+0100][2105,965s][854][934][info ] Leaving safepoint region
[2019-11-28T18:00:52.802+0100][2105,965s][854][934][info ] Total time for which application threads were stopped: 0,0001500 seconds, Stopping threads took: 0,0000460 seconds
[2019-11-28T18:00:53.802+0100][2106,965s][854][934][info ] Application time: 1,0001027 seconds
[2019-11-28T18:00:53.802+0100][2106,965s][854][934][info ] Entering safepoint region: Cleanup
[2019-11-28T18:00:53.802+0100][2106,965s][854][934][info ] Leaving safepoint region
[2019-11-28T18:00:53.802+0100][2106,965s][854][934][info ] Total time for which application threads were stopped: 0,0003093 seconds, Stopping threads took: 0,0001374 seconds
[2019-11-28T18:00:54.803+0100][2107,966s][854][934][info ] Application time: 1,0000763 seconds
[2019-11-28T18:00:54.803+0100][2107,966s][854][934][info ] Entering safepoint region: Cleanup
[2019-11-28T18:00:54.803+0100][2107,966s][854][934][info ] Leaving safepoint region
[2019-11-28T18:00:54.803+0100][2107,966s][854][934][info ] Total time for which application threads were stopped: 0,0001466 seconds, Stopping threads took: 0,0000390 seconds
[2019-11-28T18:00:55.319+0100][2108,482s][854][933][trace] CMS: promo attempt is safe: available(3670073704) >= av_promo(33954128), max_promo(200819992)
[2019-11-28T18:00:55.803+0100][2108,966s][854][934][info ] Application time: 1,0001143 seconds
[2019-11-28T18:00:55.803+0100][2108,966s][854][934][info ] Entering safepoint region: Cleanup
[2019-11-28T18:00:55.804+0100][2108,966s][854][934][info ] Leaving safepoint region
[2019-11-28T18:00:55.804+0100][2108,967s][854][934][info ] Total time for which application threads were stopped: 0,0005526 seconds, Stopping threads took: 0,0001383 seconds
[2019-11-28T18:00:56.804+0100][2109,967s][854][934][info ] Application time: 1,0001501 seconds
[2019-11-28T18:00:56.804+0100][2109,967s][854][934][info ] Entering safepoint region: Cleanup
[2019-11-28T18:00:56.804+0100][2109,967s][854][934][info ] Leaving safepoint region
[2019-11-28T18:00:56.804+0100][2109,967s][854][934][info ] Total time for which application threads were stopped: 0,0002656 seconds, Stopping threads took: 0,0000671 seconds
[2019-11-28T18:00:57.804+0100][2110,967s][854][934][info ] Application time: 1,0000878 seconds
[2019-11-28T18:00:57.805+0100][2110,967s][854][934][info ] Entering safepoint region: Cleanup
[2019-11-28T18:00:57.805+0100][2110,968s][854][934][info ] Leaving safepoint region
[2019-11-28T18:00:57.805+0100][2110,968s][854][934][info ] Total time for which application threads were stopped: 0,0002555 seconds, Stopping threads took: 0,0000635 seconds
[2019-11-28T18:00:58.805+0100][2111,968s][854][934][info ] Application time: 1,0001096 seconds
[2019-11-28T18:00:58.805+0100][2111,968s][854][934][info ] Entering safepoint region: Cleanup
[2019-11-28T18:00:58.805+0100][2111,968s][854][934][info ] Leaving safepoint region
[2019-11-28T18:00:58.805+0100][2111,968s][854][934][info ] Total time for which application threads were stopped: 0,0002216 seconds, Stopping threads took: 0,0000536 seconds
[2019-11-28T18:00:59.805+0100][2112,968s][854][934][info ] Application time: 1,0000767 seconds
[2019-11-28T18:00:59.805+0100][2112,968s][854][934][info ] Entering safepoint region: Cleanup
[2019-11-28T18:00:59.805+0100][2112,968s][854][934][info ] Leaving safepoint region
[2019-11-28T18:00:59.806+0100][2112,968s][854][934][info ] Total time for which application threads were stopped: 0,0001309 seconds, Stopping threads took: 0,0000332 seconds
[2019-11-28T18:01:00.806+0100][2113,969s][854][934][info ] Application time: 1,0001175 seconds
[2019-11-28T18:01:00.806+0100][2113,969s][854][934][info ] Entering safepoint region: Cleanup
[2019-11-28T18:01:00.806+0100][2113,969s][854][934][info ] Leaving safepoint region
[2019-11-28T18:01:00.806+0100][2113,969s][854][934][info ] Total time for which application threads were stopped: 0,0001903 seconds, Stopping threads took: 0,0000460 seconds
[2019-11-28T18:01:01.806+0100][2114,969s][854][934][info ] Application time: 1,0001322 seconds
[2019-11-28T18:01:01.806+0100][2114,969s][854][934][info ] Entering safepoint region: Cleanup
[2019-11-28T18:01:01.806+0100][2114,969s][854][934][info ] Leaving safepoint region
[2019-11-28T18:01:01.806+0100][2114,969s][854][934][info ] Total time for which application threads were stopped: 0,0001867 seconds, Stopping threads took: 0,0000490 seconds
[2019-11-28T18:01:02.806+0100][2115,969s][854][934][info ] Application time: 1,0001050 seconds
[2019-11-28T18:01:02.807+0100][2115,969s][854][934][info ] Entering safepoint region: Cleanup
[2019-11-28T18:01:02.807+0100][2115,970s][854][934][info ] Leaving safepoint region
[2019-11-28T18:01:02.807+0100][2115,970s][854][934][info ] Total time for which application threads were stopped: 0,0001216 seconds, Stopping threads took: 0,0000263 seconds
[2019-11-28T18:01:03.807+0100][2116,970s][854][934][info ] Application time: 1,0000766 seconds
[2019-11-28T18:01:03.807+0100][2116,970s][854][934][info ] Entering safepoint region: Cleanup
[2019-11-28T18:01:03.807+0100][2116,970s][854][934][info ] Leaving safepoint region
[2019-11-28T18:01:03.807+0100][2116,970s][854][934][info ] Total time for which application threads were stopped: 0,0002034 seconds, Stopping threads took: 0,0000511 seconds
[2019-11-28T18:01:04.807+0100][2117,970s][854][934][info ] Application time: 1,0000730 seconds
[2019-11-28T18:01:04.807+0100][2117,970s][854][934][info ] Entering safepoint region: Cleanup
[2019-11-28T18:01:04.807+0100][2117,970s][854][934][info ] Leaving safepoint region
[2019-11-28T18:01:04.807+0100][2117,970s][854][934][info ] Total time for which application threads were stopped: 0,0001328 seconds, Stopping threads took: 0,0000349 seconds
[2019-11-28T18:01:05.318+0100][2118,481s][854][933][trace] CMS: promo attempt is safe: available(3670073704) >= av_promo(33954128), max_promo(203306792)
[2019-11-28T18:01:05.807+0100][2118,970s][854][934][info ] Application time: 1,0001211 seconds
[2019-11-28T18:01:05.808+0100][2118,971s][854][934][info ] Entering safepoint region: Cleanup
[2019-11-28T18:01:05.808+0100][2118,971s][854][934][info ] Leaving safepoint region
[2019-11-28T18:01:05.808+0100][2118,971s][854][934][info ] Total time for which application threads were stopped: 0,0004205 seconds, Stopping threads took: 0,0000658 seconds
[2019-11-28T18:01:06.808+0100][2119,971s][854][934][info ] Application time: 1,0001314 seconds
[2019-11-28T18:01:06.808+0100][2119,971s][854][934][info ] Entering safepoint region: Cleanup
[2019-11-28T18:01:06.809+0100][2119,972s][854][934][info ] Leaving safepoint region
[2019-11-28T18:01:06.809+0100][2119,972s][854][934][info ] Total time for which application threads were stopped: 0,0004764 seconds, Stopping threads took: 0,0001288 seconds
[2019-11-28T18:01:07.809+0100][2120,972s][854][934][info ] Application time: 1,0001617 seconds
[2019-11-28T18:01:07.809+0100][2120,972s][854][934][info ] Entering safepoint region: Cleanup
[2019-11-28T18:01:07.809+0100][2120,972s][854][934][info ] Leaving safepoint region
[2019-11-28T18:01:07.809+0100][2120,972s][854][934][info ] Total time for which application threads were stopped: 0,0003198 seconds, Stopping threads took: 0,0000832 seconds
[2019-11-28T18:01:08.811+0100][2121,974s][854][934][info ] Application time: 1,0013331 seconds
[2019-11-28T18:01:08.811+0100][2121,974s][854][934][info ] Entering safepoint region: Cleanup
[2019-11-28T18:01:08.811+0100][2121,974s][854][934][info ] Leaving safepoint region
[2019-11-28T18:01:08.811+0100][2121,974s][854][934][info ] Total time for which application threads were stopped: 0,0001409 seconds, Stopping threads took: 0,0000375 seconds
[2019-11-28T18:01:09.811+0100][2122,974s][854][934][info ] Application time: 1,0000770 seconds
[2019-11-28T18:01:09.811+0100][2122,974s][854][934][info ] Entering safepoint region: Cleanup
[2019-11-28T18:01:09.811+0100][2122,974s][854][934][info ] Leaving safepoint region
[2019-11-28T18:01:09.811+0100][2122,974s][854][934][info ] Total time for which application threads were stopped: 0,0001505 seconds, Stopping threads took: 0,0000390 seconds
[2019-11-28T18:01:10.811+0100][2123,974s][854][934][info ] Application time: 1,0000941 seconds
[2019-11-28T18:01:10.812+0100][2123,975s][854][934][info ] Entering safepoint region: Cleanup
[2019-11-28T18:01:10.812+0100][2123,975s][854][934][info ] Leaving safepoint region
[2019-11-28T18:01:10.812+0100][2123,975s][854][934][info ] Total time for which application threads were stopped: 0,0004147 seconds, Stopping threads took: 0,0001297 seconds
[2019-11-28T18:01:11.812+0100][2124,975s][854][934][info ] Application time: 1,0001306 seconds
[2019-11-28T18:01:11.812+0100][2124,975s][854][934][info ] Entering safepoint region: Cleanup
[2019-11-28T18:01:11.812+0100][2124,975s][854][934][info ] Leaving safepoint region
[2019-11-28T18:01:11.812+0100][2124,975s][854][934][info ] Total time for which application threads were stopped: 0,0001425 seconds, Stopping threads took: 0,0000326 seconds
[2019-11-28T18:01:12.813+0100][2125,976s][854][934][info ] Application time: 1,0000515 seconds
[2019-11-28T18:01:12.813+0100][2125,976s][854][934][info ] Entering safepoint region: Cleanup
[2019-11-28T18:01:12.813+0100][2125,976s][854][934][info ] Leaving safepoint region
[2019-11-28T18:01:12.813+0100][2125,976s][854][934][info ] Total time for which application threads were stopped: 0,0002120 seconds, Stopping threads took: 0,0000632 seconds
[2019-11-28T18:01:13.813+0100][2126,976s][854][934][info ] Application time: 1,0000790 seconds
[2019-11-28T18:01:13.813+0100][2126,976s][854][934][info ] Entering safepoint region: Cleanup
[2019-11-28T18:01:13.813+0100][2126,976s][854][934][info ] Leaving safepoint region
[2019-11-28T18:01:13.813+0100][2126,976s][854][934][info ] Total time for which application threads were stopped: 0,0001459 seconds, Stopping threads took: 0,0000376 seconds
[2019-11-28T18:01:14.813+0100][2127,976s][854][934][info ] Application time: 1,0000739 seconds
[2019-11-28T18:01:14.813+0100][2127,976s][854][934][info ] Entering safepoint region: Cleanup
[2019-11-28T18:01:14.813+0100][2127,976s][854][934][info ] Leaving safepoint region
[2019-11-28T18:01:14.813+0100][2127,976s][854][934][info ] Total time for which application threads were stopped: 0,0001352 seconds, Stopping threads took: 0,0000338 seconds
[2019-11-28T18:01:15.319+0100][2128,482s][854][933][trace] CMS: promo attempt is safe: available(3670073704) >= av_promo(33954128), max_promo(208029584)
[2019-11-28T18:01:15.814+0100][2128,977s][854][934][info ] Application time: 1,0001316 seconds
[2019-11-28T18:01:15.814+0100][2128,977s][854][934][info ] Entering safepoint region: Cleanup
[2019-11-28T18:01:15.814+0100][2128,977s][854][934][info ] Leaving safepoint region
[2019-11-28T18:01:15.814+0100][2128,977s][854][934][info ] Total time for which application threads were stopped: 0,0003378 seconds, Stopping threads took: 0,0001005 seconds
[2019-11-28T18:01:16.814+0100][2129,977s][854][934][info ] Application time: 1,0001291 seconds
[2019-11-28T18:01:16.814+0100][2129,977s][854][934][info ] Entering safepoint region: Cleanup
[2019-11-28T18:01:16.815+0100][2129,977s][854][934][info ] Leaving safepoint region
[2019-11-28T18:01:16.815+0100][2129,978s][854][934][info ] Total time for which application threads were stopped: 0,0002133 seconds, Stopping threads took: 0,0000589 seconds
[2019-11-28T18:01:17.815+0100][2130,978s][854][934][info ] Application time: 1,0000918 seconds
[2019-11-28T18:01:17.815+0100][2130,978s][854][934][info ] Entering safepoint region: Cleanup
[2019-11-28T18:01:17.815+0100][2130,978s][854][934][info ] Leaving safepoint region
[2019-11-28T18:01:17.815+0100][2130,978s][854][934][info ] Total time for which application threads were stopped: 0,0003462 seconds, Stopping threads took: 0,0000932 seconds
[2019-11-28T18:01:18.815+0100][2131,978s][854][934][info ] Application time: 1,0001122 seconds
[2019-11-28T18:01:18.816+0100][2131,979s][854][934][info ] Entering safepoint region: Cleanup
[2019-11-28T18:01:18.816+0100][2131,979s][854][934][info ] Leaving safepoint region
[2019-11-28T18:01:18.816+0100][2131,979s][854][934][info ] Total time for which application threads were stopped: 0,0006793 seconds, Stopping threads took: 0,0003001 seconds
[2019-11-28T18:01:19.816+0100][2132,979s][854][934][info ] Application time: 1,0001144 seconds
[2019-11-28T18:01:19.816+0100][2132,979s][854][934][info ] Entering safepoint region: Cleanup
[2019-11-28T18:01:19.817+0100][2132,980s][854][934][info ] Leaving safepoint region
[2019-11-28T18:01:19.817+0100][2132,980s][854][934][info ] Total time for which application threads were stopped: 0,0002629 seconds, Stopping threads took: 0,0000794 seconds
[2019-11-28T18:01:20.817+0100][2133,980s][854][934][info ] Application time: 1,0001268 seconds
[2019-11-28T18:01:20.817+0100][2133,980s][854][934][info ] Entering safepoint region: Cleanup
[2019-11-28T18:01:20.817+0100][2133,980s][854][934][info ] Leaving safepoint region
[2019-11-28T18:01:20.818+0100][2133,981s][854][934][info ] Total time for which application threads were stopped: 0,0004755 seconds, Stopping threads took: 0,0001209 seconds
[2019-11-28T18:01:21.818+0100][2134,981s][854][934][info ] Application time: 1,0000926 seconds
[2019-11-28T18:01:21.818+0100][2134,981s][854][934][info ] Entering safepoint region: Cleanup
[2019-11-28T18:01:21.818+0100][2134,981s][854][934][info ] Leaving safepoint region
[2019-11-28T18:01:21.818+0100][2134,981s][854][934][info ] Total time for which application threads were stopped: 0,0001252 seconds, Stopping threads took: 0,0000346 seconds
[2019-11-28T18:01:22.818+0100][2135,981s][854][934][info ] Application time: 1,0000878 seconds
[2019-11-28T18:01:22.818+0100][2135,981s][854][934][info ] Entering safepoint region: Cleanup
[2019-11-28T18:01:22.818+0100][2135,981s][854][934][info ] Leaving safepoint region
[2019-11-28T18:01:22.818+0100][2135,981s][854][934][info ] Total time for which application threads were stopped: 0,0002775 seconds, Stopping threads took: 0,0000785 seconds
[2019-11-28T18:01:23.819+0100][2136,981s][854][934][info ] Application time: 1,0000759 seconds
[2019-11-28T18:01:23.819+0100][2136,982s][854][934][info ] Entering safepoint region: Cleanup
[2019-11-28T18:01:23.819+0100][2136,982s][854][934][info ] Leaving safepoint region
[2019-11-28T18:01:23.819+0100][2136,982s][854][934][info ] Total time for which application threads were stopped: 0,0001259 seconds, Stopping threads took: 0,0000414 seconds
[2019-11-28T18:01:24.819+0100][2137,982s][854][934][info ] Application time: 1,0001172 seconds
[2019-11-28T18:01:24.819+0100][2137,982s][854][934][info ] Entering safepoint region: Cleanup
[2019-11-28T18:01:24.819+0100][2137,982s][854][934][info ] Leaving safepoint region
[2019-11-28T18:01:24.819+0100][2137,982s][854][934][info ] Total time for which application threads were stopped: 0,0003876 seconds, Stopping threads took: 0,0001207 seconds
[2019-11-28T18:01:25.319+0100][2138,482s][854][933][trace] CMS: promo attempt is safe: available(3670073704) >= av_promo(33954128), max_promo(210516384)
[2019-11-28T18:01:25.820+0100][2138,983s][854][934][info ] Application time: 1,0001403 seconds
[2019-11-28T18:01:25.820+0100][2138,983s][854][934][info ] Entering safepoint region: Cleanup
[2019-11-28T18:01:25.820+0100][2138,983s][854][934][info ] Leaving safepoint region
[2019-11-28T18:01:25.820+0100][2138,983s][854][934][info ] Total time for which application threads were stopped: 0,0002535 seconds, Stopping threads took: 0,0000861 seconds
[2019-11-28T18:01:26.820+0100][2139,983s][854][934][info ] Application time: 1,0000965 seconds
[2019-11-28T18:01:26.820+0100][2139,983s][854][934][info ] Entering safepoint region: Cleanup
[2019-11-28T18:01:26.820+0100][2139,983s][854][934][info ] Leaving safepoint region
[2019-11-28T18:01:26.821+0100][2139,983s][854][934][info ] Total time for which application threads were stopped: 0,0002211 seconds, Stopping threads took: 0,0000685 seconds
[2019-11-28T18:01:27.821+0100][2140,984s][854][934][info ] Application time: 1,0001060 seconds
[2019-11-28T18:01:27.821+0100][2140,984s][854][934][info ] Entering safepoint region: Cleanup
[2019-11-28T18:01:27.821+0100][2140,984s][854][934][info ] Leaving safepoint region
[2019-11-28T18:01:27.821+0100][2140,984s][854][934][info ] Total time for which application threads were stopped: 0,0001110 seconds, Stopping threads took: 0,0000348 seconds
[2019-11-28T18:01:28.821+0100][2141,984s][854][934][info ] Application time: 1,0000700 seconds
[2019-11-28T18:01:28.821+0100][2141,984s][854][934][info ] Entering safepoint region: Cleanup
[2019-11-28T18:01:28.821+0100][2141,984s][854][934][info ] Leaving safepoint region
[2019-11-28T18:01:28.821+0100][2141,984s][854][934][info ] Total time for which application threads were stopped: 0,0001372 seconds, Stopping threads took: 0,0000347 seconds
[2019-11-28T18:01:29.821+0100][2142,984s][854][934][info ] Application time: 1,0001211 seconds
[2019-11-28T18:01:29.821+0100][2142,984s][854][934][info ] Entering safepoint region: Cleanup
[2019-11-28T18:01:29.821+0100][2142,984s][854][934][info ] Leaving safepoint region
[2019-11-28T18:01:29.821+0100][2142,984s][854][934][info ] Total time for which application threads were stopped: 0,0001292 seconds, Stopping threads took: 0,0000393 seconds
[2019-11-28T18:01:30.822+0100][2143,984s][854][934][info ] Application time: 1,0000681 seconds
[2019-11-28T18:01:30.822+0100][2143,985s][854][934][info ] Entering safepoint region: Cleanup
[2019-11-28T18:01:30.822+0100][2143,985s][854][934][info ] Leaving safepoint region
[2019-11-28T18:01:30.822+0100][2143,985s][854][934][info ] Total time for which application threads were stopped: 0,0001268 seconds, Stopping threads took: 0,0000334 seconds
[2019-11-28T18:01:31.822+0100][2144,985s][854][934][info ] Application time: 1,0000992 seconds
[2019-11-28T18:01:31.822+0100][2144,985s][854][934][info ] Entering safepoint region: Cleanup
[2019-11-28T18:01:31.822+0100][2144,985s][854][934][info ] Leaving safepoint region
[2019-11-28T18:01:31.822+0100][2144,985s][854][934][info ] Total time for which application threads were stopped: 0,0001584 seconds, Stopping threads took: 0,0000454 seconds
[2019-11-28T18:01:32.822+0100][2145,985s][854][934][info ] Application time: 1,0000745 seconds
[2019-11-28T18:01:32.822+0100][2145,985s][854][934][info ] Entering safepoint region: Cleanup
[2019-11-28T18:01:32.822+0100][2145,985s][854][934][info ] Leaving safepoint region
[2019-11-28T18:01:32.822+0100][2145,985s][854][934][info ] Total time for which application threads were stopped: 0,0001628 seconds, Stopping threads took: 0,0000369 seconds
[2019-11-28T18:01:33.822+0100][2146,985s][854][934][info ] Application time: 1,0001002 seconds
[2019-11-28T18:01:33.823+0100][2146,986s][854][934][info ] Entering safepoint region: Cleanup
[2019-11-28T18:01:33.823+0100][2146,986s][854][934][info ] Leaving safepoint region
[2019-11-28T18:01:33.823+0100][2146,986s][854][934][info ] Total time for which application threads were stopped: 0,0005211 seconds, Stopping threads took: 0,0001022 seconds
[2019-11-28T18:01:34.823+0100][2147,986s][854][934][info ] Application time: 1,0000997 seconds
[2019-11-28T18:01:34.823+0100][2147,986s][854][934][info ] Entering safepoint region: Cleanup
[2019-11-28T18:01:34.823+0100][2147,986s][854][934][info ] Leaving safepoint region
[2019-11-28T18:01:34.824+0100][2147,986s][854][934][info ] Total time for which application threads were stopped: 0,0001459 seconds, Stopping threads took: 0,0000371 seconds
[2019-11-28T18:01:35.319+0100][2148,482s][854][933][trace] CMS: promo attempt is safe: available(3670073704) >= av_promo(33954128), max_promo(222459640)
[2019-11-28T18:01:35.824+0100][2148,987s][854][934][info ] Application time: 1,0001462 seconds
[2019-11-28T18:01:35.824+0100][2148,987s][854][934][info ] Entering safepoint region: Cleanup
[2019-11-28T18:01:35.824+0100][2148,987s][854][934][info ] Leaving safepoint region
[2019-11-28T18:01:35.824+0100][2148,987s][854][934][info ] Total time for which application threads were stopped: 0,0001939 seconds, Stopping threads took: 0,0000617 seconds
[2019-11-28T18:01:36.824+0100][2149,987s][854][934][info ] Application time: 1,0000823 seconds
[2019-11-28T18:01:36.824+0100][2149,987s][854][934][info ] Entering safepoint region: Cleanup
[2019-11-28T18:01:36.824+0100][2149,987s][854][934][info ] Leaving safepoint region
[2019-11-28T18:01:36.824+0100][2149,987s][854][934][info ] Total time for which application threads were stopped: 0,0002278 seconds, Stopping threads took: 0,0000726 seconds
[2019-11-28T18:01:37.825+0100][2150,987s][854][934][info ] Application time: 1,0000847 seconds
[2019-11-28T18:01:37.825+0100][2150,988s][854][934][info ] Entering safepoint region: Cleanup
[2019-11-28T18:01:37.825+0100][2150,988s][854][934][info ] Leaving safepoint region
[2019-11-28T18:01:37.825+0100][2150,988s][854][934][info ] Total time for which application threads were stopped: 0,0002479 seconds, Stopping threads took: 0,0000723 seconds
[2019-11-28T18:01:38.825+0100][2151,988s][854][934][info ] Application time: 1,0001117 seconds
[2019-11-28T18:01:38.825+0100][2151,988s][854][934][info ] Entering safepoint region: Cleanup
[2019-11-28T18:01:38.825+0100][2151,988s][854][934][info ] Leaving safepoint region
[2019-11-28T18:01:38.825+0100][2151,988s][854][934][info ] Total time for which application threads were stopped: 0,0002531 seconds, Stopping threads took: 0,0000545 seconds
[2019-11-28T18:01:39.825+0100][2152,988s][854][934][info ] Application time: 1,0001016 seconds
[2019-11-28T18:01:39.826+0100][2152,989s][854][934][info ] Entering safepoint region: Cleanup
[2019-11-28T18:01:39.826+0100][2152,989s][854][934][info ] Leaving safepoint region
[2019-11-28T18:01:39.826+0100][2152,989s][854][934][info ] Total time for which application threads were stopped: 0,0001294 seconds, Stopping threads took: 0,0000288 seconds
[2019-11-28T18:01:40.826+0100][2153,989s][854][934][info ] Application time: 1,0000788 seconds
[2019-11-28T18:01:40.826+0100][2153,989s][854][934][info ] Entering safepoint region: Cleanup
[2019-11-28T18:01:40.826+0100][2153,989s][854][934][info ] Leaving safepoint region
[2019-11-28T18:01:40.826+0100][2153,989s][854][934][info ] Total time for which application threads were stopped: 0,0002486 seconds, Stopping threads took: 0,0000658 seconds
[2019-11-28T18:01:41.826+0100][2154,989s][854][934][info ] Application time: 1,0000858 seconds
[2019-11-28T18:01:41.826+0100][2154,989s][854][934][info ] Entering safepoint region: Cleanup
[2019-11-28T18:01:41.827+0100][2154,990s][854][934][info ] Leaving safepoint region
[2019-11-28T18:01:41.827+0100][2154,990s][854][934][info ] Total time for which application threads were stopped: 0,0004212 seconds, Stopping threads took: 0,0001685 seconds
[2019-11-28T18:01:42.827+0100][2155,990s][854][934][info ] Application time: 1,0000787 seconds
[2019-11-28T18:01:42.827+0100][2155,990s][854][934][info ] Entering safepoint region: Cleanup
[2019-11-28T18:01:42.827+0100][2155,990s][854][934][info ] Leaving safepoint region
[2019-11-28T18:01:42.827+0100][2155,990s][854][934][info ] Total time for which application threads were stopped: 0,0001381 seconds, Stopping threads took: 0,0000348 seconds
[2019-11-28T18:01:43.827+0100][2156,990s][854][934][info ] Application time: 1,0000803 seconds
[2019-11-28T18:01:43.827+0100][2156,990s][854][934][info ] Entering safepoint region: Cleanup
[2019-11-28T18:01:43.827+0100][2156,990s][854][934][info ] Leaving safepoint region
[2019-11-28T18:01:43.827+0100][2156,990s][854][934][info ] Total time for which application threads were stopped: 0,0002232 seconds, Stopping threads took: 0,0000505 seconds
[2019-11-28T18:01:44.828+0100][2157,991s][854][934][info ] Application time: 1,0001311 seconds
[2019-11-28T18:01:44.828+0100][2157,991s][854][934][info ] Entering safepoint region: Cleanup
[2019-11-28T18:01:44.828+0100][2157,991s][854][934][info ] Leaving safepoint region
[2019-11-28T18:01:44.828+0100][2157,991s][854][934][info ] Total time for which application threads were stopped: 0,0001681 seconds, Stopping threads took: 0,0000501 seconds
[2019-11-28T18:01:45.319+0100][2158,482s][854][933][trace] CMS: promo attempt is safe: available(3670073704) >= av_promo(33954128), max_promo(225875584)
[2019-11-28T18:01:45.828+0100][2158,991s][854][934][info ] Application time: 1,0000757 seconds
[2019-11-28T18:01:45.828+0100][2158,991s][854][934][info ] Entering safepoint region: Cleanup
[2019-11-28T18:01:45.828+0100][2158,991s][854][934][info ] Leaving safepoint region
[2019-11-28T18:01:45.828+0100][2158,991s][854][934][info ] Total time for which application threads were stopped: 0,0001446 seconds, Stopping threads took: 0,0000374 seconds
[2019-11-28T18:01:46.828+0100][2159,991s][854][934][info ] Application time: 1,0000985 seconds
[2019-11-28T18:01:46.828+0100][2159,991s][854][934][info ] Entering safepoint region: Cleanup
[2019-11-28T18:01:46.828+0100][2159,991s][854][934][info ] Leaving safepoint region
[2019-11-28T18:01:46.829+0100][2159,991s][854][934][info ] Total time for which application threads were stopped: 0,0001094 seconds, Stopping threads took: 0,0000337 seconds
[2019-11-28T18:01:47.829+0100][2160,992s][854][934][info ] Application time: 1,0000704 seconds
[2019-11-28T18:01:47.829+0100][2160,992s][854][934][info ] Entering safepoint region: Cleanup
[2019-11-28T18:01:47.829+0100][2160,992s][854][934][info ] Leaving safepoint region
[2019-11-28T18:01:47.829+0100][2160,992s][854][934][info ] Total time for which application threads were stopped: 0,0005311 seconds, Stopping threads took: 0,0000418 seconds
[2019-11-28T18:01:48.829+0100][2161,992s][854][934][info ] Application time: 1,0001469 seconds
[2019-11-28T18:01:48.830+0100][2161,993s][854][934][info ] Entering safepoint region: Cleanup
[2019-11-28T18:01:48.830+0100][2161,993s][854][934][info ] Leaving safepoint region
[2019-11-28T18:01:48.830+0100][2161,993s][854][934][info ] Total time for which application threads were stopped: 0,0003495 seconds, Stopping threads took: 0,0001299 seconds
[2019-11-28T18:01:49.830+0100][2162,993s][854][934][info ] Application time: 1,0000774 seconds
[2019-11-28T18:01:49.830+0100][2162,993s][854][934][info ] Entering safepoint region: Cleanup
[2019-11-28T18:01:49.830+0100][2162,993s][854][934][info ] Leaving safepoint region
[2019-11-28T18:01:49.830+0100][2162,993s][854][934][info ] Total time for which application threads were stopped: 0,0001589 seconds, Stopping threads took: 0,0000415 seconds
[2019-11-28T18:01:50.830+0100][2163,993s][854][934][info ] Application time: 1,0000712 seconds
[2019-11-28T18:01:50.830+0100][2163,993s][854][934][info ] Entering safepoint region: Cleanup
[2019-11-28T18:01:50.830+0100][2163,993s][854][934][info ] Leaving safepoint region
[2019-11-28T18:01:50.830+0100][2163,993s][854][934][info ] Total time for which application threads were stopped: 0,0001421 seconds, Stopping threads took: 0,0000355 seconds
[2019-11-28T18:01:51.831+0100][2164,994s][854][934][info ] Application time: 1,0000729 seconds
[2019-11-28T18:01:51.831+0100][2164,994s][854][934][info ] Entering safepoint region: Cleanup
[2019-11-28T18:01:51.831+0100][2164,994s][854][934][info ] Leaving safepoint region
[2019-11-28T18:01:51.831+0100][2164,994s][854][934][info ] Total time for which application threads were stopped: 0,0001494 seconds, Stopping threads took: 0,0000421 seconds
[2019-11-28T18:01:52.831+0100][2165,994s][854][934][info ] Application time: 1,0000667 seconds
[2019-11-28T18:01:52.831+0100][2165,994s][854][934][info ] Entering safepoint region: Cleanup
[2019-11-28T18:01:52.831+0100][2165,994s][854][934][info ] Leaving safepoint region
[2019-11-28T18:01:52.831+0100][2165,994s][854][934][info ] Total time for which application threads were stopped: 0,0001351 seconds, Stopping threads took: 0,0000334 seconds
[2019-11-28T18:01:53.831+0100][2166,994s][854][934][info ] Application time: 1,0000947 seconds
[2019-11-28T18:01:53.831+0100][2166,994s][854][934][info ] Entering safepoint region: Cleanup
[2019-11-28T18:01:53.832+0100][2166,995s][854][934][info ] Leaving safepoint region
[2019-11-28T18:01:53.832+0100][2166,995s][854][934][info ] Total time for which application threads were stopped: 0,0005693 seconds, Stopping threads took: 0,0001177 seconds
[2019-11-28T18:01:54.832+0100][2167,995s][854][934][info ] Application time: 1,0000960 seconds
[2019-11-28T18:01:54.832+0100][2167,995s][854][934][info ] Entering safepoint region: Cleanup
[2019-11-28T18:01:54.832+0100][2167,995s][854][934][info ] Leaving safepoint region
[2019-11-28T18:01:54.832+0100][2167,995s][854][934][info ] Total time for which application threads were stopped: 0,0001745 seconds, Stopping threads took: 0,0000463 seconds
[2019-11-28T18:01:55.318+0100][2168,481s][854][933][trace] CMS: promo attempt is safe: available(3670073704) >= av_promo(33954128), max_promo(228482560)
[2019-11-28T18:01:55.832+0100][2168,995s][854][934][info ] Application time: 1,0000887 seconds
[2019-11-28T18:01:55.833+0100][2168,996s][854][934][info ] Entering safepoint region: Cleanup
[2019-11-28T18:01:55.833+0100][2168,996s][854][934][info ] Leaving safepoint region
[2019-11-28T18:01:55.833+0100][2168,996s][854][934][info ] Total time for which application threads were stopped: 0,0003900 seconds, Stopping threads took: 0,0000940 seconds
[2019-11-28T18:01:56.833+0100][2169,996s][854][934][info ] Application time: 1,0000817 seconds
[2019-11-28T18:01:56.833+0100][2169,996s][854][934][info ] Entering safepoint region: Cleanup
[2019-11-28T18:01:56.833+0100][2169,996s][854][934][info ] Leaving safepoint region
[2019-11-28T18:01:56.833+0100][2169,996s][854][934][info ] Total time for which application threads were stopped: 0,0001229 seconds, Stopping threads took: 0,0000333 seconds
[2019-11-28T18:01:57.833+0100][2170,996s][854][934][info ] Application time: 1,0000640 seconds
[2019-11-28T18:01:57.833+0100][2170,996s][854][934][info ] Entering safepoint region: Cleanup
[2019-11-28T18:01:57.834+0100][2170,996s][854][934][info ] Leaving safepoint region
[2019-11-28T18:01:57.834+0100][2170,996s][854][934][info ] Total time for which application threads were stopped: 0,0001156 seconds, Stopping threads took: 0,0000380 seconds
[2019-11-28T18:01:58.834+0100][2171,997s][854][934][info ] Application time: 1,0000665 seconds
[2019-11-28T18:01:58.834+0100][2171,997s][854][934][info ] Entering safepoint region: Cleanup
[2019-11-28T18:01:58.834+0100][2171,997s][854][934][info ] Leaving safepoint region
[2019-11-28T18:01:58.834+0100][2171,997s][854][934][info ] Total time for which application threads were stopped: 0,0001270 seconds, Stopping threads took: 0,0000384 seconds
[2019-11-28T18:01:59.834+0100][2172,997s][854][934][info ] Application time: 1,0001282 seconds
[2019-11-28T18:01:59.834+0100][2172,997s][854][934][info ] Entering safepoint region: Cleanup
[2019-11-28T18:01:59.834+0100][2172,997s][854][934][info ] Leaving safepoint region
[2019-11-28T18:01:59.834+0100][2172,997s][854][934][info ] Total time for which application threads were stopped: 0,0002127 seconds, Stopping threads took: 0,0000683 seconds
[2019-11-28T18:02:00.834+0100][2173,997s][854][934][info ] Application time: 1,0000710 seconds
[2019-11-28T18:02:00.834+0100][2173,997s][854][934][info ] Entering safepoint region: Cleanup
[2019-11-28T18:02:00.834+0100][2173,997s][854][934][info ] Leaving safepoint region
[2019-11-28T18:02:00.835+0100][2173,997s][854][934][info ] Total time for which application threads were stopped: 0,0001135 seconds, Stopping threads took: 0,0000284 seconds
[2019-11-28T18:02:01.835+0100][2174,998s][854][934][info ] Application time: 1,0001052 seconds
[2019-11-28T18:02:01.835+0100][2174,998s][854][934][info ] Entering safepoint region: Cleanup
[2019-11-28T18:02:01.835+0100][2174,998s][854][934][info ] Leaving safepoint region
[2019-11-28T18:02:01.835+0100][2174,998s][854][934][info ] Total time for which application threads were stopped: 0,0002694 seconds, Stopping threads took: 0,0000867 seconds
[2019-11-28T18:02:02.835+0100][2175,998s][854][934][info ] Application time: 1,0000811 seconds
[2019-11-28T18:02:02.835+0100][2175,998s][854][934][info ] Entering safepoint region: Cleanup
[2019-11-28T18:02:02.835+0100][2175,998s][854][934][info ] Leaving safepoint region
[2019-11-28T18:02:02.835+0100][2175,998s][854][934][info ] Total time for which application threads were stopped: 0,0001916 seconds, Stopping threads took: 0,0000490 seconds
[2019-11-28T18:02:03.836+0100][2176,999s][854][934][info ] Application time: 1,0000962 seconds
[2019-11-28T18:02:03.836+0100][2176,999s][854][934][info ] Entering safepoint region: Cleanup
[2019-11-28T18:02:03.836+0100][2176,999s][854][934][info ] Leaving safepoint region
[2019-11-28T18:02:03.836+0100][2176,999s][854][934][info ] Total time for which application threads were stopped: 0,0004768 seconds, Stopping threads took: 0,0001312 seconds
[2019-11-28T18:02:04.836+0100][2177,999s][854][934][info ] Application time: 1,0001444 seconds
[2019-11-28T18:02:04.837+0100][2178,000s][854][934][info ] Entering safepoint region: Cleanup
[2019-11-28T18:02:04.837+0100][2178,000s][854][934][info ] Leaving safepoint region
[2019-11-28T18:02:04.837+0100][2178,000s][854][934][info ] Total time for which application threads were stopped: 0,0002983 seconds, Stopping threads took: 0,0000713 seconds
[2019-11-28T18:02:05.318+0100][2178,481s][854][933][trace] CMS: promo attempt is safe: available(3670073704) >= av_promo(33954128), max_promo(231649824)
[2019-11-28T18:02:05.837+0100][2179,000s][854][934][info ] Application time: 1,0000999 seconds
[2019-11-28T18:02:05.837+0100][2179,000s][854][934][info ] Entering safepoint region: Cleanup
[2019-11-28T18:02:05.837+0100][2179,000s][854][934][info ] Leaving safepoint region
[2019-11-28T18:02:05.838+0100][2179,001s][854][934][info ] Total time for which application threads were stopped: 0,0003722 seconds, Stopping threads took: 0,0001212 seconds
[2019-11-28T18:02:06.838+0100][2180,001s][854][934][info ] Application time: 1,0000995 seconds
[2019-11-28T18:02:06.838+0100][2180,001s][854][934][info ] Entering safepoint region: Cleanup
[2019-11-28T18:02:06.838+0100][2180,001s][854][934][info ] Leaving safepoint region
[2019-11-28T18:02:06.838+0100][2180,001s][854][934][info ] Total time for which application threads were stopped: 0,0001101 seconds, Stopping threads took: 0,0000339 seconds
[2019-11-28T18:02:07.838+0100][2181,001s][854][934][info ] Application time: 1,0001180 seconds
[2019-11-28T18:02:07.838+0100][2181,001s][854][934][info ] Entering safepoint region: Cleanup
[2019-11-28T18:02:07.838+0100][2181,001s][854][934][info ] Leaving safepoint region
[2019-11-28T18:02:07.838+0100][2181,001s][854][934][info ] Total time for which application threads were stopped: 0,0001822 seconds, Stopping threads took: 0,0000548 seconds
[2019-11-28T18:02:08.838+0100][2182,001s][854][934][info ] Application time: 1,0000884 seconds
[2019-11-28T18:02:08.838+0100][2182,001s][854][934][info ] Entering safepoint region: Cleanup
[2019-11-28T18:02:08.839+0100][2182,002s][854][934][info ] Leaving safepoint region
[2019-11-28T18:02:08.839+0100][2182,002s][854][934][info ] Total time for which application threads were stopped: 0,0002344 seconds, Stopping threads took: 0,0000579 seconds
[2019-11-28T18:02:09.839+0100][2183,002s][854][934][info ] Application time: 1,0000920 seconds
[2019-11-28T18:02:09.839+0100][2183,002s][854][934][info ] Entering safepoint region: Cleanup
[2019-11-28T18:02:09.839+0100][2183,002s][854][934][info ] Leaving safepoint region
[2019-11-28T18:02:09.839+0100][2183,002s][854][934][info ] Total time for which application threads were stopped: 0,0003133 seconds, Stopping threads took: 0,0000879 seconds
[2019-11-28T18:02:10.839+0100][2184,002s][854][934][info ] Application time: 1,0001416 seconds
[2019-11-28T18:02:10.840+0100][2184,003s][854][934][info ] Entering safepoint region: Cleanup
[2019-11-28T18:02:10.840+0100][2184,003s][854][934][info ] Leaving safepoint region
[2019-11-28T18:02:10.840+0100][2184,003s][854][934][info ] Total time for which application threads were stopped: 0,0002557 seconds, Stopping threads took: 0,0000957 seconds
[2019-11-28T18:02:11.840+0100][2185,003s][854][934][info ] Application time: 1,0001361 seconds
[2019-11-28T18:02:11.840+0100][2185,003s][854][934][info ] Entering safepoint region: Cleanup
[2019-11-28T18:02:11.840+0100][2185,003s][854][934][info ] Leaving safepoint region
[2019-11-28T18:02:11.840+0100][2185,003s][854][934][info ] Total time for which application threads were stopped: 0,0003691 seconds, Stopping threads took: 0,0001006 seconds
[2019-11-28T18:02:12.841+0100][2186,004s][854][934][info ] Application time: 1,0000822 seconds
[2019-11-28T18:02:12.841+0100][2186,004s][854][934][info ] Entering safepoint region: Cleanup
[2019-11-28T18:02:12.841+0100][2186,004s][854][934][info ] Leaving safepoint region
[2019-11-28T18:02:12.841+0100][2186,004s][854][934][info ] Total time for which application threads were stopped: 0,0001216 seconds, Stopping threads took: 0,0000384 seconds
[2019-11-28T18:02:13.841+0100][2187,004s][854][934][info ] Application time: 1,0000729 seconds
[2019-11-28T18:02:13.841+0100][2187,004s][854][934][info ] Entering safepoint region: Cleanup
[2019-11-28T18:02:13.841+0100][2187,004s][854][934][info ] Leaving safepoint region
[2019-11-28T18:02:13.841+0100][2187,004s][854][934][info ] Total time for which application threads were stopped: 0,0001306 seconds, Stopping threads took: 0,0000277 seconds
[2019-11-28T18:02:14.841+0100][2188,004s][854][934][info ] Application time: 1,0001052 seconds
[2019-11-28T18:02:14.841+0100][2188,004s][854][934][info ] Entering safepoint region: Cleanup
[2019-11-28T18:02:14.842+0100][2188,005s][854][934][info ] Leaving safepoint region
[2019-11-28T18:02:14.842+0100][2188,005s][854][934][info ] Total time for which application threads were stopped: 0,0003801 seconds, Stopping threads took: 0,0000836 seconds
[2019-11-28T18:02:15.318+0100][2188,481s][854][933][trace] CMS: promo attempt is safe: available(3670073704) >= av_promo(33954128), max_promo(234385184)
[2019-11-28T18:02:15.842+0100][2189,005s][854][934][info ] Application time: 1,0001359 seconds
[2019-11-28T18:02:15.842+0100][2189,005s][854][934][info ] Entering safepoint region: Cleanup
[2019-11-28T18:02:15.842+0100][2189,005s][854][934][info ] Leaving safepoint region
[2019-11-28T18:02:15.842+0100][2189,005s][854][934][info ] Total time for which application threads were stopped: 0,0002756 seconds, Stopping threads took: 0,0000712 seconds
[2019-11-28T18:02:16.843+0100][2190,006s][854][934][info ] Application time: 1,0000867 seconds
[2019-11-28T18:02:16.843+0100][2190,006s][854][934][info ] Entering safepoint region: Cleanup
[2019-11-28T18:02:16.843+0100][2190,006s][854][934][info ] Leaving safepoint region
[2019-11-28T18:02:16.843+0100][2190,006s][854][934][info ] Total time for which application threads were stopped: 0,0002331 seconds, Stopping threads took: 0,0000640 seconds
[2019-11-28T18:02:17.843+0100][2191,006s][854][934][info ] Application time: 1,0001325 seconds
[2019-11-28T18:02:17.843+0100][2191,006s][854][934][info ] Entering safepoint region: Cleanup
[2019-11-28T18:02:17.844+0100][2191,007s][854][934][info ] Leaving safepoint region
[2019-11-28T18:02:17.844+0100][2191,007s][854][934][info ] Total time for which application threads were stopped: 0,0005187 seconds, Stopping threads took: 0,0001341 seconds
[2019-11-28T18:02:18.844+0100][2192,007s][854][934][info ] Application time: 1,0001179 seconds
[2019-11-28T18:02:18.844+0100][2192,007s][854][934][info ] Entering safepoint region: Cleanup
[2019-11-28T18:02:18.844+0100][2192,007s][854][934][info ] Leaving safepoint region
[2019-11-28T18:02:18.844+0100][2192,007s][854][934][info ] Total time for which application threads were stopped: 0,0002938 seconds, Stopping threads took: 0,0000834 seconds
[2019-11-28T18:02:19.845+0100][2193,007s][854][934][info ] Application time: 1,0000836 seconds
[2019-11-28T18:02:19.845+0100][2193,008s][854][934][info ] Entering safepoint region: Cleanup
[2019-11-28T18:02:19.845+0100][2193,008s][854][934][info ] Leaving safepoint region
[2019-11-28T18:02:19.845+0100][2193,008s][854][934][info ] Total time for which application threads were stopped: 0,0005010 seconds, Stopping threads took: 0,0000589 seconds
[2019-11-28T18:02:20.845+0100][2194,008s][854][934][info ] Application time: 1,0002319 seconds
[2019-11-28T18:02:20.846+0100][2194,009s][854][934][info ] Entering safepoint region: Cleanup
[2019-11-28T18:02:20.846+0100][2194,009s][854][934][info ] Leaving safepoint region
[2019-11-28T18:02:20.846+0100][2194,009s][854][934][info ] Total time for which application threads were stopped: 0,0002174 seconds, Stopping threads took: 0,0000587 seconds
[2019-11-28T18:02:21.846+0100][2195,009s][854][934][info ] Application time: 1,0000904 seconds
[2019-11-28T18:02:21.846+0100][2195,009s][854][934][info ] Entering safepoint region: Cleanup
[2019-11-28T18:02:21.846+0100][2195,009s][854][934][info ] Leaving safepoint region
[2019-11-28T18:02:21.846+0100][2195,009s][854][934][info ] Total time for which application threads were stopped: 0,0002873 seconds, Stopping threads took: 0,0000712 seconds
[2019-11-28T18:02:22.846+0100][2196,009s][854][934][info ] Application time: 1,0000708 seconds
[2019-11-28T18:02:22.846+0100][2196,009s][854][934][info ] Entering safepoint region: Cleanup
[2019-11-28T18:02:22.847+0100][2196,010s][854][934][info ] Leaving safepoint region
[2019-11-28T18:02:22.847+0100][2196,010s][854][934][info ] Total time for which application threads were stopped: 0,0001121 seconds, Stopping threads took: 0,0000285 seconds
[2019-11-28T18:02:23.847+0100][2197,010s][854][934][info ] Application time: 1,0000698 seconds
[2019-11-28T18:02:23.847+0100][2197,010s][854][934][info ] Entering safepoint region: Cleanup
[2019-11-28T18:02:23.847+0100][2197,010s][854][934][info ] Leaving safepoint region
[2019-11-28T18:02:23.847+0100][2197,010s][854][934][info ] Total time for which application threads were stopped: 0,0001936 seconds, Stopping threads took: 0,0000576 seconds
[2019-11-28T18:02:24.847+0100][2198,010s][854][934][info ] Application time: 1,0000694 seconds
[2019-11-28T18:02:24.847+0100][2198,010s][854][934][info ] Entering safepoint region: Cleanup
[2019-11-28T18:02:24.847+0100][2198,010s][854][934][info ] Leaving safepoint region
[2019-11-28T18:02:24.847+0100][2198,010s][854][934][info ] Total time for which application threads were stopped: 0,0001240 seconds, Stopping threads took: 0,0000327 seconds
[2019-11-28T18:02:25.317+0100][2198,480s][854][933][trace] CMS: promo attempt is safe: available(3670073704) >= av_promo(33954128), max_promo(237930120)
[2019-11-28T18:02:25.847+0100][2199,010s][854][934][info ] Application time: 1,0001047 seconds
[2019-11-28T18:02:25.847+0100][2199,010s][854][934][info ] Entering safepoint region: Cleanup
[2019-11-28T18:02:25.848+0100][2199,011s][854][934][info ] Leaving safepoint region
[2019-11-28T18:02:25.848+0100][2199,011s][854][934][info ] Total time for which application threads were stopped: 0,0005216 seconds, Stopping threads took: 0,0001158 seconds
[2019-11-28T18:02:26.848+0100][2200,011s][854][934][info ] Application time: 1,0000901 seconds
[2019-11-28T18:02:26.848+0100][2200,011s][854][934][info ] Entering safepoint region: Cleanup
[2019-11-28T18:02:26.848+0100][2200,011s][854][934][info ] Leaving safepoint region
[2019-11-28T18:02:26.848+0100][2200,011s][854][934][info ] Total time for which application threads were stopped: 0,0001967 seconds, Stopping threads took: 0,0000493 seconds
[2019-11-28T18:02:27.848+0100][2201,011s][854][934][info ] Application time: 1,0000711 seconds
[2019-11-28T18:02:27.849+0100][2201,012s][854][934][info ] Entering safepoint region: Cleanup
[2019-11-28T18:02:27.849+0100][2201,012s][854][934][info ] Leaving safepoint region
[2019-11-28T18:02:27.849+0100][2201,012s][854][934][info ] Total time for which application threads were stopped: 0,0001254 seconds, Stopping threads took: 0,0000387 seconds
[2019-11-28T18:02:28.849+0100][2202,012s][854][934][info ] Application time: 1,0000744 seconds
[2019-11-28T18:02:28.849+0100][2202,012s][854][934][info ] Entering safepoint region: Cleanup
[2019-11-28T18:02:28.849+0100][2202,012s][854][934][info ] Leaving safepoint region
[2019-11-28T18:02:28.849+0100][2202,012s][854][934][info ] Total time for which application threads were stopped: 0,0001259 seconds, Stopping threads took: 0,0000395 seconds
[2019-11-28T18:02:29.849+0100][2203,012s][854][934][info ] Application time: 1,0004107 seconds
[2019-11-28T18:02:29.850+0100][2203,013s][854][934][info ] Entering safepoint region: Cleanup
[2019-11-28T18:02:29.850+0100][2203,013s][854][934][info ] Leaving safepoint region
[2019-11-28T18:02:29.850+0100][2203,013s][854][934][info ] Total time for which application threads were stopped: 0,0005290 seconds, Stopping threads took: 0,0001696 seconds
[2019-11-28T18:02:30.850+0100][2204,013s][854][934][info ] Application time: 1,0001227 seconds
[2019-11-28T18:02:30.851+0100][2204,013s][854][934][info ] Entering safepoint region: Cleanup
[2019-11-28T18:02:30.851+0100][2204,014s][854][934][info ] Leaving safepoint region
[2019-11-28T18:02:30.851+0100][2204,014s][854][934][info ] Total time for which application threads were stopped: 0,0001501 seconds, Stopping threads took: 0,0000447 seconds
[2019-11-28T18:02:31.851+0100][2205,014s][854][934][info ] Application time: 1,0000883 seconds
[2019-11-28T18:02:31.851+0100][2205,014s][854][934][info ] Entering safepoint region: Cleanup
[2019-11-28T18:02:31.851+0100][2205,014s][854][934][info ] Leaving safepoint region
[2019-11-28T18:02:31.851+0100][2205,014s][854][934][info ] Total time for which application threads were stopped: 0,0002402 seconds, Stopping threads took: 0,0000697 seconds
[2019-11-28T18:02:32.851+0100][2206,014s][854][934][info ] Application time: 1,0001457 seconds
[2019-11-28T18:02:32.852+0100][2206,015s][854][934][info ] Entering safepoint region: Cleanup
[2019-11-28T18:02:32.853+0100][2206,016s][854][934][info ] Leaving safepoint region
[2019-11-28T18:02:32.853+0100][2206,016s][854][934][info ] Total time for which application threads were stopped: 0,0014232 seconds, Stopping threads took: 0,0003631 seconds
[2019-11-28T18:02:33.853+0100][2207,016s][854][934][info ] Application time: 1,0001462 seconds
[2019-11-28T18:02:33.854+0100][2207,016s][854][934][info ] Entering safepoint region: Cleanup
[2019-11-28T18:02:33.854+0100][2207,017s][854][934][info ] Leaving safepoint region
[2019-11-28T18:02:33.854+0100][2207,017s][854][934][info ] Total time for which application threads were stopped: 0,0003822 seconds, Stopping threads took: 0,0001319 seconds
[2019-11-28T18:02:34.854+0100][2208,017s][854][934][info ] Application time: 1,0000816 seconds
[2019-11-28T18:02:34.854+0100][2208,017s][854][934][info ] Entering safepoint region: Cleanup
[2019-11-28T18:02:34.854+0100][2208,017s][854][934][info ] Leaving safepoint region
[2019-11-28T18:02:34.854+0100][2208,017s][854][934][info ] Total time for which application threads were stopped: 0,0001602 seconds, Stopping threads took: 0,0000471 seconds
[2019-11-28T18:02:35.317+0100][2208,480s][854][933][trace] CMS: promo attempt is safe: available(3670073704) >= av_promo(33954128), max_promo(241346064)
[2019-11-28T18:02:35.854+0100][2209,017s][854][934][info ] Application time: 1,0000825 seconds
[2019-11-28T18:02:35.854+0100][2209,017s][854][934][info ] Entering safepoint region: Cleanup
[2019-11-28T18:02:35.854+0100][2209,017s][854][934][info ] Leaving safepoint region
[2019-11-28T18:02:35.855+0100][2209,017s][854][934][info ] Total time for which application threads were stopped: 0,0001476 seconds, Stopping threads took: 0,0000367 seconds
[2019-11-28T18:02:36.855+0100][2210,018s][854][934][info ] Application time: 1,0000966 seconds
[2019-11-28T18:02:36.855+0100][2210,018s][854][934][info ] Entering safepoint region: Cleanup
[2019-11-28T18:02:36.855+0100][2210,018s][854][934][info ] Leaving safepoint region
[2019-11-28T18:02:36.855+0100][2210,018s][854][934][info ] Total time for which application threads were stopped: 0,0003036 seconds, Stopping threads took: 0,0000938 seconds
[2019-11-28T18:02:37.855+0100][2211,018s][854][934][info ] Application time: 1,0001080 seconds
[2019-11-28T18:02:37.856+0100][2211,019s][854][934][info ] Entering safepoint region: Cleanup
[2019-11-28T18:02:37.856+0100][2211,019s][854][934][info ] Leaving safepoint region
[2019-11-28T18:02:37.856+0100][2211,019s][854][934][info ] Total time for which application threads were stopped: 0,0004794 seconds, Stopping threads took: 0,0001750 seconds
[2019-11-28T18:02:38.856+0100][2212,019s][854][934][info ] Application time: 1,0000894 seconds
[2019-11-28T18:02:38.856+0100][2212,019s][854][934][info ] Entering safepoint region: Cleanup
[2019-11-28T18:02:38.856+0100][2212,019s][854][934][info ] Leaving safepoint region
[2019-11-28T18:02:38.856+0100][2212,019s][854][934][info ] Total time for which application threads were stopped: 0,0001169 seconds, Stopping threads took: 0,0000304 seconds
[2019-11-28T18:02:39.856+0100][2213,019s][854][934][info ] Application time: 1,0000677 seconds
[2019-11-28T18:02:39.856+0100][2213,019s][854][934][info ] Entering safepoint region: Cleanup
[2019-11-28T18:02:39.857+0100][2213,020s][854][934][info ] Leaving safepoint region
[2019-11-28T18:02:39.857+0100][2213,020s][854][934][info ] Total time for which application threads were stopped: 0,0001067 seconds, Stopping threads took: 0,0000332 seconds
[2019-11-28T18:02:40.857+0100][2214,020s][854][934][info ] Application time: 1,0000733 seconds
[2019-11-28T18:02:40.857+0100][2214,020s][854][934][info ] Entering safepoint region: Cleanup
[2019-11-28T18:02:40.857+0100][2214,020s][854][934][info ] Leaving safepoint region
[2019-11-28T18:02:40.857+0100][2214,020s][854][934][info ] Total time for which application threads were stopped: 0,0001413 seconds, Stopping threads took: 0,0000353 seconds
[2019-11-28T18:02:41.857+0100][2215,020s][854][934][info ] Application time: 1,0000715 seconds
[2019-11-28T18:02:41.857+0100][2215,020s][854][934][info ] Entering safepoint region: Cleanup
[2019-11-28T18:02:41.857+0100][2215,020s][854][934][info ] Leaving safepoint region
[2019-11-28T18:02:41.857+0100][2215,020s][854][934][info ] Total time for which application threads were stopped: 0,0001377 seconds, Stopping threads took: 0,0000447 seconds
[2019-11-28T18:02:42.857+0100][2216,020s][854][934][info ] Application time: 1,0000688 seconds
[2019-11-28T18:02:42.857+0100][2216,020s][854][934][info ] Entering safepoint region: Cleanup
[2019-11-28T18:02:42.857+0100][2216,020s][854][934][info ] Leaving safepoint region
[2019-11-28T18:02:42.857+0100][2216,020s][854][934][info ] Total time for which application threads were stopped: 0,0001244 seconds, Stopping threads took: 0,0000308 seconds
[2019-11-28T18:02:43.857+0100][2217,020s][854][934][info ] Application time: 1,0000639 seconds
[2019-11-28T18:02:43.858+0100][2217,020s][854][934][info ] Entering safepoint region: Cleanup
[2019-11-28T18:02:43.858+0100][2217,021s][854][934][info ] Leaving safepoint region
[2019-11-28T18:02:43.858+0100][2217,021s][854][934][info ] Total time for which application threads were stopped: 0,0001291 seconds, Stopping threads took: 0,0000300 seconds
[2019-11-28T18:02:44.858+0100][2218,021s][854][934][info ] Application time: 1,0000845 seconds
[2019-11-28T18:02:44.858+0100][2218,021s][854][934][info ] Entering safepoint region: Cleanup
[2019-11-28T18:02:44.858+0100][2218,021s][854][934][info ] Leaving safepoint region
[2019-11-28T18:02:44.858+0100][2218,021s][854][934][info ] Total time for which application threads were stopped: 0,0002418 seconds, Stopping threads took: 0,0000792 seconds
[2019-11-28T18:02:45.317+0100][2218,480s][854][933][trace] CMS: promo attempt is safe: available(3670073704) >= av_promo(33954128), max_promo(243994304)
[2019-11-28T18:02:45.858+0100][2219,021s][854][934][info ] Application time: 1,0000868 seconds
[2019-11-28T18:02:45.858+0100][2219,021s][854][934][info ] Entering safepoint region: Cleanup
[2019-11-28T18:02:45.859+0100][2219,022s][854][934][info ] Leaving safepoint region
[2019-11-28T18:02:45.859+0100][2219,022s][854][934][info ] Total time for which application threads were stopped: 0,0002795 seconds, Stopping threads took: 0,0000799 seconds
[2019-11-28T18:02:46.859+0100][2220,022s][854][934][info ] Application time: 1,0000851 seconds
[2019-11-28T18:02:46.859+0100][2220,022s][854][934][info ] Entering safepoint region: Cleanup
[2019-11-28T18:02:46.859+0100][2220,022s][854][934][info ] Leaving safepoint region
[2019-11-28T18:02:46.859+0100][2220,022s][854][934][info ] Total time for which application threads were stopped: 0,0002446 seconds, Stopping threads took: 0,0000605 seconds
[2019-11-28T18:02:47.859+0100][2221,022s][854][934][info ] Application time: 1,0000923 seconds
[2019-11-28T18:02:47.859+0100][2221,022s][854][934][info ] Entering safepoint region: Cleanup
[2019-11-28T18:02:47.860+0100][2221,023s][854][934][info ] Leaving safepoint region
[2019-11-28T18:02:47.860+0100][2221,023s][854][934][info ] Total time for which application threads were stopped: 0,0002734 seconds, Stopping threads took: 0,0000740 seconds
[2019-11-28T18:02:48.860+0100][2222,023s][854][934][info ] Application time: 1,0000853 seconds
[2019-11-28T18:02:48.860+0100][2222,023s][854][934][info ] Entering safepoint region: Cleanup
[2019-11-28T18:02:48.860+0100][2222,023s][854][934][info ] Leaving safepoint region
[2019-11-28T18:02:48.860+0100][2222,023s][854][934][info ] Total time for which application threads were stopped: 0,0001756 seconds, Stopping threads took: 0,0000422 seconds
[2019-11-28T18:02:49.860+0100][2223,023s][854][934][info ] Application time: 1,0001106 seconds
[2019-11-28T18:02:49.860+0100][2223,023s][854][934][info ] Entering safepoint region: Cleanup
[2019-11-28T18:02:49.860+0100][2223,023s][854][934][info ] Leaving safepoint region
[2019-11-28T18:02:49.860+0100][2223,023s][854][934][info ] Total time for which application threads were stopped: 0,0001686 seconds, Stopping threads took: 0,0000470 seconds
[2019-11-28T18:02:50.861+0100][2224,023s][854][934][info ] Application time: 1,0000860 seconds
[2019-11-28T18:02:50.861+0100][2224,024s][854][934][info ] Entering safepoint region: Cleanup
[2019-11-28T18:02:50.861+0100][2224,024s][854][934][info ] Leaving safepoint region
[2019-11-28T18:02:50.861+0100][2224,024s][854][934][info ] Total time for which application threads were stopped: 0,0003219 seconds, Stopping threads took: 0,0000909 seconds
[2019-11-28T18:02:51.861+0100][2225,024s][854][934][info ] Application time: 1,0000726 seconds
[2019-11-28T18:02:51.861+0100][2225,024s][854][934][info ] Entering safepoint region: Cleanup
[2019-11-28T18:02:51.861+0100][2225,024s][854][934][info ] Leaving safepoint region
[2019-11-28T18:02:51.861+0100][2225,024s][854][934][info ] Total time for which application threads were stopped: 0,0001200 seconds, Stopping threads took: 0,0000343 seconds
[2019-11-28T18:02:52.861+0100][2226,024s][854][934][info ] Application time: 1,0000960 seconds
[2019-11-28T18:02:52.862+0100][2226,025s][854][934][info ] Entering safepoint region: Cleanup
[2019-11-28T18:02:52.862+0100][2226,025s][854][934][info ] Leaving safepoint region
[2019-11-28T18:02:52.862+0100][2226,025s][854][934][info ] Total time for which application threads were stopped: 0,0005080 seconds, Stopping threads took: 0,0001780 seconds
[2019-11-28T18:02:53.862+0100][2227,025s][854][934][info ] Application time: 1,0000994 seconds
[2019-11-28T18:02:53.862+0100][2227,025s][854][934][info ] Entering safepoint region: Cleanup
[2019-11-28T18:02:53.863+0100][2227,026s][854][934][info ] Leaving safepoint region
[2019-11-28T18:02:53.863+0100][2227,026s][854][934][info ] Total time for which application threads were stopped: 0,0003084 seconds, Stopping threads took: 0,0001011 seconds
[2019-11-28T18:02:54.863+0100][2228,026s][854][934][info ] Application time: 1,0001317 seconds
[2019-11-28T18:02:54.863+0100][2228,026s][854][934][info ] Entering safepoint region: Cleanup
[2019-11-28T18:02:54.863+0100][2228,026s][854][934][info ] Leaving safepoint region
[2019-11-28T18:02:54.863+0100][2228,026s][854][934][info ] Total time for which application threads were stopped: 0,0001758 seconds, Stopping threads took: 0,0000552 seconds
[2019-11-28T18:02:55.317+0100][2228,480s][854][933][trace] CMS: promo attempt is safe: available(3670073704) >= av_promo(33954128), max_promo(247579560)
[2019-11-28T18:02:55.863+0100][2229,026s][854][934][info ] Application time: 1,0000982 seconds
[2019-11-28T18:02:55.863+0100][2229,026s][854][934][info ] Entering safepoint region: Cleanup
[2019-11-28T18:02:55.864+0100][2229,027s][854][934][info ] Leaving safepoint region
[2019-11-28T18:02:55.864+0100][2229,027s][854][934][info ] Total time for which application threads were stopped: 0,0003651 seconds, Stopping threads took: 0,0000985 seconds
[2019-11-28T18:02:56.864+0100][2230,027s][854][934][info ] Application time: 1,0000916 seconds
[2019-11-28T18:02:56.864+0100][2230,027s][854][934][info ] Entering safepoint region: Cleanup
[2019-11-28T18:02:56.864+0100][2230,027s][854][934][info ] Leaving safepoint region
[2019-11-28T18:02:56.864+0100][2230,027s][854][934][info ] Total time for which application threads were stopped: 0,0001881 seconds, Stopping threads took: 0,0000553 seconds
[2019-11-28T18:02:57.864+0100][2231,027s][854][934][info ] Application time: 1,0000786 seconds
[2019-11-28T18:02:57.864+0100][2231,027s][854][934][info ] Entering safepoint region: Cleanup
[2019-11-28T18:02:57.864+0100][2231,027s][854][934][info ] Leaving safepoint region
[2019-11-28T18:02:57.865+0100][2231,027s][854][934][info ] Total time for which application threads were stopped: 0,0002323 seconds, Stopping threads took: 0,0000689 seconds
[2019-11-28T18:02:58.865+0100][2232,028s][854][934][info ] Application time: 1,0001069 seconds
[2019-11-28T18:02:58.865+0100][2232,028s][854][934][info ] Entering safepoint region: Cleanup
[2019-11-28T18:02:58.865+0100][2232,028s][854][934][info ] Leaving safepoint region
[2019-11-28T18:02:58.865+0100][2232,028s][854][934][info ] Total time for which application threads were stopped: 0,0004636 seconds, Stopping threads took: 0,0001263 seconds
[2019-11-28T18:02:59.866+0100][2233,028s][854][934][info ] Application time: 1,0001354 seconds
[2019-11-28T18:02:59.866+0100][2233,029s][854][934][info ] Entering safepoint region: Cleanup
[2019-11-28T18:02:59.866+0100][2233,029s][854][934][info ] Leaving safepoint region
[2019-11-28T18:02:59.866+0100][2233,029s][854][934][info ] Total time for which application threads were stopped: 0,0002336 seconds, Stopping threads took: 0,0000697 seconds
[2019-11-28T18:03:00.866+0100][2234,029s][854][934][info ] Application time: 1,0001143 seconds
[2019-11-28T18:03:00.866+0100][2234,029s][854][934][info ] Entering safepoint region: Cleanup
[2019-11-28T18:03:00.866+0100][2234,029s][854][934][info ] Leaving safepoint region
[2019-11-28T18:03:00.866+0100][2234,029s][854][934][info ] Total time for which application threads were stopped: 0,0003103 seconds, Stopping threads took: 0,0000997 seconds
[2019-11-28T18:03:01.867+0100][2235,030s][854][934][info ] Application time: 1,0001052 seconds
[2019-11-28T18:03:01.867+0100][2235,030s][854][934][info ] Entering safepoint region: Cleanup
[2019-11-28T18:03:01.867+0100][2235,030s][854][934][info ] Leaving safepoint region
[2019-11-28T18:03:01.867+0100][2235,030s][854][934][info ] Total time for which application threads were stopped: 0,0004969 seconds, Stopping threads took: 0,0001307 seconds
[2019-11-28T18:03:02.867+0100][2236,030s][854][934][info ] Application time: 1,0000902 seconds
[2019-11-28T18:03:02.868+0100][2236,031s][854][934][info ] Entering safepoint region: Cleanup
[2019-11-28T18:03:02.868+0100][2236,031s][854][934][info ] Leaving safepoint region
[2019-11-28T18:03:02.868+0100][2236,031s][854][934][info ] Total time for which application threads were stopped: 0,0002879 seconds, Stopping threads took: 0,0001204 seconds
[2019-11-28T18:03:03.868+0100][2237,031s][854][934][info ] Application time: 1,0001061 seconds
[2019-11-28T18:03:03.868+0100][2237,031s][854][934][info ] Entering safepoint region: Cleanup
[2019-11-28T18:03:03.868+0100][2237,031s][854][934][info ] Leaving safepoint region
[2019-11-28T18:03:03.868+0100][2237,031s][854][934][info ] Total time for which application threads were stopped: 0,0001314 seconds, Stopping threads took: 0,0000343 seconds
[2019-11-28T18:03:04.868+0100][2238,031s][854][934][info ] Application time: 1,0000832 seconds
[2019-11-28T18:03:04.868+0100][2238,031s][854][934][info ] Entering safepoint region: Cleanup
[2019-11-28T18:03:04.869+0100][2238,032s][854][934][info ] Leaving safepoint region
[2019-11-28T18:03:04.869+0100][2238,032s][854][934][info ] Total time for which application threads were stopped: 0,0002494 seconds, Stopping threads took: 0,0000570 seconds
[2019-11-28T18:03:05.317+0100][2238,480s][854][933][trace] CMS: promo attempt is safe: available(3670073704) >= av_promo(33954128), max_promo(250243432)
[2019-11-28T18:03:05.869+0100][2239,032s][854][934][info ] Application time: 1,0001341 seconds
[2019-11-28T18:03:05.869+0100][2239,032s][854][934][info ] Entering safepoint region: Cleanup
[2019-11-28T18:03:05.869+0100][2239,032s][854][934][info ] Leaving safepoint region
[2019-11-28T18:03:05.869+0100][2239,032s][854][934][info ] Total time for which application threads were stopped: 0,0002068 seconds, Stopping threads took: 0,0000545 seconds
[2019-11-28T18:03:06.869+0100][2240,032s][854][934][info ] Application time: 1,0000888 seconds
[2019-11-28T18:03:06.869+0100][2240,032s][854][934][info ] Entering safepoint region: Cleanup
[2019-11-28T18:03:06.870+0100][2240,033s][854][934][info ] Leaving safepoint region
[2019-11-28T18:03:06.870+0100][2240,033s][854][934][info ] Total time for which application threads were stopped: 0,0002485 seconds, Stopping threads took: 0,0000609 seconds
[2019-11-28T18:03:07.870+0100][2241,033s][854][934][info ] Application time: 1,0001319 seconds
[2019-11-28T18:03:07.870+0100][2241,033s][854][934][info ] Entering safepoint region: Cleanup
[2019-11-28T18:03:07.870+0100][2241,033s][854][934][info ] Leaving safepoint region
[2019-11-28T18:03:07.870+0100][2241,033s][854][934][info ] Total time for which application threads were stopped: 0,0002969 seconds, Stopping threads took: 0,0001053 seconds
[2019-11-28T18:03:08.870+0100][2242,033s][854][934][info ] Application time: 1,0000785 seconds
[2019-11-28T18:03:08.870+0100][2242,033s][854][934][info ] Entering safepoint region: Cleanup
[2019-11-28T18:03:08.871+0100][2242,034s][854][934][info ] Leaving safepoint region
[2019-11-28T18:03:08.871+0100][2242,034s][854][934][info ] Total time for which application threads were stopped: 0,0002141 seconds, Stopping threads took: 0,0000651 seconds
[2019-11-28T18:03:09.871+0100][2243,034s][854][934][info ] Application time: 1,0001113 seconds
[2019-11-28T18:03:09.871+0100][2243,034s][854][934][info ] Entering safepoint region: Cleanup
[2019-11-28T18:03:09.871+0100][2243,034s][854][934][info ] Leaving safepoint region
[2019-11-28T18:03:09.871+0100][2243,034s][854][934][info ] Total time for which application threads were stopped: 0,0001605 seconds, Stopping threads took: 0,0000368 seconds
[2019-11-28T18:03:10.871+0100][2244,034s][854][934][info ] Application time: 1,0001322 seconds
[2019-11-28T18:03:10.871+0100][2244,034s][854][934][info ] Entering safepoint region: Cleanup
[2019-11-28T18:03:10.872+0100][2244,035s][854][934][info ] Leaving safepoint region
[2019-11-28T18:03:10.872+0100][2244,035s][854][934][info ] Total time for which application threads were stopped: 0,0003030 seconds, Stopping threads took: 0,0000872 seconds
[2019-11-28T18:03:11.872+0100][2245,035s][854][934][info ] Application time: 1,0000910 seconds
[2019-11-28T18:03:11.872+0100][2245,035s][854][934][info ] Entering safepoint region: Cleanup
[2019-11-28T18:03:11.872+0100][2245,035s][854][934][info ] Leaving safepoint region
[2019-11-28T18:03:11.872+0100][2245,035s][854][934][info ] Total time for which application threads were stopped: 0,0002157 seconds, Stopping threads took: 0,0000663 seconds
[2019-11-28T18:03:12.872+0100][2246,035s][854][934][info ] Application time: 1,0000725 seconds
[2019-11-28T18:03:12.872+0100][2246,035s][854][934][info ] Entering safepoint region: Cleanup
[2019-11-28T18:03:12.872+0100][2246,035s][854][934][info ] Leaving safepoint region
[2019-11-28T18:03:12.872+0100][2246,035s][854][934][info ] Total time for which application threads were stopped: 0,0001461 seconds, Stopping threads took: 0,0000344 seconds
[2019-11-28T18:03:13.873+0100][2247,035s][854][934][info ] Application time: 1,0000836 seconds
[2019-11-28T18:03:13.873+0100][2247,036s][854][934][info ] Entering safepoint region: Cleanup
[2019-11-28T18:03:13.873+0100][2247,036s][854][934][info ] Leaving safepoint region
[2019-11-28T18:03:13.873+0100][2247,036s][854][934][info ] Total time for which application threads were stopped: 0,0002766 seconds, Stopping threads took: 0,0000839 seconds
[2019-11-28T18:03:14.873+0100][2248,036s][854][934][info ] Application time: 1,0000818 seconds
[2019-11-28T18:03:14.873+0100][2248,036s][854][934][info ] Entering safepoint region: Cleanup
[2019-11-28T18:03:14.873+0100][2248,036s][854][934][info ] Leaving safepoint region
[2019-11-28T18:03:14.873+0100][2248,036s][854][934][info ] Total time for which application threads were stopped: 0,0001518 seconds, Stopping threads took: 0,0000487 seconds
[2019-11-28T18:03:15.316+0100][2248,479s][854][933][trace] CMS: promo attempt is safe: available(3670073704) >= av_promo(33954128), max_promo(253659376)
[2019-11-28T18:03:15.873+0100][2249,036s][854][934][info ] Application time: 1,0001049 seconds
[2019-11-28T18:03:15.873+0100][2249,036s][854][934][info ] Entering safepoint region: Cleanup
[2019-11-28T18:03:15.874+0100][2249,037s][854][934][info ] Leaving safepoint region
[2019-11-28T18:03:15.874+0100][2249,037s][854][934][info ] Total time for which application threads were stopped: 0,0001685 seconds, Stopping threads took: 0,0000491 seconds
[2019-11-28T18:03:16.874+0100][2250,037s][854][934][info ] Application time: 1,0000786 seconds
[2019-11-28T18:03:16.874+0100][2250,037s][854][934][info ] Entering safepoint region: Cleanup
[2019-11-28T18:03:16.874+0100][2250,037s][854][934][info ] Leaving safepoint region
[2019-11-28T18:03:16.874+0100][2250,037s][854][934][info ] Total time for which application threads were stopped: 0,0001682 seconds, Stopping threads took: 0,0000393 seconds
[2019-11-28T18:03:17.874+0100][2251,037s][854][934][info ] Application time: 1,0001209 seconds
[2019-11-28T18:03:17.874+0100][2251,037s][854][934][info ] Entering safepoint region: Cleanup
[2019-11-28T18:03:17.874+0100][2251,037s][854][934][info ] Leaving safepoint region
[2019-11-28T18:03:17.874+0100][2251,037s][854][934][info ] Total time for which application threads were stopped: 0,0002324 seconds, Stopping threads took: 0,0000611 seconds
[2019-11-28T18:03:18.875+0100][2252,037s][854][934][info ] Application time: 1,0001034 seconds
[2019-11-28T18:03:18.875+0100][2252,038s][854][934][info ] Entering safepoint region: Cleanup
[2019-11-28T18:03:18.875+0100][2252,038s][854][934][info ] Leaving safepoint region
[2019-11-28T18:03:18.875+0100][2252,038s][854][934][info ] Total time for which application threads were stopped: 0,0001287 seconds, Stopping threads took: 0,0000295 seconds
[2019-11-28T18:03:19.875+0100][2253,038s][854][934][info ] Application time: 1,0000694 seconds
[2019-11-28T18:03:19.875+0100][2253,038s][854][934][info ] Entering safepoint region: Cleanup
[2019-11-28T18:03:19.875+0100][2253,038s][854][934][info ] Leaving safepoint region
[2019-11-28T18:03:19.875+0100][2253,038s][854][934][info ] Total time for which application threads were stopped: 0,0001350 seconds, Stopping threads took: 0,0000421 seconds
[2019-11-28T18:03:20.875+0100][2254,038s][854][934][info ] Application time: 1,0000743 seconds
[2019-11-28T18:03:20.875+0100][2254,038s][854][934][info ] Entering safepoint region: Cleanup
[2019-11-28T18:03:20.875+0100][2254,038s][854][934][info ] Leaving safepoint region
[2019-11-28T18:03:20.875+0100][2254,038s][854][934][info ] Total time for which application threads were stopped: 0,0001594 seconds, Stopping threads took: 0,0000376 seconds
[2019-11-28T18:03:21.875+0100][2255,038s][854][934][info ] Application time: 1,0000992 seconds
[2019-11-28T18:03:21.876+0100][2255,039s][854][934][info ] Entering safepoint region: Cleanup
[2019-11-28T18:03:21.876+0100][2255,039s][854][934][info ] Leaving safepoint region
[2019-11-28T18:03:21.876+0100][2255,039s][854][934][info ] Total time for which application threads were stopped: 0,0004344 seconds, Stopping threads took: 0,0001528 seconds
[2019-11-28T18:03:22.876+0100][2256,039s][854][934][info ] Application time: 1,0001140 seconds
[2019-11-28T18:03:22.876+0100][2256,039s][854][934][info ] Entering safepoint region: Cleanup
[2019-11-28T18:03:22.876+0100][2256,039s][854][934][info ] Leaving safepoint region
[2019-11-28T18:03:22.876+0100][2256,039s][854][934][info ] Total time for which application threads were stopped: 0,0001215 seconds, Stopping threads took: 0,0000364 seconds
[2019-11-28T18:03:23.876+0100][2257,039s][854][934][info ] Application time: 1,0000877 seconds
[2019-11-28T18:03:23.877+0100][2257,040s][854][934][info ] Entering safepoint region: Cleanup
[2019-11-28T18:03:23.877+0100][2257,040s][854][934][info ] Leaving safepoint region
[2019-11-28T18:03:23.877+0100][2257,040s][854][934][info ] Total time for which application threads were stopped: 0,0003907 seconds, Stopping threads took: 0,0000977 seconds
[2019-11-28T18:03:24.877+0100][2258,040s][854][934][info ] Application time: 1,0001470 seconds
[2019-11-28T18:03:24.877+0100][2258,040s][854][934][info ] Entering safepoint region: Cleanup
[2019-11-28T18:03:24.877+0100][2258,040s][854][934][info ] Leaving safepoint region
[2019-11-28T18:03:24.877+0100][2258,040s][854][934][info ] Total time for which application threads were stopped: 0,0002195 seconds, Stopping threads took: 0,0000687 seconds
[2019-11-28T18:03:25.316+0100][2258,479s][854][933][trace] CMS: promo attempt is safe: available(3670073704) >= av_promo(33954128), max_promo(256146176)
[2019-11-28T18:03:25.878+0100][2259,041s][854][934][info ] Application time: 1,0001253 seconds
[2019-11-28T18:03:25.878+0100][2259,041s][854][934][info ] Entering safepoint region: Cleanup
[2019-11-28T18:03:25.878+0100][2259,041s][854][934][info ] Leaving safepoint region
[2019-11-28T18:03:25.878+0100][2259,041s][854][934][info ] Total time for which application threads were stopped: 0,0001566 seconds, Stopping threads took: 0,0000393 seconds
[2019-11-28T18:03:26.878+0100][2260,041s][854][934][info ] Application time: 1,0000911 seconds
[2019-11-28T18:03:26.878+0100][2260,041s][854][934][info ] Entering safepoint region: Cleanup
[2019-11-28T18:03:26.878+0100][2260,041s][854][934][info ] Leaving safepoint region
[2019-11-28T18:03:26.878+0100][2260,041s][854][934][info ] Total time for which application threads were stopped: 0,0002590 seconds, Stopping threads took: 0,0000684 seconds
[2019-11-28T18:03:27.878+0100][2261,041s][854][934][info ] Application time: 1,0001074 seconds
[2019-11-28T18:03:27.879+0100][2261,041s][854][934][info ] Entering safepoint region: Cleanup
[2019-11-28T18:03:27.879+0100][2261,042s][854][934][info ] Leaving safepoint region
[2019-11-28T18:03:27.879+0100][2261,042s][854][934][info ] Total time for which application threads were stopped: 0,0001360 seconds, Stopping threads took: 0,0000344 seconds
[2019-11-28T18:03:28.879+0100][2262,042s][854][934][info ] Application time: 1,0000650 seconds
[2019-11-28T18:03:28.879+0100][2262,042s][854][934][info ] Entering safepoint region: Cleanup
[2019-11-28T18:03:28.879+0100][2262,042s][854][934][info ] Leaving safepoint region
[2019-11-28T18:03:28.879+0100][2262,042s][854][934][info ] Total time for which application threads were stopped: 0,0001222 seconds, Stopping threads took: 0,0000388 seconds
[2019-11-28T18:03:29.879+0100][2263,042s][854][934][info ] Application time: 1,0001231 seconds
[2019-11-28T18:03:29.879+0100][2263,042s][854][934][info ] Entering safepoint region: Cleanup
[2019-11-28T18:03:29.879+0100][2263,042s][854][934][info ] Leaving safepoint region
[2019-11-28T18:03:29.879+0100][2263,042s][854][934][info ] Total time for which application threads were stopped: 0,0003046 seconds, Stopping threads took: 0,0000917 seconds
[2019-11-28T18:03:30.880+0100][2264,043s][854][934][info ] Application time: 1,0000756 seconds
[2019-11-28T18:03:30.880+0100][2264,043s][854][934][info ] Entering safepoint region: Cleanup
[2019-11-28T18:03:30.880+0100][2264,043s][854][934][info ] Leaving safepoint region
[2019-11-28T18:03:30.880+0100][2264,043s][854][934][info ] Total time for which application threads were stopped: 0,0001641 seconds, Stopping threads took: 0,0000388 seconds
[2019-11-28T18:03:31.880+0100][2265,043s][854][934][info ] Application time: 1,0000820 seconds
[2019-11-28T18:03:31.880+0100][2265,043s][854][934][info ] Entering safepoint region: Cleanup
[2019-11-28T18:03:31.880+0100][2265,043s][854][934][info ] Leaving safepoint region
[2019-11-28T18:03:31.880+0100][2265,043s][854][934][info ] Total time for which application threads were stopped: 0,0001962 seconds, Stopping threads took: 0,0000436 seconds
[2019-11-28T18:03:32.880+0100][2266,043s][854][934][info ] Application time: 1,0000772 seconds
[2019-11-28T18:03:32.880+0100][2266,043s][854][934][info ] Entering safepoint region: Cleanup
[2019-11-28T18:03:32.881+0100][2266,044s][854][934][info ] Leaving safepoint region
[2019-11-28T18:03:32.881+0100][2266,044s][854][934][info ] Total time for which application threads were stopped: 0,0002509 seconds, Stopping threads took: 0,0000584 seconds
[2019-11-28T18:03:33.881+0100][2267,044s][854][934][info ] Application time: 1,0000748 seconds
[2019-11-28T18:03:33.881+0100][2267,044s][854][934][info ] Entering safepoint region: Cleanup
[2019-11-28T18:03:33.881+0100][2267,044s][854][934][info ] Leaving safepoint region
[2019-11-28T18:03:33.881+0100][2267,044s][854][934][info ] Total time for which application threads were stopped: 0,0001105 seconds, Stopping threads took: 0,0000347 seconds
[2019-11-28T18:03:34.881+0100][2268,044s][854][934][info ] Application time: 1,0000651 seconds
[2019-11-28T18:03:34.881+0100][2268,044s][854][934][info ] Entering safepoint region: Cleanup
[2019-11-28T18:03:34.881+0100][2268,044s][854][934][info ] Leaving safepoint region
[2019-11-28T18:03:34.881+0100][2268,044s][854][934][info ] Total time for which application threads were stopped: 0,0001093 seconds, Stopping threads took: 0,0000328 seconds
[2019-11-28T18:03:35.315+0100][2268,478s][854][933][trace] CMS: promo attempt is safe: available(3670073704) >= av_promo(33954128), max_promo(260620256)
[2019-11-28T18:03:35.884+0100][2269,047s][854][934][info ] Application time: 1,0023496 seconds
[2019-11-28T18:03:35.884+0100][2269,047s][854][934][info ] Entering safepoint region: Cleanup
[2019-11-28T18:03:35.884+0100][2269,047s][854][934][info ] Leaving safepoint region
[2019-11-28T18:03:35.884+0100][2269,047s][854][934][info ] Total time for which application threads were stopped: 0,0001303 seconds, Stopping threads took: 0,0000338 seconds
[2019-11-28T18:03:36.884+0100][2270,047s][854][934][info ] Application time: 1,0000733 seconds
[2019-11-28T18:03:36.884+0100][2270,047s][854][934][info ] Entering safepoint region: Cleanup
[2019-11-28T18:03:36.884+0100][2270,047s][854][934][info ] Leaving safepoint region
[2019-11-28T18:03:36.884+0100][2270,047s][854][934][info ] Total time for which application threads were stopped: 0,0001449 seconds, Stopping threads took: 0,0000486 seconds
[2019-11-28T18:03:37.884+0100][2271,047s][854][934][info ] Application time: 1,0000990 seconds
[2019-11-28T18:03:37.884+0100][2271,047s][854][934][info ] Entering safepoint region: Cleanup
[2019-11-28T18:03:37.884+0100][2271,047s][854][934][info ] Leaving safepoint region
[2019-11-28T18:03:37.884+0100][2271,047s][854][934][info ] Total time for which application threads were stopped: 0,0001085 seconds, Stopping threads took: 0,0000279 seconds
[2019-11-28T18:03:38.884+0100][2272,047s][854][934][info ] Application time: 1,0000914 seconds
[2019-11-28T18:03:38.885+0100][2272,048s][854][934][info ] Entering safepoint region: Cleanup
[2019-11-28T18:03:38.885+0100][2272,048s][854][934][info ] Leaving safepoint region
[2019-11-28T18:03:38.885+0100][2272,048s][854][934][info ] Total time for which application threads were stopped: 0,0001331 seconds, Stopping threads took: 0,0000369 seconds
[2019-11-28T18:03:39.885+0100][2273,048s][854][934][info ] Application time: 1,0001000 seconds
[2019-11-28T18:03:39.885+0100][2273,048s][854][934][info ] Entering safepoint region: Cleanup
[2019-11-28T18:03:39.885+0100][2273,048s][854][934][info ] Leaving safepoint region
[2019-11-28T18:03:39.885+0100][2273,048s][854][934][info ] Total time for which application threads were stopped: 0,0001359 seconds, Stopping threads took: 0,0000365 seconds
[2019-11-28T18:03:40.885+0100][2274,048s][854][934][info ] Application time: 1,0001100 seconds
[2019-11-28T18:03:40.885+0100][2274,048s][854][934][info ] Entering safepoint region: Cleanup
[2019-11-28T18:03:40.886+0100][2274,049s][854][934][info ] Leaving safepoint region
[2019-11-28T18:03:40.886+0100][2274,049s][854][934][info ] Total time for which application threads were stopped: 0,0005101 seconds, Stopping threads took: 0,0001392 seconds
[2019-11-28T18:03:41.886+0100][2275,049s][854][934][info ] Application time: 1,0001364 seconds
[2019-11-28T18:03:41.886+0100][2275,049s][854][934][info ] Entering safepoint region: Cleanup
[2019-11-28T18:03:41.887+0100][2275,049s][854][934][info ] Leaving safepoint region
[2019-11-28T18:03:41.887+0100][2275,050s][854][934][info ] Total time for which application threads were stopped: 0,0004496 seconds, Stopping threads took: 0,0001133 seconds
[2019-11-28T18:03:42.887+0100][2276,050s][854][934][info ] Application time: 1,0000964 seconds
[2019-11-28T18:03:42.887+0100][2276,050s][854][934][info ] Entering safepoint region: Cleanup
[2019-11-28T18:03:42.887+0100][2276,050s][854][934][info ] Leaving safepoint region
[2019-11-28T18:03:42.887+0100][2276,050s][854][934][info ] Total time for which application threads were stopped: 0,0001329 seconds, Stopping threads took: 0,0000314 seconds
[2019-11-28T18:03:43.887+0100][2277,050s][854][934][info ] Application time: 1,0000701 seconds
[2019-11-28T18:03:43.887+0100][2277,050s][854][934][info ] Entering safepoint region: Cleanup
[2019-11-28T18:03:43.887+0100][2277,050s][854][934][info ] Leaving safepoint region
[2019-11-28T18:03:43.887+0100][2277,050s][854][934][info ] Total time for which application threads were stopped: 0,0002667 seconds, Stopping threads took: 0,0000365 seconds
[2019-11-28T18:03:44.887+0100][2278,050s][854][934][info ] Application time: 1,0000817 seconds
[2019-11-28T18:03:44.888+0100][2278,051s][854][934][info ] Entering safepoint region: Cleanup
[2019-11-28T18:03:44.888+0100][2278,051s][854][934][info ] Leaving safepoint region
[2019-11-28T18:03:44.888+0100][2278,051s][854][934][info ] Total time for which application threads were stopped: 0,0001810 seconds, Stopping threads took: 0,0000384 seconds
[2019-11-28T18:03:45.315+0100][2278,478s][854][933][trace] CMS: promo attempt is safe: available(3670073704) >= av_promo(33954128), max_promo(263107056)
[2019-11-28T18:03:45.888+0100][2279,051s][854][934][info ] Application time: 1,0000686 seconds
[2019-11-28T18:03:45.888+0100][2279,051s][854][934][info ] Entering safepoint region: Cleanup
[2019-11-28T18:03:45.888+0100][2279,051s][854][934][info ] Leaving safepoint region
[2019-11-28T18:03:45.888+0100][2279,051s][854][934][info ] Total time for which application threads were stopped: 0,0001465 seconds, Stopping threads took: 0,0000463 seconds
[2019-11-28T18:03:46.888+0100][2280,051s][854][934][info ] Application time: 1,0000710 seconds
[2019-11-28T18:03:46.888+0100][2280,051s][854][934][info ] Entering safepoint region: Cleanup
[2019-11-28T18:03:46.888+0100][2280,051s][854][934][info ] Leaving safepoint region
[2019-11-28T18:03:46.888+0100][2280,051s][854][934][info ] Total time for which application threads were stopped: 0,0003223 seconds, Stopping threads took: 0,0000475 seconds
[2019-11-28T18:03:47.889+0100][2281,052s][854][934][info ] Application time: 1,0000833 seconds
[2019-11-28T18:03:47.889+0100][2281,052s][854][934][info ] Entering safepoint region: Cleanup
[2019-11-28T18:03:47.889+0100][2281,052s][854][934][info ] Leaving safepoint region
[2019-11-28T18:03:47.889+0100][2281,052s][854][934][info ] Total time for which application threads were stopped: 0,0001136 seconds, Stopping threads took: 0,0000275 seconds
[2019-11-28T18:03:48.890+0100][2282,053s][854][934][info ] Application time: 1,0011233 seconds
[2019-11-28T18:03:48.890+0100][2282,053s][854][934][info ] Entering safepoint region: Cleanup
[2019-11-28T18:03:48.891+0100][2282,054s][854][934][info ] Leaving safepoint region
[2019-11-28T18:03:48.891+0100][2282,054s][854][934][info ] Total time for which application threads were stopped: 0,0004570 seconds, Stopping threads took: 0,0001077 seconds
[2019-11-28T18:03:49.891+0100][2283,054s][854][934][info ] Application time: 1,0000935 seconds
[2019-11-28T18:03:49.891+0100][2283,054s][854][934][info ] Entering safepoint region: Cleanup
[2019-11-28T18:03:49.891+0100][2283,054s][854][934][info ] Leaving safepoint region
[2019-11-28T18:03:49.891+0100][2283,054s][854][934][info ] Total time for which application threads were stopped: 0,0001519 seconds, Stopping threads took: 0,0000380 seconds
[2019-11-28T18:03:50.891+0100][2284,054s][854][934][info ] Application time: 1,0000760 seconds
[2019-11-28T18:03:50.891+0100][2284,054s][854][934][info ] Entering safepoint region: Cleanup
[2019-11-28T18:03:50.891+0100][2284,054s][854][934][info ] Leaving safepoint region
[2019-11-28T18:03:50.891+0100][2284,054s][854][934][info ] Total time for which application threads were stopped: 0,0001532 seconds, Stopping threads took: 0,0000392 seconds
[2019-11-28T18:03:51.891+0100][2285,054s][854][934][info ] Application time: 1,0000802 seconds
[2019-11-28T18:03:51.891+0100][2285,054s][854][934][info ] Entering safepoint region: Cleanup
[2019-11-28T18:03:51.892+0100][2285,055s][854][934][info ] Leaving safepoint region
[2019-11-28T18:03:51.892+0100][2285,055s][854][934][info ] Total time for which application threads were stopped: 0,0001478 seconds, Stopping threads took: 0,0000357 seconds
[2019-11-28T18:03:52.892+0100][2286,055s][854][934][info ] Application time: 1,0000680 seconds
[2019-11-28T18:03:52.892+0100][2286,055s][854][934][info ] Entering safepoint region: Cleanup
[2019-11-28T18:03:52.892+0100][2286,055s][854][934][info ] Leaving safepoint region
[2019-11-28T18:03:52.892+0100][2286,055s][854][934][info ] Total time for which application threads were stopped: 0,0001023 seconds, Stopping threads took: 0,0000259 seconds
[2019-11-28T18:03:53.892+0100][2287,055s][854][934][info ] Application time: 1,0000977 seconds
[2019-11-28T18:03:53.892+0100][2287,055s][854][934][info ] Entering safepoint region: Cleanup
[2019-11-28T18:03:53.892+0100][2287,055s][854][934][info ] Leaving safepoint region
[2019-11-28T18:03:53.892+0100][2287,055s][854][934][info ] Total time for which application threads were stopped: 0,0001146 seconds, Stopping threads took: 0,0000297 seconds
[2019-11-28T18:03:54.892+0100][2288,055s][854][934][info ] Application time: 1,0000920 seconds
[2019-11-28T18:03:54.892+0100][2288,055s][854][934][info ] Entering safepoint region: Cleanup
[2019-11-28T18:03:54.892+0100][2288,055s][854][934][info ] Leaving safepoint region
[2019-11-28T18:03:54.892+0100][2288,055s][854][934][info ] Total time for which application threads were stopped: 0,0001355 seconds, Stopping threads took: 0,0000453 seconds
[2019-11-28T18:03:55.315+0100][2288,477s][854][933][trace] CMS: promo attempt is safe: available(3670073704) >= av_promo(33954128), max_promo(266523000)
[2019-11-28T18:03:55.893+0100][2289,055s][854][934][info ] Application time: 1,0000703 seconds
[2019-11-28T18:03:55.893+0100][2289,056s][854][934][info ] Entering safepoint region: Cleanup
[2019-11-28T18:03:55.893+0100][2289,056s][854][934][info ] Leaving safepoint region
[2019-11-28T18:03:55.893+0100][2289,056s][854][934][info ] Total time for which application threads were stopped: 0,0001304 seconds, Stopping threads took: 0,0000347 seconds
[2019-11-28T18:03:56.893+0100][2290,056s][854][934][info ] Application time: 1,0001079 seconds
[2019-11-28T18:03:56.893+0100][2290,056s][854][934][info ] Entering safepoint region: Cleanup
[2019-11-28T18:03:56.893+0100][2290,056s][854][934][info ] Leaving safepoint region
[2019-11-28T18:03:56.893+0100][2290,056s][854][934][info ] Total time for which application threads were stopped: 0,0001295 seconds, Stopping threads took: 0,0000355 seconds
[2019-11-28T18:03:57.893+0100][2291,056s][854][934][info ] Application time: 1,0000709 seconds
[2019-11-28T18:03:57.893+0100][2291,056s][854][934][info ] Entering safepoint region: Cleanup
[2019-11-28T18:03:57.893+0100][2291,056s][854][934][info ] Leaving safepoint region
[2019-11-28T18:03:57.893+0100][2291,056s][854][934][info ] Total time for which application threads were stopped: 0,0001324 seconds, Stopping threads took: 0,0000331 seconds
[2019-11-28T18:03:58.893+0100][2292,056s][854][934][info ] Application time: 1,0000761 seconds
[2019-11-28T18:03:58.893+0100][2292,056s][854][934][info ] Entering safepoint region: Cleanup
[2019-11-28T18:03:58.893+0100][2292,056s][854][934][info ] Leaving safepoint region
[2019-11-28T18:03:58.894+0100][2292,056s][854][934][info ] Total time for which application threads were stopped: 0,0001151 seconds, Stopping threads took: 0,0000255 seconds
[2019-11-28T18:03:59.894+0100][2293,057s][854][934][info ] Application time: 1,0000767 seconds
[2019-11-28T18:03:59.894+0100][2293,057s][854][934][info ] Entering safepoint region: Cleanup
[2019-11-28T18:03:59.894+0100][2293,057s][854][934][info ] Leaving safepoint region
[2019-11-28T18:03:59.894+0100][2293,057s][854][934][info ] Total time for which application threads were stopped: 0,0001511 seconds, Stopping threads took: 0,0000429 seconds
[2019-11-28T18:04:00.894+0100][2294,057s][854][934][info ] Application time: 1,0000768 seconds
[2019-11-28T18:04:00.894+0100][2294,057s][854][934][info ] Entering safepoint region: Cleanup
[2019-11-28T18:04:00.894+0100][2294,057s][854][934][info ] Leaving safepoint region
[2019-11-28T18:04:00.894+0100][2294,057s][854][934][info ] Total time for which application threads were stopped: 0,0001730 seconds, Stopping threads took: 0,0000534 seconds
[2019-11-28T18:04:01.895+0100][2295,058s][854][934][info ] Application time: 1,0001032 seconds
[2019-11-28T18:04:01.895+0100][2295,058s][854][934][info ] Entering safepoint region: Cleanup
[2019-11-28T18:04:01.895+0100][2295,058s][854][934][info ] Leaving safepoint region
[2019-11-28T18:04:01.895+0100][2295,058s][854][934][info ] Total time for which application threads were stopped: 0,0001194 seconds, Stopping threads took: 0,0000347 seconds
[2019-11-28T18:04:02.895+0100][2296,058s][854][934][info ] Application time: 1,0000701 seconds
[2019-11-28T18:04:02.895+0100][2296,058s][854][934][info ] Entering safepoint region: Cleanup
[2019-11-28T18:04:02.895+0100][2296,058s][854][934][info ] Leaving safepoint region
[2019-11-28T18:04:02.895+0100][2296,058s][854][934][info ] Total time for which application threads were stopped: 0,0001310 seconds, Stopping threads took: 0,0000314 seconds
[2019-11-28T18:04:03.895+0100][2297,058s][854][934][info ] Application time: 1,0000989 seconds
[2019-11-28T18:04:03.895+0100][2297,058s][854][934][info ] Entering safepoint region: Cleanup
[2019-11-28T18:04:03.895+0100][2297,058s][854][934][info ] Leaving safepoint region
[2019-11-28T18:04:03.895+0100][2297,058s][854][934][info ] Total time for which application threads were stopped: 0,0001090 seconds, Stopping threads took: 0,0000344 seconds
[2019-11-28T18:04:04.895+0100][2298,058s][854][934][info ] Application time: 1,0000722 seconds
[2019-11-28T18:04:04.895+0100][2298,058s][854][934][info ] Entering safepoint region: Cleanup
[2019-11-28T18:04:04.896+0100][2298,059s][854][934][info ] Leaving safepoint region
[2019-11-28T18:04:04.896+0100][2298,059s][854][934][info ] Total time for which application threads were stopped: 0,0002014 seconds, Stopping threads took: 0,0000340 seconds
[2019-11-28T18:04:05.314+0100][2298,477s][854][933][trace] CMS: promo attempt is safe: available(3670073704) >= av_promo(33954128), max_promo(269009800)
[2019-11-28T18:04:05.896+0100][2299,059s][854][934][info ] Application time: 1,0000962 seconds
[2019-11-28T18:04:05.896+0100][2299,059s][854][934][info ] Entering safepoint region: Cleanup
[2019-11-28T18:04:05.896+0100][2299,059s][854][934][info ] Leaving safepoint region
[2019-11-28T18:04:05.896+0100][2299,059s][854][934][info ] Total time for which application threads were stopped: 0,0002357 seconds, Stopping threads took: 0,0001334 seconds
[2019-11-28T18:04:06.896+0100][2300,059s][854][934][info ] Application time: 1,0000770 seconds
[2019-11-28T18:04:06.896+0100][2300,059s][854][934][info ] Entering safepoint region: Cleanup
[2019-11-28T18:04:06.896+0100][2300,059s][854][934][info ] Leaving safepoint region
[2019-11-28T18:04:06.896+0100][2300,059s][854][934][info ] Total time for which application threads were stopped: 0,0001288 seconds, Stopping threads took: 0,0000313 seconds
[2019-11-28T18:04:07.897+0100][2301,060s][854][934][info ] Application time: 1,0000751 seconds
[2019-11-28T18:04:07.897+0100][2301,060s][854][934][info ] Entering safepoint region: Cleanup
[2019-11-28T18:04:07.897+0100][2301,060s][854][934][info ] Leaving safepoint region
[2019-11-28T18:04:07.897+0100][2301,060s][854][934][info ] Total time for which application threads were stopped: 0,0001487 seconds, Stopping threads took: 0,0000453 seconds
[2019-11-28T18:04:08.897+0100][2302,060s][854][934][info ] Application time: 1,0000704 seconds
[2019-11-28T18:04:08.897+0100][2302,060s][854][934][info ] Entering safepoint region: Cleanup
[2019-11-28T18:04:08.897+0100][2302,060s][854][934][info ] Leaving safepoint region
[2019-11-28T18:04:08.897+0100][2302,060s][854][934][info ] Total time for which application threads were stopped: 0,0001422 seconds, Stopping threads took: 0,0000356 seconds
[2019-11-28T18:04:09.897+0100][2303,060s][854][934][info ] Application time: 1,0000674 seconds
[2019-11-28T18:04:09.897+0100][2303,060s][854][934][info ] Entering safepoint region: Cleanup
[2019-11-28T18:04:09.897+0100][2303,060s][854][934][info ] Leaving safepoint region
[2019-11-28T18:04:09.897+0100][2303,060s][854][934][info ] Total time for which application threads were stopped: 0,0001496 seconds, Stopping threads took: 0,0000358 seconds
[2019-11-28T18:04:10.897+0100][2304,060s][854][934][info ] Application time: 1,0000650 seconds
[2019-11-28T18:04:10.897+0100][2304,060s][854][934][info ] Entering safepoint region: Cleanup
[2019-11-28T18:04:10.898+0100][2304,061s][854][934][info ] Leaving safepoint region
[2019-11-28T18:04:10.898+0100][2304,061s][854][934][info ] Total time for which application threads were stopped: 0,0001079 seconds, Stopping threads took: 0,0000330 seconds
[2019-11-28T18:04:11.898+0100][2305,061s][854][934][info ] Application time: 1,0000996 seconds
[2019-11-28T18:04:11.898+0100][2305,061s][854][934][info ] Entering safepoint region: Cleanup
[2019-11-28T18:04:11.898+0100][2305,061s][854][934][info ] Leaving safepoint region
[2019-11-28T18:04:11.898+0100][2305,061s][854][934][info ] Total time for which application threads were stopped: 0,0001322 seconds, Stopping threads took: 0,0000370 seconds
[2019-11-28T18:04:12.898+0100][2306,061s][854][934][info ] Application time: 1,0000710 seconds
[2019-11-28T18:04:12.898+0100][2306,061s][854][934][info ] Entering safepoint region: Cleanup
[2019-11-28T18:04:12.898+0100][2306,061s][854][934][info ] Leaving safepoint region
[2019-11-28T18:04:12.898+0100][2306,061s][854][934][info ] Total time for which application threads were stopped: 0,0001470 seconds, Stopping threads took: 0,0000350 seconds
[2019-11-28T18:04:13.898+0100][2307,061s][854][934][info ] Application time: 1,0001001 seconds
[2019-11-28T18:04:13.898+0100][2307,061s][854][934][info ] Entering safepoint region: Cleanup
[2019-11-28T18:04:13.898+0100][2307,061s][854][934][info ] Leaving safepoint region
[2019-11-28T18:04:13.898+0100][2307,061s][854][934][info ] Total time for which application threads were stopped: 0,0001201 seconds, Stopping threads took: 0,0000275 seconds
[2019-11-28T18:04:14.899+0100][2308,062s][854][934][info ] Application time: 1,0000743 seconds
[2019-11-28T18:04:14.899+0100][2308,062s][854][934][info ] Entering safepoint region: Cleanup
[2019-11-28T18:04:14.899+0100][2308,062s][854][934][info ] Leaving safepoint region
[2019-11-28T18:04:14.899+0100][2308,062s][854][934][info ] Total time for which application threads were stopped: 0,0001369 seconds, Stopping threads took: 0,0000353 seconds
[2019-11-28T18:04:15.314+0100][2308,477s][854][933][trace] CMS: promo attempt is safe: available(3670073704) >= av_promo(33954128), max_promo(272425744)
[2019-11-28T18:04:15.899+0100][2309,062s][854][934][info ] Application time: 1,0000776 seconds
[2019-11-28T18:04:15.899+0100][2309,062s][854][934][info ] Entering safepoint region: Cleanup
[2019-11-28T18:04:15.899+0100][2309,062s][854][934][info ] Leaving safepoint region
[2019-11-28T18:04:15.899+0100][2309,062s][854][934][info ] Total time for which application threads were stopped: 0,0001456 seconds, Stopping threads took: 0,0000387 seconds
[2019-11-28T18:04:16.899+0100][2310,062s][854][934][info ] Application time: 1,0000747 seconds
[2019-11-28T18:04:16.899+0100][2310,062s][854][934][info ] Entering safepoint region: Cleanup
[2019-11-28T18:04:16.899+0100][2310,062s][854][934][info ] Leaving safepoint region
[2019-11-28T18:04:16.899+0100][2310,062s][854][934][info ] Total time for which application threads were stopped: 0,0001282 seconds, Stopping threads took: 0,0000342 seconds
[2019-11-28T18:04:17.899+0100][2311,062s][854][934][info ] Application time: 1,0001401 seconds
[2019-11-28T18:04:17.900+0100][2311,063s][854][934][info ] Entering safepoint region: Cleanup
[2019-11-28T18:04:17.900+0100][2311,063s][854][934][info ] Leaving safepoint region
[2019-11-28T18:04:17.900+0100][2311,063s][854][934][info ] Total time for which application threads were stopped: 0,0003584 seconds, Stopping threads took: 0,0001096 seconds
[2019-11-28T18:04:18.900+0100][2312,063s][854][934][info ] Application time: 1,0001104 seconds
[2019-11-28T18:04:18.900+0100][2312,063s][854][934][info ] Entering safepoint region: Cleanup
[2019-11-28T18:04:18.900+0100][2312,063s][854][934][info ] Leaving safepoint region
[2019-11-28T18:04:18.900+0100][2312,063s][854][934][info ] Total time for which application threads were stopped: 0,0001313 seconds, Stopping threads took: 0,0000349 seconds
[2019-11-28T18:04:19.901+0100][2313,063s][854][934][info ] Application time: 1,0000748 seconds
[2019-11-28T18:04:19.901+0100][2313,064s][854][934][info ] Entering safepoint region: Cleanup
[2019-11-28T18:04:19.901+0100][2313,064s][854][934][info ] Leaving safepoint region
[2019-11-28T18:04:19.901+0100][2313,064s][854][934][info ] Total time for which application threads were stopped: 0,0001388 seconds, Stopping threads took: 0,0000359 seconds
[2019-11-28T18:04:20.901+0100][2314,064s][854][934][info ] Application time: 1,0000692 seconds
[2019-11-28T18:04:20.901+0100][2314,064s][854][934][info ] Entering safepoint region: Cleanup
[2019-11-28T18:04:20.901+0100][2314,064s][854][934][info ] Leaving safepoint region
[2019-11-28T18:04:20.901+0100][2314,064s][854][934][info ] Total time for which application threads were stopped: 0,0001235 seconds, Stopping threads took: 0,0000300 seconds
[2019-11-28T18:04:21.901+0100][2315,064s][854][934][info ] Application time: 1,0000731 seconds
[2019-11-28T18:04:21.901+0100][2315,064s][854][934][info ] Entering safepoint region: Cleanup
[2019-11-28T18:04:21.901+0100][2315,064s][854][934][info ] Leaving safepoint region
[2019-11-28T18:04:21.901+0100][2315,064s][854][934][info ] Total time for which application threads were stopped: 0,0001418 seconds, Stopping threads took: 0,0000353 seconds
[2019-11-28T18:04:22.901+0100][2316,064s][854][934][info ] Application time: 1,0000901 seconds
[2019-11-28T18:04:22.902+0100][2316,065s][854][934][info ] Entering safepoint region: Cleanup
[2019-11-28T18:04:22.902+0100][2316,065s][854][934][info ] Leaving safepoint region
[2019-11-28T18:04:22.902+0100][2316,065s][854][934][info ] Total time for which application threads were stopped: 0,0001307 seconds, Stopping threads took: 0,0000328 seconds
[2019-11-28T18:04:23.902+0100][2317,065s][854][934][info ] Application time: 1,0001016 seconds
[2019-11-28T18:04:23.902+0100][2317,065s][854][934][info ] Entering safepoint region: Cleanup
[2019-11-28T18:04:23.902+0100][2317,065s][854][934][info ] Leaving safepoint region
[2019-11-28T18:04:23.902+0100][2317,065s][854][934][info ] Total time for which application threads were stopped: 0,0001396 seconds, Stopping threads took: 0,0000385 seconds
[2019-11-28T18:04:24.902+0100][2318,065s][854][934][info ] Application time: 1,0000700 seconds
[2019-11-28T18:04:24.902+0100][2318,065s][854][934][info ] Entering safepoint region: Cleanup
[2019-11-28T18:04:24.902+0100][2318,065s][854][934][info ] Leaving safepoint region
[2019-11-28T18:04:24.902+0100][2318,065s][854][934][info ] Total time for which application threads were stopped: 0,0001162 seconds, Stopping threads took: 0,0000277 seconds
[2019-11-28T18:04:25.313+0100][2318,476s][854][933][trace] CMS: promo attempt is safe: available(3670073704) >= av_promo(33954128), max_promo(275089264)
[2019-11-28T18:04:25.902+0100][2319,065s][854][934][info ] Application time: 1,0000685 seconds
[2019-11-28T18:04:25.902+0100][2319,065s][854][934][info ] Entering safepoint region: Cleanup
[2019-11-28T18:04:25.903+0100][2319,065s][854][934][info ] Leaving safepoint region
[2019-11-28T18:04:25.903+0100][2319,065s][854][934][info ] Total time for which application threads were stopped: 0,0001342 seconds, Stopping threads took: 0,0000339 seconds
[2019-11-28T18:04:26.903+0100][2320,066s][854][934][info ] Application time: 1,0000732 seconds
[2019-11-28T18:04:26.903+0100][2320,066s][854][934][info ] Entering safepoint region: Cleanup
[2019-11-28T18:04:26.903+0100][2320,066s][854][934][info ] Leaving safepoint region
[2019-11-28T18:04:26.903+0100][2320,066s][854][934][info ] Total time for which application threads were stopped: 0,0001363 seconds, Stopping threads took: 0,0000336 seconds
[2019-11-28T18:04:27.903+0100][2321,066s][854][934][info ] Application time: 1,0000673 seconds
[2019-11-28T18:04:27.903+0100][2321,066s][854][934][info ] Entering safepoint region: Cleanup
[2019-11-28T18:04:27.903+0100][2321,066s][854][934][info ] Leaving safepoint region
[2019-11-28T18:04:27.903+0100][2321,066s][854][934][info ] Total time for which application threads were stopped: 0,0001351 seconds, Stopping threads took: 0,0000330 seconds
[2019-11-28T18:04:28.903+0100][2322,066s][854][934][info ] Application time: 1,0000687 seconds
[2019-11-28T18:04:28.903+0100][2322,066s][854][934][info ] Entering safepoint region: Cleanup
[2019-11-28T18:04:28.903+0100][2322,066s][854][934][info ] Leaving safepoint region
[2019-11-28T18:04:28.903+0100][2322,066s][854][934][info ] Total time for which application threads were stopped: 0,0001286 seconds, Stopping threads took: 0,0000318 seconds
[2019-11-28T18:04:29.903+0100][2323,066s][854][934][info ] Application time: 1,0000679 seconds
[2019-11-28T18:04:29.904+0100][2323,066s][854][934][info ] Entering safepoint region: Cleanup
[2019-11-28T18:04:29.904+0100][2323,067s][854][934][info ] Leaving safepoint region
[2019-11-28T18:04:29.904+0100][2323,067s][854][934][info ] Total time for which application threads were stopped: 0,0001688 seconds, Stopping threads took: 0,0000343 seconds
[2019-11-28T18:04:30.904+0100][2324,067s][854][934][info ] Application time: 1,0001031 seconds
[2019-11-28T18:04:30.904+0100][2324,067s][854][934][info ] Entering safepoint region: Cleanup
[2019-11-28T18:04:30.904+0100][2324,067s][854][934][info ] Leaving safepoint region
[2019-11-28T18:04:30.904+0100][2324,067s][854][934][info ] Total time for which application threads were stopped: 0,0001091 seconds, Stopping threads took: 0,0000333 seconds
[2019-11-28T18:04:31.904+0100][2325,067s][854][934][info ] Application time: 1,0002196 seconds
[2019-11-28T18:04:31.904+0100][2325,067s][854][934][info ] Entering safepoint region: Cleanup
[2019-11-28T18:04:31.905+0100][2325,068s][854][934][info ] Leaving safepoint region
[2019-11-28T18:04:31.905+0100][2325,068s][854][934][info ] Total time for which application threads were stopped: 0,0004948 seconds, Stopping threads took: 0,0002164 seconds
[2019-11-28T18:04:32.905+0100][2326,068s][854][934][info ] Application time: 1,0000670 seconds
[2019-11-28T18:04:32.905+0100][2326,068s][854][934][info ] Entering safepoint region: Cleanup
[2019-11-28T18:04:32.905+0100][2326,068s][854][934][info ] Leaving safepoint region
[2019-11-28T18:04:32.905+0100][2326,068s][854][934][info ] Total time for which application threads were stopped: 0,0001708 seconds, Stopping threads took: 0,0000527 seconds
[2019-11-28T18:04:33.905+0100][2327,068s][854][934][info ] Application time: 1,0000801 seconds
[2019-11-28T18:04:33.905+0100][2327,068s][854][934][info ] Entering safepoint region: Cleanup
[2019-11-28T18:04:33.906+0100][2327,069s][854][934][info ] Leaving safepoint region
[2019-11-28T18:04:33.906+0100][2327,069s][854][934][info ] Total time for which application threads were stopped: 0,0001740 seconds, Stopping threads took: 0,0000508 seconds
[2019-11-28T18:04:34.906+0100][2328,069s][854][934][info ] Application time: 1,0000769 seconds
[2019-11-28T18:04:34.906+0100][2328,069s][854][934][info ] Entering safepoint region: Cleanup
[2019-11-28T18:04:34.906+0100][2328,069s][854][934][info ] Leaving safepoint region
[2019-11-28T18:04:34.906+0100][2328,069s][854][934][info ] Total time for which application threads were stopped: 0,0001576 seconds, Stopping threads took: 0,0000386 seconds
[2019-11-28T18:04:35.313+0100][2328,476s][854][933][trace] CMS: promo attempt is safe: available(3670073704) >= av_promo(33954128), max_promo(277576064)
[2019-11-28T18:04:35.906+0100][2329,069s][854][934][info ] Application time: 1,0000503 seconds
[2019-11-28T18:04:35.906+0100][2329,069s][854][934][info ] Entering safepoint region: Cleanup
[2019-11-28T18:04:35.906+0100][2329,069s][854][934][info ] Leaving safepoint region
[2019-11-28T18:04:35.906+0100][2329,069s][854][934][info ] Total time for which application threads were stopped: 0,0001110 seconds, Stopping threads took: 0,0000357 seconds
[2019-11-28T18:04:36.906+0100][2330,069s][854][934][info ] Application time: 1,0000880 seconds
[2019-11-28T18:04:36.906+0100][2330,069s][854][934][info ] Entering safepoint region: Cleanup
[2019-11-28T18:04:36.907+0100][2330,070s][854][934][info ] Leaving safepoint region
[2019-11-28T18:04:36.907+0100][2330,070s][854][934][info ] Total time for which application threads were stopped: 0,0003573 seconds, Stopping threads took: 0,0000882 seconds
[2019-11-28T18:04:37.907+0100][2331,070s][854][934][info ] Application time: 1,0000836 seconds
[2019-11-28T18:04:37.907+0100][2331,070s][854][934][info ] Entering safepoint region: Cleanup
[2019-11-28T18:04:37.907+0100][2331,070s][854][934][info ] Leaving safepoint region
[2019-11-28T18:04:37.907+0100][2331,070s][854][934][info ] Total time for which application threads were stopped: 0,0001327 seconds, Stopping threads took: 0,0000334 seconds
[2019-11-28T18:04:38.907+0100][2332,070s][854][934][info ] Application time: 1,0000678 seconds
[2019-11-28T18:04:38.907+0100][2332,070s][854][934][info ] Entering safepoint region: Cleanup
[2019-11-28T18:04:38.907+0100][2332,070s][854][934][info ] Leaving safepoint region
[2019-11-28T18:04:38.907+0100][2332,070s][854][934][info ] Total time for which application threads were stopped: 0,0001484 seconds, Stopping threads took: 0,0000306 seconds
[2019-11-28T18:04:39.907+0100][2333,070s][854][934][info ] Application time: 1,0000669 seconds
[2019-11-28T18:04:39.908+0100][2333,071s][854][934][info ] Entering safepoint region: Cleanup
[2019-11-28T18:04:39.908+0100][2333,071s][854][934][info ] Leaving safepoint region
[2019-11-28T18:04:39.908+0100][2333,071s][854][934][info ] Total time for which application threads were stopped: 0,0001681 seconds, Stopping threads took: 0,0000389 seconds
[2019-11-28T18:04:40.908+0100][2334,071s][854][934][info ] Application time: 1,0000667 seconds
[2019-11-28T18:04:40.908+0100][2334,071s][854][934][info ] Entering safepoint region: Cleanup
[2019-11-28T18:04:40.908+0100][2334,071s][854][934][info ] Leaving safepoint region
[2019-11-28T18:04:40.908+0100][2334,071s][854][934][info ] Total time for which application threads were stopped: 0,0001051 seconds, Stopping threads took: 0,0000278 seconds
[2019-11-28T18:04:41.908+0100][2335,071s][854][934][info ] Application time: 1,0000936 seconds
[2019-11-28T18:04:41.908+0100][2335,071s][854][934][info ] Entering safepoint region: Cleanup
[2019-11-28T18:04:41.909+0100][2335,072s][854][934][info ] Leaving safepoint region
[2019-11-28T18:04:41.909+0100][2335,072s][854][934][info ] Total time for which application threads were stopped: 0,0004105 seconds, Stopping threads took: 0,0001036 seconds
[2019-11-28T18:04:42.909+0100][2336,072s][854][934][info ] Application time: 1,0000778 seconds
[2019-11-28T18:04:42.909+0100][2336,072s][854][934][info ] Entering safepoint region: Cleanup
[2019-11-28T18:04:42.909+0100][2336,072s][854][934][info ] Leaving safepoint region
[2019-11-28T18:04:42.909+0100][2336,072s][854][934][info ] Total time for which application threads were stopped: 0,0001231 seconds, Stopping threads took: 0,0000275 seconds
[2019-11-28T18:04:43.909+0100][2337,072s][854][934][info ] Application time: 1,0000672 seconds
[2019-11-28T18:04:43.909+0100][2337,072s][854][934][info ] Entering safepoint region: Cleanup
[2019-11-28T18:04:43.909+0100][2337,072s][854][934][info ] Leaving safepoint region
[2019-11-28T18:04:43.909+0100][2337,072s][854][934][info ] Total time for which application threads were stopped: 0,0001413 seconds, Stopping threads took: 0,0000337 seconds
[2019-11-28T18:04:44.909+0100][2338,072s][854][934][info ] Application time: 1,0000653 seconds
[2019-11-28T18:04:44.909+0100][2338,072s][854][934][info ] Entering safepoint region: Cleanup
[2019-11-28T18:04:44.909+0100][2338,072s][854][934][info ] Leaving safepoint region
[2019-11-28T18:04:44.909+0100][2338,072s][854][934][info ] Total time for which application threads were stopped: 0,0001285 seconds, Stopping threads took: 0,0000316 seconds
[2019-11-28T18:04:45.313+0100][2338,476s][854][933][trace] CMS: promo attempt is safe: available(3670073704) >= av_promo(33954128), max_promo(282050144)
[2019-11-28T18:04:45.910+0100][2339,073s][854][934][info ] Application time: 1,0000683 seconds
[2019-11-28T18:04:45.910+0100][2339,073s][854][934][info ] Entering safepoint region: Cleanup
[2019-11-28T18:04:45.910+0100][2339,073s][854][934][info ] Leaving safepoint region
[2019-11-28T18:04:45.910+0100][2339,073s][854][934][info ] Total time for which application threads were stopped: 0,0001474 seconds, Stopping threads took: 0,0000404 seconds
[2019-11-28T18:04:46.910+0100][2340,073s][854][934][info ] Application time: 1,0000653 seconds
[2019-11-28T18:04:46.910+0100][2340,073s][854][934][info ] Entering safepoint region: Cleanup
[2019-11-28T18:04:46.910+0100][2340,073s][854][934][info ] Leaving safepoint region
[2019-11-28T18:04:46.910+0100][2340,073s][854][934][info ] Total time for which application threads were stopped: 0,0001128 seconds, Stopping threads took: 0,0000259 seconds
[2019-11-28T18:04:47.910+0100][2341,073s][854][934][info ] Application time: 1,0001010 seconds
[2019-11-28T18:04:47.910+0100][2341,073s][854][934][info ] Entering safepoint region: Cleanup
[2019-11-28T18:04:47.910+0100][2341,073s][854][934][info ] Leaving safepoint region
[2019-11-28T18:04:47.910+0100][2341,073s][854][934][info ] Total time for which application threads were stopped: 0,0001786 seconds, Stopping threads took: 0,0000651 seconds
[2019-11-28T18:04:48.910+0100][2342,073s][854][934][info ] Application time: 1,0000713 seconds
[2019-11-28T18:04:48.911+0100][2342,073s][854][934][info ] Entering safepoint region: Cleanup
[2019-11-28T18:04:48.911+0100][2342,074s][854][934][info ] Leaving safepoint region
[2019-11-28T18:04:48.911+0100][2342,074s][854][934][info ] Total time for which application threads were stopped: 0,0001138 seconds, Stopping threads took: 0,0000340 seconds
[2019-11-28T18:04:49.911+0100][2343,074s][854][934][info ] Application time: 1,0000989 seconds
[2019-11-28T18:04:49.911+0100][2343,074s][854][934][info ] Entering safepoint region: Cleanup
[2019-11-28T18:04:49.911+0100][2343,074s][854][934][info ] Leaving safepoint region
[2019-11-28T18:04:49.911+0100][2343,074s][854][934][info ] Total time for which application threads were stopped: 0,0001142 seconds, Stopping threads took: 0,0000383 seconds
[2019-11-28T18:04:50.911+0100][2344,074s][854][934][info ] Application time: 1,0000787 seconds
[2019-11-28T18:04:50.911+0100][2344,074s][854][934][info ] Entering safepoint region: Cleanup
[2019-11-28T18:04:50.911+0100][2344,074s][854][934][info ] Leaving safepoint region
[2019-11-28T18:04:50.911+0100][2344,074s][854][934][info ] Total time for which application threads were stopped: 0,0001574 seconds, Stopping threads took: 0,0000377 seconds
[2019-11-28T18:04:51.911+0100][2345,074s][854][934][info ] Application time: 1,0000712 seconds
[2019-11-28T18:04:51.911+0100][2345,074s][854][934][info ] Entering safepoint region: Cleanup
[2019-11-28T18:04:51.912+0100][2345,074s][854][934][info ] Leaving safepoint region
[2019-11-28T18:04:51.912+0100][2345,074s][854][934][info ] Total time for which application threads were stopped: 0,0001518 seconds, Stopping threads took: 0,0000336 seconds
[2019-11-28T18:04:52.912+0100][2346,075s][854][934][info ] Application time: 1,0001031 seconds
[2019-11-28T18:04:52.912+0100][2346,075s][854][934][info ] Entering safepoint region: Cleanup
[2019-11-28T18:04:52.912+0100][2346,075s][854][934][info ] Leaving safepoint region
[2019-11-28T18:04:52.912+0100][2346,075s][854][934][info ] Total time for which application threads were stopped: 0,0001570 seconds, Stopping threads took: 0,0000360 seconds
[2019-11-28T18:04:53.912+0100][2347,075s][854][934][info ] Application time: 1,0000742 seconds
[2019-11-28T18:04:53.912+0100][2347,075s][854][934][info ] Entering safepoint region: Cleanup
[2019-11-28T18:04:53.912+0100][2347,075s][854][934][info ] Leaving safepoint region
[2019-11-28T18:04:53.912+0100][2347,075s][854][934][info ] Total time for which application threads were stopped: 0,0001413 seconds, Stopping threads took: 0,0000432 seconds
[2019-11-28T18:04:54.912+0100][2348,075s][854][934][info ] Application time: 1,0000847 seconds
[2019-11-28T18:04:54.912+0100][2348,075s][854][934][info ] Entering safepoint region: Cleanup
[2019-11-28T18:04:54.913+0100][2348,076s][854][934][info ] Leaving safepoint region
[2019-11-28T18:04:54.913+0100][2348,076s][854][934][info ] Total time for which application threads were stopped: 0,0005631 seconds, Stopping threads took: 0,0000391 seconds
[2019-11-28T18:04:55.312+0100][2348,475s][854][933][trace] CMS: promo attempt is safe: available(3670073704) >= av_promo(33954128), max_promo(284657168)
[2019-11-28T18:04:55.913+0100][2349,076s][854][934][info ] Application time: 1,0001826 seconds
[2019-11-28T18:04:55.913+0100][2349,076s][854][934][info ] Entering safepoint region: Cleanup
[2019-11-28T18:04:55.913+0100][2349,076s][854][934][info ] Leaving safepoint region
[2019-11-28T18:04:55.913+0100][2349,076s][854][934][info ] Total time for which application threads were stopped: 0,0001355 seconds, Stopping threads took: 0,0000341 seconds
[2019-11-28T18:04:56.914+0100][2350,076s][854][934][info ] Application time: 1,0000955 seconds
[2019-11-28T18:04:56.914+0100][2350,077s][854][934][info ] Entering safepoint region: Cleanup
[2019-11-28T18:04:56.914+0100][2350,077s][854][934][info ] Leaving safepoint region
[2019-11-28T18:04:56.914+0100][2350,077s][854][934][info ] Total time for which application threads were stopped: 0,0003387 seconds, Stopping threads took: 0,0001013 seconds
[2019-11-28T18:04:57.914+0100][2351,077s][854][934][info ] Application time: 1,0001312 seconds
[2019-11-28T18:04:57.914+0100][2351,077s][854][934][info ] Entering safepoint region: Cleanup
[2019-11-28T18:04:57.915+0100][2351,078s][854][934][info ] Leaving safepoint region
[2019-11-28T18:04:57.915+0100][2351,078s][854][934][info ] Total time for which application threads were stopped: 0,0004899 seconds, Stopping threads took: 0,0001286 seconds
[2019-11-28T18:04:58.915+0100][2352,078s][854][934][info ] Application time: 1,0001075 seconds
[2019-11-28T18:04:58.915+0100][2352,078s][854][934][info ] Entering safepoint region: Cleanup
[2019-11-28T18:04:58.915+0100][2352,078s][854][934][info ] Leaving safepoint region
[2019-11-28T18:04:58.915+0100][2352,078s][854][934][info ] Total time for which application threads were stopped: 0,0001385 seconds, Stopping threads took: 0,0000349 seconds
[2019-11-28T18:04:59.915+0100][2353,078s][854][934][info ] Application time: 1,0000710 seconds
[2019-11-28T18:04:59.915+0100][2353,078s][854][934][info ] Entering safepoint region: Cleanup
[2019-11-28T18:04:59.915+0100][2353,078s][854][934][info ] Leaving safepoint region
[2019-11-28T18:04:59.915+0100][2353,078s][854][934][info ] Total time for which application threads were stopped: 0,0001123 seconds, Stopping threads took: 0,0000380 seconds
[2019-11-28T18:05:00.915+0100][2354,078s][854][934][info ] Application time: 1,0000730 seconds
[2019-11-28T18:05:00.916+0100][2354,079s][854][934][info ] Entering safepoint region: Cleanup
[2019-11-28T18:05:00.916+0100][2354,079s][854][934][info ] Leaving safepoint region
[2019-11-28T18:05:00.916+0100][2354,079s][854][934][info ] Total time for which application threads were stopped: 0,0001732 seconds, Stopping threads took: 0,0000335 seconds
[2019-11-28T18:05:01.917+0100][2355,080s][854][934][info ] Application time: 1,0008233 seconds
[2019-11-28T18:05:01.917+0100][2355,080s][854][934][info ] Entering safepoint region: Cleanup
[2019-11-28T18:05:01.917+0100][2355,080s][854][934][info ] Leaving safepoint region
[2019-11-28T18:05:01.917+0100][2355,080s][854][934][info ] Total time for which application threads were stopped: 0,0005756 seconds, Stopping threads took: 0,0001531 seconds
[2019-11-28T18:05:02.918+0100][2356,080s][854][934][info ] Application time: 1,0000916 seconds
[2019-11-28T18:05:02.918+0100][2356,081s][854][934][info ] Entering safepoint region: Cleanup
[2019-11-28T18:05:02.918+0100][2356,081s][854][934][info ] Leaving safepoint region
[2019-11-28T18:05:02.918+0100][2356,081s][854][934][info ] Total time for which application threads were stopped: 0,0001936 seconds, Stopping threads took: 0,0000592 seconds
[2019-11-28T18:05:03.918+0100][2357,081s][854][934][info ] Application time: 1,0001719 seconds
[2019-11-28T18:05:03.918+0100][2357,081s][854][934][info ] Entering safepoint region: Cleanup
[2019-11-28T18:05:03.919+0100][2357,082s][854][934][info ] Leaving safepoint region
[2019-11-28T18:05:03.919+0100][2357,082s][854][934][info ] Total time for which application threads were stopped: 0,0008261 seconds, Stopping threads took: 0,0002250 seconds
[2019-11-28T18:05:04.919+0100][2358,082s][854][934][info ] Application time: 1,0001033 seconds
[2019-11-28T18:05:04.919+0100][2358,082s][854][934][info ] Entering safepoint region: Cleanup
[2019-11-28T18:05:04.920+0100][2358,082s][854][934][info ] Leaving safepoint region
[2019-11-28T18:05:04.920+0100][2358,082s][854][934][info ] Total time for which application threads were stopped: 0,0001191 seconds, Stopping threads took: 0,0000345 seconds
[2019-11-28T18:05:05.312+0100][2358,475s][854][933][trace] CMS: promo attempt is safe: available(3670073704) >= av_promo(33954128), max_promo(288073112)
[2019-11-28T18:05:05.920+0100][2359,083s][854][934][info ] Application time: 1,0000861 seconds
[2019-11-28T18:05:05.920+0100][2359,083s][854][934][info ] Entering safepoint region: Cleanup
[2019-11-28T18:05:05.920+0100][2359,083s][854][934][info ] Leaving safepoint region
[2019-11-28T18:05:05.920+0100][2359,083s][854][934][info ] Total time for which application threads were stopped: 0,0002914 seconds, Stopping threads took: 0,0000706 seconds
[2019-11-28T18:05:06.920+0100][2360,083s][854][934][info ] Application time: 1,0001342 seconds
[2019-11-28T18:05:06.920+0100][2360,083s][854][934][info ] Entering safepoint region: Cleanup
[2019-11-28T18:05:06.920+0100][2360,083s][854][934][info ] Leaving safepoint region
[2019-11-28T18:05:06.920+0100][2360,083s][854][934][info ] Total time for which application threads were stopped: 0,0002027 seconds, Stopping threads took: 0,0000524 seconds
[2019-11-28T18:05:07.921+0100][2361,084s][854][934][info ] Application time: 1,0001015 seconds
[2019-11-28T18:05:07.921+0100][2361,084s][854][934][info ] Entering safepoint region: Cleanup
[2019-11-28T18:05:07.921+0100][2361,084s][854][934][info ] Leaving safepoint region
[2019-11-28T18:05:07.921+0100][2361,084s][854][934][info ] Total time for which application threads were stopped: 0,0002312 seconds, Stopping threads took: 0,0000686 seconds
[2019-11-28T18:05:08.921+0100][2362,084s][854][934][info ] Application time: 1,0001274 seconds
[2019-11-28T18:05:08.921+0100][2362,084s][854][934][info ] Entering safepoint region: Cleanup
[2019-11-28T18:05:08.921+0100][2362,084s][854][934][info ] Leaving safepoint region
[2019-11-28T18:05:08.921+0100][2362,084s][854][934][info ] Total time for which application threads were stopped: 0,0002543 seconds, Stopping threads took: 0,0000603 seconds
[2019-11-28T18:05:09.922+0100][2363,085s][854][934][info ] Application time: 1,0000743 seconds
[2019-11-28T18:05:09.922+0100][2363,085s][854][934][info ] Entering safepoint region: Cleanup
[2019-11-28T18:05:09.922+0100][2363,085s][854][934][info ] Leaving safepoint region
[2019-11-28T18:05:09.922+0100][2363,085s][854][934][info ] Total time for which application threads were stopped: 0,0001276 seconds, Stopping threads took: 0,0000333 seconds
[2019-11-28T18:05:10.922+0100][2364,085s][854][934][info ] Application time: 1,0000738 seconds
[2019-11-28T18:05:10.922+0100][2364,085s][854][934][info ] Entering safepoint region: Cleanup
[2019-11-28T18:05:10.922+0100][2364,085s][854][934][info ] Leaving safepoint region
[2019-11-28T18:05:10.922+0100][2364,085s][854][934][info ] Total time for which application threads were stopped: 0,0002163 seconds, Stopping threads took: 0,0000602 seconds
[2019-11-28T18:05:11.922+0100][2365,085s][854][934][info ] Application time: 1,0000514 seconds
[2019-11-28T18:05:11.922+0100][2365,085s][854][934][info ] Entering safepoint region: Cleanup
[2019-11-28T18:05:11.922+0100][2365,085s][854][934][info ] Leaving safepoint region
[2019-11-28T18:05:11.922+0100][2365,085s][854][934][info ] Total time for which application threads were stopped: 0,0001674 seconds, Stopping threads took: 0,0000511 seconds
[2019-11-28T18:05:12.923+0100][2366,086s][854][934][info ] Application time: 1,0000770 seconds
[2019-11-28T18:05:12.923+0100][2366,086s][854][934][info ] Entering safepoint region: Cleanup
[2019-11-28T18:05:12.923+0100][2366,086s][854][934][info ] Leaving safepoint region
[2019-11-28T18:05:12.923+0100][2366,086s][854][934][info ] Total time for which application threads were stopped: 0,0001826 seconds, Stopping threads took: 0,0000564 seconds
[2019-11-28T18:05:13.923+0100][2367,086s][854][934][info ] Application time: 1,0000965 seconds
[2019-11-28T18:05:13.923+0100][2367,086s][854][934][info ] Entering safepoint region: Cleanup
[2019-11-28T18:05:13.923+0100][2367,086s][854][934][info ] Leaving safepoint region
[2019-11-28T18:05:13.923+0100][2367,086s][854][934][info ] Total time for which application threads were stopped: 0,0003164 seconds, Stopping threads took: 0,0000823 seconds
[2019-11-28T18:05:14.924+0100][2368,087s][854][934][info ] Application time: 1,0001845 seconds
[2019-11-28T18:05:14.924+0100][2368,087s][854][934][info ] Entering safepoint region: Cleanup
[2019-11-28T18:05:14.924+0100][2368,087s][854][934][info ] Leaving safepoint region
[2019-11-28T18:05:14.924+0100][2368,087s][854][934][info ] Total time for which application threads were stopped: 0,0001619 seconds, Stopping threads took: 0,0000476 seconds
[2019-11-28T18:05:15.311+0100][2368,474s][854][933][trace] CMS: promo attempt is safe: available(3670073704) >= av_promo(33954128), max_promo(290808472)
[2019-11-28T18:05:15.924+0100][2369,087s][854][934][info ] Application time: 1,0000716 seconds
[2019-11-28T18:05:15.924+0100][2369,087s][854][934][info ] Entering safepoint region: Cleanup
[2019-11-28T18:05:15.924+0100][2369,087s][854][934][info ] Leaving safepoint region
[2019-11-28T18:05:15.924+0100][2369,087s][854][934][info ] Total time for which application threads were stopped: 0,0001405 seconds, Stopping threads took: 0,0000344 seconds
[2019-11-28T18:05:16.924+0100][2370,087s][854][934][info ] Application time: 1,0000977 seconds
[2019-11-28T18:05:16.924+0100][2370,087s][854][934][info ] Entering safepoint region: Cleanup
[2019-11-28T18:05:16.925+0100][2370,088s][854][934][info ] Leaving safepoint region
[2019-11-28T18:05:16.925+0100][2370,088s][854][934][info ] Total time for which application threads were stopped: 0,0002763 seconds, Stopping threads took: 0,0000685 seconds
[2019-11-28T18:05:17.925+0100][2371,088s][854][934][info ] Application time: 1,0000753 seconds
[2019-11-28T18:05:17.925+0100][2371,088s][854][934][info ] Entering safepoint region: Cleanup
[2019-11-28T18:05:17.925+0100][2371,088s][854][934][info ] Leaving safepoint region
[2019-11-28T18:05:17.925+0100][2371,088s][854][934][info ] Total time for which application threads were stopped: 0,0001368 seconds, Stopping threads took: 0,0000348 seconds
[2019-11-28T18:05:18.925+0100][2372,088s][854][934][info ] Application time: 1,0000978 seconds
[2019-11-28T18:05:18.925+0100][2372,088s][854][934][info ] Entering safepoint region: Cleanup
[2019-11-28T18:05:18.925+0100][2372,088s][854][934][info ] Leaving safepoint region
[2019-11-28T18:05:18.925+0100][2372,088s][854][934][info ] Total time for which application threads were stopped: 0,0001316 seconds, Stopping threads took: 0,0000469 seconds
[2019-11-28T18:05:19.925+0100][2373,088s][854][934][info ] Application time: 1,0000781 seconds
[2019-11-28T18:05:19.925+0100][2373,088s][854][934][info ] Entering safepoint region: Cleanup
[2019-11-28T18:05:19.926+0100][2373,089s][854][934][info ] Leaving safepoint region
[2019-11-28T18:05:19.926+0100][2373,089s][854][934][info ] Total time for which application threads were stopped: 0,0002382 seconds, Stopping threads took: 0,0000691 seconds
[2019-11-28T18:05:20.926+0100][2374,089s][854][934][info ] Application time: 1,0001291 seconds
[2019-11-28T18:05:20.926+0100][2374,089s][854][934][info ] Entering safepoint region: Cleanup
[2019-11-28T18:05:20.926+0100][2374,089s][854][934][info ] Leaving safepoint region
[2019-11-28T18:05:20.926+0100][2374,089s][854][934][info ] Total time for which application threads were stopped: 0,0002102 seconds, Stopping threads took: 0,0000513 seconds
[2019-11-28T18:05:21.926+0100][2375,089s][854][934][info ] Application time: 1,0000761 seconds
[2019-11-28T18:05:21.926+0100][2375,089s][854][934][info ] Entering safepoint region: Cleanup
[2019-11-28T18:05:21.926+0100][2375,089s][854][934][info ] Leaving safepoint region
[2019-11-28T18:05:21.926+0100][2375,089s][854][934][info ] Total time for which application threads were stopped: 0,0001360 seconds, Stopping threads took: 0,0000332 seconds
[2019-11-28T18:05:22.927+0100][2376,090s][854][934][info ] Application time: 1,0000793 seconds
[2019-11-28T18:05:22.927+0100][2376,090s][854][934][info ] Entering safepoint region: Cleanup
[2019-11-28T18:05:22.927+0100][2376,090s][854][934][info ] Leaving safepoint region
[2019-11-28T18:05:22.927+0100][2376,090s][854][934][info ] Total time for which application threads were stopped: 0,0002169 seconds, Stopping threads took: 0,0000670 seconds
[2019-11-28T18:05:23.927+0100][2377,090s][854][934][info ] Application time: 1,0001007 seconds
[2019-11-28T18:05:23.927+0100][2377,090s][854][934][info ] Entering safepoint region: Cleanup
[2019-11-28T18:05:23.928+0100][2377,091s][854][934][info ] Leaving safepoint region
[2019-11-28T18:05:23.928+0100][2377,091s][854][934][info ] Total time for which application threads were stopped: 0,0005951 seconds, Stopping threads took: 0,0001503 seconds
[2019-11-28T18:05:24.928+0100][2378,091s][854][934][info ] Application time: 1,0001117 seconds
[2019-11-28T18:05:24.928+0100][2378,091s][854][934][info ] Entering safepoint region: Cleanup
[2019-11-28T18:05:24.928+0100][2378,091s][854][934][info ] Leaving safepoint region
[2019-11-28T18:05:24.928+0100][2378,091s][854][934][info ] Total time for which application threads were stopped: 0,0002354 seconds, Stopping threads took: 0,0000557 seconds
[2019-11-28T18:05:25.310+0100][2378,473s][854][933][trace] CMS: promo attempt is safe: available(3670073704) >= av_promo(33954128), max_promo(294223128)
[2019-11-28T18:05:25.928+0100][2379,091s][854][934][info ] Application time: 1,0000684 seconds
[2019-11-28T18:05:25.929+0100][2379,092s][854][934][info ] Entering safepoint region: Cleanup
[2019-11-28T18:05:25.929+0100][2379,092s][854][934][info ] Leaving safepoint region
[2019-11-28T18:05:25.929+0100][2379,092s][854][934][info ] Total time for which application threads were stopped: 0,0001315 seconds, Stopping threads took: 0,0000373 seconds
[2019-11-28T18:05:26.929+0100][2380,092s][854][934][info ] Application time: 1,0001010 seconds
[2019-11-28T18:05:26.929+0100][2380,092s][854][934][info ] Entering safepoint region: Cleanup
[2019-11-28T18:05:26.929+0100][2380,092s][854][934][info ] Leaving safepoint region
[2019-11-28T18:05:26.929+0100][2380,092s][854][934][info ] Total time for which application threads were stopped: 0,0001334 seconds, Stopping threads took: 0,0000398 seconds
[2019-11-28T18:05:27.929+0100][2381,092s][854][934][info ] Application time: 1,0000681 seconds
[2019-11-28T18:05:27.929+0100][2381,092s][854][934][info ] Entering safepoint region: Cleanup
[2019-11-28T18:05:27.929+0100][2381,092s][854][934][info ] Leaving safepoint region
[2019-11-28T18:05:27.929+0100][2381,092s][854][934][info ] Total time for which application threads were stopped: 0,0001155 seconds, Stopping threads took: 0,0000251 seconds
[2019-11-28T18:05:28.929+0100][2382,092s][854][934][info ] Application time: 1,0001163 seconds
[2019-11-28T18:05:28.929+0100][2382,092s][854][934][info ] Entering safepoint region: Cleanup
[2019-11-28T18:05:28.930+0100][2382,093s][854][934][info ] Leaving safepoint region
[2019-11-28T18:05:28.930+0100][2382,093s][854][934][info ] Total time for which application threads were stopped: 0,0002476 seconds, Stopping threads took: 0,0000701 seconds
[2019-11-28T18:05:29.930+0100][2383,093s][854][934][info ] Application time: 1,0000751 seconds
[2019-11-28T18:05:29.930+0100][2383,093s][854][934][info ] Entering safepoint region: Cleanup
[2019-11-28T18:05:29.930+0100][2383,093s][854][934][info ] Leaving safepoint region
[2019-11-28T18:05:29.930+0100][2383,093s][854][934][info ] Total time for which application threads were stopped: 0,0002300 seconds, Stopping threads took: 0,0000530 seconds
[2019-11-28T18:05:30.930+0100][2384,093s][854][934][info ] Application time: 1,0001218 seconds
[2019-11-28T18:05:30.930+0100][2384,093s][854][934][info ] Entering safepoint region: Cleanup
[2019-11-28T18:05:30.931+0100][2384,094s][854][934][info ] Leaving safepoint region
[2019-11-28T18:05:30.931+0100][2384,094s][854][934][info ] Total time for which application threads were stopped: 0,0001862 seconds, Stopping threads took: 0,0000633 seconds
[2019-11-28T18:05:31.931+0100][2385,094s][854][934][info ] Application time: 1,0000725 seconds
[2019-11-28T18:05:31.931+0100][2385,094s][854][934][info ] Entering safepoint region: Cleanup
[2019-11-28T18:05:31.931+0100][2385,094s][854][934][info ] Leaving safepoint region
[2019-11-28T18:05:31.931+0100][2385,094s][854][934][info ] Total time for which application threads were stopped: 0,0001599 seconds, Stopping threads took: 0,0000354 seconds
[2019-11-28T18:05:32.931+0100][2386,094s][854][934][info ] Application time: 1,0000713 seconds
[2019-11-28T18:05:32.931+0100][2386,094s][854][934][info ] Entering safepoint region: Cleanup
[2019-11-28T18:05:32.931+0100][2386,094s][854][934][info ] Leaving safepoint region
[2019-11-28T18:05:32.931+0100][2386,094s][854][934][info ] Total time for which application threads were stopped: 0,0001504 seconds, Stopping threads took: 0,0000373 seconds
[2019-11-28T18:05:33.931+0100][2387,094s][854][934][info ] Application time: 1,0001381 seconds
[2019-11-28T18:05:33.932+0100][2387,095s][854][934][info ] Entering safepoint region: Cleanup
[2019-11-28T18:05:33.932+0100][2387,095s][854][934][info ] Leaving safepoint region
[2019-11-28T18:05:33.932+0100][2387,095s][854][934][info ] Total time for which application threads were stopped: 0,0002984 seconds, Stopping threads took: 0,0001728 seconds
[2019-11-28T18:05:34.932+0100][2388,095s][854][934][info ] Application time: 1,0000723 seconds
[2019-11-28T18:05:34.932+0100][2388,095s][854][934][info ] Entering safepoint region: Cleanup
[2019-11-28T18:05:34.932+0100][2388,095s][854][934][info ] Leaving safepoint region
[2019-11-28T18:05:34.932+0100][2388,095s][854][934][info ] Total time for which application threads were stopped: 0,0001887 seconds, Stopping threads took: 0,0000385 seconds
[2019-11-28T18:05:35.310+0100][2388,473s][854][933][trace] CMS: promo attempt is safe: available(3670073704) >= av_promo(33954128), max_promo(296709928)
[2019-11-28T18:05:35.932+0100][2389,095s][854][934][info ] Application time: 1,0000725 seconds
[2019-11-28T18:05:35.932+0100][2389,095s][854][934][info ] Entering safepoint region: Cleanup
[2019-11-28T18:05:35.933+0100][2389,095s][854][934][info ] Leaving safepoint region
[2019-11-28T18:05:35.933+0100][2389,096s][854][934][info ] Total time for which application threads were stopped: 0,0001511 seconds, Stopping threads took: 0,0000340 seconds
[2019-11-28T18:05:36.933+0100][2390,096s][854][934][info ] Application time: 1,0000724 seconds
[2019-11-28T18:05:36.933+0100][2390,096s][854][934][info ] Entering safepoint region: Cleanup
[2019-11-28T18:05:36.933+0100][2390,096s][854][934][info ] Leaving safepoint region
[2019-11-28T18:05:36.933+0100][2390,096s][854][934][info ] Total time for which application threads were stopped: 0,0001280 seconds, Stopping threads took: 0,0000375 seconds
[2019-11-28T18:05:37.933+0100][2391,096s][854][934][info ] Application time: 1,0000754 seconds
[2019-11-28T18:05:37.933+0100][2391,096s][854][934][info ] Entering safepoint region: Cleanup
[2019-11-28T18:05:37.933+0100][2391,096s][854][934][info ] Leaving safepoint region
[2019-11-28T18:05:37.933+0100][2391,096s][854][934][info ] Total time for which application threads were stopped: 0,0001369 seconds, Stopping threads took: 0,0000346 seconds
[2019-11-28T18:05:38.933+0100][2392,096s][854][934][info ] Application time: 1,0000761 seconds
[2019-11-28T18:05:38.933+0100][2392,096s][854][934][info ] Entering safepoint region: Cleanup
[2019-11-28T18:05:38.933+0100][2392,096s][854][934][info ] Leaving safepoint region
[2019-11-28T18:05:38.933+0100][2392,096s][854][934][info ] Total time for which application threads were stopped: 0,0001587 seconds, Stopping threads took: 0,0000427 seconds
[2019-11-28T18:05:39.934+0100][2393,096s][854][934][info ] Application time: 1,0000740 seconds
[2019-11-28T18:05:39.934+0100][2393,097s][854][934][info ] Entering safepoint region: Cleanup
[2019-11-28T18:05:39.934+0100][2393,097s][854][934][info ] Leaving safepoint region
[2019-11-28T18:05:39.934+0100][2393,097s][854][934][info ] Total time for which application threads were stopped: 0,0001520 seconds, Stopping threads took: 0,0000368 seconds
[2019-11-28T18:05:40.934+0100][2394,097s][854][934][info ] Application time: 1,0000757 seconds
[2019-11-28T18:05:40.934+0100][2394,097s][854][934][info ] Entering safepoint region: Cleanup
[2019-11-28T18:05:40.934+0100][2394,097s][854][934][info ] Leaving safepoint region
[2019-11-28T18:05:40.934+0100][2394,097s][854][934][info ] Total time for which application threads were stopped: 0,0001530 seconds, Stopping threads took: 0,0000363 seconds
[2019-11-28T18:05:41.934+0100][2395,097s][854][934][info ] Application time: 1,0000773 seconds
[2019-11-28T18:05:41.934+0100][2395,097s][854][934][info ] Entering safepoint region: Cleanup
[2019-11-28T18:05:41.934+0100][2395,097s][854][934][info ] Leaving safepoint region
[2019-11-28T18:05:41.934+0100][2395,097s][854][934][info ] Total time for which application threads were stopped: 0,0001389 seconds, Stopping threads took: 0,0000370 seconds
[2019-11-28T18:05:42.934+0100][2396,097s][854][934][info ] Application time: 1,0000722 seconds
[2019-11-28T18:05:42.935+0100][2396,098s][854][934][info ] Entering safepoint region: Cleanup
[2019-11-28T18:05:42.935+0100][2396,098s][854][934][info ] Leaving safepoint region
[2019-11-28T18:05:42.935+0100][2396,098s][854][934][info ] Total time for which application threads were stopped: 0,0001655 seconds, Stopping threads took: 0,0000474 seconds
[2019-11-28T18:05:43.935+0100][2397,098s][854][934][info ] Application time: 1,0000782 seconds
[2019-11-28T18:05:43.935+0100][2397,098s][854][934][info ] Entering safepoint region: Cleanup
[2019-11-28T18:05:43.935+0100][2397,098s][854][934][info ] Leaving safepoint region
[2019-11-28T18:05:43.935+0100][2397,098s][854][934][info ] Total time for which application threads were stopped: 0,0001651 seconds, Stopping threads took: 0,0000516 seconds
[2019-11-28T18:05:44.935+0100][2398,098s][854][934][info ] Application time: 1,0000801 seconds
[2019-11-28T18:05:44.935+0100][2398,098s][854][934][info ] Entering safepoint region: Cleanup
[2019-11-28T18:05:44.935+0100][2398,098s][854][934][info ] Leaving safepoint region
[2019-11-28T18:05:44.935+0100][2398,098s][854][934][info ] Total time for which application threads were stopped: 0,0001571 seconds, Stopping threads took: 0,0000384 seconds
[2019-11-28T18:05:45.310+0100][2398,473s][854][933][trace] CMS: promo attempt is safe: available(3670073704) >= av_promo(33954128), max_promo(300295680)
[2019-11-28T18:05:45.936+0100][2399,099s][854][934][info ] Application time: 1,0001068 seconds
[2019-11-28T18:05:45.936+0100][2399,099s][854][934][info ] Entering safepoint region: Cleanup
[2019-11-28T18:05:45.936+0100][2399,099s][854][934][info ] Leaving safepoint region
[2019-11-28T18:05:45.936+0100][2399,099s][854][934][info ] Total time for which application threads were stopped: 0,0001525 seconds, Stopping threads took: 0,0000488 seconds
[2019-11-28T18:05:46.936+0100][2400,099s][854][934][info ] Application time: 1,0000800 seconds
[2019-11-28T18:05:46.936+0100][2400,099s][854][934][info ] Entering safepoint region: Cleanup
[2019-11-28T18:05:46.936+0100][2400,099s][854][934][info ] Leaving safepoint region
[2019-11-28T18:05:46.936+0100][2400,099s][854][934][info ] Total time for which application threads were stopped: 0,0002257 seconds, Stopping threads took: 0,0000591 seconds
[2019-11-28T18:05:47.936+0100][2401,099s][854][934][info ] Application time: 1,0001239 seconds
[2019-11-28T18:05:47.936+0100][2401,099s][854][934][info ] Entering safepoint region: Cleanup
[2019-11-28T18:05:47.937+0100][2401,100s][854][934][info ] Leaving safepoint region
[2019-11-28T18:05:47.937+0100][2401,100s][854][934][info ] Total time for which application threads were stopped: 0,0001845 seconds, Stopping threads took: 0,0000458 seconds
[2019-11-28T18:05:48.937+0100][2402,100s][854][934][info ] Application time: 1,0001273 seconds
[2019-11-28T18:05:48.937+0100][2402,100s][854][934][info ] Entering safepoint region: Cleanup
[2019-11-28T18:05:48.937+0100][2402,100s][854][934][info ] Leaving safepoint region
[2019-11-28T18:05:48.937+0100][2402,100s][854][934][info ] Total time for which application threads were stopped: 0,0001923 seconds, Stopping threads took: 0,0000488 seconds
[2019-11-28T18:05:49.937+0100][2403,100s][854][934][info ] Application time: 1,0001288 seconds
[2019-11-28T18:05:49.937+0100][2403,100s][854][934][info ] Entering safepoint region: Cleanup
[2019-11-28T18:05:49.937+0100][2403,100s][854][934][info ] Leaving safepoint region
[2019-11-28T18:05:49.938+0100][2403,100s][854][934][info ] Total time for which application threads were stopped: 0,0002265 seconds, Stopping threads took: 0,0000835 seconds
[2019-11-28T18:05:50.938+0100][2404,101s][854][934][info ] Application time: 1,0001232 seconds
[2019-11-28T18:05:50.938+0100][2404,101s][854][934][info ] Entering safepoint region: Cleanup
[2019-11-28T18:05:50.938+0100][2404,101s][854][934][info ] Leaving safepoint region
[2019-11-28T18:05:50.938+0100][2404,101s][854][934][info ] Total time for which application threads were stopped: 0,0002014 seconds, Stopping threads took: 0,0000497 seconds
[2019-11-28T18:05:51.938+0100][2405,101s][854][934][info ] Application time: 1,0001226 seconds
[2019-11-28T18:05:51.938+0100][2405,101s][854][934][info ] Entering safepoint region: Cleanup
[2019-11-28T18:05:51.938+0100][2405,101s][854][934][info ] Leaving safepoint region
[2019-11-28T18:05:51.938+0100][2405,101s][854][934][info ] Total time for which application threads were stopped: 0,0002138 seconds, Stopping threads took: 0,0000633 seconds
[2019-11-28T18:05:52.939+0100][2406,101s][854][934][info ] Application time: 1,0000820 seconds
[2019-11-28T18:05:52.939+0100][2406,102s][854][934][info ] Entering safepoint region: Cleanup
[2019-11-28T18:05:52.939+0100][2406,102s][854][934][info ] Leaving safepoint region
[2019-11-28T18:05:52.939+0100][2406,102s][854][934][info ] Total time for which application threads were stopped: 0,0002646 seconds, Stopping threads took: 0,0000730 seconds
[2019-11-28T18:05:53.939+0100][2407,102s][854][934][info ] Application time: 1,0000884 seconds
[2019-11-28T18:05:53.939+0100][2407,102s][854][934][info ] Entering safepoint region: Cleanup
[2019-11-28T18:05:53.940+0100][2407,103s][854][934][info ] Leaving safepoint region
[2019-11-28T18:05:53.940+0100][2407,103s][854][934][info ] Total time for which application threads were stopped: 0,0004664 seconds, Stopping threads took: 0,0001009 seconds
[2019-11-28T18:05:54.940+0100][2408,103s][854][934][info ] Application time: 1,0000904 seconds
[2019-11-28T18:05:54.940+0100][2408,103s][854][934][info ] Entering safepoint region: Cleanup
[2019-11-28T18:05:54.940+0100][2408,103s][854][934][info ] Leaving safepoint region
[2019-11-28T18:05:54.940+0100][2408,103s][854][934][info ] Total time for which application threads were stopped: 0,0001391 seconds, Stopping threads took: 0,0000380 seconds
[2019-11-28T18:05:55.309+0100][2408,472s][854][933][trace] CMS: promo attempt is safe: available(3670073704) >= av_promo(33954128), max_promo(304017328)
[2019-11-28T18:05:55.940+0100][2409,103s][854][934][info ] Application time: 1,0000769 seconds
[2019-11-28T18:05:55.940+0100][2409,103s][854][934][info ] Entering safepoint region: Cleanup
[2019-11-28T18:05:55.941+0100][2409,104s][854][934][info ] Leaving safepoint region
[2019-11-28T18:05:55.941+0100][2409,104s][854][934][info ] Total time for which application threads were stopped: 0,0003319 seconds, Stopping threads took: 0,0000782 seconds
[2019-11-28T18:05:56.941+0100][2410,104s][854][934][info ] Application time: 1,0000978 seconds
[2019-11-28T18:05:56.941+0100][2410,104s][854][934][info ] Entering safepoint region: Cleanup
[2019-11-28T18:05:56.941+0100][2410,104s][854][934][info ] Leaving safepoint region
[2019-11-28T18:05:56.941+0100][2410,104s][854][934][info ] Total time for which application threads were stopped: 0,0004236 seconds, Stopping threads took: 0,0001029 seconds
[2019-11-28T18:05:57.942+0100][2411,105s][854][934][info ] Application time: 1,0001175 seconds
[2019-11-28T18:05:57.942+0100][2411,105s][854][934][info ] Entering safepoint region: Cleanup
[2019-11-28T18:05:57.942+0100][2411,105s][854][934][info ] Leaving safepoint region
[2019-11-28T18:05:57.942+0100][2411,105s][854][934][info ] Total time for which application threads were stopped: 0,0001552 seconds, Stopping threads took: 0,0000485 seconds
[2019-11-28T18:05:58.942+0100][2412,105s][854][934][info ] Application time: 1,0001495 seconds
[2019-11-28T18:05:58.942+0100][2412,105s][854][934][info ] Entering safepoint region: Cleanup
[2019-11-28T18:05:58.942+0100][2412,105s][854][934][info ] Leaving safepoint region
[2019-11-28T18:05:58.943+0100][2412,106s][854][934][info ] Total time for which application threads were stopped: 0,0005413 seconds, Stopping threads took: 0,0001859 seconds
[2019-11-28T18:05:59.943+0100][2413,106s][854][934][info ] Application time: 1,0000908 seconds
[2019-11-28T18:05:59.943+0100][2413,106s][854][934][info ] Entering safepoint region: Cleanup
[2019-11-28T18:05:59.943+0100][2413,106s][854][934][info ] Leaving safepoint region
[2019-11-28T18:05:59.943+0100][2413,106s][854][934][info ] Total time for which application threads were stopped: 0,0001814 seconds, Stopping threads took: 0,0000330 seconds
[2019-11-28T18:06:00.943+0100][2414,106s][854][934][info ] Application time: 1,0001017 seconds
[2019-11-28T18:06:00.943+0100][2414,106s][854][934][info ] Entering safepoint region: Cleanup
[2019-11-28T18:06:00.943+0100][2414,106s][854][934][info ] Leaving safepoint region
[2019-11-28T18:06:00.943+0100][2414,106s][854][934][info ] Total time for which application threads were stopped: 0,0001248 seconds, Stopping threads took: 0,0000287 seconds
[2019-11-28T18:06:01.943+0100][2415,106s][854][934][info ] Application time: 1,0000764 seconds
[2019-11-28T18:06:01.944+0100][2415,107s][854][934][info ] Entering safepoint region: Cleanup
[2019-11-28T18:06:01.944+0100][2415,107s][854][934][info ] Leaving safepoint region
[2019-11-28T18:06:01.944+0100][2415,107s][854][934][info ] Total time for which application threads were stopped: 0,0003152 seconds, Stopping threads took: 0,0001233 seconds
[2019-11-28T18:06:02.944+0100][2416,107s][854][934][info ] Application time: 1,0000983 seconds
[2019-11-28T18:06:02.944+0100][2416,107s][854][934][info ] Entering safepoint region: Cleanup
[2019-11-28T18:06:02.944+0100][2416,107s][854][934][info ] Leaving safepoint region
[2019-11-28T18:06:02.944+0100][2416,107s][854][934][info ] Total time for which application threads were stopped: 0,0002973 seconds, Stopping threads took: 0,0000813 seconds
[2019-11-28T18:06:03.945+0100][2417,108s][854][934][info ] Application time: 1,0001074 seconds
[2019-11-28T18:06:03.945+0100][2417,108s][854][934][info ] Entering safepoint region: Cleanup
[2019-11-28T18:06:03.945+0100][2417,108s][854][934][info ] Leaving safepoint region
[2019-11-28T18:06:03.945+0100][2417,108s][854][934][info ] Total time for which application threads were stopped: 0,0004338 seconds, Stopping threads took: 0,0000989 seconds
[2019-11-28T18:06:04.945+0100][2418,108s][854][934][info ] Application time: 1,0000919 seconds
[2019-11-28T18:06:04.945+0100][2418,108s][854][934][info ] Entering safepoint region: Cleanup
[2019-11-28T18:06:04.946+0100][2418,109s][854][934][info ] Leaving safepoint region
[2019-11-28T18:06:04.946+0100][2418,109s][854][934][info ] Total time for which application threads were stopped: 0,0001938 seconds, Stopping threads took: 0,0000577 seconds
[2019-11-28T18:06:05.309+0100][2418,472s][854][933][trace] CMS: promo attempt is safe: available(3670073704) >= av_promo(33954128), max_promo(307433272)
[2019-11-28T18:06:05.946+0100][2419,109s][854][934][info ] Application time: 1,0000781 seconds
[2019-11-28T18:06:05.946+0100][2419,109s][854][934][info ] Entering safepoint region: Cleanup
[2019-11-28T18:06:05.946+0100][2419,109s][854][934][info ] Leaving safepoint region
[2019-11-28T18:06:05.946+0100][2419,109s][854][934][info ] Total time for which application threads were stopped: 0,0002091 seconds, Stopping threads took: 0,0000498 seconds
[2019-11-28T18:06:06.946+0100][2420,109s][854][934][info ] Application time: 1,0000787 seconds
[2019-11-28T18:06:06.946+0100][2420,109s][854][934][info ] Entering safepoint region: Cleanup
[2019-11-28T18:06:06.946+0100][2420,109s][854][934][info ] Leaving safepoint region
[2019-11-28T18:06:06.946+0100][2420,109s][854][934][info ] Total time for which application threads were stopped: 0,0001636 seconds, Stopping threads took: 0,0000440 seconds
[2019-11-28T18:06:07.946+0100][2421,109s][854][934][info ] Application time: 1,0000790 seconds
[2019-11-28T18:06:07.947+0100][2421,110s][854][934][info ] Entering safepoint region: Cleanup
[2019-11-28T18:06:07.947+0100][2421,110s][854][934][info ] Leaving safepoint region
[2019-11-28T18:06:07.947+0100][2421,110s][854][934][info ] Total time for which application threads were stopped: 0,0001370 seconds, Stopping threads took: 0,0000427 seconds
[2019-11-28T18:06:08.947+0100][2422,110s][854][934][info ] Application time: 1,0002190 seconds
[2019-11-28T18:06:08.947+0100][2422,110s][854][934][info ] Entering safepoint region: Cleanup
[2019-11-28T18:06:08.947+0100][2422,110s][854][934][info ] Leaving safepoint region
[2019-11-28T18:06:08.947+0100][2422,110s][854][934][info ] Total time for which application threads were stopped: 0,0001449 seconds, Stopping threads took: 0,0000379 seconds
[2019-11-28T18:06:09.947+0100][2423,110s][854][934][info ] Application time: 1,0000741 seconds
[2019-11-28T18:06:09.947+0100][2423,110s][854][934][info ] Entering safepoint region: Cleanup
[2019-11-28T18:06:09.947+0100][2423,110s][854][934][info ] Leaving safepoint region
[2019-11-28T18:06:09.947+0100][2423,110s][854][934][info ] Total time for which application threads were stopped: 0,0001459 seconds, Stopping threads took: 0,0000366 seconds
[2019-11-28T18:06:10.948+0100][2424,111s][854][934][info ] Application time: 1,0000746 seconds
[2019-11-28T18:06:10.948+0100][2424,111s][854][934][info ] Entering safepoint region: Cleanup
[2019-11-28T18:06:10.948+0100][2424,111s][854][934][info ] Leaving safepoint region
[2019-11-28T18:06:10.948+0100][2424,111s][854][934][info ] Total time for which application threads were stopped: 0,0001271 seconds, Stopping threads took: 0,0000372 seconds
[2019-11-28T18:06:11.948+0100][2425,111s][854][934][info ] Application time: 1,0000715 seconds
[2019-11-28T18:06:11.948+0100][2425,111s][854][934][info ] Entering safepoint region: Cleanup
[2019-11-28T18:06:11.948+0100][2425,111s][854][934][info ] Leaving safepoint region
[2019-11-28T18:06:11.948+0100][2425,111s][854][934][info ] Total time for which application threads were stopped: 0,0001999 seconds, Stopping threads took: 0,0000748 seconds
[2019-11-28T18:06:12.948+0100][2426,111s][854][934][info ] Application time: 1,0000742 seconds
[2019-11-28T18:06:12.948+0100][2426,111s][854][934][info ] Entering safepoint region: Cleanup
[2019-11-28T18:06:12.948+0100][2426,111s][854][934][info ] Leaving safepoint region
[2019-11-28T18:06:12.948+0100][2426,111s][854][934][info ] Total time for which application threads were stopped: 0,0001193 seconds, Stopping threads took: 0,0000361 seconds
[2019-11-28T18:06:13.949+0100][2427,112s][854][934][info ] Application time: 1,0000662 seconds
[2019-11-28T18:06:13.949+0100][2427,112s][854][934][info ] Entering safepoint region: Cleanup
[2019-11-28T18:06:13.949+0100][2427,112s][854][934][info ] Leaving safepoint region
[2019-11-28T18:06:13.949+0100][2427,112s][854][934][info ] Total time for which application threads were stopped: 0,0001455 seconds, Stopping threads took: 0,0000339 seconds
[2019-11-28T18:06:14.949+0100][2428,112s][854][934][info ] Application time: 1,0000971 seconds
[2019-11-28T18:06:14.949+0100][2428,112s][854][934][info ] Entering safepoint region: Cleanup
[2019-11-28T18:06:14.949+0100][2428,112s][854][934][info ] Leaving safepoint region
[2019-11-28T18:06:14.949+0100][2428,112s][854][934][info ] Total time for which application threads were stopped: 0,0003491 seconds, Stopping threads took: 0,0000880 seconds
[2019-11-28T18:06:15.308+0100][2428,471s][854][933][trace] CMS: promo attempt is safe: available(3670073704) >= av_promo(33954128), max_promo(310168648)
[2019-11-28T18:06:15.949+0100][2429,112s][854][934][info ] Application time: 1,0001047 seconds
[2019-11-28T18:06:15.950+0100][2429,113s][854][934][info ] Entering safepoint region: Cleanup
[2019-11-28T18:06:15.950+0100][2429,113s][854][934][info ] Leaving safepoint region
[2019-11-28T18:06:15.950+0100][2429,113s][854][934][info ] Total time for which application threads were stopped: 0,0003501 seconds, Stopping threads took: 0,0001021 seconds
[2019-11-28T18:06:16.950+0100][2430,113s][854][934][info ] Application time: 1,0000825 seconds
[2019-11-28T18:06:16.950+0100][2430,113s][854][934][info ] Entering safepoint region: Cleanup
[2019-11-28T18:06:16.950+0100][2430,113s][854][934][info ] Leaving safepoint region
[2019-11-28T18:06:16.950+0100][2430,113s][854][934][info ] Total time for which application threads were stopped: 0,0001291 seconds, Stopping threads took: 0,0000330 seconds
[2019-11-28T18:06:17.950+0100][2431,113s][854][934][info ] Application time: 1,0001299 seconds
[2019-11-28T18:06:17.951+0100][2431,114s][854][934][info ] Entering safepoint region: Cleanup
[2019-11-28T18:06:17.951+0100][2431,114s][854][934][info ] Leaving safepoint region
[2019-11-28T18:06:17.951+0100][2431,114s][854][934][info ] Total time for which application threads were stopped: 0,0003003 seconds, Stopping threads took: 0,0000969 seconds
[2019-11-28T18:06:18.951+0100][2432,114s][854][934][info ] Application time: 1,0000894 seconds
[2019-11-28T18:06:18.951+0100][2432,114s][854][934][info ] Entering safepoint region: Cleanup
[2019-11-28T18:06:18.951+0100][2432,114s][854][934][info ] Leaving safepoint region
[2019-11-28T18:06:18.951+0100][2432,114s][854][934][info ] Total time for which application threads were stopped: 0,0002163 seconds, Stopping threads took: 0,0000663 seconds
[2019-11-28T18:06:19.951+0100][2433,114s][854][934][info ] Application time: 1,0000858 seconds
[2019-11-28T18:06:19.952+0100][2433,115s][854][934][info ] Entering safepoint region: Cleanup
[2019-11-28T18:06:19.952+0100][2433,115s][854][934][info ] Leaving safepoint region
[2019-11-28T18:06:19.952+0100][2433,115s][854][934][info ] Total time for which application threads were stopped: 0,0002362 seconds, Stopping threads took: 0,0000721 seconds
[2019-11-28T18:06:20.952+0100][2434,115s][854][934][info ] Application time: 1,0000937 seconds
[2019-11-28T18:06:20.952+0100][2434,115s][854][934][info ] Entering safepoint region: Cleanup
[2019-11-28T18:06:20.953+0100][2434,115s][854][934][info ] Leaving safepoint region
[2019-11-28T18:06:20.953+0100][2434,116s][854][934][info ] Total time for which application threads were stopped: 0,0004307 seconds, Stopping threads took: 0,0000946 seconds
[2019-11-28T18:06:21.953+0100][2435,116s][854][934][info ] Application time: 1,0000809 seconds
[2019-11-28T18:06:21.953+0100][2435,116s][854][934][info ] Entering safepoint region: Cleanup
[2019-11-28T18:06:21.953+0100][2435,116s][854][934][info ] Leaving safepoint region
[2019-11-28T18:06:21.953+0100][2435,116s][854][934][info ] Total time for which application threads were stopped: 0,0001298 seconds, Stopping threads took: 0,0000358 seconds
[2019-11-28T18:06:22.953+0100][2436,116s][854][934][info ] Application time: 1,0000677 seconds
[2019-11-28T18:06:22.953+0100][2436,116s][854][934][info ] Entering safepoint region: Cleanup
[2019-11-28T18:06:22.953+0100][2436,116s][854][934][info ] Leaving safepoint region
[2019-11-28T18:06:22.953+0100][2436,116s][854][934][info ] Total time for which application threads were stopped: 0,0001202 seconds, Stopping threads took: 0,0000348 seconds
[2019-11-28T18:06:23.953+0100][2437,116s][854][934][info ] Application time: 1,0000898 seconds
[2019-11-28T18:06:23.953+0100][2437,116s][854][934][info ] Entering safepoint region: Cleanup
[2019-11-28T18:06:23.953+0100][2437,116s][854][934][info ] Leaving safepoint region
[2019-11-28T18:06:23.953+0100][2437,116s][854][934][info ] Total time for which application threads were stopped: 0,0001459 seconds, Stopping threads took: 0,0000362 seconds
[2019-11-28T18:06:24.954+0100][2438,117s][854][934][info ] Application time: 1,0000752 seconds
[2019-11-28T18:06:24.954+0100][2438,117s][854][934][info ] Entering safepoint region: Cleanup
[2019-11-28T18:06:24.954+0100][2438,117s][854][934][info ] Leaving safepoint region
[2019-11-28T18:06:24.954+0100][2438,117s][854][934][info ] Total time for which application threads were stopped: 0,0001612 seconds, Stopping threads took: 0,0000453 seconds
[2019-11-28T18:06:25.308+0100][2438,471s][854][933][trace] CMS: promo attempt is safe: available(3670073704) >= av_promo(33954128), max_promo(312655448)
[2019-11-28T18:06:25.954+0100][2439,117s][854][934][info ] Application time: 1,0000656 seconds
[2019-11-28T18:06:25.954+0100][2439,117s][854][934][info ] Entering safepoint region: Cleanup
[2019-11-28T18:06:25.954+0100][2439,117s][854][934][info ] Leaving safepoint region
[2019-11-28T18:06:25.954+0100][2439,117s][854][934][info ] Total time for which application threads were stopped: 0,0001092 seconds, Stopping threads took: 0,0000327 seconds
[2019-11-28T18:06:26.954+0100][2440,117s][854][934][info ] Application time: 1,0000874 seconds
[2019-11-28T18:06:26.954+0100][2440,117s][854][934][info ] Entering safepoint region: Cleanup
[2019-11-28T18:06:26.955+0100][2440,118s][854][934][info ] Leaving safepoint region
[2019-11-28T18:06:26.955+0100][2440,118s][854][934][info ] Total time for which application threads were stopped: 0,0003715 seconds, Stopping threads took: 0,0000818 seconds
[2019-11-28T18:06:27.955+0100][2441,118s][854][934][info ] Application time: 1,0001322 seconds
[2019-11-28T18:06:27.955+0100][2441,118s][854][934][info ] Entering safepoint region: Cleanup
[2019-11-28T18:06:27.955+0100][2441,118s][854][934][info ] Leaving safepoint region
[2019-11-28T18:06:27.955+0100][2441,118s][854][934][info ] Total time for which application threads were stopped: 0,0002235 seconds, Stopping threads took: 0,0000452 seconds
[2019-11-28T18:06:28.955+0100][2442,118s][854][934][info ] Application time: 1,0000863 seconds
[2019-11-28T18:06:28.955+0100][2442,118s][854][934][info ] Entering safepoint region: Cleanup
[2019-11-28T18:06:28.955+0100][2442,118s][854][934][info ] Leaving safepoint region
[2019-11-28T18:06:28.955+0100][2442,118s][854][934][info ] Total time for which application threads were stopped: 0,0001270 seconds, Stopping threads took: 0,0000266 seconds
[2019-11-28T18:06:29.956+0100][2443,118s][854][934][info ] Application time: 1,0000704 seconds
[2019-11-28T18:06:29.956+0100][2443,119s][854][934][info ] Entering safepoint region: Cleanup
[2019-11-28T18:06:29.956+0100][2443,119s][854][934][info ] Leaving safepoint region
[2019-11-28T18:06:29.956+0100][2443,119s][854][934][info ] Total time for which application threads were stopped: 0,0002091 seconds, Stopping threads took: 0,0000900 seconds
[2019-11-28T18:06:30.956+0100][2444,119s][854][934][info ] Application time: 1,0000874 seconds
[2019-11-28T18:06:30.956+0100][2444,119s][854][934][info ] Entering safepoint region: Cleanup
[2019-11-28T18:06:30.956+0100][2444,119s][854][934][info ] Leaving safepoint region
[2019-11-28T18:06:30.956+0100][2444,119s][854][934][info ] Total time for which application threads were stopped: 0,0003104 seconds, Stopping threads took: 0,0000735 seconds
[2019-11-28T18:06:31.956+0100][2445,119s][854][934][info ] Application time: 1,0000808 seconds
[2019-11-28T18:06:31.957+0100][2445,119s][854][934][info ] Entering safepoint region: Cleanup
[2019-11-28T18:06:31.957+0100][2445,120s][854][934][info ] Leaving safepoint region
[2019-11-28T18:06:31.957+0100][2445,120s][854][934][info ] Total time for which application threads were stopped: 0,0001433 seconds, Stopping threads took: 0,0000366 seconds
[2019-11-28T18:06:32.957+0100][2446,120s][854][934][info ] Application time: 1,0000704 seconds
[2019-11-28T18:06:32.957+0100][2446,120s][854][934][info ] Entering safepoint region: Cleanup
[2019-11-28T18:06:32.957+0100][2446,120s][854][934][info ] Leaving safepoint region
[2019-11-28T18:06:32.957+0100][2446,120s][854][934][info ] Total time for which application threads were stopped: 0,0001357 seconds, Stopping threads took: 0,0000319 seconds
[2019-11-28T18:06:33.957+0100][2447,120s][854][934][info ] Application time: 1,0000816 seconds
[2019-11-28T18:06:33.957+0100][2447,120s][854][934][info ] Entering safepoint region: Cleanup
[2019-11-28T18:06:33.957+0100][2447,120s][854][934][info ] Leaving safepoint region
[2019-11-28T18:06:33.957+0100][2447,120s][854][934][info ] Total time for which application threads were stopped: 0,0001812 seconds, Stopping threads took: 0,0000469 seconds
[2019-11-28T18:06:34.957+0100][2448,120s][854][934][info ] Application time: 1,0000721 seconds
[2019-11-28T18:06:34.957+0100][2448,120s][854][934][info ] Entering safepoint region: Cleanup
[2019-11-28T18:06:34.958+0100][2448,121s][854][934][info ] Leaving safepoint region
[2019-11-28T18:06:34.958+0100][2448,121s][854][934][info ] Total time for which application threads were stopped: 0,0001360 seconds, Stopping threads took: 0,0000333 seconds
[2019-11-28T18:06:35.308+0100][2448,471s][854][933][trace] CMS: promo attempt is safe: available(3670073704) >= av_promo(33954128), max_promo(324421952)
[2019-11-28T18:06:35.958+0100][2449,121s][854][934][info ] Application time: 1,0000656 seconds
[2019-11-28T18:06:35.958+0100][2449,121s][854][934][info ] Entering safepoint region: Cleanup
[2019-11-28T18:06:35.958+0100][2449,121s][854][934][info ] Leaving safepoint region
[2019-11-28T18:06:35.958+0100][2449,121s][854][934][info ] Total time for which application threads were stopped: 0,0001433 seconds, Stopping threads took: 0,0000370 seconds
[2019-11-28T18:06:36.958+0100][2450,121s][854][934][info ] Application time: 1,0000962 seconds
[2019-11-28T18:06:36.958+0100][2450,121s][854][934][info ] Entering safepoint region: Cleanup
[2019-11-28T18:06:36.958+0100][2450,121s][854][934][info ] Leaving safepoint region
[2019-11-28T18:06:36.959+0100][2450,122s][854][934][info ] Total time for which application threads were stopped: 0,0004323 seconds, Stopping threads took: 0,0001089 seconds
[2019-11-28T18:06:37.959+0100][2451,122s][854][934][info ] Application time: 1,0001200 seconds
[2019-11-28T18:06:37.959+0100][2451,122s][854][934][info ] Entering safepoint region: Cleanup
[2019-11-28T18:06:37.959+0100][2451,122s][854][934][info ] Leaving safepoint region
[2019-11-28T18:06:37.959+0100][2451,122s][854][934][info ] Total time for which application threads were stopped: 0,0001360 seconds, Stopping threads took: 0,0000338 seconds
[2019-11-28T18:06:38.959+0100][2452,122s][854][934][info ] Application time: 1,0000729 seconds
[2019-11-28T18:06:38.959+0100][2452,122s][854][934][info ] Entering safepoint region: Cleanup
[2019-11-28T18:06:38.959+0100][2452,122s][854][934][info ] Leaving safepoint region
[2019-11-28T18:06:38.959+0100][2452,122s][854][934][info ] Total time for which application threads were stopped: 0,0001388 seconds, Stopping threads took: 0,0000352 seconds
[2019-11-28T18:06:39.959+0100][2453,122s][854][934][info ] Application time: 1,0001962 seconds
[2019-11-28T18:06:39.960+0100][2453,123s][854][934][info ] Entering safepoint region: Cleanup
[2019-11-28T18:06:39.960+0100][2453,123s][854][934][info ] Leaving safepoint region
[2019-11-28T18:06:39.960+0100][2453,123s][854][934][info ] Total time for which application threads were stopped: 0,0005327 seconds, Stopping threads took: 0,0001387 seconds
[2019-11-28T18:06:40.961+0100][2454,123s][854][934][info ] Application time: 1,0001515 seconds
[2019-11-28T18:06:40.961+0100][2454,124s][854][934][info ] Entering safepoint region: Cleanup
[2019-11-28T18:06:40.961+0100][2454,124s][854][934][info ] Leaving safepoint region
[2019-11-28T18:06:40.961+0100][2454,124s][854][934][info ] Total time for which application threads were stopped: 0,0002187 seconds, Stopping threads took: 0,0000550 seconds
[2019-11-28T18:06:41.961+0100][2455,124s][854][934][info ] Application time: 1,0000860 seconds
[2019-11-28T18:06:41.961+0100][2455,124s][854][934][info ] Entering safepoint region: Cleanup
[2019-11-28T18:06:41.961+0100][2455,124s][854][934][info ] Leaving safepoint region
[2019-11-28T18:06:41.961+0100][2455,124s][854][934][info ] Total time for which application threads were stopped: 0,0003003 seconds, Stopping threads took: 0,0000898 seconds
[2019-11-28T18:06:42.961+0100][2456,124s][854][934][info ] Application time: 1,0001081 seconds
[2019-11-28T18:06:42.962+0100][2456,125s][854][934][info ] Entering safepoint region: Cleanup
[2019-11-28T18:06:42.962+0100][2456,125s][854][934][info ] Leaving safepoint region
[2019-11-28T18:06:42.962+0100][2456,125s][854][934][info ] Total time for which application threads were stopped: 0,0001569 seconds, Stopping threads took: 0,0000367 seconds
[2019-11-28T18:06:43.962+0100][2457,125s][854][934][info ] Application time: 1,0000899 seconds
[2019-11-28T18:06:43.962+0100][2457,125s][854][934][info ] Entering safepoint region: Cleanup
[2019-11-28T18:06:43.962+0100][2457,125s][854][934][info ] Leaving safepoint region
[2019-11-28T18:06:43.962+0100][2457,125s][854][934][info ] Total time for which application threads were stopped: 0,0001839 seconds, Stopping threads took: 0,0000356 seconds
[2019-11-28T18:06:44.962+0100][2458,125s][854][934][info ] Application time: 1,0000692 seconds
[2019-11-28T18:06:44.962+0100][2458,125s][854][934][info ] Entering safepoint region: Cleanup
[2019-11-28T18:06:44.962+0100][2458,125s][854][934][info ] Leaving safepoint region
[2019-11-28T18:06:44.962+0100][2458,125s][854][934][info ] Total time for which application threads were stopped: 0,0001561 seconds, Stopping threads took: 0,0000459 seconds
[2019-11-28T18:06:45.308+0100][2458,470s][854][933][trace] CMS: promo attempt is safe: available(3670073704) >= av_promo(33954128), max_promo(327836608)
[2019-11-28T18:06:45.962+0100][2459,125s][854][934][info ] Application time: 1,0000677 seconds
[2019-11-28T18:06:45.963+0100][2459,126s][854][934][info ] Entering safepoint region: Cleanup
[2019-11-28T18:06:45.963+0100][2459,126s][854][934][info ] Leaving safepoint region
[2019-11-28T18:06:45.963+0100][2459,126s][854][934][info ] Total time for which application threads were stopped: 0,0001127 seconds, Stopping threads took: 0,0000273 seconds
[2019-11-28T18:06:46.963+0100][2460,126s][854][934][info ] Application time: 1,0000969 seconds
[2019-11-28T18:06:46.963+0100][2460,126s][854][934][info ] Entering safepoint region: Cleanup
[2019-11-28T18:06:46.963+0100][2460,126s][854][934][info ] Leaving safepoint region
[2019-11-28T18:06:46.963+0100][2460,126s][854][934][info ] Total time for which application threads were stopped: 0,0001216 seconds, Stopping threads took: 0,0000446 seconds
[2019-11-28T18:06:47.963+0100][2461,126s][854][934][info ] Application time: 1,0000714 seconds
[2019-11-28T18:06:47.963+0100][2461,126s][854][934][info ] Entering safepoint region: Cleanup
[2019-11-28T18:06:47.963+0100][2461,126s][854][934][info ] Leaving safepoint region
[2019-11-28T18:06:47.963+0100][2461,126s][854][934][info ] Total time for which application threads were stopped: 0,0001228 seconds, Stopping threads took: 0,0000335 seconds
[2019-11-28T18:06:48.963+0100][2462,126s][854][934][info ] Application time: 1,0000864 seconds
[2019-11-28T18:06:48.963+0100][2462,126s][854][934][info ] Entering safepoint region: Cleanup
[2019-11-28T18:06:48.963+0100][2462,126s][854][934][info ] Leaving safepoint region
[2019-11-28T18:06:48.963+0100][2462,126s][854][934][info ] Total time for which application threads were stopped: 0,0001245 seconds, Stopping threads took: 0,0000338 seconds
[2019-11-28T18:06:49.964+0100][2463,127s][854][934][info ] Application time: 1,0000735 seconds
[2019-11-28T18:06:49.964+0100][2463,127s][854][934][info ] Entering safepoint region: Cleanup
[2019-11-28T18:06:49.964+0100][2463,127s][854][934][info ] Leaving safepoint region
[2019-11-28T18:06:49.964+0100][2463,127s][854][934][info ] Total time for which application threads were stopped: 0,0001523 seconds, Stopping threads took: 0,0000422 seconds
[2019-11-28T18:06:50.964+0100][2464,127s][854][934][info ] Application time: 1,0000750 seconds
[2019-11-28T18:06:50.964+0100][2464,127s][854][934][info ] Entering safepoint region: Cleanup
[2019-11-28T18:06:50.964+0100][2464,127s][854][934][info ] Leaving safepoint region
[2019-11-28T18:06:50.964+0100][2464,127s][854][934][info ] Total time for which application threads were stopped: 0,0002625 seconds, Stopping threads took: 0,0000887 seconds
[2019-11-28T18:06:51.970+0100][2465,133s][854][934][info ] Application time: 1,0058456 seconds
[2019-11-28T18:06:51.970+0100][2465,133s][854][934][info ] Entering safepoint region: Cleanup
[2019-11-28T18:06:51.971+0100][2465,134s][854][934][info ] Leaving safepoint region
[2019-11-28T18:06:51.971+0100][2465,134s][854][934][info ] Total time for which application threads were stopped: 0,0001683 seconds, Stopping threads took: 0,0000378 seconds
[2019-11-28T18:06:52.971+0100][2466,134s][854][934][info ] Application time: 1,0001298 seconds
[2019-11-28T18:06:52.971+0100][2466,134s][854][934][info ] Entering safepoint region: Cleanup
[2019-11-28T18:06:52.972+0100][2466,135s][854][934][info ] Leaving safepoint region
[2019-11-28T18:06:52.973+0100][2466,136s][854][934][info ] Total time for which application threads were stopped: 0,0018718 seconds, Stopping threads took: 0,0011452 seconds
[2019-11-28T18:06:53.973+0100][2467,136s][854][934][info ] Application time: 1,0000765 seconds
[2019-11-28T18:06:53.973+0100][2467,136s][854][934][info ] Entering safepoint region: Cleanup
[2019-11-28T18:06:53.973+0100][2467,136s][854][934][info ] Leaving safepoint region
[2019-11-28T18:06:53.973+0100][2467,136s][854][934][info ] Total time for which application threads were stopped: 0,0001424 seconds, Stopping threads took: 0,0000349 seconds
[2019-11-28T18:06:54.973+0100][2468,136s][854][934][info ] Application time: 1,0001409 seconds
[2019-11-28T18:06:54.973+0100][2468,136s][854][934][info ] Entering safepoint region: Cleanup
[2019-11-28T18:06:54.973+0100][2468,136s][854][934][info ] Leaving safepoint region
[2019-11-28T18:06:54.973+0100][2468,136s][854][934][info ] Total time for which application threads were stopped: 0,0001426 seconds, Stopping threads took: 0,0000349 seconds
[2019-11-28T18:06:55.307+0100][2468,470s][854][933][trace] CMS: promo attempt is safe: available(3670073704) >= av_promo(33954128), max_promo(330323408)
[2019-11-28T18:06:55.973+0100][2469,136s][854][934][info ] Application time: 1,0000677 seconds
[2019-11-28T18:06:55.974+0100][2469,136s][854][934][info ] Entering safepoint region: Cleanup
[2019-11-28T18:06:55.974+0100][2469,137s][854][934][info ] Leaving safepoint region
[2019-11-28T18:06:55.974+0100][2469,137s][854][934][info ] Total time for which application threads were stopped: 0,0001455 seconds, Stopping threads took: 0,0000397 seconds
[2019-11-28T18:06:56.974+0100][2470,137s][854][934][info ] Application time: 1,0000730 seconds
[2019-11-28T18:06:56.974+0100][2470,137s][854][934][info ] Entering safepoint region: Cleanup
[2019-11-28T18:06:56.974+0100][2470,137s][854][934][info ] Leaving safepoint region
[2019-11-28T18:06:56.974+0100][2470,137s][854][934][info ] Total time for which application threads were stopped: 0,0001634 seconds, Stopping threads took: 0,0000378 seconds
[2019-11-28T18:06:57.974+0100][2471,137s][854][934][info ] Application time: 1,0000771 seconds
[2019-11-28T18:06:57.974+0100][2471,137s][854][934][info ] Entering safepoint region: Cleanup
[2019-11-28T18:06:57.974+0100][2471,137s][854][934][info ] Leaving safepoint region
[2019-11-28T18:06:57.974+0100][2471,137s][854][934][info ] Total time for which application threads were stopped: 0,0001129 seconds, Stopping threads took: 0,0000343 seconds
[2019-11-28T18:06:58.974+0100][2472,137s][854][934][info ] Application time: 1,0000691 seconds
[2019-11-28T18:06:58.974+0100][2472,137s][854][934][info ] Entering safepoint region: Cleanup
[2019-11-28T18:06:58.974+0100][2472,137s][854][934][info ] Leaving safepoint region
[2019-11-28T18:06:58.974+0100][2472,137s][854][934][info ] Total time for which application threads were stopped: 0,0001363 seconds, Stopping threads took: 0,0000525 seconds
[2019-11-28T18:06:59.975+0100][2473,138s][854][934][info ] Application time: 1,0001024 seconds
[2019-11-28T18:06:59.975+0100][2473,138s][854][934][info ] Entering safepoint region: Cleanup
[2019-11-28T18:06:59.975+0100][2473,138s][854][934][info ] Leaving safepoint region
[2019-11-28T18:06:59.975+0100][2473,138s][854][934][info ] Total time for which application threads were stopped: 0,0001235 seconds, Stopping threads took: 0,0000281 seconds
[2019-11-28T18:07:00.975+0100][2474,138s][854][934][info ] Application time: 1,0000973 seconds
[2019-11-28T18:07:00.975+0100][2474,138s][854][934][info ] Entering safepoint region: Cleanup
[2019-11-28T18:07:00.975+0100][2474,138s][854][934][info ] Leaving safepoint region
[2019-11-28T18:07:00.975+0100][2474,138s][854][934][info ] Total time for which application threads were stopped: 0,0001259 seconds, Stopping threads took: 0,0000457 seconds
[2019-11-28T18:07:01.975+0100][2475,138s][854][934][info ] Application time: 1,0001020 seconds
[2019-11-28T18:07:01.975+0100][2475,138s][854][934][info ] Entering safepoint region: Cleanup
[2019-11-28T18:07:01.975+0100][2475,138s][854][934][info ] Leaving safepoint region
[2019-11-28T18:07:01.975+0100][2475,138s][854][934][info ] Total time for which application threads were stopped: 0,0001324 seconds, Stopping threads took: 0,0000399 seconds
[2019-11-28T18:07:02.975+0100][2476,138s][854][934][info ] Application time: 1,0000721 seconds
[2019-11-28T18:07:02.976+0100][2476,138s][854][934][info ] Entering safepoint region: Cleanup
[2019-11-28T18:07:02.976+0100][2476,139s][854][934][info ] Leaving safepoint region
[2019-11-28T18:07:02.976+0100][2476,139s][854][934][info ] Total time for which application threads were stopped: 0,0001940 seconds, Stopping threads took: 0,0000294 seconds
[2019-11-28T18:07:03.976+0100][2477,139s][854][934][info ] Application time: 1,0000820 seconds
[2019-11-28T18:07:03.976+0100][2477,139s][854][934][info ] Entering safepoint region: Cleanup
[2019-11-28T18:07:03.976+0100][2477,139s][854][934][info ] Leaving safepoint region
[2019-11-28T18:07:03.976+0100][2477,139s][854][934][info ] Total time for which application threads were stopped: 0,0002655 seconds, Stopping threads took: 0,0000554 seconds
[2019-11-28T18:07:04.976+0100][2478,139s][854][934][info ] Application time: 1,0001293 seconds
[2019-11-28T18:07:04.976+0100][2478,139s][854][934][info ] Entering safepoint region: Cleanup
[2019-11-28T18:07:04.977+0100][2478,140s][854][934][info ] Leaving safepoint region
[2019-11-28T18:07:04.977+0100][2478,140s][854][934][info ] Total time for which application threads were stopped: 0,0002308 seconds, Stopping threads took: 0,0000560 seconds
[2019-11-28T18:07:05.307+0100][2478,470s][854][933][trace] CMS: promo attempt is safe: available(3670073704) >= av_promo(33954128), max_promo(334797488)
[2019-11-28T18:07:05.977+0100][2479,140s][854][934][info ] Application time: 1,0001268 seconds
[2019-11-28T18:07:05.977+0100][2479,140s][854][934][info ] Entering safepoint region: Cleanup
[2019-11-28T18:07:05.977+0100][2479,140s][854][934][info ] Leaving safepoint region
[2019-11-28T18:07:05.977+0100][2479,140s][854][934][info ] Total time for which application threads were stopped: 0,0001915 seconds, Stopping threads took: 0,0000513 seconds
[2019-11-28T18:07:06.977+0100][2480,140s][854][934][info ] Application time: 1,0001022 seconds
[2019-11-28T18:07:06.977+0100][2480,140s][854][934][info ] Entering safepoint region: Cleanup
[2019-11-28T18:07:06.977+0100][2480,140s][854][934][info ] Leaving safepoint region
[2019-11-28T18:07:06.977+0100][2480,140s][854][934][info ] Total time for which application threads were stopped: 0,0001222 seconds, Stopping threads took: 0,0000388 seconds
[2019-11-28T18:07:07.977+0100][2481,140s][854][934][info ] Application time: 1,0000740 seconds
[2019-11-28T18:07:07.978+0100][2481,141s][854][934][info ] Entering safepoint region: Cleanup
[2019-11-28T18:07:07.978+0100][2481,141s][854][934][info ] Leaving safepoint region
[2019-11-28T18:07:07.978+0100][2481,141s][854][934][info ] Total time for which application threads were stopped: 0,0001976 seconds, Stopping threads took: 0,0000554 seconds
[2019-11-28T18:07:08.978+0100][2482,141s][854][934][info ] Application time: 1,0000786 seconds
[2019-11-28T18:07:08.978+0100][2482,141s][854][934][info ] Entering safepoint region: Cleanup
[2019-11-28T18:07:08.978+0100][2482,141s][854][934][info ] Leaving safepoint region
[2019-11-28T18:07:08.978+0100][2482,141s][854][934][info ] Total time for which application threads were stopped: 0,0001884 seconds, Stopping threads took: 0,0000576 seconds
[2019-11-28T18:07:09.978+0100][2483,141s][854][934][info ] Application time: 1,0001059 seconds
[2019-11-28T18:07:09.978+0100][2483,141s][854][934][info ] Entering safepoint region: Cleanup
[2019-11-28T18:07:09.978+0100][2483,141s][854][934][info ] Leaving safepoint region
[2019-11-28T18:07:09.979+0100][2483,141s][854][934][info ] Total time for which application threads were stopped: 0,0001766 seconds, Stopping threads took: 0,0000510 seconds
[2019-11-28T18:07:10.979+0100][2484,142s][854][934][info ] Application time: 1,0001393 seconds
[2019-11-28T18:07:10.979+0100][2484,142s][854][934][info ] Entering safepoint region: Cleanup
[2019-11-28T18:07:10.979+0100][2484,142s][854][934][info ] Leaving safepoint region
[2019-11-28T18:07:10.979+0100][2484,142s][854][934][info ] Total time for which application threads were stopped: 0,0004024 seconds, Stopping threads took: 0,0001068 seconds
[2019-11-28T18:07:11.979+0100][2485,142s][854][934][info ] Application time: 1,0000930 seconds
[2019-11-28T18:07:11.980+0100][2485,143s][854][934][info ] Entering safepoint region: Cleanup
[2019-11-28T18:07:11.980+0100][2485,143s][854][934][info ] Leaving safepoint region
[2019-11-28T18:07:11.980+0100][2485,143s][854][934][info ] Total time for which application threads were stopped: 0,0007437 seconds, Stopping threads took: 0,0004438 seconds
[2019-11-28T18:07:12.980+0100][2486,143s][854][934][info ] Application time: 1,0001013 seconds
[2019-11-28T18:07:12.981+0100][2486,144s][854][934][info ] Entering safepoint region: Cleanup
[2019-11-28T18:07:12.981+0100][2486,144s][854][934][info ] Leaving safepoint region
[2019-11-28T18:07:12.981+0100][2486,144s][854][934][info ] Total time for which application threads were stopped: 0,0001585 seconds, Stopping threads took: 0,0000393 seconds
[2019-11-28T18:07:13.981+0100][2487,144s][854][934][info ] Application time: 1,0000730 seconds
[2019-11-28T18:07:13.981+0100][2487,144s][854][934][info ] Entering safepoint region: Cleanup
[2019-11-28T18:07:13.981+0100][2487,144s][854][934][info ] Leaving safepoint region
[2019-11-28T18:07:13.981+0100][2487,144s][854][934][info ] Total time for which application threads were stopped: 0,0001557 seconds, Stopping threads took: 0,0000426 seconds
[2019-11-28T18:07:14.981+0100][2488,144s][854][934][info ] Application time: 1,0000665 seconds
[2019-11-28T18:07:14.981+0100][2488,144s][854][934][info ] Entering safepoint region: Cleanup
[2019-11-28T18:07:14.981+0100][2488,144s][854][934][info ] Leaving safepoint region
[2019-11-28T18:07:14.981+0100][2488,144s][854][934][info ] Total time for which application threads were stopped: 0,0001158 seconds, Stopping threads took: 0,0000298 seconds
[2019-11-28T18:07:15.306+0100][2488,469s][854][933][trace] CMS: promo attempt is safe: available(3670073704) >= av_promo(33954128), max_promo(337461360)
[2019-11-28T18:07:15.981+0100][2489,144s][854][934][info ] Application time: 1,0000829 seconds
[2019-11-28T18:07:15.981+0100][2489,144s][854][934][info ] Entering safepoint region: Cleanup
[2019-11-28T18:07:15.982+0100][2489,145s][854][934][info ] Leaving safepoint region
[2019-11-28T18:07:15.982+0100][2489,145s][854][934][info ] Total time for which application threads were stopped: 0,0002685 seconds, Stopping threads took: 0,0000848 seconds
[2019-11-28T18:07:16.982+0100][2490,145s][854][934][info ] Application time: 1,0000790 seconds
[2019-11-28T18:07:16.982+0100][2490,145s][854][934][info ] Entering safepoint region: Cleanup
[2019-11-28T18:07:16.982+0100][2490,145s][854][934][info ] Leaving safepoint region
[2019-11-28T18:07:16.982+0100][2490,145s][854][934][info ] Total time for which application threads were stopped: 0,0002334 seconds, Stopping threads took: 0,0000604 seconds
[2019-11-28T18:07:17.982+0100][2491,145s][854][934][info ] Application time: 1,0000953 seconds
[2019-11-28T18:07:17.982+0100][2491,145s][854][934][info ] Entering safepoint region: Cleanup
[2019-11-28T18:07:17.983+0100][2491,146s][854][934][info ] Leaving safepoint region
[2019-11-28T18:07:17.983+0100][2491,146s][854][934][info ] Total time for which application threads were stopped: 0,0002945 seconds, Stopping threads took: 0,0000884 seconds
[2019-11-28T18:07:18.983+0100][2492,146s][854][934][info ] Application time: 1,0000860 seconds
[2019-11-28T18:07:18.983+0100][2492,146s][854][934][info ] Entering safepoint region: Cleanup
[2019-11-28T18:07:18.983+0100][2492,146s][854][934][info ] Leaving safepoint region
[2019-11-28T18:07:18.983+0100][2492,146s][854][934][info ] Total time for which application threads were stopped: 0,0001180 seconds, Stopping threads took: 0,0000344 seconds
[2019-11-28T18:07:19.983+0100][2493,146s][854][934][info ] Application time: 1,0000775 seconds
[2019-11-28T18:07:19.983+0100][2493,146s][854][934][info ] Entering safepoint region: Cleanup
[2019-11-28T18:07:19.983+0100][2493,146s][854][934][info ] Leaving safepoint region
[2019-11-28T18:07:19.983+0100][2493,146s][854][934][info ] Total time for which application threads were stopped: 0,0001920 seconds, Stopping threads took: 0,0000475 seconds
[2019-11-28T18:07:20.983+0100][2494,146s][854][934][info ] Application time: 1,0000742 seconds
[2019-11-28T18:07:20.984+0100][2494,147s][854][934][info ] Entering safepoint region: Cleanup
[2019-11-28T18:07:20.984+0100][2494,147s][854][934][info ] Leaving safepoint region
[2019-11-28T18:07:20.984+0100][2494,147s][854][934][info ] Total time for which application threads were stopped: 0,0002005 seconds, Stopping threads took: 0,0000377 seconds
[2019-11-28T18:07:21.984+0100][2495,147s][854][934][info ] Application time: 1,0000736 seconds
[2019-11-28T18:07:21.984+0100][2495,147s][854][934][info ] Entering safepoint region: Cleanup
[2019-11-28T18:07:21.984+0100][2495,147s][854][934][info ] Leaving safepoint region
[2019-11-28T18:07:21.984+0100][2495,147s][854][934][info ] Total time for which application threads were stopped: 0,0001480 seconds, Stopping threads took: 0,0000379 seconds
[2019-11-28T18:07:22.984+0100][2496,147s][854][934][info ] Application time: 1,0001052 seconds
[2019-11-28T18:07:22.984+0100][2496,147s][854][934][info ] Entering safepoint region: Cleanup
[2019-11-28T18:07:22.984+0100][2496,147s][854][934][info ] Leaving safepoint region
[2019-11-28T18:07:22.984+0100][2496,147s][854][934][info ] Total time for which application threads were stopped: 0,0001431 seconds, Stopping threads took: 0,0000370 seconds
[2019-11-28T18:07:23.985+0100][2497,147s][854][934][info ] Application time: 1,0001071 seconds
[2019-11-28T18:07:23.985+0100][2497,148s][854][934][info ] Entering safepoint region: Cleanup
[2019-11-28T18:07:23.985+0100][2497,148s][854][934][info ] Leaving safepoint region
[2019-11-28T18:07:23.985+0100][2497,148s][854][934][info ] Total time for which application threads were stopped: 0,0001472 seconds, Stopping threads took: 0,0000374 seconds
[2019-11-28T18:07:24.985+0100][2498,148s][854][934][info ] Application time: 1,0000697 seconds
[2019-11-28T18:07:24.985+0100][2498,148s][854][934][info ] Entering safepoint region: Cleanup
[2019-11-28T18:07:24.985+0100][2498,148s][854][934][info ] Leaving safepoint region
[2019-11-28T18:07:24.985+0100][2498,148s][854][934][info ] Total time for which application threads were stopped: 0,0001263 seconds, Stopping threads took: 0,0000483 seconds
[2019-11-28T18:07:25.306+0100][2498,469s][854][933][trace] CMS: promo attempt is safe: available(3670073704) >= av_promo(33954128), max_promo(341148872)
[2019-11-28T18:07:25.985+0100][2499,148s][854][934][info ] Application time: 1,0000921 seconds
[2019-11-28T18:07:25.985+0100][2499,148s][854][934][info ] Entering safepoint region: Cleanup
[2019-11-28T18:07:25.986+0100][2499,149s][854][934][info ] Leaving safepoint region
[2019-11-28T18:07:25.986+0100][2499,149s][854][934][info ] Total time for which application threads were stopped: 0,0003627 seconds, Stopping threads took: 0,0000892 seconds
[2019-11-28T18:07:26.986+0100][2500,149s][854][934][info ] Application time: 1,0000960 seconds
[2019-11-28T18:07:26.986+0100][2500,149s][854][934][info ] Entering safepoint region: Cleanup
[2019-11-28T18:07:26.986+0100][2500,149s][854][934][info ] Leaving safepoint region
[2019-11-28T18:07:26.986+0100][2500,149s][854][934][info ] Total time for which application threads were stopped: 0,0001404 seconds, Stopping threads took: 0,0000337 seconds
[2019-11-28T18:07:27.986+0100][2501,149s][854][934][info ] Application time: 1,0001088 seconds
[2019-11-28T18:07:27.986+0100][2501,149s][854][934][info ] Entering safepoint region: Cleanup
[2019-11-28T18:07:27.986+0100][2501,149s][854][934][info ] Leaving safepoint region
[2019-11-28T18:07:27.986+0100][2501,149s][854][934][info ] Total time for which application threads were stopped: 0,0001456 seconds, Stopping threads took: 0,0000420 seconds
[2019-11-28T18:07:28.986+0100][2502,149s][854][934][info ] Application time: 1,0000729 seconds
[2019-11-28T18:07:28.987+0100][2502,150s][854][934][info ] Entering safepoint region: Cleanup
[2019-11-28T18:07:28.987+0100][2502,150s][854][934][info ] Leaving safepoint region
[2019-11-28T18:07:28.987+0100][2502,150s][854][934][info ] Total time for which application threads were stopped: 0,0001869 seconds, Stopping threads took: 0,0000635 seconds
[2019-11-28T18:07:29.987+0100][2503,150s][854][934][info ] Application time: 1,0000744 seconds
[2019-11-28T18:07:29.987+0100][2503,150s][854][934][info ] Entering safepoint region: Cleanup
[2019-11-28T18:07:29.987+0100][2503,150s][854][934][info ] Leaving safepoint region
[2019-11-28T18:07:29.987+0100][2503,150s][854][934][info ] Total time for which application threads were stopped: 0,0002224 seconds, Stopping threads took: 0,0000568 seconds
[2019-11-28T18:07:30.987+0100][2504,150s][854][934][info ] Application time: 1,0000861 seconds
[2019-11-28T18:07:30.987+0100][2504,150s][854][934][info ] Entering safepoint region: Cleanup
[2019-11-28T18:07:30.987+0100][2504,150s][854][934][info ] Leaving safepoint region
[2019-11-28T18:07:30.987+0100][2504,150s][854][934][info ] Total time for which application threads were stopped: 0,0001458 seconds, Stopping threads took: 0,0000428 seconds
[2019-11-28T18:07:31.738+0100][2504,901s][854][934][info ] Application time: 0,7505144 seconds
[2019-11-28T18:07:31.738+0100][2504,901s][854][934][info ] Entering safepoint region: GenCollectForAllocation
[2019-11-28T18:07:31.739+0100][2504,902s][854][934][debug] GC(5) Heap before GC invocations=4 (full 1): par new generation   total 368640K, used 334436K [0x0000000709800000, 0x0000000722800000, 0x0000000722800000)
[2019-11-28T18:07:31.739+0100][2504,902s][854][934][debug] GC(5)   eden space 327680K, 100% used [0x0000000709800000, 0x000000071d800000, 0x000000071d800000)
[2019-11-28T18:07:31.739+0100][2504,902s][854][934][debug] GC(5)   from space 40960K,  16% used [0x000000071d800000, 0x000000071de991a0, 0x0000000720000000)
[2019-11-28T18:07:31.739+0100][2504,902s][854][934][debug] GC(5)   to   space 40960K,   0% used [0x0000000720000000, 0x0000000720000000, 0x0000000722800000)
[2019-11-28T18:07:31.739+0100][2504,902s][854][934][debug] GC(5)  concurrent mark-sweep generation total 3629056K, used 44999K [0x0000000722800000, 0x0000000800000000, 0x0000000800000000)
[2019-11-28T18:07:31.739+0100][2504,902s][854][934][debug] GC(5)  Metaspace       used 42740K, capacity 44341K, committed 44660K, reserved 1087488K
[2019-11-28T18:07:31.739+0100][2504,902s][854][934][debug] GC(5)   class space    used 5819K, capacity 6518K, committed 6572K, reserved 1048576K
[2019-11-28T18:07:31.739+0100][2504,902s][854][934][trace] CMS: promo attempt is safe: available(3670073704) >= av_promo(33954128), max_promo(342462880)
[2019-11-28T18:07:31.758+0100][2504,921s][854][934][debug] GC(5) Desired survivor size 20971520 bytes, new threshold 1 (max threshold 1)
[2019-11-28T18:07:31.758+0100][2504,921s][854][934][info ] GC(5) ParNew: 334436K->3369K(368640K)
[2019-11-28T18:07:31.758+0100][2504,921s][854][934][info ] GC(5) CMS: 44999K->46042K(3629056K)
[2019-11-28T18:07:31.758+0100][2504,921s][854][934][info ] GC(5) Pause Young (Allocation Failure) 370M->48M(3904M) 19,582ms
[2019-11-28T18:07:31.758+0100][2504,921s][854][934][debug] GC(5) Heap after GC invocations=5 (full 1): par new generation   total 368640K, used 3369K [0x0000000709800000, 0x0000000722800000, 0x0000000722800000)
[2019-11-28T18:07:31.758+0100][2504,921s][854][934][debug] GC(5)   eden space 327680K,   0% used [0x0000000709800000, 0x0000000709800000, 0x000000071d800000)
[2019-11-28T18:07:31.758+0100][2504,921s][854][934][debug] GC(5)   from space 40960K,   8% used [0x0000000720000000, 0x000000072034a460, 0x0000000722800000)
[2019-11-28T18:07:31.759+0100][2504,921s][854][934][debug] GC(5)   to   space 40960K,   0% used [0x000000071d800000, 0x000000071d800000, 0x0000000720000000)
[2019-11-28T18:07:31.759+0100][2504,922s][854][934][debug] GC(5)  concurrent mark-sweep generation total 3629056K, used 46042K [0x0000000722800000, 0x0000000800000000, 0x0000000800000000)
[2019-11-28T18:07:31.759+0100][2504,922s][854][934][debug] GC(5)  Metaspace       used 42740K, capacity 44341K, committed 44660K, reserved 1087488K
[2019-11-28T18:07:31.759+0100][2504,922s][854][934][debug] GC(5)   class space    used 5819K, capacity 6518K, committed 6572K, reserved 1048576K
[2019-11-28T18:07:31.759+0100][2504,922s][854][934][info ] Leaving safepoint region
[2019-11-28T18:07:31.759+0100][2504,922s][854][934][info ] Total time for which application threads were stopped: 0,0206086 seconds, Stopping threads took: 0,0000410 seconds
[2019-11-28T18:07:31.759+0100][2504,922s][854][933][trace] CMS: promo attempt is safe: available(3669005464) >= av_promo(24986080), max_promo(5405832)
[2019-11-28T18:07:32.759+0100][2505,922s][854][934][info ] Application time: 1,0000875 seconds
[2019-11-28T18:07:32.759+0100][2505,922s][854][934][info ] Entering safepoint region: Cleanup
[2019-11-28T18:07:32.759+0100][2505,922s][854][934][info ] Leaving safepoint region
[2019-11-28T18:07:32.759+0100][2505,922s][854][934][info ] Total time for which application threads were stopped: 0,0001465 seconds, Stopping threads took: 0,0000385 seconds
[2019-11-28T18:07:33.759+0100][2506,922s][854][934][info ] Application time: 1,0001064 seconds
[2019-11-28T18:07:33.759+0100][2506,922s][854][934][info ] Entering safepoint region: Cleanup
[2019-11-28T18:07:33.759+0100][2506,922s][854][934][info ] Leaving safepoint region
[2019-11-28T18:07:33.759+0100][2506,922s][854][934][info ] Total time for which application threads were stopped: 0,0001098 seconds, Stopping threads took: 0,0000338 seconds
[2019-11-28T18:07:34.759+0100][2507,922s][854][934][info ] Application time: 1,0000775 seconds
[2019-11-28T18:07:34.759+0100][2507,922s][854][934][info ] Entering safepoint region: Cleanup
[2019-11-28T18:07:34.760+0100][2507,923s][854][934][info ] Leaving safepoint region
[2019-11-28T18:07:34.760+0100][2507,923s][854][934][info ] Total time for which application threads were stopped: 0,0001835 seconds, Stopping threads took: 0,0000521 seconds
[2019-11-28T18:07:35.760+0100][2508,923s][854][934][info ] Application time: 1,0000741 seconds
[2019-11-28T18:07:35.760+0100][2508,923s][854][934][info ] Entering safepoint region: Cleanup
[2019-11-28T18:07:35.760+0100][2508,923s][854][934][info ] Leaving safepoint region
[2019-11-28T18:07:35.760+0100][2508,923s][854][934][info ] Total time for which application threads were stopped: 0,0001731 seconds, Stopping threads took: 0,0000420 seconds
[2019-11-28T18:07:36.760+0100][2509,923s][854][934][info ] Application time: 1,0001176 seconds
[2019-11-28T18:07:36.760+0100][2509,923s][854][934][info ] Entering safepoint region: Cleanup
[2019-11-28T18:07:36.760+0100][2509,923s][854][934][info ] Leaving safepoint region
[2019-11-28T18:07:36.760+0100][2509,923s][854][934][info ] Total time for which application threads were stopped: 0,0001987 seconds, Stopping threads took: 0,0000384 seconds
[2019-11-28T18:07:37.760+0100][2510,923s][854][934][info ] Application time: 1,0001062 seconds
[2019-11-28T18:07:37.761+0100][2510,924s][854][934][info ] Entering safepoint region: Cleanup
[2019-11-28T18:07:37.761+0100][2510,924s][854][934][info ] Leaving safepoint region
[2019-11-28T18:07:37.761+0100][2510,924s][854][934][info ] Total time for which application threads were stopped: 0,0001476 seconds, Stopping threads took: 0,0000330 seconds
[2019-11-28T18:07:38.761+0100][2511,924s][854][934][info ] Application time: 1,0000821 seconds
[2019-11-28T18:07:38.761+0100][2511,924s][854][934][info ] Entering safepoint region: Cleanup
[2019-11-28T18:07:38.761+0100][2511,924s][854][934][info ] Leaving safepoint region
[2019-11-28T18:07:38.761+0100][2511,924s][854][934][info ] Total time for which application threads were stopped: 0,0002675 seconds, Stopping threads took: 0,0001213 seconds
[2019-11-28T18:07:39.761+0100][2512,924s][854][934][info ] Application time: 1,0000815 seconds
[2019-11-28T18:07:39.761+0100][2512,924s][854][934][info ] Entering safepoint region: Cleanup
[2019-11-28T18:07:39.762+0100][2512,925s][854][934][info ] Leaving safepoint region
[2019-11-28T18:07:39.762+0100][2512,925s][854][934][info ] Total time for which application threads were stopped: 0,0001319 seconds, Stopping threads took: 0,0000341 seconds
[2019-11-28T18:07:40.762+0100][2513,925s][854][934][info ] Application time: 1,0001659 seconds
[2019-11-28T18:07:40.762+0100][2513,925s][854][934][info ] Entering safepoint region: Cleanup
[2019-11-28T18:07:40.762+0100][2513,925s][854][934][info ] Leaving safepoint region
[2019-11-28T18:07:40.762+0100][2513,925s][854][934][info ] Total time for which application threads were stopped: 0,0005247 seconds, Stopping threads took: 0,0001688 seconds
[2019-11-28T18:07:41.759+0100][2514,922s][854][933][trace] CMS: promo attempt is safe: available(3669005464) >= av_promo(24986080), max_promo(9926120)
[2019-11-28T18:07:41.763+0100][2514,926s][854][934][info ] Application time: 1,0000996 seconds
[2019-11-28T18:07:41.763+0100][2514,926s][854][934][info ] Entering safepoint region: Cleanup
[2019-11-28T18:07:41.763+0100][2514,926s][854][934][info ] Leaving safepoint region
[2019-11-28T18:07:41.763+0100][2514,926s][854][934][info ] Total time for which application threads were stopped: 0,0001146 seconds, Stopping threads took: 0,0000340 seconds
[2019-11-28T18:07:42.763+0100][2515,926s][854][934][info ] Application time: 1,0000965 seconds
[2019-11-28T18:07:42.763+0100][2515,926s][854][934][info ] Entering safepoint region: Cleanup
[2019-11-28T18:07:42.763+0100][2515,926s][854][934][info ] Leaving safepoint region
[2019-11-28T18:07:42.763+0100][2515,926s][854][934][info ] Total time for which application threads were stopped: 0,0001086 seconds, Stopping threads took: 0,0000345 seconds
[2019-11-28T18:07:43.763+0100][2516,926s][854][934][info ] Application time: 1,0000752 seconds
[2019-11-28T18:07:43.763+0100][2516,926s][854][934][info ] Entering safepoint region: Cleanup
[2019-11-28T18:07:43.764+0100][2516,926s][854][934][info ] Leaving safepoint region
[2019-11-28T18:07:43.764+0100][2516,927s][854][934][info ] Total time for which application threads were stopped: 0,0002521 seconds, Stopping threads took: 0,0000850 seconds
[2019-11-28T18:07:44.764+0100][2517,927s][854][934][info ] Application time: 1,0000697 seconds
[2019-11-28T18:07:44.764+0100][2517,927s][854][934][info ] Entering safepoint region: Cleanup
[2019-11-28T18:07:44.764+0100][2517,927s][854][934][info ] Leaving safepoint region
[2019-11-28T18:07:44.764+0100][2517,927s][854][934][info ] Total time for which application threads were stopped: 0,0002280 seconds, Stopping threads took: 0,0000692 seconds
[2019-11-28T18:07:45.764+0100][2518,927s][854][934][info ] Application time: 1,0000764 seconds
[2019-11-28T18:07:45.764+0100][2518,927s][854][934][info ] Entering safepoint region: Cleanup
[2019-11-28T18:07:45.764+0100][2518,927s][854][934][info ] Leaving safepoint region
[2019-11-28T18:07:45.764+0100][2518,927s][854][934][info ] Total time for which application threads were stopped: 0,0001864 seconds, Stopping threads took: 0,0000420 seconds
[2019-11-28T18:07:46.764+0100][2519,927s][854][934][info ] Application time: 1,0001013 seconds
[2019-11-28T18:07:46.765+0100][2519,927s][854][934][info ] Entering safepoint region: Cleanup
[2019-11-28T18:07:46.765+0100][2519,928s][854][934][info ] Leaving safepoint region
[2019-11-28T18:07:46.765+0100][2519,928s][854][934][info ] Total time for which application threads were stopped: 0,0001192 seconds, Stopping threads took: 0,0000287 seconds
[2019-11-28T18:07:47.765+0100][2520,928s][854][934][info ] Application time: 1,0000772 seconds
[2019-11-28T18:07:47.765+0100][2520,928s][854][934][info ] Entering safepoint region: Cleanup
[2019-11-28T18:07:47.765+0100][2520,928s][854][934][info ] Leaving safepoint region
[2019-11-28T18:07:47.765+0100][2520,928s][854][934][info ] Total time for which application threads were stopped: 0,0001407 seconds, Stopping threads took: 0,0000375 seconds
[2019-11-28T18:07:48.765+0100][2521,928s][854][934][info ] Application time: 1,0000800 seconds
[2019-11-28T18:07:48.765+0100][2521,928s][854][934][info ] Entering safepoint region: Cleanup
[2019-11-28T18:07:48.765+0100][2521,928s][854][934][info ] Leaving safepoint region
[2019-11-28T18:07:48.765+0100][2521,928s][854][934][info ] Total time for which application threads were stopped: 0,0002215 seconds, Stopping threads took: 0,0000711 seconds
[2019-11-28T18:07:49.766+0100][2522,928s][854][934][info ] Application time: 1,0000726 seconds
[2019-11-28T18:07:49.766+0100][2522,929s][854][934][info ] Entering safepoint region: Cleanup
[2019-11-28T18:07:49.766+0100][2522,929s][854][934][info ] Leaving safepoint region
[2019-11-28T18:07:49.766+0100][2522,929s][854][934][info ] Total time for which application threads were stopped: 0,0001257 seconds, Stopping threads took: 0,0000285 seconds
[2019-11-28T18:07:50.766+0100][2523,929s][854][934][info ] Application time: 1,0000734 seconds
[2019-11-28T18:07:50.766+0100][2523,929s][854][934][info ] Entering safepoint region: Cleanup
[2019-11-28T18:07:50.766+0100][2523,929s][854][934][info ] Leaving safepoint region
[2019-11-28T18:07:50.766+0100][2523,929s][854][934][info ] Total time for which application threads were stopped: 0,0001878 seconds, Stopping threads took: 0,0000616 seconds
[2019-11-28T18:07:51.758+0100][2524,921s][854][933][trace] CMS: promo attempt is safe: available(3669005464) >= av_promo(24986080), max_promo(13819840)
[2019-11-28T18:07:51.766+0100][2524,929s][854][934][info ] Application time: 1,0001905 seconds
[2019-11-28T18:07:51.767+0100][2524,929s][854][934][info ] Entering safepoint region: Cleanup
[2019-11-28T18:07:51.767+0100][2524,930s][854][934][info ] Leaving safepoint region
[2019-11-28T18:07:51.767+0100][2524,930s][854][934][info ] Total time for which application threads were stopped: 0,0005482 seconds, Stopping threads took: 0,0001633 seconds
[2019-11-28T18:07:52.767+0100][2525,930s][854][934][info ] Application time: 1,0000957 seconds
[2019-11-28T18:07:52.767+0100][2525,930s][854][934][info ] Entering safepoint region: Cleanup
[2019-11-28T18:07:52.767+0100][2525,930s][854][934][info ] Leaving safepoint region
[2019-11-28T18:07:52.767+0100][2525,930s][854][934][info ] Total time for which application threads were stopped: 0,0001565 seconds, Stopping threads took: 0,0000449 seconds
[2019-11-28T18:07:53.768+0100][2526,931s][854][934][info ] Application time: 1,0001187 seconds
[2019-11-28T18:07:53.768+0100][2526,931s][854][934][info ] Entering safepoint region: Cleanup
[2019-11-28T18:07:53.768+0100][2526,931s][854][934][info ] Leaving safepoint region
[2019-11-28T18:07:53.768+0100][2526,931s][854][934][info ] Total time for which application threads were stopped: 0,0002893 seconds, Stopping threads took: 0,0000746 seconds
[2019-11-28T18:07:54.768+0100][2527,931s][854][934][info ] Application time: 1,0001136 seconds
[2019-11-28T18:07:54.768+0100][2527,931s][854][934][info ] Entering safepoint region: Cleanup
[2019-11-28T18:07:54.768+0100][2527,931s][854][934][info ] Leaving safepoint region
[2019-11-28T18:07:54.768+0100][2527,931s][854][934][info ] Total time for which application threads were stopped: 0,0001347 seconds, Stopping threads took: 0,0000354 seconds
[2019-11-28T18:07:55.768+0100][2528,931s][854][934][info ] Application time: 1,0001156 seconds
[2019-11-28T18:07:55.769+0100][2528,932s][854][934][info ] Entering safepoint region: Cleanup
[2019-11-28T18:07:55.769+0100][2528,932s][854][934][info ] Leaving safepoint region
[2019-11-28T18:07:55.769+0100][2528,932s][854][934][info ] Total time for which application threads were stopped: 0,0005832 seconds, Stopping threads took: 0,0002070 seconds
[2019-11-28T18:07:56.769+0100][2529,932s][854][934][info ] Application time: 1,0001392 seconds
[2019-11-28T18:07:56.770+0100][2529,933s][854][934][info ] Entering safepoint region: Cleanup
[2019-11-28T18:07:56.770+0100][2529,933s][854][934][info ] Leaving safepoint region
[2019-11-28T18:07:56.770+0100][2529,933s][854][934][info ] Total time for which application threads were stopped: 0,0001855 seconds, Stopping threads took: 0,0000570 seconds
[2019-11-28T18:07:57.770+0100][2530,933s][854][934][info ] Application time: 1,0002453 seconds
[2019-11-28T18:07:57.770+0100][2530,933s][854][934][info ] Entering safepoint region: Cleanup
[2019-11-28T18:07:57.771+0100][2530,934s][854][934][info ] Leaving safepoint region
[2019-11-28T18:07:57.771+0100][2530,934s][854][934][info ] Total time for which application threads were stopped: 0,0005065 seconds, Stopping threads took: 0,0001594 seconds
[2019-11-28T18:07:58.771+0100][2531,934s][854][934][info ] Application time: 1,0002844 seconds
[2019-11-28T18:07:58.771+0100][2531,934s][854][934][info ] Entering safepoint region: Cleanup
[2019-11-28T18:07:58.772+0100][2531,935s][854][934][info ] Leaving safepoint region
[2019-11-28T18:07:58.772+0100][2531,935s][854][934][info ] Total time for which application threads were stopped: 0,0005471 seconds, Stopping threads took: 0,0001167 seconds
[2019-11-28T18:07:59.772+0100][2532,935s][854][934][info ] Application time: 1,0003015 seconds
[2019-11-28T18:07:59.772+0100][2532,935s][854][934][info ] Entering safepoint region: Cleanup
[2019-11-28T18:07:59.773+0100][2532,936s][854][934][info ] Leaving safepoint region
[2019-11-28T18:07:59.773+0100][2532,936s][854][934][info ] Total time for which application threads were stopped: 0,0004828 seconds, Stopping threads took: 0,0001188 seconds
[2019-11-28T18:08:00.773+0100][2533,936s][854][934][info ] Application time: 1,0001323 seconds
[2019-11-28T18:08:00.773+0100][2533,936s][854][934][info ] Entering safepoint region: Cleanup
[2019-11-28T18:08:00.774+0100][2533,937s][854][934][info ] Leaving safepoint region
[2019-11-28T18:08:00.774+0100][2533,937s][854][934][info ] Total time for which application threads were stopped: 0,0007876 seconds, Stopping threads took: 0,0001446 seconds
[2019-11-28T18:08:01.758+0100][2534,921s][854][933][trace] CMS: promo attempt is safe: available(3669005464) >= av_promo(24986080), max_promo(17378984)
[2019-11-28T18:08:01.774+0100][2534,937s][854][934][info ] Application time: 1,0002089 seconds
[2019-11-28T18:08:01.775+0100][2534,938s][854][934][info ] Entering safepoint region: Cleanup
[2019-11-28T18:08:01.775+0100][2534,938s][854][934][info ] Leaving safepoint region
[2019-11-28T18:08:01.775+0100][2534,938s][854][934][info ] Total time for which application threads were stopped: 0,0005094 seconds, Stopping threads took: 0,0001432 seconds
[2019-11-28T18:08:02.775+0100][2535,938s][854][934][info ] Application time: 1,0001490 seconds
[2019-11-28T18:08:02.776+0100][2535,939s][854][934][info ] Entering safepoint region: Cleanup
[2019-11-28T18:08:02.776+0100][2535,939s][854][934][info ] Leaving safepoint region
[2019-11-28T18:08:02.776+0100][2535,939s][854][934][info ] Total time for which application threads were stopped: 0,0006222 seconds, Stopping threads took: 0,0002364 seconds
[2019-11-28T18:08:03.776+0100][2536,939s][854][934][info ] Application time: 1,0001119 seconds
[2019-11-28T18:08:03.776+0100][2536,939s][854][934][info ] Entering safepoint region: Cleanup
[2019-11-28T18:08:03.777+0100][2536,940s][854][934][info ] Leaving safepoint region
[2019-11-28T18:08:03.777+0100][2536,940s][854][934][info ] Total time for which application threads were stopped: 0,0002433 seconds, Stopping threads took: 0,0000558 seconds
[2019-11-28T18:08:04.777+0100][2537,940s][854][934][info ] Application time: 1,0001064 seconds
[2019-11-28T18:08:04.777+0100][2537,940s][854][934][info ] Entering safepoint region: Cleanup
[2019-11-28T18:08:04.777+0100][2537,940s][854][934][info ] Leaving safepoint region
[2019-11-28T18:08:04.778+0100][2537,941s][854][934][info ] Total time for which application threads were stopped: 0,0005935 seconds, Stopping threads took: 0,0001563 seconds
[2019-11-28T18:08:05.778+0100][2538,941s][854][934][info ] Application time: 1,0001384 seconds
[2019-11-28T18:08:05.778+0100][2538,941s][854][934][info ] Entering safepoint region: Cleanup
[2019-11-28T18:08:05.779+0100][2538,942s][854][934][info ] Leaving safepoint region
[2019-11-28T18:08:05.779+0100][2538,942s][854][934][info ] Total time for which application threads were stopped: 0,0006248 seconds, Stopping threads took: 0,0001765 seconds
[2019-11-28T18:08:06.779+0100][2539,942s][854][934][info ] Application time: 1,0001334 seconds
[2019-11-28T18:08:06.779+0100][2539,942s][854][934][info ] Entering safepoint region: Cleanup
[2019-11-28T18:08:06.780+0100][2539,943s][854][934][info ] Leaving safepoint region
[2019-11-28T18:08:06.780+0100][2539,943s][854][934][info ] Total time for which application threads were stopped: 0,0007215 seconds, Stopping threads took: 0,0001467 seconds
[2019-11-28T18:08:07.780+0100][2540,943s][854][934][info ] Application time: 1,0001331 seconds
[2019-11-28T18:08:07.780+0100][2540,943s][854][934][info ] Entering safepoint region: Cleanup
[2019-11-28T18:08:07.781+0100][2540,944s][854][934][info ] Leaving safepoint region
[2019-11-28T18:08:07.781+0100][2540,944s][854][934][info ] Total time for which application threads were stopped: 0,0004560 seconds, Stopping threads took: 0,0001418 seconds
[2019-11-28T18:08:08.781+0100][2541,944s][854][934][info ] Application time: 1,0001354 seconds
[2019-11-28T18:08:08.781+0100][2541,944s][854][934][info ] Entering safepoint region: Cleanup
[2019-11-28T18:08:08.782+0100][2541,945s][854][934][info ] Leaving safepoint region
[2019-11-28T18:08:08.782+0100][2541,945s][854][934][info ] Total time for which application threads were stopped: 0,0006561 seconds, Stopping threads took: 0,0001651 seconds
[2019-11-28T18:08:09.782+0100][2542,945s][854][934][info ] Application time: 1,0001151 seconds
[2019-11-28T18:08:09.782+0100][2542,945s][854][934][info ] Entering safepoint region: Cleanup
[2019-11-28T18:08:09.782+0100][2542,945s][854][934][info ] Leaving safepoint region
[2019-11-28T18:08:09.782+0100][2542,945s][854][934][info ] Total time for which application threads were stopped: 0,0002906 seconds, Stopping threads took: 0,0000601 seconds
[2019-11-28T18:08:10.783+0100][2543,946s][854][934][info ] Application time: 1,0001721 seconds
[2019-11-28T18:08:10.783+0100][2543,946s][854][934][info ] Entering safepoint region: Cleanup
[2019-11-28T18:08:10.783+0100][2543,946s][854][934][info ] Leaving safepoint region
[2019-11-28T18:08:10.783+0100][2543,946s][854][934][info ] Total time for which application threads were stopped: 0,0004977 seconds, Stopping threads took: 0,0001297 seconds
[2019-11-28T18:08:11.759+0100][2544,922s][854][933][trace] CMS: promo attempt is safe: available(3669005464) >= av_promo(24986080), max_promo(20131736)
[2019-11-28T18:08:11.784+0100][2544,946s][854][934][info ] Application time: 1,0001059 seconds
[2019-11-28T18:08:11.784+0100][2544,947s][854][934][info ] Entering safepoint region: Cleanup
[2019-11-28T18:08:11.790+0100][2544,953s][854][934][info ] Leaving safepoint region
[2019-11-28T18:08:11.790+0100][2544,953s][854][934][info ] Total time for which application threads were stopped: 0,0060386 seconds, Stopping threads took: 0,0059004 seconds
[2019-11-28T18:08:12.790+0100][2545,953s][854][934][info ] Application time: 1,0001582 seconds
[2019-11-28T18:08:12.790+0100][2545,953s][854][934][info ] Entering safepoint region: Cleanup
[2019-11-28T18:08:12.790+0100][2545,953s][854][934][info ] Leaving safepoint region
[2019-11-28T18:08:12.790+0100][2545,953s][854][934][info ] Total time for which application threads were stopped: 0,0003104 seconds, Stopping threads took: 0,0001273 seconds
[2019-11-28T18:08:13.791+0100][2546,953s][854][934][info ] Application time: 1,0001138 seconds
[2019-11-28T18:08:13.791+0100][2546,954s][854][934][info ] Entering safepoint region: Cleanup
[2019-11-28T18:08:13.791+0100][2546,954s][854][934][info ] Leaving safepoint region
[2019-11-28T18:08:13.791+0100][2546,954s][854][934][info ] Total time for which application threads were stopped: 0,0006869 seconds, Stopping threads took: 0,0001620 seconds
[2019-11-28T18:08:14.792+0100][2547,955s][854][934][info ] Application time: 1,0001440 seconds
[2019-11-28T18:08:14.792+0100][2547,955s][854][934][info ] Entering safepoint region: Cleanup
[2019-11-28T18:08:14.792+0100][2547,955s][854][934][info ] Leaving safepoint region
[2019-11-28T18:08:14.792+0100][2547,955s][854][934][info ] Total time for which application threads were stopped: 0,0005159 seconds, Stopping threads took: 0,0001316 seconds
[2019-11-28T18:08:15.793+0100][2548,956s][854][934][info ] Application time: 1,0001637 seconds
[2019-11-28T18:08:15.793+0100][2548,956s][854][934][info ] Entering safepoint region: Cleanup
[2019-11-28T18:08:15.793+0100][2548,956s][854][934][info ] Leaving safepoint region
[2019-11-28T18:08:15.793+0100][2548,956s][854][934][info ] Total time for which application threads were stopped: 0,0006571 seconds, Stopping threads took: 0,0001302 seconds
[2019-11-28T18:08:16.794+0100][2549,957s][854][934][info ] Application time: 1,0001058 seconds
[2019-11-28T18:08:16.794+0100][2549,957s][854][934][info ] Entering safepoint region: Cleanup
[2019-11-28T18:08:16.794+0100][2549,957s][854][934][info ] Leaving safepoint region
[2019-11-28T18:08:16.794+0100][2549,957s][854][934][info ] Total time for which application threads were stopped: 0,0002259 seconds, Stopping threads took: 0,0000629 seconds
[2019-11-28T18:08:17.794+0100][2550,957s][854][934][info ] Application time: 1,0001623 seconds
[2019-11-28T18:08:17.794+0100][2550,957s][854][934][info ] Entering safepoint region: Cleanup
[2019-11-28T18:08:17.795+0100][2550,958s][854][934][info ] Leaving safepoint region
[2019-11-28T18:08:17.795+0100][2550,958s][854][934][info ] Total time for which application threads were stopped: 0,0005829 seconds, Stopping threads took: 0,0001713 seconds
[2019-11-28T18:08:18.795+0100][2551,958s][854][934][info ] Application time: 1,0001184 seconds
[2019-11-28T18:08:18.795+0100][2551,958s][854][934][info ] Entering safepoint region: Cleanup
[2019-11-28T18:08:18.795+0100][2551,958s][854][934][info ] Leaving safepoint region
[2019-11-28T18:08:18.795+0100][2551,958s][854][934][info ] Total time for which application threads were stopped: 0,0001516 seconds, Stopping threads took: 0,0000395 seconds
[2019-11-28T18:08:19.796+0100][2552,959s][854][934][info ] Application time: 1,0001233 seconds
[2019-11-28T18:08:19.796+0100][2552,959s][854][934][info ] Entering safepoint region: Cleanup
[2019-11-28T18:08:19.796+0100][2552,959s][854][934][info ] Leaving safepoint region
[2019-11-28T18:08:19.796+0100][2552,959s][854][934][info ] Total time for which application threads were stopped: 0,0003920 seconds, Stopping threads took: 0,0000807 seconds
[2019-11-28T18:08:20.796+0100][2553,959s][854][934][info ] Application time: 1,0001743 seconds
[2019-11-28T18:08:20.797+0100][2553,960s][854][934][info ] Entering safepoint region: Cleanup
[2019-11-28T18:08:20.797+0100][2553,960s][854][934][info ] Leaving safepoint region
[2019-11-28T18:08:20.797+0100][2553,960s][854][934][info ] Total time for which application threads were stopped: 0,0004429 seconds, Stopping threads took: 0,0001286 seconds
[2019-11-28T18:08:21.758+0100][2554,921s][854][933][trace] CMS: promo attempt is safe: available(3669005464) >= av_promo(24986080), max_promo(23217616)
[2019-11-28T18:08:21.797+0100][2554,960s][854][934][info ] Application time: 1,0001892 seconds
[2019-11-28T18:08:21.798+0100][2554,961s][854][934][info ] Entering safepoint region: Cleanup
[2019-11-28T18:08:21.798+0100][2554,961s][854][934][info ] Leaving safepoint region
[2019-11-28T18:08:21.798+0100][2554,961s][854][934][info ] Total time for which application threads were stopped: 0,0004549 seconds, Stopping threads took: 0,0001188 seconds
[2019-11-28T18:08:22.798+0100][2555,961s][854][934][info ] Application time: 1,0001024 seconds
[2019-11-28T18:08:22.798+0100][2555,961s][854][934][info ] Entering safepoint region: Cleanup
[2019-11-28T18:08:22.798+0100][2555,961s][854][934][info ] Leaving safepoint region
[2019-11-28T18:08:22.798+0100][2555,961s][854][934][info ] Total time for which application threads were stopped: 0,0002271 seconds, Stopping threads took: 0,0000919 seconds
[2019-11-28T18:08:23.799+0100][2556,961s][854][934][info ] Application time: 1,0000961 seconds
[2019-11-28T18:08:23.799+0100][2556,962s][854][934][info ] Entering safepoint region: Cleanup
[2019-11-28T18:08:23.799+0100][2556,962s][854][934][info ] Leaving safepoint region
[2019-11-28T18:08:23.799+0100][2556,962s][854][934][info ] Total time for which application threads were stopped: 0,0001292 seconds, Stopping threads took: 0,0000302 seconds
[2019-11-28T18:08:24.799+0100][2557,962s][854][934][info ] Application time: 1,0001204 seconds
[2019-11-28T18:08:24.799+0100][2557,962s][854][934][info ] Entering safepoint region: Cleanup
[2019-11-28T18:08:24.799+0100][2557,962s][854][934][info ] Leaving safepoint region
[2019-11-28T18:08:24.799+0100][2557,962s][854][934][info ] Total time for which application threads were stopped: 0,0001488 seconds, Stopping threads took: 0,0000377 seconds
[2019-11-28T18:08:25.799+0100][2558,962s][854][934][info ] Application time: 1,0000899 seconds
[2019-11-28T18:08:25.799+0100][2558,962s][854][934][info ] Entering safepoint region: Cleanup
[2019-11-28T18:08:25.800+0100][2558,963s][854][934][info ] Leaving safepoint region
[2019-11-28T18:08:25.800+0100][2558,963s][854][934][info ] Total time for which application threads were stopped: 0,0004062 seconds, Stopping threads took: 0,0001020 seconds
[2019-11-28T18:08:26.800+0100][2559,963s][854][934][info ] Application time: 1,0001251 seconds
[2019-11-28T18:08:26.800+0100][2559,963s][854][934][info ] Entering safepoint region: Cleanup
[2019-11-28T18:08:26.800+0100][2559,963s][854][934][info ] Leaving safepoint region
[2019-11-28T18:08:26.801+0100][2559,964s][854][934][info ] Total time for which application threads were stopped: 0,0004738 seconds, Stopping threads took: 0,0001164 seconds
[2019-11-28T18:08:27.801+0100][2560,964s][854][934][info ] Application time: 1,0001171 seconds
[2019-11-28T18:08:27.801+0100][2560,964s][854][934][info ] Entering safepoint region: Cleanup
[2019-11-28T18:08:27.801+0100][2560,964s][854][934][info ] Leaving safepoint region
[2019-11-28T18:08:27.801+0100][2560,964s][854][934][info ] Total time for which application threads were stopped: 0,0003655 seconds, Stopping threads took: 0,0000913 seconds
[2019-11-28T18:08:28.801+0100][2561,964s][854][934][info ] Application time: 1,0001552 seconds
[2019-11-28T18:08:28.802+0100][2561,965s][854][934][info ] Entering safepoint region: Cleanup
[2019-11-28T18:08:28.802+0100][2561,965s][854][934][info ] Leaving safepoint region
[2019-11-28T18:08:28.802+0100][2561,965s][854][934][info ] Total time for which application threads were stopped: 0,0002681 seconds, Stopping threads took: 0,0000663 seconds
[2019-11-28T18:08:29.802+0100][2562,965s][854][934][info ] Application time: 1,0000781 seconds
[2019-11-28T18:08:29.802+0100][2562,965s][854][934][info ] Entering safepoint region: Cleanup
[2019-11-28T18:08:29.802+0100][2562,965s][854][934][info ] Leaving safepoint region
[2019-11-28T18:08:29.802+0100][2562,965s][854][934][info ] Total time for which application threads were stopped: 0,0001144 seconds, Stopping threads took: 0,0000277 seconds
[2019-11-28T18:08:30.802+0100][2563,965s][854][934][info ] Application time: 1,0001257 seconds
[2019-11-28T18:08:30.802+0100][2563,965s][854][934][info ] Entering safepoint region: Cleanup
[2019-11-28T18:08:30.803+0100][2563,966s][854][934][info ] Leaving safepoint region
[2019-11-28T18:08:30.803+0100][2563,966s][854][934][info ] Total time for which application threads were stopped: 0,0003397 seconds, Stopping threads took: 0,0000724 seconds
[2019-11-28T18:08:31.758+0100][2564,921s][854][933][trace] CMS: promo attempt is safe: available(3669005464) >= av_promo(24986080), max_promo(27560792)
[2019-11-28T18:08:31.803+0100][2564,966s][854][934][info ] Application time: 1,0000973 seconds
[2019-11-28T18:08:31.803+0100][2564,966s][854][934][info ] Entering safepoint region: Cleanup
[2019-11-28T18:08:31.804+0100][2564,967s][854][934][info ] Leaving safepoint region
[2019-11-28T18:08:31.804+0100][2564,967s][854][934][info ] Total time for which application threads were stopped: 0,0009204 seconds, Stopping threads took: 0,0002041 seconds
[2019-11-28T18:08:32.804+0100][2565,967s][854][934][info ] Application time: 1,0000906 seconds
[2019-11-28T18:08:32.804+0100][2565,967s][854][934][info ] Entering safepoint region: Cleanup
[2019-11-28T18:08:32.804+0100][2565,967s][854][934][info ] Leaving safepoint region
[2019-11-28T18:08:32.805+0100][2565,967s][854][934][info ] Total time for which application threads were stopped: 0,0001409 seconds, Stopping threads took: 0,0000399 seconds
[2019-11-28T18:08:33.805+0100][2566,968s][854][934][info ] Application time: 1,0000748 seconds
[2019-11-28T18:08:33.805+0100][2566,968s][854][934][info ] Entering safepoint region: Cleanup
[2019-11-28T18:08:33.805+0100][2566,968s][854][934][info ] Leaving safepoint region
[2019-11-28T18:08:33.805+0100][2566,968s][854][934][info ] Total time for which application threads were stopped: 0,0001555 seconds, Stopping threads took: 0,0000389 seconds
[2019-11-28T18:08:34.805+0100][2567,968s][854][934][info ] Application time: 1,0000754 seconds
[2019-11-28T18:08:34.805+0100][2567,968s][854][934][info ] Entering safepoint region: Cleanup
[2019-11-28T18:08:34.805+0100][2567,968s][854][934][info ] Leaving safepoint region
[2019-11-28T18:08:34.805+0100][2567,968s][854][934][info ] Total time for which application threads were stopped: 0,0001481 seconds, Stopping threads took: 0,0000364 seconds
[2019-11-28T18:08:35.805+0100][2568,968s][854][934][info ] Application time: 1,0000916 seconds
[2019-11-28T18:08:35.805+0100][2568,968s][854][934][info ] Entering safepoint region: Cleanup
[2019-11-28T18:08:35.805+0100][2568,968s][854][934][info ] Leaving safepoint region
[2019-11-28T18:08:35.805+0100][2568,968s][854][934][info ] Total time for which application threads were stopped: 0,0001520 seconds, Stopping threads took: 0,0000370 seconds
[2019-11-28T18:08:36.806+0100][2569,969s][854][934][info ] Application time: 1,0000766 seconds
[2019-11-28T18:08:36.806+0100][2569,969s][854][934][info ] Entering safepoint region: Cleanup
[2019-11-28T18:08:36.806+0100][2569,969s][854][934][info ] Leaving safepoint region
[2019-11-28T18:08:36.806+0100][2569,969s][854][934][info ] Total time for which application threads were stopped: 0,0001533 seconds, Stopping threads took: 0,0000400 seconds
[2019-11-28T18:08:37.806+0100][2570,969s][854][934][info ] Application time: 1,0000765 seconds
[2019-11-28T18:08:37.806+0100][2570,969s][854][934][info ] Entering safepoint region: Cleanup
[2019-11-28T18:08:37.806+0100][2570,969s][854][934][info ] Leaving safepoint region
[2019-11-28T18:08:37.806+0100][2570,969s][854][934][info ] Total time for which application threads were stopped: 0,0001590 seconds, Stopping threads took: 0,0000381 seconds
[2019-11-28T18:08:38.806+0100][2571,969s][854][934][info ] Application time: 1,0000804 seconds
[2019-11-28T18:08:38.806+0100][2571,969s][854][934][info ] Entering safepoint region: Cleanup
[2019-11-28T18:08:38.806+0100][2571,969s][854][934][info ] Leaving safepoint region
[2019-11-28T18:08:38.806+0100][2571,969s][854][934][info ] Total time for which application threads were stopped: 0,0001583 seconds, Stopping threads took: 0,0000371 seconds
[2019-11-28T18:08:39.806+0100][2572,969s][854][934][info ] Application time: 1,0000848 seconds
[2019-11-28T18:08:39.807+0100][2572,970s][854][934][info ] Entering safepoint region: Cleanup
[2019-11-28T18:08:39.807+0100][2572,970s][854][934][info ] Leaving safepoint region
[2019-11-28T18:08:39.807+0100][2572,970s][854][934][info ] Total time for which application threads were stopped: 0,0001632 seconds, Stopping threads took: 0,0000348 seconds
[2019-11-28T18:08:40.807+0100][2573,970s][854][934][info ] Application time: 1,0000739 seconds
[2019-11-28T18:08:40.807+0100][2573,970s][854][934][info ] Entering safepoint region: Cleanup
[2019-11-28T18:08:40.807+0100][2573,970s][854][934][info ] Leaving safepoint region
[2019-11-28T18:08:40.807+0100][2573,970s][854][934][info ] Total time for which application threads were stopped: 0,0001695 seconds, Stopping threads took: 0,0000631 seconds
[2019-11-28T18:08:41.757+0100][2574,920s][854][933][trace] CMS: promo attempt is safe: available(3669005464) >= av_promo(24986080), max_promo(30176768)
[2019-11-28T18:08:41.807+0100][2574,970s][854][934][info ] Application time: 1,0000703 seconds
[2019-11-28T18:08:41.807+0100][2574,970s][854][934][info ] Entering safepoint region: Cleanup
[2019-11-28T18:08:41.807+0100][2574,970s][854][934][info ] Leaving safepoint region
[2019-11-28T18:08:41.807+0100][2574,970s][854][934][info ] Total time for which application threads were stopped: 0,0001515 seconds, Stopping threads took: 0,0000375 seconds
[2019-11-28T18:08:42.808+0100][2575,971s][854][934][info ] Application time: 1,0001400 seconds
[2019-11-28T18:08:42.808+0100][2575,971s][854][934][info ] Entering safepoint region: Cleanup
[2019-11-28T18:08:42.808+0100][2575,971s][854][934][info ] Leaving safepoint region
[2019-11-28T18:08:42.808+0100][2575,971s][854][934][info ] Total time for which application threads were stopped: 0,0004289 seconds, Stopping threads took: 0,0001096 seconds
[2019-11-28T18:08:43.808+0100][2576,971s][854][934][info ] Application time: 1,0001945 seconds
[2019-11-28T18:08:43.809+0100][2576,972s][854][934][info ] Entering safepoint region: Cleanup
[2019-11-28T18:08:43.809+0100][2576,972s][854][934][info ] Leaving safepoint region
[2019-11-28T18:08:43.809+0100][2576,972s][854][934][info ] Total time for which application threads were stopped: 0,0005702 seconds, Stopping threads took: 0,0001785 seconds
[2019-11-28T18:08:44.809+0100][2577,972s][854][934][info ] Application time: 1,0001450 seconds
[2019-11-28T18:08:44.810+0100][2577,973s][854][934][info ] Entering safepoint region: Cleanup
[2019-11-28T18:08:44.810+0100][2577,973s][854][934][info ] Leaving safepoint region
[2019-11-28T18:08:44.810+0100][2577,973s][854][934][info ] Total time for which application threads were stopped: 0,0005165 seconds, Stopping threads took: 0,0001290 seconds
[2019-11-28T18:08:45.810+0100][2578,973s][854][934][info ] Application time: 1,0001580 seconds
[2019-11-28T18:08:45.810+0100][2578,973s][854][934][info ] Entering safepoint region: Cleanup
[2019-11-28T18:08:45.811+0100][2578,974s][854][934][info ] Leaving safepoint region
[2019-11-28T18:08:45.811+0100][2578,974s][854][934][info ] Total time for which application threads were stopped: 0,0001987 seconds, Stopping threads took: 0,0000559 seconds
[2019-11-28T18:08:46.811+0100][2579,974s][854][934][info ] Application time: 1,0000849 seconds
[2019-11-28T18:08:46.811+0100][2579,974s][854][934][info ] Entering safepoint region: Cleanup
[2019-11-28T18:08:46.811+0100][2579,974s][854][934][info ] Leaving safepoint region
[2019-11-28T18:08:46.811+0100][2579,974s][854][934][info ] Total time for which application threads were stopped: 0,0003772 seconds, Stopping threads took: 0,0001170 seconds
[2019-11-28T18:08:47.812+0100][2580,974s][854][934][info ] Application time: 1,0001494 seconds
[2019-11-28T18:08:47.812+0100][2580,975s][854][934][info ] Entering safepoint region: Cleanup
[2019-11-28T18:08:47.812+0100][2580,975s][854][934][info ] Leaving safepoint region
[2019-11-28T18:08:47.812+0100][2580,975s][854][934][info ] Total time for which application threads were stopped: 0,0002357 seconds, Stopping threads took: 0,0000693 seconds
[2019-11-28T18:08:48.812+0100][2581,975s][854][934][info ] Application time: 1,0000799 seconds
[2019-11-28T18:08:48.812+0100][2581,975s][854][934][info ] Entering safepoint region: Cleanup
[2019-11-28T18:08:48.812+0100][2581,975s][854][934][info ] Leaving safepoint region
[2019-11-28T18:08:48.812+0100][2581,975s][854][934][info ] Total time for which application threads were stopped: 0,0002043 seconds, Stopping threads took: 0,0000626 seconds
[2019-11-28T18:08:49.812+0100][2582,975s][854][934][info ] Application time: 1,0001309 seconds
[2019-11-28T18:08:49.813+0100][2582,976s][854][934][info ] Entering safepoint region: Cleanup
[2019-11-28T18:08:49.813+0100][2582,976s][854][934][info ] Leaving safepoint region
[2019-11-28T18:08:49.813+0100][2582,976s][854][934][info ] Total time for which application threads were stopped: 0,0002754 seconds, Stopping threads took: 0,0000603 seconds
[2019-11-28T18:08:50.813+0100][2583,976s][854][934][info ] Application time: 1,0000750 seconds
[2019-11-28T18:08:50.813+0100][2583,976s][854][934][info ] Entering safepoint region: Cleanup
[2019-11-28T18:08:50.813+0100][2583,976s][854][934][info ] Leaving safepoint region
[2019-11-28T18:08:50.813+0100][2583,976s][854][934][info ] Total time for which application threads were stopped: 0,0002898 seconds, Stopping threads took: 0,0000283 seconds
[2019-11-28T18:08:51.757+0100][2584,919s][854][933][trace] CMS: promo attempt is safe: available(3669005464) >= av_promo(24986080), max_promo(33806824)
[2019-11-28T18:08:51.814+0100][2584,977s][854][934][info ] Application time: 1,0001845 seconds
[2019-11-28T18:08:51.814+0100][2584,977s][854][934][info ] Entering safepoint region: Cleanup
[2019-11-28T18:08:51.814+0100][2584,977s][854][934][info ] Leaving safepoint region
[2019-11-28T18:08:51.814+0100][2584,977s][854][934][info ] Total time for which application threads were stopped: 0,0007500 seconds, Stopping threads took: 0,0002557 seconds
[2019-11-28T18:08:52.815+0100][2585,978s][854][934][info ] Application time: 1,0001624 seconds
[2019-11-28T18:08:52.815+0100][2585,978s][854][934][info ] Entering safepoint region: Cleanup
[2019-11-28T18:08:52.815+0100][2585,978s][854][934][info ] Leaving safepoint region
[2019-11-28T18:08:52.815+0100][2585,978s][854][934][info ] Total time for which application threads were stopped: 0,0001199 seconds, Stopping threads took: 0,0000350 seconds
[2019-11-28T18:08:53.815+0100][2586,978s][854][934][info ] Application time: 1,0001441 seconds
[2019-11-28T18:08:53.815+0100][2586,978s][854][934][info ] Entering safepoint region: Cleanup
[2019-11-28T18:08:53.815+0100][2586,978s][854][934][info ] Leaving safepoint region
[2019-11-28T18:08:53.815+0100][2586,978s][854][934][info ] Total time for which application threads were stopped: 0,0002499 seconds, Stopping threads took: 0,0000794 seconds
[2019-11-28T18:08:54.816+0100][2587,979s][854][934][info ] Application time: 1,0000941 seconds
[2019-11-28T18:08:54.816+0100][2587,979s][854][934][info ] Entering safepoint region: Cleanup
[2019-11-28T18:08:54.816+0100][2587,979s][854][934][info ] Leaving safepoint region
[2019-11-28T18:08:54.816+0100][2587,979s][854][934][info ] Total time for which application threads were stopped: 0,0003749 seconds, Stopping threads took: 0,0000986 seconds
[2019-11-28T18:08:55.816+0100][2588,979s][854][934][info ] Application time: 1,0000929 seconds
[2019-11-28T18:08:55.816+0100][2588,979s][854][934][info ] Entering safepoint region: Cleanup
[2019-11-28T18:08:55.817+0100][2588,980s][854][934][info ] Leaving safepoint region
[2019-11-28T18:08:55.817+0100][2588,980s][854][934][info ] Total time for which application threads were stopped: 0,0004147 seconds, Stopping threads took: 0,0001200 seconds
[2019-11-28T18:08:56.817+0100][2589,980s][854][934][info ] Application time: 1,0001472 seconds
[2019-11-28T18:08:56.817+0100][2589,980s][854][934][info ] Entering safepoint region: Cleanup
[2019-11-28T18:08:56.817+0100][2589,980s][854][934][info ] Leaving safepoint region
[2019-11-28T18:08:56.817+0100][2589,980s][854][934][info ] Total time for which application threads were stopped: 0,0002008 seconds, Stopping threads took: 0,0000686 seconds
[2019-11-28T18:08:57.818+0100][2590,980s][854][934][info ] Application time: 1,0001102 seconds
[2019-11-28T18:08:57.818+0100][2590,981s][854][934][info ] Entering safepoint region: Cleanup
[2019-11-28T18:08:57.818+0100][2590,981s][854][934][info ] Leaving safepoint region
[2019-11-28T18:08:57.818+0100][2590,981s][854][934][info ] Total time for which application threads were stopped: 0,0002960 seconds, Stopping threads took: 0,0000934 seconds
[2019-11-28T18:08:58.818+0100][2591,981s][854][934][info ] Application time: 1,0001098 seconds
[2019-11-28T18:08:58.818+0100][2591,981s][854][934][info ] Entering safepoint region: Cleanup
[2019-11-28T18:08:58.819+0100][2591,982s][854][934][info ] Leaving safepoint region
[2019-11-28T18:08:58.819+0100][2591,982s][854][934][info ] Total time for which application threads were stopped: 0,0005540 seconds, Stopping threads took: 0,0001432 seconds
[2019-11-28T18:08:59.819+0100][2592,982s][854][934][info ] Application time: 1,0000950 seconds
[2019-11-28T18:08:59.819+0100][2592,982s][854][934][info ] Entering safepoint region: Cleanup
[2019-11-28T18:08:59.819+0100][2592,982s][854][934][info ] Leaving safepoint region
[2019-11-28T18:08:59.819+0100][2592,982s][854][934][info ] Total time for which application threads were stopped: 0,0001464 seconds, Stopping threads took: 0,0000373 seconds
[2019-11-28T18:09:00.819+0100][2593,982s][854][934][info ] Application time: 1,0001151 seconds
[2019-11-28T18:09:00.819+0100][2593,982s][854][934][info ] Entering safepoint region: Cleanup
[2019-11-28T18:09:00.820+0100][2593,983s][854][934][info ] Leaving safepoint region
[2019-11-28T18:09:00.820+0100][2593,983s][854][934][info ] Total time for which application threads were stopped: 0,0002314 seconds, Stopping threads took: 0,0000501 seconds
[2019-11-28T18:09:01.756+0100][2594,919s][854][933][trace] CMS: promo attempt is safe: available(3669005464) >= av_promo(24986080), max_promo(36293624)
[2019-11-28T18:09:01.820+0100][2594,983s][854][934][info ] Application time: 1,0000765 seconds
[2019-11-28T18:09:01.820+0100][2594,983s][854][934][info ] Entering safepoint region: Cleanup
[2019-11-28T18:09:01.820+0100][2594,983s][854][934][info ] Leaving safepoint region
[2019-11-28T18:09:01.820+0100][2594,983s][854][934][info ] Total time for which application threads were stopped: 0,0001396 seconds, Stopping threads took: 0,0000373 seconds
[2019-11-28T18:09:02.820+0100][2595,983s][854][934][info ] Application time: 1,0001168 seconds
[2019-11-28T18:09:02.820+0100][2595,983s][854][934][info ] Entering safepoint region: Cleanup
[2019-11-28T18:09:02.821+0100][2595,984s][854][934][info ] Leaving safepoint region
[2019-11-28T18:09:02.821+0100][2595,984s][854][934][info ] Total time for which application threads were stopped: 0,0005797 seconds, Stopping threads took: 0,0001567 seconds
[2019-11-28T18:09:03.821+0100][2596,984s][854][934][info ] Application time: 1,0001713 seconds
[2019-11-28T18:09:03.821+0100][2596,984s][854][934][info ] Entering safepoint region: Cleanup
[2019-11-28T18:09:03.822+0100][2596,985s][854][934][info ] Leaving safepoint region
[2019-11-28T18:09:03.822+0100][2596,985s][854][934][info ] Total time for which application threads were stopped: 0,0004406 seconds, Stopping threads took: 0,0001110 seconds
[2019-11-28T18:09:04.822+0100][2597,985s][854][934][info ] Application time: 1,0001324 seconds
[2019-11-28T18:09:04.822+0100][2597,985s][854][934][info ] Entering safepoint region: Cleanup
[2019-11-28T18:09:04.822+0100][2597,985s][854][934][info ] Leaving safepoint region
[2019-11-28T18:09:04.822+0100][2597,985s][854][934][info ] Total time for which application threads were stopped: 0,0001557 seconds, Stopping threads took: 0,0000410 seconds
[2019-11-28T18:09:05.822+0100][2598,985s][854][934][info ] Application time: 1,0000978 seconds
[2019-11-28T18:09:05.822+0100][2598,985s][854][934][info ] Entering safepoint region: Cleanup
[2019-11-28T18:09:05.823+0100][2598,986s][854][934][info ] Leaving safepoint region
[2019-11-28T18:09:05.823+0100][2598,986s][854][934][info ] Total time for which application threads were stopped: 0,0001325 seconds, Stopping threads took: 0,0000274 seconds
[2019-11-28T18:09:06.823+0100][2599,986s][854][934][info ] Application time: 1,0000987 seconds
[2019-11-28T18:09:06.823+0100][2599,986s][854][934][info ] Entering safepoint region: Cleanup
[2019-11-28T18:09:06.823+0100][2599,986s][854][934][info ] Leaving safepoint region
[2019-11-28T18:09:06.823+0100][2599,986s][854][934][info ] Total time for which application threads were stopped: 0,0004403 seconds, Stopping threads took: 0,0001314 seconds
[2019-11-28T18:09:07.824+0100][2600,987s][854][934][info ] Application time: 1,0001611 seconds
[2019-11-28T18:09:07.824+0100][2600,987s][854][934][info ] Entering safepoint region: Cleanup
[2019-11-28T18:09:07.824+0100][2600,987s][854][934][info ] Leaving safepoint region
[2019-11-28T18:09:07.824+0100][2600,987s][854][934][info ] Total time for which application threads were stopped: 0,0004787 seconds, Stopping threads took: 0,0000915 seconds
[2019-11-28T18:09:08.825+0100][2601,988s][854][934][info ] Application time: 1,0001717 seconds
[2019-11-28T18:09:08.825+0100][2601,988s][854][934][info ] Entering safepoint region: Cleanup
[2019-11-28T18:09:08.825+0100][2601,988s][854][934][info ] Leaving safepoint region
[2019-11-28T18:09:08.825+0100][2601,988s][854][934][info ] Total time for which application threads were stopped: 0,0003977 seconds, Stopping threads took: 0,0000855 seconds
[2019-11-28T18:09:09.825+0100][2602,988s][854][934][info ] Application time: 1,0001214 seconds
[2019-11-28T18:09:09.825+0100][2602,988s][854][934][info ] Entering safepoint region: Cleanup
[2019-11-28T18:09:09.825+0100][2602,988s][854][934][info ] Leaving safepoint region
[2019-11-28T18:09:09.825+0100][2602,988s][854][934][info ] Total time for which application threads were stopped: 0,0001243 seconds, Stopping threads took: 0,0000380 seconds
[2019-11-28T18:09:10.826+0100][2603,988s][854][934][info ] Application time: 1,0000878 seconds
[2019-11-28T18:09:10.826+0100][2603,989s][854][934][info ] Entering safepoint region: Cleanup
[2019-11-28T18:09:10.826+0100][2603,989s][854][934][info ] Leaving safepoint region
[2019-11-28T18:09:10.826+0100][2603,989s][854][934][info ] Total time for which application threads were stopped: 0,0003582 seconds, Stopping threads took: 0,0000786 seconds
[2019-11-28T18:09:11.756+0100][2604,919s][854][933][trace] CMS: promo attempt is safe: available(3669005464) >= av_promo(24986080), max_promo(38912160)
[2019-11-28T18:09:11.826+0100][2604,989s][854][934][info ] Application time: 1,0001416 seconds
[2019-11-28T18:09:11.826+0100][2604,989s][854][934][info ] Entering safepoint region: Cleanup
[2019-11-28T18:09:11.827+0100][2604,990s][854][934][info ] Leaving safepoint region
[2019-11-28T18:09:11.827+0100][2604,990s][854][934][info ] Total time for which application threads were stopped: 0,0004649 seconds, Stopping threads took: 0,0001279 seconds
[2019-11-28T18:09:12.827+0100][2605,990s][854][934][info ] Application time: 1,0001192 seconds
[2019-11-28T18:09:12.827+0100][2605,990s][854][934][info ] Entering safepoint region: Cleanup
[2019-11-28T18:09:12.827+0100][2605,990s][854][934][info ] Leaving safepoint region
[2019-11-28T18:09:12.827+0100][2605,990s][854][934][info ] Total time for which application threads were stopped: 0,0001682 seconds, Stopping threads took: 0,0000400 seconds
[2019-11-28T18:09:13.827+0100][2606,990s][854][934][info ] Application time: 1,0001153 seconds
[2019-11-28T18:09:13.827+0100][2606,990s][854][934][info ] Entering safepoint region: Cleanup
[2019-11-28T18:09:13.828+0100][2606,991s][854][934][info ] Leaving safepoint region
[2019-11-28T18:09:13.828+0100][2606,991s][854][934][info ] Total time for which application threads were stopped: 0,0002056 seconds, Stopping threads took: 0,0000441 seconds
[2019-11-28T18:09:14.828+0100][2607,991s][854][934][info ] Application time: 1,0000688 seconds
[2019-11-28T18:09:14.828+0100][2607,991s][854][934][info ] Entering safepoint region: Cleanup
[2019-11-28T18:09:14.828+0100][2607,991s][854][934][info ] Leaving safepoint region
[2019-11-28T18:09:14.828+0100][2607,991s][854][934][info ] Total time for which application threads were stopped: 0,0001091 seconds, Stopping threads took: 0,0000341 seconds
[2019-11-28T18:09:15.828+0100][2608,991s][854][934][info ] Application time: 1,0001094 seconds
[2019-11-28T18:09:15.828+0100][2608,991s][854][934][info ] Entering safepoint region: Cleanup
[2019-11-28T18:09:15.828+0100][2608,991s][854][934][info ] Leaving safepoint region
[2019-11-28T18:09:15.829+0100][2608,992s][854][934][info ] Total time for which application threads were stopped: 0,0004010 seconds, Stopping threads took: 0,0000860 seconds
[2019-11-28T18:09:16.829+0100][2609,992s][854][934][info ] Application time: 1,0001521 seconds
[2019-11-28T18:09:16.829+0100][2609,992s][854][934][info ] Entering safepoint region: Cleanup
[2019-11-28T18:09:16.829+0100][2609,992s][854][934][info ] Leaving safepoint region
[2019-11-28T18:09:16.829+0100][2609,992s][854][934][info ] Total time for which application threads were stopped: 0,0002320 seconds, Stopping threads took: 0,0000708 seconds
[2019-11-28T18:09:17.446+0100][2610,609s][854][934][info ] Application time: 0,6169333 seconds
[2019-11-28T18:09:17.467+0100][2610,630s][854][934][info ] Entering safepoint region: Deoptimize
[2019-11-28T18:09:17.468+0100][2610,631s][854][934][info ] Leaving safepoint region
[2019-11-28T18:09:17.468+0100][2610,631s][854][934][info ] Total time for which application threads were stopped: 0,0215749 seconds, Stopping threads took: 0,0207377 seconds
[2019-11-28T18:09:18.468+0100][2611,631s][854][934][info ] Application time: 1,0001203 seconds
[2019-11-28T18:09:18.468+0100][2611,631s][854][934][info ] Entering safepoint region: Cleanup
[2019-11-28T18:09:18.468+0100][2611,631s][854][934][info ] Leaving safepoint region
[2019-11-28T18:09:18.468+0100][2611,631s][854][934][info ] Total time for which application threads were stopped: 0,0003540 seconds, Stopping threads took: 0,0000900 seconds
[2019-11-28T18:09:19.469+0100][2612,632s][854][934][info ] Application time: 1,0001842 seconds
[2019-11-28T18:09:19.469+0100][2612,632s][854][934][info ] Entering safepoint region: Cleanup
[2019-11-28T18:09:19.469+0100][2612,632s][854][934][info ] Leaving safepoint region
[2019-11-28T18:09:19.469+0100][2612,632s][854][934][info ] Total time for which application threads were stopped: 0,0003650 seconds, Stopping threads took: 0,0000923 seconds
[2019-11-28T18:09:19.549+0100][2612,712s][854][934][info ] Application time: 0,0802728 seconds
[2019-11-28T18:09:19.550+0100][2612,713s][854][934][info ] Entering safepoint region: Deoptimize
[2019-11-28T18:09:19.551+0100][2612,714s][854][934][info ] Leaving safepoint region
[2019-11-28T18:09:19.552+0100][2612,714s][854][934][info ] Total time for which application threads were stopped: 0,0018936 seconds, Stopping threads took: 0,0001038 seconds
[2019-11-28T18:09:20.552+0100][2613,715s][854][934][info ] Application time: 1,0001592 seconds
[2019-11-28T18:09:20.552+0100][2613,715s][854][934][info ] Entering safepoint region: Cleanup
[2019-11-28T18:09:20.552+0100][2613,715s][854][934][info ] Leaving safepoint region
[2019-11-28T18:09:20.552+0100][2613,715s][854][934][info ] Total time for which application threads were stopped: 0,0001145 seconds, Stopping threads took: 0,0000263 seconds
[2019-11-28T18:09:21.756+0100][2614,919s][854][933][trace] CMS: promo attempt is safe: available(3669005464) >= av_promo(24986080), max_promo(64905480)
[2019-11-28T18:09:21.942+0100][2615,105s][854][933][trace] CMS: promo attempt is safe: available(3669005464) >= av_promo(24986080), max_promo(66800216)
[2019-11-28T18:09:21.942+0100][2615,105s][854][6307][info ] Heap
[2019-11-28T18:09:21.942+0100][2615,105s][854][6307][info ]  par new generation   total 368640K, used 65234K [0x0000000709800000, 0x0000000722800000, 0x0000000722800000)
[2019-11-28T18:09:21.942+0100][2615,105s][854][6307][info ]   eden space 327680K,  18% used [0x0000000709800000, 0x000000070d47bb00, 0x000000071d800000)
[2019-11-28T18:09:21.942+0100][2615,105s][854][6307][info ]   from space 40960K,   8% used [0x0000000720000000, 0x000000072034a460, 0x0000000722800000)
[2019-11-28T18:09:21.942+0100][2615,105s][854][6307][info ]   to   space 40960K,   0% used [0x000000071d800000, 0x000000071d800000, 0x0000000720000000)
[2019-11-28T18:09:21.942+0100][2615,105s][854][6307][info ]  concurrent mark-sweep generation total 3629056K, used 46042K [0x0000000722800000, 0x0000000800000000, 0x0000000800000000)
[2019-11-28T18:09:21.942+0100][2615,105s][854][6307][info ]  Metaspace       used 43036K, capacity 44637K, committed 44788K, reserved 1087488K
[2019-11-28T18:09:21.942+0100][2615,105s][854][6307][info ]   class space    used 5867K, capacity 6576K, committed 6700K, reserved 1048576K
[2019-11-28T18:09:21.942+0100][2615,105s][854][6307][debug] Accumulated young generation GC time 0,4530334 secs, 5 GC's, avg GC time 0,0906067
[2019-11-28T18:09:21.942+0100][2615,105s][854][6307][debug] Accumulated old generation GC time 0,0000000 secs, 0 GC's, avg GC time 0,0000000
[2019-11-28T18:09:21.942+0100][2615,105s][854][934 ][info ] Application time: 1,3903903 seconds
[2019-11-28T18:09:21.942+0100][2615,105s][854][934 ][info ] Entering safepoint region: Exit
